   Compiling tokmd-analysis v1.7.2 (/app/crates/tokmd-analysis)
   Compiling tokmd-sensor v1.7.2 (/app/crates/tokmd-sensor)
   Compiling tokmd-core v1.7.2 (/app/crates/tokmd-core)
   Compiling tokmd v1.7.2 (/app/crates/tokmd)
   Compiling tokmd-analysis-format v1.7.2 (/app/crates/tokmd-analysis-format)
   Compiling tokmd-analysis-grid v1.7.2 (/app/crates/tokmd-analysis-grid)
    Finished `test` profile [unoptimized + debuginfo] target(s) in 1m 47s
     Running unittests src/lib.rs (target/debug/deps/tokmd-8e1b776116b5e8fc)

running 205 tests
test analysis_utils::tests::test_analysis_output_filename ... ok
test analysis_utils::tests::test_child_include_to_string_separate ... ok
test analysis_utils::tests::test_child_include_to_string_parents_only ... ok
test analysis_utils::tests::test_format_to_string_all_variants ... ok
test analysis_utils::tests::test_granularity_to_string ... ok
test analysis_utils::tests::test_map_granularity ... ok
test analysis_utils::tests::test_map_preset_all_variants ... ok
test analysis_utils::tests::test_preset_to_string_all_variants ... ok
test commands::check_ignore::tests::check_path_reports_not_found ... ok
test commands::baseline::tests::test_capture_git_commit_returns_none_for_non_repo ... ok
test commands::baseline::tests::test_capture_git_commit_returns_sha_in_repo ... ok
test commands::check_ignore::tests::matches_glob_handles_negation ... ok
test commands::check_ignore::tests::check_tokeignore_matches_parent_dir ... ok
test commands::check_ignore::tests::matches_glob_handles_single_star ... ok
test commands::check_ignore::tests::check_path_honors_exclude_flag ... ok
test commands::check_ignore::tests::matches_glob_handles_double_star ... ok
test commands::cockpit::tests::signed_float_formatting ... ok
test commands::cockpit::tests::sparkline_empty ... ok
test commands::cockpit::tests::sparkline_flat ... ok
test commands::cockpit::tests::determinism_gate_errors_on_non_baseline_json_shape ... ok
test commands::cockpit::tests::determinism_gate_skips_cockpit_receipt_baseline ... ok
test commands::cockpit::tests::trend_direction_labels_are_stable ... ok
test commands::handoff::tests::test_build_simple_complexity_empty ... ok
test commands::handoff::tests::test_build_simple_derived_empty ... ok
test commands::handoff::tests::test_build_tree_empty ... ok
test commands::cockpit::tests::sparkline_rises ... ok
test commands::handoff::tests::test_build_tree_depth_limit_and_no_file_leaves ... ok
test commands::cockpit::tests::determinism_gate_errors_on_invalid_baseline_json ... ok
test commands::handoff::tests::test_is_analyzable_lang ... ok
test commands::handoff::tests::test_normalize_path ... ok
test commands::handoff::tests::test_round_f64 ... ok
test commands::sensor::tests::build_summary_formats_expected_fields ... ok
test commands::handoff::tests::test_count_functions_simple_python ... ok
test commands::handoff::tests::test_count_functions_simple_rust ... ok
test commands::handoff::tests::test_estimate_cyclomatic_simple_rust ... ok
test commands::sensor::tests::emit_risk_findings_emits_hotspots_and_bus_factor ... ok
test commands::sensor::tests::emit_complexity_findings_is_capped ... ok
test commands::sensor::tests::map_verdict_covers_all_gate_statuses ... ok
test commands::sensor::tests::emit_contract_findings_emits_all_flags ... ok
test commands::sensor::tests::map_gates_includes_optional_items_and_reasons ... ok
test commands::sensor::tests::emit_gate_findings_emits_failures ... ok
test context_pack::tests::test_assign_policy_over_cap_fixture_is_head_tail ... ok
test commands::sensor::tests::render_sensor_md_includes_findings_and_gates ... ok
test context_pack::tests::test_assign_policy_over_cap_normal_is_head_tail ... ok
test context_pack::tests::test_assign_policy_under_cap_is_full ... ok
test context_pack::tests::test_budget_invariant_greedy ... ok
test context_pack::tests::test_assign_policy_over_cap_generated_is_skip ... ok
test context_pack::tests::test_assign_policy_over_cap_data_blob_is_skip ... ok
test context_pack::tests::test_assign_policy_over_cap_vendored_is_skip ... ok
test context_pack::tests::test_budget_invariant_spread ... ok
test context_pack::tests::test_churn_metric_formula ... ok
test context_pack::tests::test_budget_uses_effective_tokens ... ok
test context_pack::tests::test_classify_dense_blob ... ok
test context_pack::tests::test_classify_fixture ... ok
test context_pack::tests::test_classify_generated ... ok
test context_pack::tests::test_classify_lockfile ... ok
test context_pack::tests::test_classify_generated_pb_rs ... ok
test context_pack::tests::test_classify_minified ... ok
test context_pack::tests::test_classify_normal_file ... ok
test context_pack::tests::test_classify_nested_lockfile ... ok
test context_pack::tests::test_classify_vendored ... ok
test context_pack::tests::test_compute_file_cap_custom ... ok
test context_pack::tests::test_classify_sourcemap ... ok
test context_pack::tests::test_compute_file_cap_small_budget ... ok
test context_pack::tests::test_compute_file_cap_default ... ok
test context_pack::tests::test_compute_file_cap_unlimited_budget ... ok
test context_pack::tests::test_determinism_greedy ... ok
test context_pack::tests::test_determinism_spread ... ok
test context_pack::tests::test_get_value_churn_with_git ... ok
test context_pack::tests::test_get_value_churn_formula_exact ... ok
test context_pack::tests::test_get_value_code_metric ... ok
test context_pack::tests::test_generated_over_cap_excluded_by_policy ... ok
test context_pack::tests::test_get_value_hotspot_with_git ... ok
test context_pack::tests::test_get_value_hotspot_without_git ... ok
test context_pack::tests::test_get_value_tokens_metric ... ok
test context_pack::tests::test_greedy_picks_highest_value_first ... ok
test context_pack::tests::test_hotspot_metric_multiplication ... ok
test context_pack::tests::test_is_smart_excluded_lockfiles ... ok
test context_pack::tests::test_is_smart_excluded_minified ... ok
test context_pack::tests::test_is_smart_excluded_sourcemaps ... ok
test context_pack::tests::test_is_smart_excluded_normal_files ... ok
test context_pack::tests::test_normalize_path ... ok
test context_pack::tests::test_normalize_path_not_xyzzy ... ok
test context_pack::tests::test_normalize_path_preserves_forward_slashes ... ok
test context_pack::tests::test_normalize_path_with_backslash ... ok
test context_pack::tests::test_pack_greedy_accumulates_tokens ... ok
test context_pack::tests::test_pack_greedy_all_children_empty ... ok
test context_pack::tests::test_pack_greedy_budget_boundary ... ok
test context_pack::tests::test_pack_greedy_budget_exceeded ... ok
test context_pack::tests::test_pack_greedy_empty_rows ... ok
test context_pack::tests::test_pack_greedy_filters_child_rows ... ok
test context_pack::tests::test_pack_greedy_respects_token_budget ... ok
test context_pack::tests::test_pack_greedy_selects_by_value ... ok
test context_pack::tests::test_pack_greedy_skips_files_that_dont_fit ... ok
test context_pack::tests::test_pack_greedy_tiebreaker_by_path_explicit ... ok
test context_pack::tests::test_pack_spread_70_percent_exact ... ok
test context_pack::tests::test_pack_spread_all_children_empty ... ok
test context_pack::tests::test_pack_spread_71_percent_needs_greedy ... ok
test context_pack::tests::test_pack_spread_distributes_across_groups ... ok
test context_pack::tests::test_pack_spread_empty_rows ... ok
test context_pack::tests::test_get_value_churn_without_git ... ok
test context_pack::tests::test_pack_spread_filters_child_rows ... ok
test context_pack::tests::test_is_spine_file ... ok
test context_pack::tests::test_pack_spread_greedy_fills_remaining_30_percent ... ok
test context_pack::tests::test_pack_spread_module_first_avoids_language_bias ... ok
test context_pack::tests::test_pack_spread_no_duplicates ... ok
test context_pack::tests::test_parent_only_invariant_greedy ... ok
test context_pack::tests::test_pack_spread_skips_large_files_in_spread_phase ... ok
test context_pack::tests::test_pack_spread_round_robin_fills_70_percent ... ok
test context_pack::tests::test_parent_only_invariant_spread ... ok
test context_pack::tests::test_parse_budget ... ok
test context_pack::tests::test_parse_budget_g_suffix ... ok
test context_pack::tests::test_parse_budget_invalid_alpha ... ok
test context_pack::tests::test_parse_budget_case_insensitive ... ok
test context_pack::tests::test_parse_budget_invalid_empty ... ok
test context_pack::tests::test_parse_budget_invalid_suffix ... ok
test context_pack::tests::test_parse_budget_invalid_suffix_only ... ok
test context_pack::tests::test_parse_budget_multiplication_k ... ok
test context_pack::tests::test_parse_budget_multiplication_m ... ok
test context_pack::tests::test_parse_budget_overflow ... ok
test context_pack::tests::test_parse_budget_unlimited ... ok
test context_pack::tests::test_parse_budget_with_whitespace ... ok
test context_pack::tests::test_resolve_metric_churn_falls_back ... ok
test context_pack::tests::test_resolve_metric_code_no_fallback ... ok
test context_pack::tests::test_resolve_metric_hotspot_falls_back ... ok
test context_pack::tests::test_resolve_metric_hotspot_with_git_no_fallback ... ok
test context_pack::tests::test_select_files_greedy_strategy ... ok
test context_pack::tests::test_select_files_greedy_with_git_scores ... ok
test context_pack::tests::test_select_files_non_empty_when_budget_allows ... ok
test context_pack::tests::test_select_files_routes_to_correct_strategy ... ok
test context_pack::tests::test_select_files_spread_with_git_scores ... ok
test context_pack::tests::test_select_files_spread_strategy ... ok
test context_pack::tests::test_select_files_with_options_rank_reason ... ok
test context_pack::tests::test_select_files_with_options_no_smart_exclude ... ok
test context_pack::tests::test_select_files_with_options_rank_reason_hotspot_fallback ... ok
test context_pack::tests::test_select_files_with_options_rank_reason_hotspot_with_git ... ok
test context_pack::tests::test_select_files_with_options_smart_exclude ... ok
test context_pack::tests::test_spread_70_percent_allocation ... ok
test context_pack::tests::test_select_files_with_options_spine_reservation ... ok
test context_pack::tests::test_spread_distributes_before_greedy_fill ... ok
test context_pack::tests::test_tiebreaker_by_path ... ok
test context_pack::tests::test_to_context_row_fields ... ok
test context_pack::tests::test_to_context_row_preserves_all_fields ... ok
test context_pack::tests::test_to_context_row_value_churn ... ok
test error_hints::tests::format_includes_hints_section ... ok
test error_hints::tests::suggests_for_missing_git ... ok
test context_pack::tests::test_to_context_row_value_from_tokens_metric ... ok
test context_pack::tests::test_to_context_row_value_hotspot ... ok
test error_hints::tests::suggests_for_missing_path ... ok
test error_hints::tests::suggests_for_unknown_explain_key ... ok
test export_bundle::tests::load_export_json_content_with_raw_rows ... ok
test export_bundle::tests::load_export_json_content_with_receipt ... ok
test export_bundle::tests::load_export_jsonl_content_parses_meta_and_rows ... ok
test interactive::tty::tests::test_inner_all_blocking_conditions_returns_false ... ok
test interactive::tty::tests::test_inner_all_true_returns_true ... ok
test export_bundle::tests::load_export_from_inputs_prefers_receipt_in_dir ... ok
test interactive::tty::tests::test_inner_both_tty_false_returns_false ... ok
test interactive::tty::tests::test_inner_ci_set_returns_false ... ok
test interactive::tty::tests::test_inner_non_interactive_env_returns_false ... ok
test interactive::tty::tests::test_inner_stdout_not_tty_returns_false ... ok
test interactive::tty::tests::test_should_be_interactive ... ok
test interactive::tty::tests::test_inner_stdin_not_tty_returns_false ... ok
test interactive::wizard::tests::test_as_str_cpp ... ok
test interactive::wizard::tests::test_as_str_go ... ok
test interactive::wizard::tests::test_as_str_mono ... ok
test interactive::wizard::tests::test_as_str_not_empty ... ok
test interactive::wizard::tests::test_as_str_not_xyzzy ... ok
test interactive::wizard::tests::test_as_str_other ... ok
test interactive::wizard::tests::test_as_str_node ... ok
test interactive::wizard::tests::test_as_str_python ... ok
test interactive::wizard::tests::test_as_str_rust ... ok
test interactive::wizard::tests::test_default_roots_cpp ... ok
test interactive::wizard::tests::test_default_roots_mono ... ok
test interactive::wizard::tests::test_default_roots_node ... ok
test interactive::wizard::tests::test_default_roots_not_empty ... ok
test interactive::wizard::tests::test_default_roots_other ... ok
test interactive::wizard::tests::test_default_roots_go ... ok
test interactive::wizard::tests::test_default_roots_not_xyzzy ... ok
test interactive::wizard::tests::test_default_roots_python ... ok
test interactive::wizard::tests::test_default_roots_rust ... ok
test interactive::wizard::tests::test_index_to_project_type_cpp ... ok
test interactive::wizard::tests::test_index_to_project_type_go ... ok
test interactive::wizard::tests::test_index_to_project_type_mono ... ok
test interactive::wizard::tests::test_index_to_project_type_node ... ok
test interactive::wizard::tests::test_index_to_project_type_none_returns_none ... ok
test interactive::wizard::tests::test_index_to_project_type_other ... ok
test interactive::wizard::tests::test_index_to_project_type_out_of_bounds_returns_other ... ok
test interactive::wizard::tests::test_index_to_project_type_python ... ok
test interactive::wizard::tests::test_index_to_project_type_rust ... ok
test interactive::wizard::tests::test_profile_go ... ok
test interactive::wizard::tests::test_profile_cpp ... ok
test interactive::wizard::tests::test_profile_mono ... ok
test interactive::wizard::tests::test_profile_node ... ok
test interactive::wizard::tests::test_profile_other_maps_to_default ... ok
test interactive::wizard::tests::test_profile_python ... ok
test interactive::wizard::tests::test_profile_rust ... ok
test interactive::wizard::tests::test_project_type_defaults ... ok
test interactive::wizard::tests::test_wizard_result_happy_path ... ok
test interactive::wizard::tests::test_wizard_result_no_files_to_write_returns_none ... ok
test interactive::wizard::tests::test_wizard_result_none_project_type_returns_none ... ok
test interactive::wizard::tests::test_wizard_result_only_config_returns_some ... ok
test interactive::wizard::tests::test_wizard_result_only_tokeignore_returns_some ... ok
test interactive::wizard::tests::test_wizard_result_preserves_all_fields ... ok
test interactive::wizard::tests::test_generate_config ... ok
test export_bundle::tests::load_export_from_inputs_scans_non_json_file ... ok

test result: ok. 205 passed; 0 failed; 0 ignored; 0 measured; 0 filtered out; finished in 0.10s

     Running unittests src/bin/tokmd.rs (target/debug/deps/tokmd-046b20b9ae49a046)

running 0 tests

test result: ok. 0 passed; 0 failed; 0 ignored; 0 measured; 0 filtered out; finished in 0.00s

     Running tests/analyze_integration.rs (target/debug/deps/analyze_integration-5fbac09f50158990)

running 7 tests
test analyze_explain_known_metric ... ok
test analyze_explain_list ... ok
test analyze_explain_unknown_metric_fails ... ok
test analyze_writes_json_to_output_dir ... ok
test analyze_receipt_preset_json_smoke ... ok
test analyze_topics_preset_returns_topic_cloud ... ok
test analyze_fun_preset_returns_eco_label ... ok

test result: ok. 7 passed; 0 failed; 0 ignored; 0 measured; 0 filtered out; finished in 0.07s

     Running tests/badge_integration.rs (target/debug/deps/badge_integration-7e4c83592865b402)

running 2 tests
test badge_writes_to_file ... ok
test badge_lines_svg_stdout ... ok

test result: ok. 2 passed; 0 failed; 0 ignored; 0 measured; 0 filtered out; finished in 0.03s

     Running tests/baseline_integration.rs (target/debug/deps/baseline_integration-a873145063b4c458)

running 3 tests
test baseline_with_determinism_flag ... ok
test baseline_without_determinism_flag_has_no_determinism ... ok
test baseline_generates_output_file ... ok

test result: ok. 3 passed; 0 failed; 0 ignored; 0 measured; 0 filtered out; finished in 0.07s

     Running tests/baseline_w71.rs (target/debug/deps/baseline_w71-43181b643bc7a070)

running 15 tests
test baseline_custom_output_path ... ok
test baseline_determinism_flag_source_hash_format ... ok
test baseline_empty_project ... ok
test baseline_determinism_flag_deterministic_hash ... ok
test baseline_has_commit_field ... ok
test baseline_deterministic_metrics ... ok
test baseline_metrics_avg_le_max_cyclomatic ... ok
test baseline_force_overwrites_existing ... ok
test baseline_metrics_has_avg_cyclomatic ... ok
test baseline_metrics_has_function_count ... ok
test baseline_metrics_has_max_cyclomatic ... ok
test baseline_metrics_has_total_files ... ok
test baseline_metrics_values_non_negative ... ok
test baseline_version_is_one ... ok
test baseline_without_force_on_existing_file_fails ... ok

test result: ok. 15 passed; 0 failed; 0 ignored; 0 measured; 0 filtered out; finished in 0.35s

     Running tests/bdd_analyze_scenarios_w50.rs (target/debug/deps/bdd_analyze_scenarios_w50-b89ae70cc7006c9a)

running 7 tests
test given_project_when_analyze_fun_then_eco_label_present ... ok
test given_project_when_analyze_json_then_has_args_metadata ... ok
test given_project_when_analyze_json_then_has_schema_version ... ok
test given_project_when_analyze_md_then_markdown_table ... ok
test given_project_when_analyze_receipt_then_derived_metrics_present ... ok
test given_project_when_analyze_xml_then_valid_xml_structure ... ok
test given_project_when_analyze_with_output_dir_then_file_created ... ok

test result: ok. 7 passed; 0 failed; 0 ignored; 0 measured; 0 filtered out; finished in 0.07s

     Running tests/bdd_diff_scenarios_w50.rs (target/debug/deps/bdd_diff_scenarios_w50-041b636dc14a7394)

running 5 tests
test given_receipts_when_diff_compact_then_summary_table ... ok
test given_identical_receipts_when_diff_then_no_changes ... ok
test given_receipts_when_diff_full_then_shows_loc_lines_files ... ok
test given_receipts_when_diff_json_then_valid_json ... ok
test given_two_receipts_when_diff_then_diff_output_produced ... ok

test result: ok. 5 passed; 0 failed; 0 ignored; 0 measured; 0 filtered out; finished in 0.10s

     Running tests/bdd_export_scenarios_w50.rs (target/debug/deps/bdd_export_scenarios_w50-e2a2f25793a21fde)

running 8 tests
test given_empty_dir_when_export_json_then_empty_rows ... ok
test given_project_when_export_csv_then_header_matches_expected_columns ... ok
test given_project_when_export_json_then_has_mode_and_schema ... ok
test given_project_when_export_csv_then_rows_have_consistent_columns ... ok
test given_project_when_export_jsonl_then_each_line_is_valid_json ... ok
test given_project_when_export_json_then_rows_have_path_and_language ... ok
test given_project_when_export_jsonl_then_meta_has_schema_version ... ok
test given_project_when_export_redact_paths_then_no_real_paths ... ok

test result: ok. 8 passed; 0 failed; 0 ignored; 0 measured; 0 filtered out; finished in 0.07s

     Running tests/bdd_lang_scenarios_w50.rs (target/debug/deps/bdd_lang_scenarios_w50-91de3d9e89970058)

running 10 tests
test given_empty_directory_when_lang_then_zero_totals ... ok
test given_project_when_lang_json_then_has_tool_and_args_metadata ... ok
test given_mixed_language_project_when_top_2_then_at_most_3_rows ... ok
test given_project_when_lang_json_then_rows_have_expected_fields ... ok
test given_project_when_children_separate_then_mode_recorded ... ok
test given_project_when_lang_tsv_then_tab_separated_with_header ... ok
test given_project_when_lang_md_then_markdown_table_output ... ok
test given_project_with_embedded_code_when_children_collapse_then_mode_recorded ... ok
test given_rust_project_when_lang_json_then_rust_detected ... ok
test given_rust_project_when_lang_json_then_valid_json_with_schema_and_sorted_rows ... ok

test result: ok. 10 passed; 0 failed; 0 ignored; 0 measured; 0 filtered out; finished in 0.08s

     Running tests/bdd_module_scenarios_w50.rs (target/debug/deps/bdd_module_scenarios_w50-538ad06f4f4c5ade)

running 7 tests
test given_project_when_module_children_separate_then_mode_recorded ... ok
test given_project_when_module_json_then_has_mode_and_total ... ok
test given_project_when_depth_0_then_only_top_level_modules ... ok
test given_nested_dirs_when_module_json_then_keys_use_forward_slashes ... ok
test given_single_file_project_when_module_then_one_entry ... ok
test given_project_when_module_json_then_rows_have_expected_fields ... ok
test given_project_when_module_tsv_then_tab_separated ... ok

test result: ok. 7 passed; 0 failed; 0 ignored; 0 measured; 0 filtered out; finished in 0.06s

     Running tests/bdd_scenarios_w71.rs (target/debug/deps/bdd_scenarios_w71-19eb0ca702ffa726)

running 38 tests
test given_empty_dir_when_init_then_tokeignore_created ... ok
test given_bash_shell_when_completions_then_outputs_script ... ok
test given_check_ignore_when_file_excluded_then_explains_why ... ok
test given_check_ignore_with_exclude_when_file_matches_then_reports_match ... ok
test given_empty_dir_when_lang_then_empty_receipt ... ok
test given_exclude_flag_when_scan_then_exclusion_applied ... ok
test given_exclude_tests_when_lang_then_test_files_excluded ... ok
test given_exclude_wildcard_when_lang_json_then_language_absent ... ok
test given_format_json_when_analyze_then_has_schema_version ... ok
test given_format_json_when_analyze_then_valid_json ... ok
test given_format_json_when_export_then_valid_json ... ok
test given_format_json_when_export_then_has_schema_version ... ok
test given_format_json_when_lang_then_has_schema_version ... ok
test given_format_json_when_lang_then_valid_json ... ok
test given_format_json_when_module_then_has_schema_version ... ok
test given_format_json_when_module_then_valid_json ... ok
test given_init_print_when_run_then_prints_template_without_file ... ok
test given_gitignore_when_scan_then_gitignored_files_excluded ... ok
test given_gitignored_file_when_no_ignore_vcs_then_file_visible ... ok
test given_hidden_files_when_scan_default_then_hidden_excluded ... ok
test given_large_repo_when_export_csv_then_all_files_listed ... ok
test given_lang_tsv_when_run_then_tab_separated ... ok
test given_lang_json_when_run_then_mode_is_lang ... ok
test given_multi_language_when_lang_json_then_all_languages_present ... ok
test given_module_json_when_run_then_has_total ... ok
test given_json_receipt_when_diff_then_changes_shown ... ok
test given_multiple_excludes_when_lang_then_all_patterns_applied ... ok
test given_nested_modules_when_module_depth1_then_top_level_grouping ... ok
test given_project_when_analyze_receipt_then_has_derived_metrics ... ok
test given_project_when_export_json_then_has_rows_array ... ok
test given_project_when_export_jsonl_then_every_line_valid_json ... ok
test given_project_when_badge_then_outputs_svg ... ok
test given_project_when_module_default_then_markdown_table ... ok
test given_rust_project_when_lang_then_shows_rust ... ok
test given_tools_openai_when_run_then_valid_function_schema ... ok
test given_version_flag_when_run_then_shows_semver ... ok
test given_unicode_filenames_when_scan_then_paths_normalized ... ok
test given_same_input_when_run_twice_then_identical_output ... ok

test result: ok. 38 passed; 0 failed; 0 ignored; 0 measured; 0 filtered out; finished in 0.25s

     Running tests/bdd_scenarios_w75.rs (target/debug/deps/bdd_scenarios_w75-224fb341c508d61f)

running 31 tests
test given_bash_shell_when_completions_then_script_output ... ok
test given_empty_dir_when_init_then_tokeignore_created ... ok
test given_exclude_flag_when_export_then_excluded_files_absent ... ok
test given_empty_dir_when_lang_json_then_empty_rows ... ok
test given_exclude_when_check_ignore_then_explains_ignored ... ok
test given_files_when_context_list_then_outputs_file_paths ... ok
test given_files_when_export_json_then_rows_have_path_and_code ... ok
test given_gitignored_file_when_no_ignore_vcs_then_visible ... ok
test given_multi_lang_project_when_lang_json_then_all_languages_present_sorted_desc ... ok
test given_multiple_excludes_when_lang_then_all_patterns_applied ... ok
test given_hidden_file_when_default_scan_then_hidden_excluded ... ok
test given_multiple_files_when_export_jsonl_then_each_line_valid_json_with_fields ... ok
test given_project_when_context_json_then_has_utilization_pct ... ok
test given_nested_dirs_when_module_depth1_then_modules_listed ... ok
test given_project_when_analyze_json_then_schema_version_is_number ... ok
test given_project_when_context_tight_budget_then_used_le_budget ... ok
test given_project_when_export_json_then_has_schema_version ... ok
test given_project_when_lang_json_then_has_schema_version ... ok
test given_project_when_lang_json_then_mode_is_lang ... ok
test given_project_when_module_json_then_total_has_code ... ok
test given_project_when_lang_tsv_then_tab_separated_header ... ok
test given_rust_only_when_lang_json_then_no_other_languages ... ok
test given_rust_project_when_lang_json_then_receipt_has_rust_with_code_gt_zero ... ok
test given_small_project_when_context_json_budget_then_tokens_within_budget ... ok
test given_source_code_when_badge_then_valid_svg_output ... ok
test given_source_when_analyze_receipt_then_derived_metrics_present ... ok
test given_source_when_badge_tokens_then_svg ... ok
test given_same_input_when_lang_json_twice_then_rows_identical ... ok
test given_tools_openai_when_run_then_valid_schema_json ... ok
test given_unicode_filename_when_export_then_path_normalized ... ok
test given_version_flag_when_run_then_semver_shown ... ok

test result: ok. 31 passed; 0 failed; 0 ignored; 0 measured; 0 filtered out; finished in 0.19s

     Running tests/boundary_verification.rs (target/debug/deps/boundary_verification-5d4a0b4635866782)

running 9 tests
test no_upward_dependency_violations ... ok
test content_feature_only_in_expected_crates ... ok
test git_feature_only_in_expected_crates ... ok
test tier0_contracts_clap_only_behind_feature_flag ... ok
test tier0_contracts_have_no_required_clap ... ok
test tier0_crates_never_depend_on_scan_or_higher ... ok
test walk_feature_only_in_expected_crates ... ok
test schema_version_constants_are_public ... ok
test schema_version_constants_are_unique ... ok

test result: ok. 9 passed; 0 failed; 0 ignored; 0 measured; 0 filtered out; finished in 1.15s

     Running tests/cli_badge_e2e.rs (target/debug/deps/cli_badge_e2e-f5d6661d7cd3469c)

running 8 tests
test badge_invalid_metric_fails ... ok
test badge_missing_metric_flag_fails ... ok
test badge_blank_metric_produces_svg_with_label ... ok
test badge_doc_metric_produces_svg_with_label ... ok
test badge_lines_svg_contains_xmlns_attribute ... ok
test badge_out_flag_writes_valid_svg_file ... ok
test badge_out_to_nested_dir_creates_file ... ok
test badge_tokens_svg_is_well_formed ... ok

test result: ok. 8 passed; 0 failed; 0 ignored; 0 measured; 0 filtered out; finished in 0.05s

     Running tests/cli_completions_e2e.rs (target/debug/deps/cli_completions_e2e-7bc07ef4b8ae7209)

running 11 tests
test completions_bash_contains_tokmd_reference ... ok
test completions_elvish_references_tokmd ... ok
test completions_bash_contains_complete_keyword ... ok
test completions_elvish_produces_non_empty_output ... ok
test completions_fish_contains_complete_command ... ok
test completions_invalid_shell_fails ... ok
test completions_powershell_contains_register ... ok
test completions_fish_references_tokmd ... ok
test completions_powershell_references_tokmd ... ok
test completions_zsh_contains_compdef_or_arguments ... ok
test completions_zsh_contains_tokmd_reference ... ok

test result: ok. 11 passed; 0 failed; 0 ignored; 0 measured; 0 filtered out; finished in 0.05s

     Running tests/cli_comprehensive.rs (target/debug/deps/cli_comprehensive-0f30b557dbd9db65)

running 78 tests
test analyze_invalid_preset_fails ... ok
test analyze_invalid_format_fails ... ok
test analyze_help_shows_preset ... ok
test analyze_receipt_json_has_derived_metrics ... ok
test badge_bytes_metric_outputs_svg ... ok
test analyze_receipt_markdown_contains_heading ... ok
test badge_help_shows_metric ... ok
test badge_lines_metric_outputs_svg ... ok
test badge_out_flag_writes_file ... ok
test analyze_health_preset_json ... ok
test check_ignore_nonexistent_file_exits_nonzero ... ok
test badge_tokens_metric_outputs_svg ... ok
test completions_bash_produces_script ... ok
test check_ignore_with_excluded_file_reports_ignored ... ok
test completions_elvish_produces_script ... ok
test completions_powershell_produces_script ... ok
test completions_fish_produces_script ... ok
test completions_zsh_produces_script ... ok
test context_help_shows_mode ... ok
test context_default_mode_lists_files ... ok
test baseline_generates_valid_json_output ... ok
test context_list_mode_includes_source_file ... ok
test context_json_mode_produces_valid_json ... ok
test default_command_format_md ... ok
test default_command_format_json ... ok
test diff_missing_args_fails ... ok
test default_command_format_tsv ... ok
test default_command_produces_markdown ... ok
test diff_nonexistent_files_fails ... ok
test export_empty_dir_produces_meta_only ... ok
test export_csv_has_header_and_rows ... ok
test exclude_flag_removes_rust_from_lang ... ok
test export_invalid_format_fails ... ok
test export_help_shows_format ... ok
test diff_between_identical_runs_shows_no_changes ... ok
test export_json_has_envelope ... ok
test export_jsonl_first_line_is_meta ... ok
test export_max_rows_limits_output ... ok
test export_jsonl_each_line_valid_json ... ok
test help_flag_lists_all_subcommands ... ok
test help_text_contains_usage_section ... ok
test init_non_interactive_creates_tokeignore_file ... ok
test init_print_node_template_contains_node_modules ... ok
test init_print_outputs_tokeignore_template ... ok
test init_print_rust_template_contains_target ... ok
test gate_missing_args_fails ... ok
test init_refuses_overwrite_without_force ... ok
test invalid_subcommand_fails ... ok
test lang_help_shows_format ... ok
test lang_empty_dir_succeeds_with_zero_totals ... ok
test lang_children_collapse_records_mode ... ok
test lang_invalid_children_mode_fails ... ok
test lang_children_separate_records_mode ... ok
test lang_invalid_format_fails ... ok
test lang_json_has_schema_version_and_rows ... ok
test lang_json_has_total ... ok
test lang_md_renders_table ... ok
test lang_top_flag_limits_rows ... ok
test module_help_shows_depth ... ok
test lang_tsv_has_header_and_data ... ok
test module_empty_dir_succeeds_with_zero_totals ... ok
test module_invalid_format_fails ... ok
test module_depth_zero_produces_top_level_only ... ok
test module_json_has_rows_and_total ... ok
test module_tsv_has_tabs ... ok
test module_md_renders_table ... ok
test module_json_has_schema_version ... ok
test tools_invalid_format_fails ... ok
test no_progress_flag_accepted ... ok
test tools_anthropic_format_has_tools ... ok
test run_generates_receipt_and_artifacts ... ok
test tools_jsonschema_format_has_schema_version ... ok
test tools_openai_format_has_functions ... ok
test unknown_flag_on_lang_fails ... ok
test version_flag_prints_semver ... ok
test tools_pretty_flag_adds_whitespace ... ok
test verbose_flag_accepted_on_lang ... ok
test verbose_flag_accepted_on_module ... ok

test result: ok. 78 passed; 0 failed; 0 ignored; 0 measured; 0 filtered out; finished in 0.45s

     Running tests/cli_determinism_e2e_w54.rs (target/debug/deps/cli_determinism_e2e_w54-b0fb2d235b493308)

running 29 tests
test analyze_json_all_keys_recursively_sorted ... ok
test analyze_json_top_level_keys_sorted ... ok
test children_collapse_deterministic ... ok
test analyze_receipt_json_deterministic ... ok
test export_json_keys_are_sorted ... ok
test children_separate_deterministic ... ok
test export_csv_deterministic ... ok
test export_row_count_stable ... ok
test export_jsonl_deterministic ... ok
test export_json_only_timestamps_vary ... ok
test export_rows_sorted_desc_code_asc_path ... ok
test export_json_deterministic ... ok
test lang_json_keys_are_sorted ... ok
test lang_row_count_stable ... ok
test lang_md_deterministic ... ok
test lang_json_only_timestamps_vary ... ok
test lang_json_deterministic ... ok
test lang_totals_equal_sum_of_rows ... ok
test lang_rows_sorted_desc_code_asc_name ... ok
test module_json_keys_are_sorted ... ok
test lang_tsv_deterministic ... ok
test module_json_only_timestamps_vary ... ok
test module_md_deterministic ... ok
test module_row_count_stable ... ok
test module_rows_sorted_desc_code_asc_name ... ok
test module_json_deterministic ... ok
test run_default_deterministic ... ok
test module_tsv_deterministic ... ok
test redacted_export_deterministic ... ok

test result: ok. 29 passed; 0 failed; 0 ignored; 0 measured; 0 filtered out; finished in 0.48s

     Running tests/cli_e2e.rs (target/debug/deps/cli_e2e-43c744085629c28b)

running 19 tests
test given_bash_when_completions_then_outputs_script ... ok
test given_powershell_when_completions_then_outputs_script ... ok
test given_anthropic_when_tools_then_valid_json ... ok
test given_openai_when_tools_then_valid_json ... ok
test given_repo_when_analyze_receipt_json_then_has_derived ... ok
test given_repo_when_badge_then_outputs_svg ... ok
test given_repo_when_badge_tokens_metric_then_svg_contains_tokens ... ok
test given_repo_when_badge_bytes_metric_then_svg_contains_bytes ... ok
test given_repo_when_export_jsonl_then_each_line_valid ... ok
test given_repo_when_export_csv_then_has_header_and_rows ... ok
test given_repo_when_lang_json_then_rows_have_code_field ... ok
test given_repo_when_lang_default_then_markdown_table ... ok
test given_repo_when_lang_json_then_valid_json_with_schema ... ok
test given_repo_when_lang_tsv_then_tab_separated ... ok
test given_repo_when_module_json_then_has_rows ... ok
test given_repo_when_module_default_then_markdown_table ... ok
test given_when_init_print_then_generates_tokeignore ... ok
test given_version_flag_then_shows_semver ... ok
test given_repo_when_module_json_then_total_present ... ok

test result: ok. 19 passed; 0 failed; 0 ignored; 0 measured; 0 filtered out; finished in 0.12s

     Running tests/cli_e2e_w42.rs (target/debug/deps/cli_e2e_w42-0b6755008463db80)

running 47 tests
test analyze_receipt_markdown_contains_header ... ok
test analyze_receipt_json_has_derived_metrics ... ok
test badge_out_file_creates_svg_file ... ok
test badge_bytes_metric_contains_bytes ... ok
test completions_bash_produces_output ... ok
test completions_fish_produces_output ... ok
test badge_produces_svg ... ok
test badge_tokens_metric_contains_tokens ... ok
test completions_powershell_produces_output ... ok
test completions_zsh_produces_output ... ok
test empty_dir_export_handles_gracefully ... ok
test empty_dir_handles_gracefully ... ok
test empty_dir_module_handles_gracefully ... ok
test export_help_shows_format_flag ... ok
test export_csv_has_header_and_rows ... ok
test export_json_has_envelope_fields ... ok
test default_command_is_lang ... ok
test export_jsonl_first_line_is_meta ... ok
test export_jsonl_produces_valid_lines ... ok
test help_shows_subcommands ... ok
test init_print_outputs_to_stdout ... ok
test export_max_rows_limits_output ... ok
test init_creates_tokeignore_in_tempdir ... ok
test init_refuses_overwrite_without_force ... ok
test global_exclude_removes_rust_from_lang ... ok
test lang_help_shows_format_flag ... ok
test lang_invalid_format_exits_nonzero ... ok
test lang_children_collapse_recorded_in_json ... ok
test lang_default_produces_markdown_output ... ok
test lang_json_produces_valid_json ... ok
test lang_json_rows_have_code_field ... ok
test lang_top_limits_rows ... ok
test lang_json_total_has_code_and_lines ... ok
test lang_tsv_produces_tab_separated_output ... ok
test module_default_produces_output ... ok
test module_help_shows_depth_flag ... ok
test module_depth_zero_produces_top_level_only ... ok
test module_json_produces_valid_json ... ok
test module_json_total_present ... ok
test tools_invalid_format_fails ... ok
test run_generates_all_artifacts ... ok
test tools_anthropic_produces_valid_json ... ok
test run_produces_receipt_json ... ok
test tools_jsonschema_produces_valid_json ... ok
test tools_openai_produces_valid_json_with_functions ... ok
test version_shows_semver ... ok
test verbose_flag_accepted_on_lang ... ok

test result: ok. 47 passed; 0 failed; 0 ignored; 0 measured; 0 filtered out; finished in 0.29s

     Running tests/cli_e2e_w58.rs (target/debug/deps/cli_e2e_w58-96d1d13723de299d)

running 63 tests
test badge_metric_tokens_produces_svg ... ok
test analyze_preset_supply_succeeds ... ok
test badge_metric_bytes_produces_svg ... ok
test err_analyze_invalid_format ... ok
test default_lang_produces_markdown ... ok
test err_analyze_invalid_preset ... ok
test err_analyze_nonexistent_path ... ok
test err_badge_invalid_metric ... ok
test err_badge_missing_metric ... ok
test analyze_preset_health_succeeds ... ok
test default_module_produces_markdown ... ok
test err_completely_unknown_subcommand ... ok
test err_completions_missing_shell ... ok
test err_diff_no_refs ... ok
test err_export_invalid_format ... ok
test err_context_nonexistent_path ... ok
test err_export_nonexistent_path ... ok
test err_invalid_subcommand_shows_suggestion ... ok
test err_lang_invalid_children_mode ... ok
test err_lang_invalid_format ... ok
test err_lang_nonexistent_path ... ok
test err_module_invalid_format ... ok
test err_module_invalid_children_mode ... ok
test err_run_nonexistent_path ... ok
test err_module_nonexistent_path ... ok
test flag_exclude_nonexistent_pattern_still_succeeds ... ok
test flag_export_children_parents_only ... ok
test flag_export_children_separate ... ok
test flag_lang_children_collapse ... ok
test flag_lang_top_limits_rows ... ok
test flag_exclude_reduces_output ... ok
test flag_lang_children_separate ... ok
test flag_module_children_separate ... ok
test flag_module_children_parents_only ... ok
test flag_lang_top_zero_shows_all ... ok
test flag_module_depth_1 ... ok
test flag_module_top_limits_rows ... ok
test flag_module_depth_large_succeeds ... ok
test flag_multiple_excludes ... ok
test fmt_analyze_json_has_derived ... ok
test fmt_export_csv_consistent_columns ... ok
test fmt_analyze_markdown_contains_headers ... ok
test fmt_export_csv_has_header_row ... ok
test fmt_export_json_envelope ... ok
test fmt_export_json_rows_have_path ... ok
test fmt_export_jsonl_each_line_valid_json ... ok
test fmt_export_jsonl_meta_has_schema ... ok
test fmt_lang_json_has_total ... ok
test fmt_lang_json_rows_non_empty ... ok
test fmt_lang_json_valid_with_schema_version ... ok
test fmt_lang_markdown_contains_headers ... ok
test fmt_lang_tsv_tab_separated_with_header ... ok
test fmt_module_json_rows_have_module_field ... ok
test fmt_module_json_valid_with_mode ... ok
test fmt_module_markdown_contains_table ... ok
test fmt_module_tsv_has_tab_columns ... ok
test fmt_tools_anthropic_valid_json ... ok
test fmt_tools_openai_valid_json ... ok
test help_mentions_subcommands ... ok
test version_contains_semver ... ok
test json_envelope_has_args_metadata_lang ... ok
test json_envelope_has_args_metadata_export ... ok
test json_envelope_has_args_metadata_module ... ok

test result: ok. 63 passed; 0 failed; 0 ignored; 0 measured; 0 filtered out; finished in 0.39s

     Running tests/cli_e2e_w65.rs (target/debug/deps/cli_e2e_w65-4795d7facb2ef69c)

running 99 tests
test analyze_default_preset_succeeds ... ok
test badge_lines_metric_produces_svg ... ok
test analyze_receipt_preset_json_valid ... ok
test badge_tokens_metric_produces_svg ... ok
test check_ignore_help_shows_usage ... ok
test bare_invocation_produces_output ... ok
test completions_bash_produces_output ... ok
test analyze_health_preset_succeeds ... ok
test completions_powershell_produces_output ... ok
test bare_invocation_matches_lang ... ok
test completions_zsh_produces_output ... ok
test err_analyze_invalid_format ... ok
test err_analyze_invalid_preset ... ok
test err_badge_missing_metric_fails ... ok
test err_badge_invalid_metric_fails ... ok
test config_auto_succeeds ... ok
test err_completions_missing_shell ... ok
test err_invalid_children_mode ... ok
test config_none_succeeds ... ok
test err_diff_no_refs_fails ... ok
test err_invalid_format_for_lang ... ok
test err_invalid_format_for_export ... ok
test err_invalid_format_for_module ... ok
test err_nonexistent_path_export ... ok
test err_nonexistent_path_analyze ... ok
test err_nonexistent_path_lang ... ok
test err_nonexistent_path_module ... ok
test err_typo_subcommand_fails ... ok
test err_unknown_subcommand_fails ... ok
test export_help_shows_format_options ... ok
test export_csv_rows_have_consistent_column_count ... ok
test export_csv_has_header_and_data ... ok
test export_json_is_valid_array ... ok
test export_jsonl_first_line_is_meta ... ok
test export_jsonl_meta_false_skips_meta ... ok
test export_jsonl_meta_true_has_meta_line ... ok
test export_jsonl_deterministic_across_runs ... ok
test export_jsonl_produces_valid_lines ... ok
test export_max_rows_limits_output ... ok
test export_redact_none_shows_paths ... ok
test failure_exit_code_is_nonzero ... ok
test export_with_explicit_path_arg ... ok
test export_min_code_filter_works ... ok
test help_flag_shows_global_options ... ok
test help_flag_shows_subcommands ... ok
test global_format_tsv_works ... ok
test global_format_json_works ... ok
test init_help_shows_usage ... ok
test hidden_flag_succeeds ... ok
test lang_children_collapse_succeeds ... ok
test lang_all_formats_report_same_total_code ... ok
test lang_children_separate_succeeds ... ok
test lang_default_produces_markdown ... ok
test lang_children_collapse_vs_separate_differ_in_json ... ok
test lang_exclude_multiple_patterns ... ok
test lang_format_json_is_valid ... ok
test lang_format_md_produces_markdown_table ... ok
test lang_files_flag_adds_file_info ... ok
test lang_exclude_filters_files ... ok
test lang_format_tsv_is_tab_separated ... ok
test lang_help_shows_expected_flags ... ok
test lang_json_files_total_equals_sum ... ok
test lang_json_has_envelope_metadata ... ok
test lang_json_lines_total_equals_sum ... ok
test lang_json_no_duplicate_languages ... ok
test lang_json_rows_have_expected_fields ... ok
test lang_json_rows_sorted_by_code_descending ... ok
test lang_json_deterministic_across_runs ... ok
test lang_json_schema_version_is_positive ... ok
test lang_json_total_equals_sum_of_rows ... ok
test lang_json_total_has_code_field ... ok
test lang_md_has_separator_line ... ok
test lang_md_deterministic_across_runs ... ok
test lang_top_1_limits_rows_in_json ... ok
test lang_with_explicit_path_arg ... ok
test lang_top_0_shows_all_rows ... ok
test lang_tsv_header_contains_expected_columns ... ok
test lang_tsv_deterministic_across_runs ... ok
test module_default_produces_markdown ... ok
test module_depth_1_produces_output ... ok
test module_depth_3_produces_output ... ok
test module_help_shows_depth_option ... ok
test module_format_json_valid ... ok
test module_format_md_contains_table_markers ... ok
test module_format_tsv_has_tabs ... ok
test module_json_rows_have_module_field ... ok
test module_json_total_equals_sum_of_rows ... ok
test module_md_has_separator_line ... ok
test module_with_explicit_path_arg ... ok
test module_tsv_header_contains_module ... ok
test no_ignore_flag_succeeds ... ok
test module_json_deterministic_across_runs ... ok
test no_progress_flag_succeeds ... ok
test tools_openai_produces_json ... ok
test success_exit_code_is_zero ... ok
test version_flag_shows_tokmd ... ok
test version_flag_matches_semver ... ok
test treat_doc_strings_as_comments_succeeds ... ok
test verbose_flag_succeeds ... ok

test result: ok. 99 passed; 0 failed; 0 ignored; 0 measured; 0 filtered out; finished in 0.72s

     Running tests/cli_e2e_w69.rs (target/debug/deps/cli_e2e_w69-9f55c49b46525df3)

running 53 tests
test w69_completions_powershell_produces_output ... ok
test w69_completions_bash_produces_output ... ok
test w69_completions_fish_produces_output ... ok
test w69_completions_zsh_produces_output ... ok
test w69_error_nonexistent_directory ... ok
test w69_error_unknown_subcommand ... ok
test w69_error_invalid_format_for_export ... ok
test w69_error_invalid_format_for_lang ... ok
test w69_export_csv_consistent_column_count ... ok
test w69_exclude_rs_removes_rust ... ok
test w69_export_csv_has_header_and_rows ... ok
test w69_exclude_md_removes_markdown ... ok
test w69_export_help_shows_format_option ... ok
test w69_export_csv_rows_are_comma_separated ... ok
test w69_export_csv_header_has_columns ... ok
test w69_export_jsonl_data_rows_have_path ... ok
test w69_export_jsonl_each_line_valid_json ... ok
test w69_export_jsonl_has_meta_record ... ok
test w69_export_jsonl_meta_has_tool_info ... ok
test w69_help_contains_usage_section ... ok
test w69_help_lists_all_subcommands ... ok
test w69_init_print_contains_ignore_patterns ... ok
test w69_export_jsonl_deterministic_across_runs ... ok
test w69_init_print_generates_tokeignore ... ok
test w69_lang_help_shows_options ... ok
test w69_lang_default_format_is_markdown_table ... ok
test w69_lang_json_generated_at_present ... ok
test w69_lang_json_has_args ... ok
test w69_lang_json_has_total ... ok
test w69_lang_json_deterministic_across_runs ... ok
test w69_lang_json_rows_sorted_by_code_descending ... ok
test w69_lang_json_rows_have_required_fields ... ok
test w69_lang_json_schema_version_is_positive ... ok
test w69_lang_minimal_dir_succeeds ... ok
test w69_lang_json_valid_with_schema_version ... ok
test w69_lang_mixed_dir_detects_at_least_three_languages ... ok
test w69_lang_mixed_dir_detects_javascript ... ok
test w69_lang_mixed_dir_detects_python ... ok
test w69_lang_mixed_dir_detects_rust ... ok
test w69_lang_tsv_contains_tabs ... ok
test w69_module_default_format_is_markdown_table ... ok
test w69_lang_tsv_multiple_rows ... ok
test w69_module_default_has_module_column ... ok
test w69_lang_tsv_has_header_row ... ok
test w69_module_help_shows_depth_option ... ok
test w69_module_depth_1_limits_output ... ok
test w69_module_depth_1_json_valid ... ok
test w69_module_json_has_rows ... ok
test w69_version_contains_tokmd ... ok
test w69_module_json_rows_have_module_field ... ok
test w69_module_json_total_present ... ok
test w69_version_shows_semver ... ok
test w69_module_json_schema_version_matches_lang ... ok

test result: ok. 53 passed; 0 failed; 0 ignored; 0 measured; 0 filtered out; finished in 0.28s

     Running tests/cli_error_help_w73.rs (target/debug/deps/cli_error_help_w73-fe00620019981dbd)

running 30 tests
test error_completions_invalid_shell ... ok
test error_analyze_invalid_preset ... ok
test error_export_nonexistent_path ... ok
test error_diff_no_args ... ok
test error_lang_invalid_format ... ok
test error_module_invalid_format ... ok
test error_unknown_flag ... ok
test help_baseline_exists ... ok
test help_badge_exists ... ok
test help_analyze_mentions_preset ... ok
test help_completions_mentions_shell_types ... ok
test help_check_ignore_exists ... ok
test error_gate_nonexistent_policy ... ok
test help_cockpit_exists ... ok
test help_context_mentions_mode_and_budget ... ok
test help_diff_mentions_from_and_to ... ok
test help_gate_mentions_policy ... ok
test help_export_mentions_format_variants ... ok
test help_handoff_mentions_preset ... ok
test help_lang_mentions_format_and_children ... ok
test help_init_exists ... ok
test help_module_mentions_depth_and_format ... ok
test help_root_contains_subcommands ... ok
test help_root_mentions_version_flag ... ok
test help_sensor_exists ... ok
test help_run_exists ... ok
test help_tools_exists ... ok
test version_long_flag_matches_cargo ... ok
test version_short_flag_matches_cargo ... ok
test version_long_and_short_agree ... ok

test result: ok. 30 passed; 0 failed; 0 ignored; 0 measured; 0 filtered out; finished in 0.07s

     Running tests/cli_error_paths_w51.rs (target/debug/deps/cli_error_paths_w51-b373a703c99a48c3)

running 22 tests
test cockpit_subcommand_responds_to_help ... ok
test analyze_nonexistent_path_fails ... ok
test analyze_help_lists_presets ... ok
test analyze_invalid_preset_fails ... ok
test completions_help_mentions_shells ... ok
test export_invalid_format_fails ... ok
test diff_no_arguments_fails ... ok
test export_nonexistent_path_fails ... ok
test diff_nonexistent_before_after_fails ... ok
test context_budget_zero_succeeds_with_zero_tokens ... ok
test invalid_format_on_default_command_fails ... ok
test help_flag_succeeds_with_usage ... ok
test lang_help_succeeds ... ok
test lang_nonexistent_path_fails ... ok
test module_negative_depth_fails ... ok
test negative_top_value_fails ... ok
test module_nonexistent_path_fails ... ok
test run_subcommand_responds_to_help ... ok
test unknown_subcommand_fails ... ok
test version_flag_succeeds_with_version ... ok
test known_subcommands_respond_to_help ... ok
test gate_no_arguments_fails ... ok

test result: ok. 22 passed; 0 failed; 0 ignored; 0 measured; 0 filtered out; finished in 0.23s

     Running tests/cli_errors_w66.rs (target/debug/deps/cli_errors_w66-a5497160d7a450e3)

running 24 tests
test badge_invalid_metric_fails ... ok
test analyze_invalid_preset_value_produces_error ... ok
test analyze_with_nonexistent_path_produces_error ... ok
test completions_invalid_shell_fails ... ok
test cockpit_with_nonexistent_base_ref_fails ... ok
test empty_string_subcommand_fails_or_defaults ... ok
test diff_without_required_args_fails ... ok
test export_with_nonexistent_path_produces_error ... ok
test diff_with_nonexistent_files_produces_error ... ok
test invalid_format_value_for_export_produces_error ... ok
test invalid_format_value_for_lang_produces_error ... ok
test invalid_format_value_for_module_produces_error ... ok
test lang_with_nonexistent_path_produces_error ... ok
test module_non_numeric_depth_fails ... ok
test module_with_nonexistent_path_produces_error ... ok
test negative_top_flag_fails ... ok
test non_numeric_top_flag_fails ... ok
test root_help_mentions_subcommands ... ok
test run_with_nonexistent_path_produces_error ... ok
test unknown_global_flag_fails ... ok
test unknown_subcommand_produces_helpful_error ... ok
test version_flag_contains_tokmd_and_semver ... ok
test help_flag_for_all_subcommands ... ok
test gate_without_required_args_fails ... ok

test result: ok. 24 passed; 0 failed; 0 ignored; 0 measured; 0 filtered out; finished in 0.21s

     Running tests/cli_init_e2e.rs (target/debug/deps/cli_init_e2e-52649b6065d347fb)

running 10 tests
test init_force_overwrites_existing_tokeignore ... ok
test init_does_not_overwrite_existing_tokeignore ... ok
test init_creates_tokeignore_in_temp_dir ... ok
test init_print_cpp_template_produces_output ... ok
test init_print_go_template_contains_vendor ... ok
test init_print_mono_template_produces_output ... ok
test init_print_does_not_create_file ... ok
test init_print_outputs_template_to_stdout ... ok
test init_print_python_template_contains_venv ... ok
test init_with_dir_flag_creates_tokeignore_in_target ... ok

test result: ok. 10 passed; 0 failed; 0 ignored; 0 measured; 0 filtered out; finished in 0.02s

     Running tests/cli_output_formats.rs (target/debug/deps/cli_output_formats-fbf02f910126e001)

running 13 tests
test export_csv_header_contains_path_and_language ... ok
test export_json_rows_have_code_and_language ... ok
test export_csv_rows_have_consistent_column_count ... ok
test export_json_envelope_has_mode_export ... ok
test export_jsonl_meta_line_has_schema_version ... ok
test export_jsonl_data_rows_have_path_field ... ok
test lang_json_has_args_metadata ... ok
test lang_json_has_schema_version_field ... ok
test lang_tsv_data_rows_have_same_column_count_as_header ... ok
test lang_json_rows_sorted_descending_by_code ... ok
test lang_tsv_header_contains_expected_columns ... ok
test module_json_has_mode_field ... ok
test module_json_rows_have_module_field ... ok

test result: ok. 13 passed; 0 failed; 0 ignored; 0 measured; 0 filtered out; finished in 0.10s

     Running tests/cli_output_formats_w66.rs (target/debug/deps/cli_output_formats_w66-0980e5ef700c232a)

running 20 tests
test badge_produces_valid_svg ... ok
test context_json_parses ... ok
test analyze_markdown_produces_readable_output ... ok
test analyze_json_parses_as_valid_json ... ok
test export_csv_has_header_and_consistent_columns ... ok
test context_list_mode_produces_output ... ok
test export_json_parses_and_has_mode_export ... ok
test export_jsonl_each_line_is_valid_json ... ok
test lang_json_has_required_envelope_fields ... ok
test export_output_flag_writes_to_file ... ok
test lang_json_parses_as_valid_json ... ok
test handoff_writes_to_output_dir ... ok
test lang_tsv_has_header_and_consistent_columns ... ok
test lang_markdown_contains_table_markers ... ok
test module_json_parses_and_has_rows ... ok
test module_markdown_contains_table ... ok
test no_progress_flag_suppresses_spinners ... ok
test module_tsv_has_consistent_columns ... ok
test no_progress_with_json_produces_clean_output ... ok
test verbose_flag_does_not_break_output ... ok

test result: ok. 20 passed; 0 failed; 0 ignored; 0 measured; 0 filtered out; finished in 0.15s

     Running tests/cli_pipeline_e2e_w54.rs (target/debug/deps/cli_pipeline_e2e_w54-21e0b93e46bea4bd)

running 53 tests
test analyze_receipt_preset_json_has_derived ... ok
test analyze_default_format_outputs_markdown ... ok
test badge_bytes_metric_produces_svg ... ok
test check_ignore_with_path_runs ... ok
test badge_lines_metric_produces_svg ... ok
test analyze_health_preset_json_has_derived ... ok
test badge_tokens_metric_produces_svg ... ok
test completions_bash_outputs_script ... ok
test completions_fish_outputs_script ... ok
test completions_powershell_outputs_script ... ok
test completions_zsh_outputs_script ... ok
test export_csv_has_header_and_data_rows ... ok
test export_csv_columns_consistent ... ok
test export_invalid_format_fails ... ok
test export_exclude_js_filters_files ... ok
test diff_between_two_lang_receipts ... ok
test export_json_has_envelope_and_rows ... ok
test export_jsonl_each_line_is_valid_json ... ok
test help_analyze_shows_usage ... ok
test export_jsonl_first_line_is_meta_record ... ok
test help_badge_shows_usage ... ok
test help_diff_shows_usage ... ok
test help_export_shows_usage ... ok
test export_paths_always_use_forward_slashes ... ok
test help_lang_shows_usage ... ok
test help_module_shows_usage ... ok
test init_print_generates_tokeignore_content ... ok
test help_root_shows_usage ... ok
test help_run_shows_usage ... ok
test invalid_format_flag_fails ... ok
test invalid_path_fails_gracefully ... ok
test invalid_subcommand_fails ... ok
test lang_children_collapse_succeeds ... ok
test lang_default_outputs_markdown_table ... ok
test lang_children_separate_may_have_embedded_rows ... ok
test lang_children_separate_succeeds ... ok
test lang_json_has_total_section ... ok
test lang_json_outputs_valid_json_with_rows ... ok
test lang_json_rows_have_required_fields ... ok
test lang_tsv_has_tabs_and_header ... ok
test module_children_parents_only_succeeds ... ok
test lang_exclude_rust_reduces_rows ... ok
test module_default_outputs_markdown ... ok
test module_depth_1_reduces_nesting ... ok
test module_json_has_rows_and_total ... ok
test module_json_rows_have_module_field ... ok
test module_keys_always_use_forward_slashes ... ok
test module_tsv_has_tabs ... ok
test run_default_succeeds ... ok
test pipeline_lang_and_module_same_total_files ... ok
test run_with_output_dir_creates_artifacts ... ok
test version_flag_shows_semver ... ok
test pipeline_lang_then_export_file_count_consistent ... ok

test result: ok. 53 passed; 0 failed; 0 ignored; 0 measured; 0 filtered out; finished in 0.34s

     Running tests/cli_scan_options_w66.rs (target/debug/deps/cli_scan_options_w66-140d34b86ff9d04a)

running 20 tests
test exclude_all_files_produces_zero_rows ... ok
test exclude_multiple_patterns ... ok
test export_children_separate_succeeds ... ok
test export_empty_directory_succeeds ... ok
test export_exclude_filters_files ... ok
test hidden_flag_succeeds ... ok
test exclude_pattern_reduces_output ... ok
test lang_children_invalid_value_fails ... ok
test lang_children_collapse_succeeds ... ok
test lang_children_separate_succeeds ... ok
test module_children_separate_succeeds ... ok
test module_depth_one_groups_at_top_level ... ok
test module_depth_large_value_succeeds ... ok
test module_empty_directory_succeeds ... ok
test no_ignore_flag_succeeds ... ok
test scan_empty_directory_succeeds_with_zero_results ... ok
test top_zero_shows_all_languages ... ok
test top_flag_limits_output ... ok
test self_scan_succeeds ... ok
test self_scan_finds_rust_language ... ok

test result: ok. 20 passed; 0 failed; 0 ignored; 0 measured; 0 filtered out; finished in 1.91s

     Running tests/cli_snapshot_golden.rs (target/debug/deps/cli_snapshot_golden-695054ce9dc6cdde)

running 12 tests
test snapshot_export_csv ... ok
test snapshot_export_jsonl ... ok
test snapshot_export_json ... ok
test snapshot_help ... ok
test snapshot_lang_markdown ... ok
test snapshot_lang_json_structure ... ok
test snapshot_lang_tsv ... ok
test snapshot_lang_json ... ok
test snapshot_module_markdown ... ok
test snapshot_module_tsv ... ok
test snapshot_version ... ok
test snapshot_module_json ... ok

test result: ok. 12 passed; 0 failed; 0 ignored; 0 measured; 0 filtered out; finished in 0.27s

     Running tests/cli_tools_e2e.rs (target/debug/deps/cli_tools_e2e-42003ff0e5b4f0b5)

running 8 tests
test tools_invalid_format_fails ... ok
test tools_clap_format_has_tools_with_parameters ... ok
test tools_anthropic_each_tool_has_name_and_input_schema ... ok
test tools_anthropic_contains_module_and_analyze ... ok
test tools_jsonschema_contains_context_and_gate ... ok
test tools_jsonschema_has_name_and_tools_array ... ok
test tools_openai_contains_lang_and_export ... ok
test tools_openai_each_function_has_name_and_description ... ok

test result: ok. 8 passed; 0 failed; 0 ignored; 0 measured; 0 filtered out; finished in 0.03s

     Running tests/cockpit_cli_w71.rs (target/debug/deps/cockpit_cli_w71-b37f5248aaabd82a)

running 14 tests
test cockpit_help_shows_expected_flags ... ok
hint: Using 'master' as the name for the initial branch. This default branch name
hint: will change to "main" in Git 3.0. To configure the initial branch name
hint: Using 'master' as the name for the initial branch. This default branch name
hint: to use in all of your new repositories, which will suppress this warning,
hint: will change to "main" in Git 3.0. To configure the initial branch name
hint: call:
hint: to use in all of your new repositories, which will suppress this warning,
hint:
hint: call:
hint: 	git config --global init.defaultBranch <name>
hint:
hint:
hint: 	git config --global init.defaultBranch <name>
hint: Names commonly chosen instead of 'master' are 'main', 'trunk' and
hint:
hint: 'development'. The just-created branch can be renamed via this command:
hint: Names commonly chosen instead of 'master' are 'main', 'trunk' and
hint:
hint: 'development'. The just-created branch can be renamed via this command:
hint: 	git branch -m <name>
hint:
hint:
hint: 	git branch -m <name>
hint: Disable this message with "git config set advice.defaultBranchName false"
hint:
hint: Disable this message with "git config set advice.defaultBranchName false"
hint: Using 'master' as the name for the initial branch. This default branch name
hint: will change to "main" in Git 3.0. To configure the initial branch name
hint: to use in all of your new repositories, which will suppress this warning,
hint: call:
hint:
hint: 	git config --global init.defaultBranch <name>
hint:
hint: Names commonly chosen instead of 'master' are 'main', 'trunk' and
hint: 'development'. The just-created branch can be renamed via this command:
hint:
hint: 	git branch -m <name>
hint:
hint: Disable this message with "git config set advice.defaultBranchName false"
Initialized empty Git repository in /tmp/.tmpr6Jwu3/.git/
Initialized empty Git repository in /tmp/.tmpN3VhBJ/.git/
Initialized empty Git repository in /tmp/.tmpRl7ZD4/.git/
hint: Using 'master' as the name for the initial branch. This default branch name
hint: will change to "main" in Git 3.0. To configure the initial branch name
hint: to use in all of your new repositories, which will suppress this warning,
hint: call:
hint:
hint: 	git config --global init.defaultBranch <name>
hint:
hint: Names commonly chosen instead of 'master' are 'main', 'trunk' and
hint: 'development'. The just-created branch can be renamed via this command:
hint:
hint: 	git branch -m <name>
hint:
hint: Disable this message with "git config set advice.defaultBranchName false"
Initialized empty Git repository in /tmp/.tmpdtFsNy/.git/
[main (root-commit) 844628f] Initial commit
 1 file changed, 1 insertion(+)
 create mode 100644 src/lib.rs
[main (root-commit) 844628f] Initial commit
 1 file changed, 1 insertion(+)
 create mode 100644 src/lib.rs
[main (root-commit) 844628f] Initial commit
 1 file changed, 1 insertion(+)
 create mode 100644 src/lib.rs
[main (root-commit) 844628f] Initial commit
 1 file changed, 1 insertion(+)
 create mode 100644 src/lib.rs
Switched to a new branch 'feature'
Switched to a new branch 'feature'
Switched to a new branch 'feature'
Switched to a new branch 'feature'
[feature ddbe09b] Feature changes
 1 file changed, 1 insertion(+), 1 deletion(-)
[feature a2602f9] Feature changes
 2 files changed, 2 insertions(+), 1 deletion(-)
 create mode 100644 src/new_module.rs
[feature 613123c] Feature changes
 2 files changed, 2 insertions(+), 1 deletion(-)
 create mode 100644 src/extra.rs
[feature ddbe09b] Feature changes
 1 file changed, 1 insertion(+), 1 deletion(-)
test cockpit_base_from_env_var ... ok
test cockpit_json_has_change_surface ... ok
test cockpit_json_has_code_health ... ok
test cockpit_change_surface_files_changed_matches ... ok
hint: Using 'master' as the name for the initial branch. This default branch name
hint: will change to "main" in Git 3.0. To configure the initial branch name
hint: to use in all of your new repositories, which will suppress this warning,
hint: call:
hint:
hint: 	git config --global init.defaultBranch <name>
hint:
hint: Names commonly chosen instead of 'master' are 'main', 'trunk' and
hint: 'development'. The just-created branch can be renamed via this command:
hint:
hint: 	git branch -m <name>
hint:
hint: Disable this message with "git config set advice.defaultBranchName false"
Initialized empty Git repository in /tmp/.tmpl4Kr5M/.git/
hint: Using 'master' as the name for the initial branch. This default branch name
hint: will change to "main" in Git 3.0. To configure the initial branch name
hint: to use in all of your new repositories, which will suppress this warning,
hint: call:
hint:
hint: 	git config --global init.defaultBranch <name>
hint:
hint: Names commonly chosen instead of 'master' are 'main', 'trunk' and
hint: 'development'. The just-created branch can be renamed via this command:
hint:
hint: 	git branch -m <name>
hint:
hint: Disable this message with "git config set advice.defaultBranchName false"
Initialized empty Git repository in /tmp/.tmpI3hcwT/.git/
hint: Using 'master' as the name for the initial branch. This default branch name
hint: will change to "main" in Git 3.0. To configure the initial branch name
hint: to use in all of your new repositories, which will suppress this warning,
hint: call:
hint:
hint: 	git config --global init.defaultBranch <name>
hint:
hint: Names commonly chosen instead of 'master' are 'main', 'trunk' and
hint: 'development'. The just-created branch can be renamed via this command:
hint:
hint: 	git branch -m <name>
hint:
hint: Disable this message with "git config set advice.defaultBranchName false"
Initialized empty Git repository in /tmp/.tmpfy7BTY/.git/
hint: Using 'master' as the name for the initial branch. This default branch name
hint: will change to "main" in Git 3.0. To configure the initial branch name
hint: to use in all of your new repositories, which will suppress this warning,
hint: call:
hint:
hint: 	git config --global init.defaultBranch <name>
hint:
hint: Names commonly chosen instead of 'master' are 'main', 'trunk' and
hint: 'development'. The just-created branch can be renamed via this command:
hint:
hint: 	git branch -m <name>
hint:
hint: Disable this message with "git config set advice.defaultBranchName false"
Initialized empty Git repository in /tmp/.tmpzpMPBG/.git/
[main (root-commit) 844628f] Initial commit
 1 file changed, 1 insertion(+)
 create mode 100644 src/lib.rs
[main (root-commit) 844628f] Initial commit
 1 file changed, 1 insertion(+)
 create mode 100644 src/lib.rs
[main (root-commit) 844628f] Initial commit
 1 file changed, 1 insertion(+)
 create mode 100644 src/lib.rs
[main (root-commit) 844628f] Initial commit
 1 file changed, 1 insertion(+)
 create mode 100644 src/lib.rs
Switched to a new branch 'feature'
Switched to a new branch 'feature'
Switched to a new branch 'feature'
Switched to a new branch 'feature'
[feature ddbe09b] Feature changes
 1 file changed, 1 insertion(+), 1 deletion(-)
[feature ddbe09b] Feature changes
 1 file changed, 1 insertion(+), 1 deletion(-)
[feature 2cbf850] Feature changes
 2 files changed, 2 insertions(+), 1 deletion(-)
 create mode 100644 src/new.rs
[feature ddbe09b] Feature changes
 1 file changed, 1 insertion(+), 1 deletion(-)
test cockpit_json_has_contracts ... ok
test cockpit_json_has_evidence_gates ... ok
test cockpit_json_has_review_plan ... ok
test cockpit_json_has_composition ... ok
hint: Using 'master' as the name for the initial branch. This default branch name
hint: will change to "main" in Git 3.0. To configure the initial branch name
hint: to use in all of your new repositories, which will suppress this warning,
hint: call:
hint: Using 'master' as the name for the initial branch. This default branch name
hint:
hint: will change to "main" in Git 3.0. To configure the initial branch name
hint: 	git config --global init.defaultBranch <name>
hint: to use in all of your new repositories, which will suppress this warning,
hint:
hint: call:
hint: Names commonly chosen instead of 'master' are 'main', 'trunk' and
hint:
hint: 'development'. The just-created branch can be renamed via this command:
hint: 	git config --global init.defaultBranch <name>
hint:
hint:
hint: 	git branch -m <name>
hint: Names commonly chosen instead of 'master' are 'main', 'trunk' and
hint:
hint: Disable this message with "git config set advice.defaultBranchName false"
hint: Using 'master' as the name for the initial branch. This default branch name
hint: 'development'. The just-created branch can be renamed via this command:
hint: will change to "main" in Git 3.0. To configure the initial branch name
hint:
hint: to use in all of your new repositories, which will suppress this warning,
hint: 	git branch -m <name>
hint: call:
hint:
hint:
hint: Disable this message with "git config set advice.defaultBranchName false"
hint: 	git config --global init.defaultBranch <name>
hint:
hint: Names commonly chosen instead of 'master' are 'main', 'trunk' and
hint: 'development'. The just-created branch can be renamed via this command:
hint:
hint: 	git branch -m <name>
hint:
hint: Disable this message with "git config set advice.defaultBranchName false"
Initialized empty Git repository in /tmp/.tmpUctgTq/.git/
Initialized empty Git repository in /tmp/.tmpYetm9V/.git/
Initialized empty Git repository in /tmp/.tmp1YJwnQ/.git/
hint: Using 'master' as the name for the initial branch. This default branch name
hint: will change to "main" in Git 3.0. To configure the initial branch name
hint: to use in all of your new repositories, which will suppress this warning,
hint: call:
hint:
hint: 	git config --global init.defaultBranch <name>
hint:
hint: Names commonly chosen instead of 'master' are 'main', 'trunk' and
hint: 'development'. The just-created branch can be renamed via this command:
hint:
hint: 	git branch -m <name>
hint:
hint: Disable this message with "git config set advice.defaultBranchName false"
Initialized empty Git repository in /tmp/.tmpga3rTE/.git/
[main (root-commit) 844628f] Initial commit
 1 file changed, 1 insertion(+)
 create mode 100644 src/lib.rs
[main (root-commit) 844628f] Initial commit
 1 file changed, 1 insertion(+)
 create mode 100644 src/lib.rs
[main (root-commit) 844628f] Initial commit
 1 file changed, 1 insertion(+)
 create mode 100644 src/lib.rs
[main (root-commit) f6375aa] Initial commit
 1 file changed, 1 insertion(+)
 create mode 100644 src/main.rs
Switched to a new branch 'feature'
Switched to a new branch 'feature'
Switched to a new branch 'feature'
Switched to a new branch 'feature'
[feature ddbe09b] Feature changes
 1 file changed, 1 insertion(+), 1 deletion(-)
[feature ddbe09b] Feature changes
 1 file changed, 1 insertion(+), 1 deletion(-)
[feature aff3a5d] Feature changes
 1 file changed, 1 insertion(+), 1 deletion(-)
[feature 89fffd2] Feature changes
 1 file changed, 1 insertion(+), 1 deletion(-)
test cockpit_md_has_expected_sections ... ok
hint: Using 'master' as the name for the initial branch. This default branch name
hint: will change to "main" in Git 3.0. To configure the initial branch name
hint: to use in all of your new repositories, which will suppress this warning,
hint: call:
hint:
hint: 	git config --global init.defaultBranch <name>
hint:
hint: Names commonly chosen instead of 'master' are 'main', 'trunk' and
hint: 'development'. The just-created branch can be renamed via this command:
hint:
hint: 	git branch -m <name>
hint:
hint: Disable this message with "git config set advice.defaultBranchName false"
Initialized empty Git repository in /tmp/.tmpktVNDu/.git/
[main (root-commit) ae7a8f5] Initial commit
 1 file changed, 1 insertion(+)
 create mode 100644 src/app.rs
Switched to a new branch 'feature'
[feature e2c6913] Feature changes
 1 file changed, 1 insertion(+), 1 deletion(-)
test cockpit_sections_has_markers ... ok
test cockpit_json_has_risk_section ... ok
test cockpit_json_has_schema_version_and_mode ... ok
test cockpit_output_file_creates_json ... ok

test result: ok. 14 passed; 0 failed; 0 ignored; 0 measured; 0 filtered out; finished in 0.66s

     Running tests/cockpit_cli_w75.rs (target/debug/deps/cockpit_cli_w75-6846427c7abf1ea8)

running 14 tests
hint: Using 'master' as the name for the initial branch. This default branch name
hint: will change to "main" in Git 3.0. To configure the initial branch name
hint: to use in all of your new repositories, which will suppress this warning,
hint: call:
hint:
hint: 	git config --global init.defaultBranch <name>
hint:
hint: Names commonly chosen instead of 'master' are 'main', 'trunk' and
hint: 'development'. The just-created branch can be renamed via this command:
hint:
hint: 	git branch -m <name>
hint:
hint: Disable this message with "git config set advice.defaultBranchName false"
hint: Using 'master' as the name for the initial branch. This default branch name
Initialized empty Git repository in /tmp/.tmpQLLRjI/.git/
hint: will change to "main" in Git 3.0. To configure the initial branch name
hint: to use in all of your new repositories, which will suppress this warning,
hint: call:
hint:
hint: 	git config --global init.defaultBranch <name>
hint:
hint: Names commonly chosen instead of 'master' are 'main', 'trunk' and
hint: 'development'. The just-created branch can be renamed via this command:
hint:
hint: 	git branch -m <name>
hint:
hint: Disable this message with "git config set advice.defaultBranchName false"
Initialized empty Git repository in /tmp/.tmpXJZIBz/.git/
hint: Using 'master' as the name for the initial branch. This default branch name
hint: will change to "main" in Git 3.0. To configure the initial branch name
hint: to use in all of your new repositories, which will suppress this warning,
hint: call:
hint:
hint: 	git config --global init.defaultBranch <name>
hint:
hint: Names commonly chosen instead of 'master' are 'main', 'trunk' and
hint: 'development'. The just-created branch can be renamed via this command:
hint:
hint: 	git branch -m <name>
hint:
hint: Disable this message with "git config set advice.defaultBranchName false"
Initialized empty Git repository in /tmp/.tmpQHw3lb/.git/
hint: Using 'master' as the name for the initial branch. This default branch name
hint: will change to "main" in Git 3.0. To configure the initial branch name
hint: to use in all of your new repositories, which will suppress this warning,
hint: call:
hint:
hint: 	git config --global init.defaultBranch <name>
hint:
hint: Names commonly chosen instead of 'master' are 'main', 'trunk' and
hint: 'development'. The just-created branch can be renamed via this command:
hint:
hint: 	git branch -m <name>
hint:
hint: Disable this message with "git config set advice.defaultBranchName false"
Initialized empty Git repository in /tmp/.tmpk8HwzB/.git/
[main (root-commit) 24cc910] Initial commit
 1 file changed, 1 insertion(+)
 create mode 100644 src/lib.rs
[main (root-commit) 24cc910] Initial commit
 1 file changed, 1 insertion(+)
 create mode 100644 src/lib.rs
[main (root-commit) baeefc6] Initial commit
 1 file changed, 1 insertion(+)
 create mode 100644 src/lib.rs
Switched to a new branch 'feature'
Switched to a new branch 'feature'
Switched to a new branch 'feature'
[main (root-commit) 24cc910] Initial commit
 1 file changed, 1 insertion(+)
 create mode 100644 src/lib.rs
Switched to a new branch 'feature'
[feature 2c0a19d] Feature changes
 1 file changed, 1 insertion(+), 1 deletion(-)
[feature 971369b] Feature changes
 1 file changed, 1 insertion(+), 1 deletion(-)
[feature 28c3177] Feature changes
 1 file changed, 1 insertion(+)
 create mode 100644 src/extra.rs
[feature 971369b] Feature changes
 1 file changed, 1 insertion(+), 1 deletion(-)
test cockpit_change_surface_counts_new_file ... ok
hint: Using 'master' as the name for the initial branch. This default branch name
hint: will change to "main" in Git 3.0. To configure the initial branch name
hint: to use in all of your new repositories, which will suppress this warning,
hint: call:
hint:
hint: 	git config --global init.defaultBranch <name>
hint:
hint: Names commonly chosen instead of 'master' are 'main', 'trunk' and
hint: 'development'. The just-created branch can be renamed via this command:
hint:
hint: 	git branch -m <name>
hint:
hint: Disable this message with "git config set advice.defaultBranchName false"
Initialized empty Git repository in /tmp/.tmpt2N4Bj/.git/
[main (root-commit) 24cc910] Initial commit
 1 file changed, 1 insertion(+)
 create mode 100644 src/lib.rs
Switched to a new branch 'feature'
[feature 971369b] Feature changes
 1 file changed, 1 insertion(+), 1 deletion(-)
test cockpit_change_surface_detects_modification ... ok
test cockpit_code_health_grade_valid ... ok
test cockpit_composition_has_code_pct ... ok
hint: Using 'master' as the name for the initial branch. This default branch name
hint: will change to "main" in Git 3.0. To configure the initial branch name
hint: to use in all of your new repositories, which will suppress this warning,
hint: call:
hint:
hint: 	git config --global init.defaultBranch <name>
hint:
hint: Names commonly chosen instead of 'master' are 'main', 'trunk' and
hint: 'development'. The just-created branch can be renamed via this command:
hint:
hint: 	git branch -m <name>
hint:
hint: Disable this message with "git config set advice.defaultBranchName false"
hint: Using 'master' as the name for the initial branch. This default branch name
hint: will change to "main" in Git 3.0. To configure the initial branch name
hint: to use in all of your new repositories, which will suppress this warning,
hint: call:
hint:
hint: 	git config --global init.defaultBranch <name>
hint:
hint: Names commonly chosen instead of 'master' are 'main', 'trunk' and
hint: 'development'. The just-created branch can be renamed via this command:
hint:
hint: 	git branch -m <name>
hint:
hint: Disable this message with "git config set advice.defaultBranchName false"
hint: Using 'master' as the name for the initial branch. This default branch name
hint: will change to "main" in Git 3.0. To configure the initial branch name
hint: to use in all of your new repositories, which will suppress this warning,
hint: call:
Initialized empty Git repository in /tmp/.tmpVzgL73/.git/
hint:
hint: 	git config --global init.defaultBranch <name>
hint:
hint: Names commonly chosen instead of 'master' are 'main', 'trunk' and
hint: 'development'. The just-created branch can be renamed via this command:
hint:
hint: 	git branch -m <name>
hint:
hint: Disable this message with "git config set advice.defaultBranchName false"
Initialized empty Git repository in /tmp/.tmpCltsss/.git/
Initialized empty Git repository in /tmp/.tmp57HBWh/.git/
[main (root-commit) 24cc910] Initial commit
 1 file changed, 1 insertion(+)
 create mode 100644 src/lib.rs
[main (root-commit) 24cc910] Initial commit
 1 file changed, 1 insertion(+)
 create mode 100644 src/lib.rs
[main (root-commit) 24cc910] Initial commit
 1 file changed, 1 insertion(+)
 create mode 100644 src/lib.rs
Switched to a new branch 'feature'
Switched to a new branch 'feature'
Switched to a new branch 'feature'
[feature aff7441] Feature changes
 1 file changed, 1 insertion(+), 1 deletion(-)
[feature 971369b] Feature changes
 1 file changed, 1 insertion(+), 1 deletion(-)
[feature 971369b] Feature changes
 1 file changed, 1 insertion(+), 1 deletion(-)
test cockpit_env_var_base_ref ... ok
hint: Using 'master' as the name for the initial branch. This default branch name
hint: will change to "main" in Git 3.0. To configure the initial branch name
hint: to use in all of your new repositories, which will suppress this warning,
hint: call:
hint:
hint: 	git config --global init.defaultBranch <name>
hint:
hint: Names commonly chosen instead of 'master' are 'main', 'trunk' and
hint: 'development'. The just-created branch can be renamed via this command:
hint:
hint: 	git branch -m <name>
hint:
hint: Disable this message with "git config set advice.defaultBranchName false"
Initialized empty Git repository in /tmp/.tmpd1K1k9/.git/
[main (root-commit) 254eb86] Initial commit
 1 file changed, 1 insertion(+)
 create mode 100644 src/lib.rs
Switched to a new branch 'feature'
[feature 30debaf] Feature changes
 1 file changed, 1 insertion(+), 1 deletion(-)
test cockpit_explicit_head_flag ... ok
test cockpit_evidence_has_overall_status ... ok
test cockpit_evidence_mutation_gate_present ... ok
hint: Using 'master' as the name for the initial branch. This default branch name
hint: Using 'master' as the name for the initial branch. This default branch name
hint: will change to "main" in Git 3.0. To configure the initial branch name
hint: will change to "main" in Git 3.0. To configure the initial branch name
hint: to use in all of your new repositories, which will suppress this warning,
hint: to use in all of your new repositories, which will suppress this warning,
hint: call:
hint: call:
hint:
hint:
hint: 	git config --global init.defaultBranch <name>
hint: 	git config --global init.defaultBranch <name>
hint:
hint:
hint: Names commonly chosen instead of 'master' are 'main', 'trunk' and
hint: Names commonly chosen instead of 'master' are 'main', 'trunk' and
hint: 'development'. The just-created branch can be renamed via this command:
hint: 'development'. The just-created branch can be renamed via this command:
hint:
hint:
hint: 	git branch -m <name>
hint: 	git branch -m <name>
hint:
hint:
hint: Disable this message with "git config set advice.defaultBranchName false"
hint: Disable this message with "git config set advice.defaultBranchName false"
Initialized empty Git repository in /tmp/.tmp9FVNCJ/.git/
Initialized empty Git repository in /tmp/.tmpJvQXZv/.git/
hint: Using 'master' as the name for the initial branch. This default branch name
hint: will change to "main" in Git 3.0. To configure the initial branch name
hint: to use in all of your new repositories, which will suppress this warning,
hint: call:
hint:
hint: 	git config --global init.defaultBranch <name>
hint:
hint: Names commonly chosen instead of 'master' are 'main', 'trunk' and
hint: 'development'. The just-created branch can be renamed via this command:
hint:
hint: 	git branch -m <name>
hint:
hint: Disable this message with "git config set advice.defaultBranchName false"
Initialized empty Git repository in /tmp/.tmp3nJsVx/.git/
[main (root-commit) 24cc910] Initial commit
 1 file changed, 1 insertion(+)
 create mode 100644 src/lib.rs
[main (root-commit) 24cc910] Initial commit
 1 file changed, 1 insertion(+)
 create mode 100644 src/lib.rs
Switched to a new branch 'feature'
[main (root-commit) 24cc910] Initial commit
 1 file changed, 1 insertion(+)
 create mode 100644 src/lib.rs
Switched to a new branch 'feature'
Switched to a new branch 'feature'
[feature 971369b] Feature changes
 1 file changed, 1 insertion(+), 1 deletion(-)
[feature 87719ae] Feature changes
 1 file changed, 1 insertion(+), 1 deletion(-)
[feature 224bf12] Feature changes
 2 files changed, 2 insertions(+), 1 deletion(-)
 create mode 100644 src/new.rs
test cockpit_json_top_level_keys ... ok
hint: Using 'master' as the name for the initial branch. This default branch name
hint: will change to "main" in Git 3.0. To configure the initial branch name
hint: to use in all of your new repositories, which will suppress this warning,
hint: call:
hint:
hint: 	git config --global init.defaultBranch <name>
hint:
hint: Names commonly chosen instead of 'master' are 'main', 'trunk' and
hint: 'development'. The just-created branch can be renamed via this command:
hint:
hint: 	git branch -m <name>
hint:
hint: Disable this message with "git config set advice.defaultBranchName false"
Initialized empty Git repository in /tmp/.tmpHO1bvt/.git/
[main (root-commit) 24cc910] Initial commit
 1 file changed, 1 insertion(+)
 create mode 100644 src/lib.rs
Switched to a new branch 'feature'
[feature 971369b] Feature changes
 1 file changed, 1 insertion(+), 1 deletion(-)
test cockpit_markdown_format_has_sections ... ok
test cockpit_output_flag_writes_file ... ok
test cockpit_review_plan_is_array ... ok
hint: Using 'master' as the name for the initial branch. This default branch name
hint: will change to "main" in Git 3.0. To configure the initial branch name
hint: to use in all of your new repositories, which will suppress this warning,
hint: call:
hint:
hint: 	git config --global init.defaultBranch <name>
hint:
hint: Names commonly chosen instead of 'master' are 'main', 'trunk' and
hint: 'development'. The just-created branch can be renamed via this command:
hint:
hint: 	git branch -m <name>
hint:
hint: Disable this message with "git config set advice.defaultBranchName false"
Initialized empty Git repository in /tmp/.tmpONcmEK/.git/
[main (root-commit) 24cc910] Initial commit
 1 file changed, 1 insertion(+)
 create mode 100644 src/lib.rs
Switched to a new branch 'feature'
[feature 971369b] Feature changes
 1 file changed, 1 insertion(+), 1 deletion(-)
test cockpit_risk_level_is_valid_string ... ok
test cockpit_sections_format_has_markers ... ok

test result: ok. 14 passed; 0 failed; 0 ignored; 0 measured; 0 filtered out; finished in 0.78s

     Running tests/cockpit_integration.rs (target/debug/deps/cockpit_integration-958933a35abc8eab)

running 12 tests
hint: Using 'master' as the name for the initial branch. This default branch name
hint: Using 'master' as the name for the initial branch. This default branch name
hint: will change to "main" in Git 3.0. To configure the initial branch name
hint: will change to "main" in Git 3.0. To configure the initial branch name
hint: to use in all of your new repositories, which will suppress this warning,
hint: to use in all of your new repositories, which will suppress this warning,
hint: call:
hint: call:
hint:
hint:
hint: 	git config --global init.defaultBranch <name>
hint: 	git config --global init.defaultBranch <name>
hint:
hint:
hint: Names commonly chosen instead of 'master' are 'main', 'trunk' and
hint: Names commonly chosen instead of 'master' are 'main', 'trunk' and
hint: 'development'. The just-created branch can be renamed via this command:
hint: 'development'. The just-created branch can be renamed via this command:
hint:
hint:
hint: 	git branch -m <name>
hint: 	git branch -m <name>
hint:
hint:
hint: Disable this message with "git config set advice.defaultBranchName false"
hint: Disable this message with "git config set advice.defaultBranchName false"
Initialized empty Git repository in /tmp/.tmpNXG4MB/.git/
Initialized empty Git repository in /tmp/.tmpKCzOGN/.git/
hint: Using 'master' as the name for the initial branch. This default branch name
hint: will change to "main" in Git 3.0. To configure the initial branch name
hint: to use in all of your new repositories, which will suppress this warning,
hint: call:
hint:
hint: 	git config --global init.defaultBranch <name>
hint:
hint: Names commonly chosen instead of 'master' are 'main', 'trunk' and
hint: 'development'. The just-created branch can be renamed via this command:
hint:
hint: 	git branch -m <name>
hint:
hint: Disable this message with "git config set advice.defaultBranchName false"
Initialized empty Git repository in /tmp/.tmpDyYJq6/.git/
test test_cockpit_help ... ok
hint: Using 'master' as the name for the initial branch. This default branch name
hint: will change to "main" in Git 3.0. To configure the initial branch name
hint: to use in all of your new repositories, which will suppress this warning,
hint: call:
hint:
hint: 	git config --global init.defaultBranch <name>
hint:
hint: Names commonly chosen instead of 'master' are 'main', 'trunk' and
hint: 'development'. The just-created branch can be renamed via this command:
hint:
hint: 	git branch -m <name>
hint:
hint: Disable this message with "git config set advice.defaultBranchName false"
Initialized empty Git repository in /tmp/.tmpMkbHIM/.git/
[main (root-commit) 3a94f44] Initial commit
 1 file changed, 1 insertion(+)
 create mode 100644 lib.rs
[main (root-commit) 59b61bf] Initial
 1 file changed, 1 insertion(+)
 create mode 100644 main.rs
[main (root-commit) 5588596] Initial
 1 file changed, 1 insertion(+)
 create mode 100644 code.rs
Switched to a new branch 'feature'
Switched to a new branch 'test'
Switched to a new branch 'diverse'
[main (root-commit) 59b61bf] Initial
 1 file changed, 1 insertion(+)
 create mode 100644 main.rs
Switched to a new branch 'feature'
[feature 231112a] Add new file
 1 file changed, 1 insertion(+)
 create mode 100644 new.rs
[test b3cd465] New
 1 file changed, 1 insertion(+)
 create mode 100644 new.rs
[feature 3e7d267] Add test
 1 file changed, 1 insertion(+)
 create mode 100644 test.rs
[diverse 8699901] Add diverse files
 4 files changed, 4 insertions(+)
 create mode 100644 Cargo.toml
 create mode 100644 README.md
 create mode 100644 lib.rs
 create mode 100644 tests/test.rs
test test_cockpit_json_format ... ok
test test_cockpit_artifacts_dir ... ok
test test_cockpit_md_format ... ok
hint: Using 'master' as the name for the initial branch. This default branch name
hint: will change to "main" in Git 3.0. To configure the initial branch name
hint: to use in all of your new repositories, which will suppress this warning,
hint: call:
hint:
hint: 	git config --global init.defaultBranch <name>
hint:
hint: Names commonly chosen instead of 'master' are 'main', 'trunk' and
hint: 'development'. The just-created branch can be renamed via this command:
hint:
hint: 	git branch -m <name>
hint:
hint: Disable this message with "git config set advice.defaultBranchName false"
Initialized empty Git repository in /tmp/.tmpD25xn8/.git/
hint: Using 'master' as the name for the initial branch. This default branch name
hint: will change to "main" in Git 3.0. To configure the initial branch name
hint: to use in all of your new repositories, which will suppress this warning,
hint: call:
hint:
hint: 	git config --global init.defaultBranch <name>
hint:
hint: Names commonly chosen instead of 'master' are 'main', 'trunk' and
hint: 'development'. The just-created branch can be renamed via this command:
hint:
hint: 	git branch -m <name>
hint:
hint: Disable this message with "git config set advice.defaultBranchName false"
Initialized empty Git repository in /tmp/.tmpgsDDAG/.git/
test test_cockpit_not_in_git_repo ... ok
hint: Using 'master' as the name for the initial branch. This default branch name
hint: will change to "main" in Git 3.0. To configure the initial branch name
hint: to use in all of your new repositories, which will suppress this warning,
hint: call:
hint:
hint: 	git config --global init.defaultBranch <name>
hint:
hint: Names commonly chosen instead of 'master' are 'main', 'trunk' and
hint: 'development'. The just-created branch can be renamed via this command:
hint:
hint: 	git branch -m <name>
hint:
hint: Disable this message with "git config set advice.defaultBranchName false"
Initialized empty Git repository in /tmp/.tmpAAd9Qg/.git/
[main (root-commit) 59b61bf] Initial
 1 file changed, 1 insertion(+)
 create mode 100644 main.rs
[main (root-commit) 5588596] Initial
 1 file changed, 1 insertion(+)
 create mode 100644 code.rs
Switched to a new branch 'feature'
Switched to a new branch 'test'
[main (root-commit) 28b8a45] Initial
 1 file changed, 1 insertion(+)
 create mode 100644 app.rs
Switched to a new branch 'dev'
[test b3cd465] New
 1 file changed, 1 insertion(+)
 create mode 100644 new.rs
[feature 0fc6abb] Add feature
 1 file changed, 1 insertion(+)
 create mode 100644 feature.rs
[dev c21e209] Add module
 1 file changed, 1 insertion(+)
 create mode 100644 mod.rs
test test_cockpit_output_file ... ok
hint: Using 'master' as the name for the initial branch. This default branch name
hint: will change to "main" in Git 3.0. To configure the initial branch name
hint: to use in all of your new repositories, which will suppress this warning,
hint: call:
hint:
hint: 	git config --global init.defaultBranch <name>
hint:
hint: Names commonly chosen instead of 'master' are 'main', 'trunk' and
hint: 'development'. The just-created branch can be renamed via this command:
hint:
hint: 	git branch -m <name>
hint:
hint: Disable this message with "git config set advice.defaultBranchName false"
Initialized empty Git repository in /tmp/.tmpA5Uvmr/.git/
test test_cockpit_file_classification ... ok
[main (root-commit) b786b0b] Initial
 1 file changed, 1 insertion(+)
 create mode 100644 lib.rs
Switched to a new branch 'feature'
hint: Using 'master' as the name for the initial branch. This default branch name
hint: will change to "main" in Git 3.0. To configure the initial branch name
hint: to use in all of your new repositories, which will suppress this warning,
hint: call:
hint:
hint: 	git config --global init.defaultBranch <name>
hint:
hint: Names commonly chosen instead of 'master' are 'main', 'trunk' and
hint: 'development'. The just-created branch can be renamed via this command:
hint:
hint: 	git branch -m <name>
hint:
hint: Disable this message with "git config set advice.defaultBranchName false"
Initialized empty Git repository in /tmp/.tmpPpS3Iq/.git/
test test_cockpit_md_includes_summary_comparison_with_baseline ... ok
[feature 691d6dd] Add code without tests
 2 files changed, 2 insertions(+)
 create mode 100644 more.rs
 create mode 100644 new.rs
hint: Using 'master' as the name for the initial branch. This default branch name
hint: will change to "main" in Git 3.0. To configure the initial branch name
hint: to use in all of your new repositories, which will suppress this warning,
hint: call:
hint:
hint: 	git config --global init.defaultBranch <name>
hint:
hint: Names commonly chosen instead of 'master' are 'main', 'trunk' and
hint: 'development'. The just-created branch can be renamed via this command:
hint:
hint: 	git branch -m <name>
hint:
hint: Disable this message with "git config set advice.defaultBranchName false"
Initialized empty Git repository in /tmp/.tmpaCSgxX/.git/
[main (root-commit) 9c87288] Initial
 1 file changed, 7 insertions(+)
 create mode 100644 Cargo.toml
Switched to a new branch 'feature'
[main (root-commit) d15c353] Initial
 3 files changed, 3 insertions(+)
 create mode 100644 README.md
 create mode 100644 lib.rs
 create mode 100644 tests/test.rs
Switched to a new branch 'feature'
[feature 5cc5007] Add dependencies
 1 file changed, 2 insertions(+)
test test_evidence_gates_fail_coverage ... ok
[feature 68e2dfc] Add feature
 2 files changed, 2 insertions(+)
 create mode 100644 new.rs
 create mode 100644 tests/new_test.rs
test test_evidence_gates_fail_supply_chain ... ok
test test_evidence_gates_pass_all ... ok
test test_cockpit_sections_format ... ok

test result: ok. 12 passed; 0 failed; 0 ignored; 0 measured; 0 filtered out; finished in 0.30s

     Running tests/completions_integration.rs (target/debug/deps/completions_integration-4fb279542341dbbc)

running 3 tests
test completions_bash_include_dynamic_preset_values ... ok
test completions_bash_output_contains_command ... ok
test completions_bash_include_dynamic_format_values ... ok

test result: ok. 3 passed; 0 failed; 0 ignored; 0 measured; 0 filtered out; finished in 0.01s

     Running tests/config_resolution.rs (target/debug/deps/config_resolution-febf043c571ce0fb)

running 4 tests
test test_resolve_lang_cli_overrides_profile ... ok
test test_resolve_lang_no_args_no_profile ... ok
test test_resolve_lang_partial_overrides ... ok
test test_resolve_lang_profile_overrides_default ... ok

test result: ok. 4 passed; 0 failed; 0 ignored; 0 measured; 0 filtered out; finished in 0.00s

     Running tests/context_cli_w73.rs (target/debug/deps/context_cli_w73-06b035b7bfdeacf1)

running 10 tests
test w73_context_json_has_required_structure ... ok
test w73_context_budget_respected ... ok
test w73_context_budget_unlimited ... ok
test w73_context_json_file_rows_have_fields ... ok
test w73_context_list_includes_all_source_files ... ok
test w73_context_list_on_temp_dir ... ok
test w73_handoff_manifest_json_structure ... ok
test w73_handoff_artifacts_have_integrity_hashes ... ok
test w73_handoff_preset_in_manifest ... ok
test w73_handoff_preset_minimal_output ... ok

test result: ok. 10 passed; 0 failed; 0 ignored; 0 measured; 0 filtered out; finished in 0.08s

     Running tests/context_e2e.rs (target/debug/deps/context_e2e-6bb1f49e4fcac8d3)

running 11 tests
test test_context_budget_limiting ... ok
test test_context_default_mode_is_list ... ok
test test_context_bundle_dir_creates_artifacts ... ok
test test_context_bundle_mode ... ok
test test_context_json_mode ... ok
test test_context_list_mode ... ok
test test_context_json_file_rows_have_required_fields ... ok
test test_context_output_to_file_json ... ok
test test_context_output_to_file_list ... ok
test test_context_strategy_greedy ... ok
test test_context_strategy_spread ... ok

test result: ok. 11 passed; 0 failed; 0 ignored; 0 measured; 0 filtered out; finished in 0.09s

     Running tests/context_handoff_deep.rs (target/debug/deps/context_handoff_deep-e449cabc96ed7cd0)

running 31 tests
test context_budget_is_respected_with_small_budget ... ok
test context_budget_is_respected_with_large_budget ... ok
test context_bundle_budget_respected ... ok
test context_bundle_dir_creates_manifest_and_bundle ... ok
test context_bundle_included_files_match_file_count ... ok
test context_bundle_manifest_has_valid_schema ... ok
test context_bundle_mode_outputs_to_stdout ... ok
test context_greedy_strategy_records_strategy_field ... ok
test context_json_file_paths_use_forward_slashes ... ok
test context_json_file_rows_have_complete_fields ... ok
test context_json_determinism_same_file_selection ... ok
test context_json_receipt_has_all_required_fields ... ok
test context_output_to_file_writes_valid_json ... ok
test context_json_determinism_same_token_counts ... ok
test context_utilization_pct_is_consistent ... ok
test context_with_very_small_budget_respects_limit ... ok
test context_spread_strategy_records_strategy_field ... ok
test context_with_very_small_budget_still_succeeds ... ok
test handoff_artifact_map_has_blake3_hash ... ok
test handoff_artifacts_have_expected_names ... ok
test handoff_code_txt_contains_file_markers ... ok
test handoff_budget_enforcement ... ok
test handoff_included_files_paths_use_forward_slashes ... ok
test handoff_greedy_strategy_records_strategy_field ... ok
test handoff_intelligence_json_has_expected_fields ... ok
test handoff_determinism_same_manifest_structure ... ok
test handoff_manifest_has_all_required_fields ... ok
test handoff_force_flag_allows_overwrite ... ok
test handoff_produces_all_four_files ... ok
test handoff_map_jsonl_lines_are_valid_json ... ok
test handoff_with_no_git_flag_succeeds_and_marks_capability ... ok

test result: ok. 31 passed; 0 failed; 0 ignored; 0 measured; 0 filtered out; finished in 0.30s

     Running tests/context_w71.rs (target/debug/deps/context_w71-ec0f2ee955c25235)

running 20 tests
test context_empty_directory_succeeds ... ok
test context_budget_plain_number ... ok
test context_budget_m_suffix ... ok
test context_invalid_rank_by_rejected ... ok
test context_empty_directory_zero_files ... ok
test context_compress_bundle_mode ... ok
test context_log_flag_creates_logfile ... ok
test context_max_file_pct_accepted ... ok
test context_file_ordering_deterministic ... ok
test context_max_file_tokens_limits_individual_files ... ok
test context_max_file_tokens_accepted ... ok
test context_module_depth_accepted ... ok
test context_no_git_flag_succeeds ... ok
test context_no_smart_exclude_accepted ... ok
test context_no_git_json_still_has_required_fields ... ok
test context_output_bundle_to_file ... ok
test context_rank_by_churn_no_git_fallback ... ok
test context_rank_by_hotspot_no_git_fallback ... ok
test context_rank_by_tokens ... ok
test context_rank_by_code ... ok

test result: ok. 20 passed; 0 failed; 0 ignored; 0 measured; 0 filtered out; finished in 0.15s

     Running tests/cross_crate_integration_w50.rs (target/debug/deps/cross_crate_integration_w50-9168a0f88eee432d)

running 28 tests
test analysis_derived_report_has_totals ... ok
test analysis_density_is_valid_ratio ... ok
test analysis_cocomo_estimates_positive ... ok
test analysis_integrity_hash_present ... ok
test config_parse_minimal_toml ... ok
test config_exclude_pattern_honored ... ok
test config_exclude_does_not_affect_other_langs ... ok
test determinism_export_identical_across_runs ... ok
test determinism_module_report_stable ... ok
test determinism_no_backslash_in_paths ... ok
test determinism_identical_json_across_runs ... ok
test export_all_paths_use_forward_slashes ... ok
test export_csv_has_header_and_rows ... ok
test determinism_sort_stability_with_tiebreak ... ok
test receipt_lang_flatten_rows_at_top_level ... ok
test receipt_export_flatten_data_at_top_level ... ok
test receipt_lang_serialize_has_schema_version ... ok
test receipt_module_flatten_rows_at_top_level ... ok
test export_deterministic_sort_order ... ok
test export_jsonl_one_object_per_line ... ok
test scan_model_format_json_has_schema_version ... ok
test receipts_implement_clone_debug_serde ... ok
test scan_model_format_collapse_children_mode_tag ... ok
test scan_model_format_json_total_consistency ... ok
test scan_model_format_markdown_has_table_header ... ok
test scan_model_format_separate_children_mode_tag ... ok
test scan_model_format_tsv_column_count ... ok
test scan_model_format_separate_has_more_or_equal_rows ... ok

test result: ok. 28 passed; 0 failed; 0 ignored; 0 measured; 0 filtered out; finished in 0.07s

     Running tests/cross_crate_w58.rs (target/debug/deps/cross_crate_w58-1566543c1554260b)

running 37 tests
test analysis_derived_cocomo_positive ... ok
test analysis_derived_from_tempdir_has_totals ... ok
test analysis_derived_context_window ... ok
test analysis_derived_doc_density_valid ... ok
test analysis_derived_integrity_hash_present ... ok
test children_collapse_no_embedded_label ... ok
test children_collapse_tag_preserved ... ok
test children_include_mode_parents_only_no_child_kind ... ok
test children_separate_has_separate_tag ... ok
test children_separate_ge_collapse_rows ... ok
test determinism_derived_integrity_hash ... ok
test determinism_export_data_three_runs ... ok
test determinism_lang_report_three_runs ... ok
test exclude_pattern_preserves_other_langs ... ok
test exclude_pattern_filters_language ... ok
test determinism_module_report_three_runs ... ok
test export_data_rows_only_contain_known_kinds ... ok
test export_rows_sorted_code_desc_path_asc ... ok
test lang_json_flattened_no_report_key ... ok
test lang_json_schema_version_matches_constant ... ok
test lang_report_totals_equal_row_sums ... ok
test lang_rows_sorted_code_desc_name_asc ... ok
test module_json_schema_version_matches_constant ... ok
test normalize_path_forward_slashes_on_backslash_input ... ok
test module_report_totals_code_consistent ... ok
test module_rows_sorted_code_desc_module_asc ... ok
test normalize_path_strips_dot_prefix ... ok
test module_key_consistent_model_vs_export ... ok
test paths_use_forward_slashes_in_export ... ok
test paths_use_forward_slashes_in_collect_file_rows ... ok
test scan_model_format_export_json_roundtrip ... ok
test scan_model_format_lang_json_roundtrip ... ok
test scan_model_format_lang_md_contains_table ... ok
test scan_model_format_lang_tsv_columns ... ok
test scan_model_format_module_json_roundtrip ... ok
test top_n_truncates_lang_rows ... ok
test scan_model_format_module_md_contains_table ... ok

test result: ok. 37 passed; 0 failed; 0 ignored; 0 measured; 0 filtered out; finished in 0.08s

     Running tests/cross_crate_w66.rs (target/debug/deps/cross_crate_w66-58d7e76f6d1f6191)

running 20 tests
test lang_md_output_is_nonempty ... ok
test lang_md_includes_all_languages ... ok
test lang_json_rows_match_original_report ... ok
test lang_json_has_correct_schema_version ... ok
test lang_to_md_has_table_header_and_total ... ok
test module_json_has_correct_schema_version ... ok
test module_to_tsv_has_correct_columns ... ok
test module_json_rows_match_original_report ... ok
test module_tsv_header_is_correct ... ok
test module_tsv_output_is_nonempty ... ok
test synthetic_lang_md_produces_valid_table ... ok
test synthetic_lang_totals_match_row_sums ... ok
test synthetic_module_totals_match_row_sums ... ok
test synthetic_module_tsv_roundtrip_values ... ok
test scan_produces_nonempty_lang_report ... ok
test scan_produces_nonempty_module_report ... ok
test totals_consistent_between_md_and_json_module ... ok
test totals_consistent_between_md_and_tsv_lang ... ok
test totals_consistent_between_md_and_tsv_module ... ok
test totals_consistent_between_md_and_json_lang ... ok

test result: ok. 20 passed; 0 failed; 0 ignored; 0 measured; 0 filtered out; finished in 0.04s

     Running tests/cyclonedx_integration.rs (target/debug/deps/cyclonedx_integration-4180ad4d97996fed)

running 7 tests
test test_cyclonedx_component_structure ... ok
test test_cyclonedx_metadata ... ok
test test_cyclonedx_has_components ... ok
test test_cyclonedx_export_valid_json ... ok
test test_cyclonedx_serial_number ... ok
test test_cyclonedx_to_file ... ok
test test_cyclonedx_spec_version ... ok

test result: ok. 7 passed; 0 failed; 0 ignored; 0 measured; 0 filtered out; finished in 0.88s

     Running tests/deep_cli_complex_w48.rs (target/debug/deps/deep_cli_complex_w48-92e737995f4c747a)

running 40 tests
test baseline_help_exits_zero ... ok
test all_complex_commands_accept_help ... ok
test baseline_generates_valid_json_file ... ok
test baseline_json_output_is_parseable ... ok
test context_budget_respects_token_limit ... ok
test baseline_output_has_expected_metrics ... ok
test context_help_exits_zero ... ok
test context_invalid_mode_produces_error ... ok
test context_invalid_strategy_fails_gracefully ... ok
test context_bundle_mode_produces_output ... ok
test baseline_without_determinism_has_no_determinism_field ... ok
test baseline_force_overwrites_existing ... ok
test context_json_files_have_path_and_tokens ... ok
test context_json_output_is_parseable ... ok
test context_json_mode_produces_valid_json_with_schema_version ... ok
test context_json_utilization_within_bounds ... ok
test diff_invalid_format_produces_error ... ok
test diff_help_exits_zero ... ok
test context_list_mode_produces_file_paths ... ok
test diff_no_args_shows_error ... ok
test diff_compact_mode_works ... ok
test handoff_budget_respects_token_limits ... ok
test diff_json_format_produces_valid_json ... ok
test diff_same_receipt_twice_shows_zero_diff ... ok
test handoff_help_exits_zero ... ok
test handoff_invalid_preset_produces_error ... ok
test handoff_intelligence_json_is_parseable ... ok
test handoff_manifest_is_valid_json ... ok
test handoff_map_jsonl_each_line_valid_json ... ok
test handoff_force_flag_allows_overwrite ... ok
test handoff_preset_minimal_works ... ok
hint: Using 'master' as the name for the initial branch. This default branch name
hint: will change to "main" in Git 3.0. To configure the initial branch name
hint: to use in all of your new repositories, which will suppress this warning,
hint: call:
hint:
hint: 	git config --global init.defaultBranch <name>
hint:
hint: Names commonly chosen instead of 'master' are 'main', 'trunk' and
hint: 'development'. The just-created branch can be renamed via this command:
hint:
hint: 	git branch -m <name>
hint:
hint: Disable this message with "git config set advice.defaultBranchName false"
Initialized empty Git repository in /tmp/.tmp7qcg59/.git/
test handoff_preset_standard_works ... ok
test handoff_produces_manifest_and_artifacts ... ok
test sensor_tests::sensor_help_exits_zero ... ok
hint: Using 'master' as the name for the initial branch. This default branch name
hint: will change to "main" in Git 3.0. To configure the initial branch name
hint: to use in all of your new repositories, which will suppress this warning,
hint: call:
hint:
hint: 	git config --global init.defaultBranch <name>
hint:
hint: Names commonly chosen instead of 'master' are 'main', 'trunk' and
hint: 'development'. The just-created branch can be renamed via this command:
hint:
hint: 	git branch -m <name>
hint:
hint: Disable this message with "git config set advice.defaultBranchName false"
Initialized empty Git repository in /tmp/.tmpC5tRbb/.git/
hint: Using 'master' as the name for the initial branch. This default branch name
hint: will change to "main" in Git 3.0. To configure the initial branch name
hint: to use in all of your new repositories, which will suppress this warning,
hint: call:
hint:
hint: 	git config --global init.defaultBranch <name>
hint:
hint: Names commonly chosen instead of 'master' are 'main', 'trunk' and
hint: 'development'. The just-created branch can be renamed via this command:
hint:
hint: 	git branch -m <name>
hint:
hint: Disable this message with "git config set advice.defaultBranchName false"
Initialized empty Git repository in /tmp/.tmpTFL8jS/.git/
[main (root-commit) 219f989] Initial commit
 1 file changed, 1 insertion(+)
 create mode 100644 src/lib.rs
Switched to a new branch 'feature'
test handoff_without_force_on_existing_dir_fails ... ok
[main (root-commit) 219f989] Initial commit
 1 file changed, 1 insertion(+)
 create mode 100644 src/lib.rs
[main (root-commit) 219f989] Initial commit
 1 file changed, 1 insertion(+)
 create mode 100644 src/lib.rs
hint: Using 'master' as the name for the initial branch. This default branch name
hint: will change to "main" in Git 3.0. To configure the initial branch name
hint: to use in all of your new repositories, which will suppress this warning,
hint: call:
hint:
hint: 	git config --global init.defaultBranch <name>
hint:
hint: Names commonly chosen instead of 'master' are 'main', 'trunk' and
hint: 'development'. The just-created branch can be renamed via this command:
hint:
hint: 	git branch -m <name>
hint:
hint: Disable this message with "git config set advice.defaultBranchName false"
Initialized empty Git repository in /tmp/.tmpTrfVG5/.git/
Switched to a new branch 'feature'
[feature a899747] Feature changes
 2 files changed, 2 insertions(+), 1 deletion(-)
 create mode 100644 src/extra.rs
Switched to a new branch 'feature'
[feature a899747] Feature changes
 2 files changed, 2 insertions(+), 1 deletion(-)
 create mode 100644 src/extra.rs
[feature a899747] Feature changes
 2 files changed, 2 insertions(+), 1 deletion(-)
 create mode 100644 src/extra.rs
[main (root-commit) 219f989] Initial commit
 1 file changed, 1 insertion(+)
 create mode 100644 src/lib.rs
Switched to a new branch 'feature'
[feature a899747] Feature changes
 2 files changed, 2 insertions(+), 1 deletion(-)
 create mode 100644 src/extra.rs
test sensor_tests::sensor_artifacts_include_receipt_and_cockpit ... ok
hint: Using 'master' as the name for the initial branch. This default branch name
hint: will change to "main" in Git 3.0. To configure the initial branch name
hint: to use in all of your new repositories, which will suppress this warning,
hint: call:
hint:
hint: 	git config --global init.defaultBranch <name>
hint:
hint: Names commonly chosen instead of 'master' are 'main', 'trunk' and
hint: 'development'. The just-created branch can be renamed via this command:
hint:
hint: 	git branch -m <name>
hint:
hint: Disable this message with "git config set advice.defaultBranchName false"
Initialized empty Git repository in /tmp/.tmpmeguyy/.git/
test sensor_tests::sensor_output_is_valid_json ... ok
test sensor_tests::sensor_md_format_produces_markdown ... ok
[main (root-commit) 219f989] Initial commit
 1 file changed, 1 insertion(+)
 create mode 100644 src/lib.rs
Switched to a new branch 'feature'
[feature a899747] Feature changes
 2 files changed, 2 insertions(+), 1 deletion(-)
 create mode 100644 src/extra.rs
test sensor_tests::sensor_produces_report_v1_envelope ... ok
test sensor_tests::sensor_report_has_required_envelope_fields ... ok

test result: ok. 40 passed; 0 failed; 0 ignored; 0 measured; 0 filtered out; finished in 0.66s

     Running tests/deep_cli_formats_w49.rs (target/debug/deps/deep_cli_formats_w49-f3b6ebf6f6600c5a)

running 42 tests
test analyze_json_exits_zero_and_valid ... ok
test analyze_health_md_exits_zero ... ok
test analyze_health_json_exits_zero ... ok
test analyze_json_has_schema_version ... ok
test analyze_md_exits_zero_and_nonempty ... ok
test analyze_xml_exits_zero_and_nonempty ... ok
test analyze_md_contains_markdown_headers ... ok
test analyze_xml_has_xml_structure ... ok
test export_csv_consistent_column_count ... ok
test all_json_outputs_include_schema_version ... ok
test export_csv_exits_zero_and_nonempty ... ok
test export_csv_has_commas ... ok
test export_children_separate_vs_parents_only_differ ... ok
test export_csv_header_has_path_column ... ok
test export_json_exits_zero_and_valid ... ok
test export_json_has_rows_array ... ok
test export_jsonl_each_line_is_valid_json ... ok
test export_json_has_schema_version ... ok
test export_jsonl_exits_zero_and_nonempty ... ok
test export_jsonl_meta_has_schema_version ... ok
test export_redact_paths_jsonl_meta_indicates_redaction ... ok
test export_redact_paths_json_hides_real_filenames ... ok
test lang_json_exits_zero_and_valid ... ok
test lang_json_has_schema_version ... ok
test lang_json_has_rows_and_total ... ok
test lang_children_collapse_vs_separate_differ ... ok
test lang_md_contains_markdown_headers ... ok
test lang_top_1_limits_rows_plus_other ... ok
test lang_md_exits_zero_and_nonempty ... ok
test lang_top_2_limits_rows_plus_other ... ok
test lang_tsv_consistent_column_count ... ok
test lang_tsv_exits_zero_and_nonempty ... ok
test lang_tsv_has_tab_characters ... ok
test module_json_exits_zero_and_valid ... ok
test module_json_has_schema_version ... ok
test module_md_contains_markdown_elements ... ok
test module_md_exits_zero_and_nonempty ... ok
test module_json_rows_have_module_field ... ok
test module_tsv_consistent_column_count ... ok
test module_top_1_limits_rows_plus_other ... ok
test module_tsv_exits_zero_and_nonempty ... ok
test module_tsv_has_tab_characters ... ok

test result: ok. 42 passed; 0 failed; 0 ignored; 0 measured; 0 filtered out; finished in 0.35s

     Running tests/deep_context_handoff_w51.rs (target/debug/deps/deep_context_handoff_w51-70cce299bc33e059)

running 14 tests
test context_budget_limits_tokens ... ok
test context_budget_k_suffix_works ... ok
test context_json_has_required_fields ... ok
test context_exclude_filter_reduces_output ... ok
test context_json_mode_produces_valid_json ... ok
test context_list_mode_contains_file_paths ... ok
test context_json_has_schema_version ... ok
test context_list_mode_succeeds ... ok
test handoff_creates_manifest_json ... ok
test handoff_manifest_has_artifacts_list ... ok
test handoff_manifest_mode_is_handoff ... ok
test handoff_minimal_preset_succeeds ... ok
test handoff_no_git_flag_accepted ... ok
test handoff_standard_preset_succeeds ... ok

test result: ok. 14 passed; 0 failed; 0 ignored; 0 measured; 0 filtered out; finished in 0.13s

     Running tests/deep_run_cockpit_w52.rs (target/debug/deps/deep_run_cockpit_w52-94a3f496400da140)

running 26 tests
test badge_invalid_metric_fails ... ok
test badge_contains_metric_label ... ok
test badge_lines_produces_svg ... ok
test badge_output_to_file ... ok
test cockpit_handles_no_git_history_gracefully ... ok
hint: Using 'master' as the name for the initial branch. This default branch name
hint: will change to "main" in Git 3.0. To configure the initial branch name
hint: to use in all of your new repositories, which will suppress this warning,
hint: call:
hint:
hint: 	git config --global init.defaultBranch <name>
hint:
hint: Names commonly chosen instead of 'master' are 'main', 'trunk' and
hint: 'development'. The just-created branch can be renamed via this command:
hint:
hint: 	git branch -m <name>
hint:
hint: Disable this message with "git config set advice.defaultBranchName false"
hint: Using 'master' as the name for the initial branch. This default branch name
hint: will change to "main" in Git 3.0. To configure the initial branch name
hint: to use in all of your new repositories, which will suppress this warning,
hint: call:
hint:
hint: 	git config --global init.defaultBranch <name>
hint:
hint: Names commonly chosen instead of 'master' are 'main', 'trunk' and
hint: 'development'. The just-created branch can be renamed via this command:
hint:
hint: 	git branch -m <name>
hint:
hint: Disable this message with "git config set advice.defaultBranchName false"
Initialized empty Git repository in /tmp/.tmpEb6xBY/.git/
Initialized empty Git repository in /tmp/.tmpSVEXme/.git/
test badge_svg_is_valid_xml ... ok
hint: Using 'master' as the name for the initial branch. This default branch name
hint: will change to "main" in Git 3.0. To configure the initial branch name
hint: to use in all of your new repositories, which will suppress this warning,
hint: call:
hint:
hint: 	git config --global init.defaultBranch <name>
hint:
hint: Names commonly chosen instead of 'master' are 'main', 'trunk' and
hint: 'development'. The just-created branch can be renamed via this command:
hint:
hint: 	git branch -m <name>
hint:
hint: Disable this message with "git config set advice.defaultBranchName false"
Initialized empty Git repository in /tmp/.tmp9Qe8p5/.git/
[main (root-commit) 76f509c] Initial commit
 1 file changed, 1 insertion(+)
 create mode 100644 lib.rs
[main (root-commit) 76f509c] Initial commit
 1 file changed, 1 insertion(+)
 create mode 100644 lib.rs
Switched to a new branch 'feature'
Switched to a new branch 'feature'
[main (root-commit) 76f509c] Initial commit
 1 file changed, 1 insertion(+)
 create mode 100644 lib.rs
Switched to a new branch 'feature'
[feature d7acca6] Add new file
 1 file changed, 1 insertion(+)
 create mode 100644 new.rs
[feature d7acca6] Add new file
 1 file changed, 1 insertion(+)
 create mode 100644 new.rs
[feature d7acca6] Add new file
 1 file changed, 1 insertion(+)
 create mode 100644 new.rs
test badge_different_metrics_succeed ... ok
hint: Using 'master' as the name for the initial branch. This default branch name
hint: will change to "main" in Git 3.0. To configure the initial branch name
hint: to use in all of your new repositories, which will suppress this warning,
hint: call:
hint:
hint: 	git config --global init.defaultBranch <name>
hint:
hint: Names commonly chosen instead of 'master' are 'main', 'trunk' and
hint: 'development'. The just-created branch can be renamed via this command:
hint:
hint: 	git branch -m <name>
hint:
hint: Disable this message with "git config set advice.defaultBranchName false"
Initialized empty Git repository in /tmp/.tmpzSjPdW/.git/
test cockpit_json_has_change_surface ... ok
test cockpit_json_has_code_health ... ok
hint: Using 'master' as the name for the initial branch. This default branch name
hint: will change to "main" in Git 3.0. To configure the initial branch name
hint: to use in all of your new repositories, which will suppress this warning,
hint: call:
hint:
hint: 	git config --global init.defaultBranch <name>
hint:
hint: Names commonly chosen instead of 'master' are 'main', 'trunk' and
hint: 'development'. The just-created branch can be renamed via this command:
hint:
hint: 	git branch -m <name>
hint:
hint: Disable this message with "git config set advice.defaultBranchName false"
Initialized empty Git repository in /tmp/.tmpZLi32o/.git/
test cockpit_json_has_composition ... ok
[main (root-commit) 76f509c] Initial commit
 1 file changed, 1 insertion(+)
 create mode 100644 lib.rs
hint: Using 'master' as the name for the initial branch. This default branch name
hint: will change to "main" in Git 3.0. To configure the initial branch name
hint: to use in all of your new repositories, which will suppress this warning,
hint: call:
hint:
hint: 	git config --global init.defaultBranch <name>
hint:
hint: Names commonly chosen instead of 'master' are 'main', 'trunk' and
hint: 'development'. The just-created branch can be renamed via this command:
hint:
hint: 	git branch -m <name>
hint:
hint: Disable this message with "git config set advice.defaultBranchName false"
Initialized empty Git repository in /tmp/.tmpaJRKlk/.git/
Switched to a new branch 'feature'
hint: Using 'master' as the name for the initial branch. This default branch name
hint: will change to "main" in Git 3.0. To configure the initial branch name
hint: to use in all of your new repositories, which will suppress this warning,
hint: call:
hint:
hint: 	git config --global init.defaultBranch <name>
hint:
hint: Names commonly chosen instead of 'master' are 'main', 'trunk' and
hint: 'development'. The just-created branch can be renamed via this command:
hint:
hint: 	git branch -m <name>
hint:
hint: Disable this message with "git config set advice.defaultBranchName false"
Initialized empty Git repository in /tmp/.tmpcfX7Cu/.git/
[feature d7acca6] Add new file
 1 file changed, 1 insertion(+)
 create mode 100644 new.rs
[main (root-commit) 76f509c] Initial commit
 1 file changed, 1 insertion(+)
 create mode 100644 lib.rs
Switched to a new branch 'feature'
[main (root-commit) 76f509c] Initial commit
 1 file changed, 1 insertion(+)
 create mode 100644 lib.rs
[main (root-commit) 76f509c] Initial commit
 1 file changed, 1 insertion(+)
 create mode 100644 lib.rs
Switched to a new branch 'feature'
Switched to a new branch 'feature'
[feature d7acca6] Add new file
 1 file changed, 1 insertion(+)
 create mode 100644 new.rs
[feature d7acca6] Add new file
 1 file changed, 1 insertion(+)
 create mode 100644 new.rs
[feature d7acca6] Add new file
 1 file changed, 1 insertion(+)
 create mode 100644 new.rs
test cockpit_json_has_evidence_and_risk ... ok
test cockpit_json_has_review_plan ... ok
test cockpit_md_has_expected_sections ... ok
test cockpit_json_has_schema_version ... ok
test run_includes_lang_module_export_references ... ok
test run_lang_json_has_languages ... ok
test run_export_jsonl_has_lines ... ok
test run_determinism_two_runs_identical ... ok
test run_on_empty_dir_produces_valid_receipt ... ok
test run_module_json_is_valid_json ... ok
test run_output_dir_creates_specified_directory ... ok
test run_produces_output_directory_with_artifacts ... ok
test run_receipt_generated_at_ms_is_present ... ok
test run_receipt_has_schema_version ... ok
test run_receipt_is_valid_json ... ok
test run_redact_paths_hides_raw_paths ... ok

test result: ok. 26 passed; 0 failed; 0 ignored; 0 measured; 0 filtered out; finished in 0.30s

     Running tests/determinism.rs (target/debug/deps/determinism-148a1c88471328d3)

running 29 tests
test export_json_keys_are_sorted ... ok
test export_csv_consistent_column_count ... ok
test export_json_receipt_has_required_envelope_fields ... ok
test export_jsonl_all_lines_valid_json ... ok
test export_csv_is_deterministic ... ok
test export_json_is_deterministic ... ok
test export_modules_use_forward_slashes ... ok
test export_paths_use_forward_slashes ... ok
test export_jsonl_is_deterministic ... ok
test export_jsonl_meta_record_is_deterministic ... ok
test export_rows_sorted_by_code_desc_then_path_asc ... ok
test export_row_count_is_stable ... ok
test lang_json_keys_are_sorted ... ok
test lang_receipt_has_required_envelope_fields ... ok
test lang_md_is_deterministic ... ok
test lang_rows_sorted_by_code_desc_then_name_asc ... ok
test lang_row_count_is_stable ... ok
test lang_totals_match_row_sums ... ok
test lang_json_is_deterministic ... ok
test module_json_keys_use_forward_slashes ... ok
test lang_tsv_is_deterministic ... ok
test module_receipt_has_required_envelope_fields ... ok
test module_md_is_deterministic ... ok
test module_rows_sorted_by_code_desc_then_name_asc ... ok
test module_json_is_deterministic ... ok
test schema_version_constants_match_expected ... ok
test redacted_paths_are_hashed_not_plaintext ... ok
test module_tsv_is_deterministic ... ok
test redacted_export_is_deterministic ... ok

test result: ok. 29 passed; 0 failed; 0 ignored; 0 measured; 0 filtered out; finished in 0.33s

     Running tests/determinism_hardening.rs (target/debug/deps/determinism_hardening-b26e2e948d568e99)

running 16 tests
test hardening_export_csv_no_backslash_in_paths ... ok
test hardening_export_json_keys_recursively_sorted ... ok
test hardening_export_json_no_backslash_in_paths ... ok
test hardening_export_tsv_no_backslash_in_paths ... ok
test hardening_export_rows_sorted_desc_code_then_asc_path ... ok
test hardening_export_no_silent_truncation ... ok
test hardening_export_row_counts_agree_across_formats ... ok
test hardening_lang_json_keys_recursively_sorted ... ok
test hardening_lang_rows_sorted_desc_code_then_asc_name ... ok
test hardening_module_json_keys_recursively_sorted ... ok
test hardening_five_run_export_json_byte_stable ... ok
test hardening_module_json_no_backslash_in_modules ... ok
test hardening_five_run_lang_json_byte_stable ... ok
test hardening_module_rows_sorted_desc_code_then_asc_name ... ok
test hardening_five_run_module_json_byte_stable ... ok
test hardening_redact_produces_deterministic_output ... ok

test result: ok. 16 passed; 0 failed; 0 ignored; 0 measured; 0 filtered out; finished in 0.31s

     Running tests/determinism_hardening_w51.rs (target/debug/deps/determinism_hardening_w51-52238ce95b12455e)

running 30 tests
test w51_analyze_schema_version_is_8 ... ok
test w51_analyze_paths_use_forward_slashes ... ok
test w51_analyze_mode_field_is_analysis ... ok
test w51_export_csv_column_count_stable ... ok
test w51_export_file_paths_use_forward_slashes ... ok
test w51_export_csv_output_stable ... ok
test w51_analyze_receipt_json_output_stable ... ok
test w51_core_receipts_schema_version_is_2 ... ok
test w51_export_jsonl_every_line_is_valid_json ... ok
test w51_export_paths_sorted_lexicographically_on_forward_slash ... ok
test w51_export_json_output_stable ... ok
test w51_export_rows_deterministic_order ... ok
test w51_export_jsonl_output_stable ... ok
test w51_export_row_count_matches_across_formats ... ok
test w51_json_output_contains_no_backslashes_in_paths ... ok
test w51_json_keys_are_sorted_in_all_commands ... ok
test w51_lang_json_output_stable ... ok
test w51_json_output_has_args_metadata ... ok
test w51_lang_rows_sorted_by_code_desc ... ok
test w51_lang_md_output_stable ... ok
test w51_lang_totals_equal_row_sums ... ok
test w51_lang_rows_tiebreak_by_name_asc ... ok
test w51_lang_tsv_output_stable ... ok
test w51_module_rows_sorted_by_code_desc ... ok
test w51_module_keys_use_forward_slashes ... ok
test w51_module_tiebreak_by_name_asc ... ok
test w51_module_json_output_stable ... ok
test w51_timestamp_is_consistent_format ... ok
test w51_tool_version_present_and_nonempty ... ok
test w51_schema_version_is_number_not_string ... ok

test result: ok. 30 passed; 0 failed; 0 ignored; 0 measured; 0 filtered out; finished in 0.40s

     Running tests/determinism_regression.rs (target/debug/deps/determinism_regression-69627c20cc595f2d)

running 26 tests
test analyze_json_no_backslash_in_path_fields ... ok
test analyze_receipt_has_stable_top_level_keys ... ok
test analyze_derived_keys_stable_and_sorted ... ok
test analyze_receipt_json_byte_identical_across_runs ... ok
test analyze_receipt_markdown_deterministic ... ok
test export_json_no_backslash_in_path_or_module ... ok
test export_csv_byte_identical ... ok
test analyze_timestamp_is_only_nondeterministic_field ... ok
test export_rows_descending_code_ascending_path ... ok
test export_jsonl_byte_identical_across_runs ... ok
test export_jsonl_line_count_stable ... ok
test export_module_keys_match_module_command ... ok
test lang_csv_byte_identical ... ok
test lang_json_no_backslash_in_path_fields ... ok
test export_timestamp_is_only_nondeterministic_field ... ok
test lang_rows_descending_code_ascending_name ... ok
test lang_json_byte_identical_across_runs ... ok
test json_keys_alphabetically_sorted_in_receipt_rows ... ok
test lang_timestamp_is_only_nondeterministic_field ... ok
test module_json_no_backslash_in_module_keys ... ok
test module_rows_descending_code_ascending_module ... ok
test module_json_byte_identical_across_runs ... ok
test module_keys_deterministic_across_runs ... ok
test module_timestamp_is_only_nondeterministic_field ... ok
test module_tsv_byte_identical ... ok
test row_counts_stable_across_all_commands ... ok

test result: ok. 26 passed; 0 failed; 0 ignored; 0 measured; 0 filtered out; finished in 0.43s

     Running tests/determinism_w40.rs (target/debug/deps/determinism_w40-483dcdb64e63e6cd)

running 19 tests
test all_paths_use_forward_slashes_in_export ... ok
test export_json_top_level_keys_sorted ... ok
test export_csv_header_deterministic ... ok
test export_file_kinds_deterministic ... ok
test file_rows_sorted_consistently ... ok
test export_jsonl_line_order_deterministic ... ok
test lang_json_top_level_keys_sorted ... ok
test lang_rows_sorted_desc_code_asc_name ... ok
test lang_names_deterministic_across_runs ... ok
test export_json_five_runs_identical ... ok
test module_json_top_level_keys_sorted ... ok
test module_rows_sorted_consistently ... ok
test no_os_path_separators_in_csv_output ... ok
test no_os_path_separators_in_markdown_output ... ok
test no_os_path_separators_in_tsv_output ... ok
test lang_json_five_runs_identical ... ok
test timestamps_are_only_nondeterministic_field_lang ... ok
test module_json_five_runs_identical ... ok
test top_truncation_is_deterministic ... ok

test result: ok. 19 passed; 0 failed; 0 ignored; 0 measured; 0 filtered out; finished in 0.34s

     Running tests/determinism_w70.rs (target/debug/deps/determinism_w70-ee0b0577308908bf)

running 33 tests
test w70_export_csv_paths_use_forward_slashes ... ok
test w70_export_csv_twice_identical ... ok
test w70_empty_dir_determinism ... ok
test w70_export_json_keys_alphabetically_ordered ... ok
test w70_cross_format_row_count_consistency ... ok
test w70_export_json_paths_use_forward_slashes ... ok
test w70_export_jsonl_paths_use_forward_slashes ... ok
test w70_export_jsonl_keys_sorted ... ok
test w70_export_json_determinism ... ok
test w70_lang_json_keys_alphabetically_ordered ... ok
test w70_lang_json_no_random_values ... ok
test w70_export_jsonl_twice_identical ... ok
test w70_lang_rows_sorted_desc_code_then_name ... ok
test w70_lang_md_determinism ... ok
test w70_lang_tsv_no_timestamp_leakage ... ok
test w70_mixed_languages_module_determinism ... ok
test w70_mixed_languages_sorted_correctly ... ok
test w70_module_json_keys_alphabetically_ordered ... ok
test w70_module_json_paths_use_forward_slashes ... ok
test w70_mixed_languages_determinism ... ok
test w70_module_md_no_timestamp_leakage ... ok
test w70_module_rows_sorted_desc_code_then_name ... ok
test w70_module_json_twice_identical ... ok
test w70_nested_dirs_export_sort_stable ... ok
test w70_module_tsv_determinism ... ok
test w70_nested_dirs_forward_slashes_in_module_names ... ok
test w70_nested_dirs_export_determinism ... ok
test w70_unicode_filenames_forward_slashes ... ok
test w70_nested_dirs_module_determinism ... ok
test w70_single_file_determinism ... ok
test w70_lang_json_10_runs_identical ... ok
test w70_unicode_filenames_stable_export ... ok
test w70_unicode_filenames_lang_determinism ... ok

test result: ok. 33 passed; 0 failed; 0 ignored; 0 measured; 0 filtered out; finished in 0.50s

     Running tests/diff_w71.rs (target/debug/deps/diff_w71-27bcd9634a2c20d0)

running 24 tests
test diff_color_always_emits_ansi_escapes ... ok
test diff_compact_mode_excludes_language_breakdown ... ok
test diff_color_never_no_ansi ... ok
test diff_completely_different_languages ... ok
test diff_from_to_md_produces_markdown ... ok
test diff_from_to_json_produces_valid_receipt ... ok
test diff_empty_receipts_produces_zero_totals ... ok
test diff_from_empty_to_populated ... ok
test diff_identical_receipts_md_has_header ... ok
test diff_identical_receipts_json_zero_deltas ... ok
test diff_json_diff_rows_have_all_metric_fields ... ok
test diff_json_has_from_source_and_to_source ... ok
test diff_language_added_shows_positive_delta ... ok
test diff_json_totals_have_all_metric_fields ... ok
test diff_language_removed_shows_negative_delta ... ok
test diff_missing_both_args_fails ... ok
test diff_missing_from_fails ... ok
test diff_multi_language_growth ... ok
test diff_positional_args_work ... ok
test diff_multi_language_md_mentions_language_movement ... ok
test diff_single_positional_arg_fails ... ok
test diff_positional_json_format ... ok
test diff_via_directory_resolves_to_lang_json ... ok
test diff_via_receipt_json_resolves_to_sibling_lang_json ... ok

test result: ok. 24 passed; 0 failed; 0 ignored; 0 measured; 0 filtered out; finished in 0.05s

     Running tests/docs.rs (target/debug/deps/docs-3ca17213e19a73c4)

running 10 tests
test recipe_ci_workflow_snippet ... ok
test recipe_export_full_json ... ok
test recipe_export_map_jsonl ... ok
test recipe_default_map ... ok
test recipe_module_summary_markdown ... ok
test recipe_handoff_bundle ... ok
test recipe_generate_baseline ... ok
test recipe_sensor_json ... ok
test recipe_simple_lang_summary ... ok
test recipe_gate_with_baseline ... ok

test result: ok. 10 passed; 0 failed; 0 ignored; 0 measured; 0 filtered out; finished in 0.19s

     Running tests/docs_sync_w72.rs (target/debug/deps/docs_sync_w72-81b20e86b7826d1b)

running 16 tests
test completions_subcommand_help_works ... ok
test badge_subcommand_help_works ... ok
test analyze_subcommand_help_works ... ok
test context_subcommand_help_works ... ok
test export_subcommand_help_works ... ok
test gate_subcommand_help_works ... ok
test every_help_subcommand_is_in_readme ... ok
test every_help_subcommand_is_in_reference_cli ... ok
test help_output_contains_usage_line ... ok
test help_output_has_about_text ... ok
test help_output_mentions_all_documented_subcommands ... ok
test lang_subcommand_help_works ... ok
test module_subcommand_help_works ... ok
test init_subcommand_help_works ... ok
test tools_subcommand_help_works ... ok
test version_output_matches_cargo_toml ... ok

test result: ok. 16 passed; 0 failed; 0 ignored; 0 measured; 0 filtered out; finished in 0.03s

     Running tests/e2e_extended.rs (target/debug/deps/e2e_extended-bc408ec44353e03d)

running 36 tests
test completions_bash_generates_output ... ok
test completions_elvish_generates_output ... ok
test completions_fish_generates_output ... ok
test analyze_receipt_json_has_derived ... ok
test badge_outputs_svg ... ok
test completions_powershell_generates_output ... ok
test completions_zsh_generates_output ... ok
test default_invocation_runs_successfully_with_output ... ok
test export_csv_uses_commas_not_tabs ... ok
test deterministic_lang_json_output ... ok
test deterministic_module_json_output ... ok
test export_format_csv_has_header_and_rows ... ok
test init_print_generates_tokeignore_template ... ok
test help_flag_shows_help_text ... ok
test export_format_json_produces_valid_json ... ok
test lang_children_collapse_works ... ok
test lang_children_separate_works ... ok
test export_format_jsonl_produces_valid_jsonl ... ok
test lang_help_shows_subcommand_help ... ok
test lang_format_json_produces_valid_json ... ok
test lang_files_flag_accepted ... ok
test lang_format_tsv_contains_tabs ... ok
test lang_json_has_schema_version ... ok
test lang_top_limits_output_rows ... ok
test lang_produces_markdown_output ... ok
test module_format_json_produces_valid_json ... ok
test lang_with_explicit_path_works ... ok
test module_format_tsv_contains_tabs ... ok
test nonexistent_subcommand_fails ... ok
test module_json_has_schema_version ... ok
test module_produces_output ... ok
test tools_format_anthropic_produces_valid_json ... ok
test tools_default_produces_json_schema ... ok
test tools_format_openai_produces_valid_json ... ok
test run_produces_artifacts ... ok
test version_flag_shows_semver ... ok

test result: ok. 36 passed; 0 failed; 0 ignored; 0 measured; 0 filtered out; finished in 0.23s

     Running tests/edge_cases_cli_w50.rs (target/debug/deps/edge_cases_cli_w50-a65e732588930389)

running 11 tests
test cli_help_contains_expected_sections ... ok
test cli_lang_help_mentions_format ... ok
test cli_invalid_format_fails ... ok
test cli_nonexistent_path_fails ... ok
test cli_export_min_code_max ... ok
test cli_module_depth_zero ... ok
test cli_no_arguments_defaults_to_lang ... ok
test cli_top_with_format_json ... ok
test cli_version_is_nonempty ... ok
test cli_very_long_path_argument ... ok
test cli_top_zero_shows_all ... ok

test result: ok. 11 passed; 0 failed; 0 ignored; 0 measured; 0 filtered out; finished in 0.06s

     Running tests/error_handling.rs (target/debug/deps/error_handling-3ca7562b36d8c8b7)

running 16 tests
test analyze_invalid_format_fails ... ok
test badge_invalid_preset_fails ... ok
test analyze_invalid_preset_fails ... ok
test diff_missing_args_fails ... ok
test diff_nonexistent_files_fails ... ok
test export_invalid_format_fails ... ok
test gate_nonexistent_receipt_file_fails ... ok
test export_empty_directory_succeeds_with_meta_only ... ok
test lang_invalid_children_mode_fails ... ok
test lang_invalid_format_fails ... ok
test lang_empty_directory_succeeds_with_zero_totals ... ok
test module_invalid_format_fails ... ok
test module_empty_directory_succeeds_with_zero_totals ... ok
test unknown_flag_fails ... ok
test unknown_subcommand_fails ... ok
test gate_missing_receipt_arg_fails ... ok

test result: ok. 16 passed; 0 failed; 0 ignored; 0 measured; 0 filtered out; finished in 0.16s

     Running tests/error_handling_w70.rs (target/debug/deps/error_handling_w70-4f43decd2ecf1274)

running 25 tests
test context_nonexistent_path_fails ... ok
test analyze_nonexistent_path_fails_with_nonzero_exit ... ok
test badge_with_invalid_metric_fails ... ok
test analyze_invalid_preset_bogus_produces_stderr_error ... ok
test error_messages_go_to_stderr_for_nonexistent_path ... ok
test diff_missing_required_args_fails ... ok
test error_messages_go_to_stderr_not_stdout_for_invalid_format ... ok
test error_messages_go_to_stderr_for_unknown_subcommand ... ok
test exit_code_is_nonzero_for_invalid_subcommand ... ok
test export_nonexistent_path_fails_with_nonzero_exit ... ok
test export_invalid_format_parquet_produces_stderr_error ... ok
test export_with_conflicting_invalid_format_fails ... ok
test gate_with_nonexistent_receipt_file_fails ... ok
test lang_invalid_format_yaml_produces_stderr_error ... ok
test lang_nonexistent_path_fails_with_nonzero_exit ... ok
test lang_top_flag_with_negative_value_fails ... ok
test lang_top_flag_with_non_numeric_value_fails ... ok
test module_invalid_format_xml_produces_stderr_error ... ok
test module_depth_flag_with_non_numeric_value_fails ... ok
test gate_with_nonexistent_policy_file_fails ... ok
test module_nonexistent_path_fails_with_nonzero_exit ... ok
test multiple_invalid_flags_still_produces_error ... ok
test lang_with_empty_exclude_flag_does_not_crash ... ok
test run_nonexistent_path_fails_with_nonzero_exit ... ok
test unknown_subcommand_fails_with_stderr ... ok

test result: ok. 25 passed; 0 failed; 0 ignored; 0 measured; 0 filtered out; finished in 0.05s

     Running tests/feature_gate_cli_w53.rs (target/debug/deps/feature_gate_cli_w53-ee9ee84fc5676091)

running 16 tests
test analyze_help_text_mentions_preset ... ok
test analyze_receipt_json_has_schema_version ... ok
test analyze_receipt_json_has_tool_field ... ok
test analyze_receipt_json_has_status_field ... ok
test cockpit_help_mentions_base_and_head ... ok
test export_help_text_exits_successfully ... ok
test analyze_with_unknown_preset_shows_error ... ok
test help_text_exits_successfully ... ok
test help_text_mentions_analyze ... ok
test analyze_receipt_json_has_warnings_field ... ok
test lang_help_text_exits_successfully ... ok
test module_help_text_exits_successfully ... ok
test version_flag_exits_successfully ... ok
test export_json_produces_valid_json ... ok
test lang_json_output_has_schema_version ... ok
test module_json_output_has_schema_version ... ok

test result: ok. 16 passed; 0 failed; 0 ignored; 0 measured; 0 filtered out; finished in 0.08s

     Running tests/feature_gates_w71.rs (target/debug/deps/feature_gates_w71-ccb87e7a27e7dcb8)

running 14 tests
test analyze_deep_includes_available_features ... ok
test analyze_deep_json_tool_name ... ok
test analyze_deep_json_has_schema_and_derived ... ok
test analyze_help_lists_preset_values ... ok
test analyze_help_mentions_format_option ... ok
test analyze_help_mentions_git_flag ... ok
test analyze_invalid_preset_fails ... ok
test analyze_health_json_has_warnings ... ok
test analyze_deep_no_git_flag_suppresses_git ... ok
test analyze_receipt_always_succeeds ... ok
test analyze_receipt_json_includes_status_field ... ok
test receipt_json_excludes_optional_sections ... ok
test analyze_receipt_json_includes_warnings_array ... ok
test all_presets_produce_valid_json_envelope ... ok

test result: ok. 14 passed; 0 failed; 0 ignored; 0 measured; 0 filtered out; finished in 0.29s

     Running tests/full_pipeline_w55.rs (target/debug/deps/full_pipeline_w55-60556518b96d9102)

running 45 tests
test badge_from_scan_data_produces_svg ... ok
test analysis_integrity_hash_present ... ok
test analysis_density_ratio_bounded ... ok
test analysis_derived_from_export_data ... ok
test cli_badge_produces_svg ... ok
test cli_analyze_receipt_json_pipeline ... ok
test cli_analyze_without_git_range_succeeds ... ok
test cli_export_json_full_pipeline ... ok
test cli_export_csv_full_pipeline ... ok
test cli_help_succeeds ... ok
test cli_export_jsonl_full_pipeline ... ok
test cli_lang_help_succeeds ... ok
test cli_analyze_health_json_pipeline ... ok
test config_toml_parse_roundtrip ... ok
test config_exclude_filters_languages ... ok
test diff_identical_reports_produces_no_rows ... ok
test diff_receipt_has_correct_structure ... ok
test diff_totals_zero_for_identical ... ok
test diff_receipt_serializes_to_valid_json ... ok
test export_rows_sorted_by_code_desc_then_path_asc ... ok
test file_row_fields_preserved_through_export ... ok
test lang_rows_sorted_by_code_desc ... ok
test lang_row_fields_preserved_through_pipeline ... ok
test pipeline_deterministic_markdown_output ... ok
test pipeline_export_csv_consistent_column_count ... ok
test pipeline_export_csv_has_header_and_data ... ok
test cli_lang_json_full_pipeline ... ok
test pipeline_export_forward_slash_paths ... ok
test pipeline_export_json_bare_is_array ... ok
test cli_module_json_full_pipeline ... ok
test pipeline_export_json_with_meta_is_valid_receipt ... ok
test pipeline_lang_json_has_schema_version ... ok
test pipeline_deterministic_json_output ... ok
test pipeline_export_jsonl_valid_objects ... ok
test pipeline_lang_top_limits_rows ... ok
test pipeline_lang_markdown_produces_table ... ok
test pipeline_lang_separate_children_has_embedded ... ok
test pipeline_lang_total_equals_row_sum ... ok
test pipeline_lang_with_files_includes_avg ... ok
test pipeline_module_custom_depth_changes_granularity ... ok
test pipeline_lang_tsv_has_correct_columns ... ok
test totals_consistent_model_to_json ... ok
test pipeline_module_markdown_produces_table ... ok
test pipeline_module_json_has_schema_version ... ok
test types_flow_scan_to_model_to_format ... ok

test result: ok. 45 passed; 0 failed; 0 ignored; 0 measured; 0 filtered out; finished in 0.13s

     Running tests/gate_integration.rs (target/debug/deps/gate_integration-2428756736be0780)

running 15 tests
test test_gate_json_output ... ok
test test_gate_invalid_policy_file ... ok
test test_gate_failing_policy ... ok
test test_gate_combined_policy_and_ratchet ... ok
test test_gate_negate ... ok
test test_gate_operators ... ok
test test_gate_passing_policy ... ok
test test_gate_ratchet_failing_max_value ... ok
test test_gate_ratchet_no_baseline ... ok
test test_gate_ratchet_json_output ... ok
test test_gate_ratchet_failing_percentage ... ok
test test_gate_ratchet_passing ... ok
test test_gate_ratchet_warn_level ... ok
test test_gate_warn_level ... ok
test test_gate_requires_policy ... ok

test result: ok. 15 passed; 0 failed; 0 ignored; 0 measured; 0 filtered out; finished in 0.17s

     Running tests/handoff_integration.rs (target/debug/deps/handoff_integration-2e22bfc787afe469)

running 15 tests
test test_handoff_code_txt_has_content ... ok
test test_handoff_budget_enforcement ... ok
test test_handoff_creates_expected_files ... ok
test test_handoff_excludes_output_dir_from_scan ... ok
test test_handoff_compress_strips_blanks ... ok
test test_handoff_directory_already_exists_without_force ... ok
test test_handoff_graceful_no_git ... ok
test test_handoff_force_overwrites ... ok
test test_handoff_intelligence_valid_json ... ok
test test_handoff_manifest_valid_json ... ok
test test_handoff_preset_standard ... ok
test test_handoff_preset_minimal ... ok
test test_handoff_map_jsonl_format ... ok
test test_handoff_strategy_greedy ... ok
test test_handoff_strategy_spread ... ok

test result: ok. 15 passed; 0 failed; 0 ignored; 0 measured; 0 filtered out; finished in 0.18s

     Running tests/handoff_w71.rs (target/debug/deps/handoff_w71-28276d4bc12f5a52)

running 20 tests
test handoff_invalid_preset_rejected ... ok
test handoff_manifest_has_total_and_bundled_files ... ok
test handoff_compress_with_deep_preset ... ok
test handoff_included_files_rows_have_expected_fields ... ok
test handoff_manifest_records_deep_preset ... ok
test handoff_manifest_tool_has_version ... ok
test handoff_manifest_records_intelligence_preset ... ok
test handoff_manifest_utilization_pct_consistent ... ok
test handoff_max_file_pct_accepted ... ok
test handoff_no_smart_exclude_accepted ... ok
test handoff_module_depth_accepted ... ok
test handoff_preset_deep_intelligence_has_derived ... ok
test handoff_max_file_tokens_accepted ... ok
test handoff_rank_by_churn_no_git_fallback ... ok
test handoff_preset_deep_succeeds ... ok
test handoff_rank_by_code ... ok
test handoff_rank_by_tokens ... ok
test handoff_rank_by_hotspot_no_git_fallback ... ok
test handoff_rank_by_code_deterministic ... ok
test handoff_smart_excluded_files_field_present ... ok

test result: ok. 20 passed; 0 failed; 0 ignored; 0 measured; 0 filtered out; finished in 0.20s

     Running tests/init_cli_w76.rs (target/debug/deps/init_cli_w76-5e04c02437d3ed15)

running 11 tests
test check_ignore_nonexistent_path_reports_not_ignored ... ok
test init_default_stderr_contains_template_hint ... ok
test check_ignore_verbose_shows_detail ... ok
test init_into_nonexistent_dir_fails_gracefully ... ok
test init_force_switches_template_on_existing_file ... ok
test init_non_default_template_omits_hint ... ok
test init_print_node_contains_node_modules ... ok
test init_print_rust_contains_target ... ok
test init_refuses_overwrite_with_error_message ... ok
test init_stderr_contains_ready_message ... ok
test init_stderr_contains_initialized_message ... ok

test result: ok. 11 passed; 0 failed; 0 ignored; 0 measured; 0 filtered out; finished in 0.02s

     Running tests/integration.rs (target/debug/deps/integration-801b96a8e36a4150)

running 77 tests
test test_check_ignore_with_exclude_flag ... ok
test test_check_ignore_not_ignored ... ok
test test_check_ignore_verbose_shows_source ... ok
test test_analyze_html_format ... ok
test test_children_separate ... ok
test test_context_bundle_dir ... ok
test test_context_bundle_dir_non_empty_requires_force ... ok
test test_context_out_and_bundle_dir_conflict ... ok
test test_children_stats_integrity ... ok
test test_context_force_overwrites ... ok
test test_context_out_flag ... ok
test test_context_out_requires_force ... ok
test test_context_size_warning ... ok
test test_context_log_append ... ok
test test_csv_escaping ... ok
test test_default_lang_output ... ok
test test_default_ignores_vcs ... ok
test test_default_paths_are_relative ... ok
test test_exclude_glob ... ok
test test_empty_file_handling ... ok
test test_export_cyclonedx_format ... ok
test test_export_meta_false ... ok
test test_export_jsonl ... ok
test test_export_format_json ... ok
test test_export_out_file ... ok
test test_export_redaction ... ok
test test_filter_all_rows ... ok
test test_filter_min_code ... ok
test test_format_csv ... ok
test test_generated_timestamp_validity ... ok
test test_golden_export_jsonl ... ok
test test_golden_lang_json ... ok
test test_golden_module_json ... ok
test test_golden_export_redacted ... ok
test test_init_command ... ok
test test_init_creates_file ... ok
test test_ignore_override ... ok
test test_ignore_vcs_explicit ... ok
test test_ignore_file_respected ... ok
test test_init_profiles ... ok
test test_init_print_bdd ... ok
test test_init_force ... ok
test test_lang_files_flag ... ok
test test_lang_fold_math ... ok
test test_lang_format_json ... ok
test test_lang_format_tsv ... ok
test test_lang_stats_math ... ok
test test_limit_max_rows ... ok
test test_lang_top_limit ... ok
test test_limit_top_files ... ok
test test_mixed_args_precedence ... ok
test test_module_custom_roots ... ok
test test_module_fold_math ... ok
test test_module_custom_roots_miss ... ok
test test_module_depth_overflow ... ok
test test_module_format_tsv ... ok
test test_module_output ... ok
test test_module_parents_only ... ok
test test_module_top_exact ... ok
test test_non_existent_path ... ok
test test_partial_non_existent_path ... ok
test test_no_ignore_implies_vcs ... ok
test test_no_ignore_dot ... ok
test test_module_top_limit ... ok
test test_path_with_spaces ... ok
test test_redaction_all_mode_hides_modules ... ok
test test_paths_redacted_hash ... ok
test test_redact_all ... ok
test test_redaction_leaks_in_meta ... ok
test test_redaction_excludes_patterns ... ok
test test_redaction_meta_leak_regression_json ... ok
test test_redaction_meta_leak_regression_jsonl ... ok
test test_redaction_no_raw_paths_anywhere ... ok
test test_treat_doc_strings_as_comments ... ok
test test_redaction_strip_prefix ... ok
test test_strip_prefix ... ok
test test_verbose_flag ... ok

test result: ok. 77 passed; 0 failed; 0 ignored; 0 measured; 0 filtered out; finished in 0.66s

     Running tests/integration_w40.rs (target/debug/deps/integration_w40-7f92c128c7e6ed33)

running 24 tests
test analyze_receipt_markdown ... ok
test analyze_receipt_json_has_derived ... ok
test badge_tokens_outputs_svg ... ok
test badge_lines_outputs_svg ... ok
test completions_powershell_produces_script ... ok
test completions_bash_produces_script ... ok
test completions_zsh_produces_script ... ok
test export_csv_has_header_and_data ... ok
test init_print_produces_tokeignore ... ok
test export_jsonl_each_line_valid_json ... ok
test export_json_format_valid ... ok
test lang_default_produces_markdown_table ... ok
test lang_explicit_produces_markdown_table ... ok
test export_jsonl_idempotent ... ok
test lang_json_is_valid ... ok
test lang_json_rows_have_required_fields ... ok
test lang_json_total_present ... ok
test lang_json_idempotent ... ok
test lang_tsv_contains_tabs ... ok
test module_default_markdown ... ok
test module_depth_1_json ... ok
test module_json_has_correct_depth ... ok
test version_flag_shows_semver ... ok
test module_json_idempotent ... ok

test result: ok. 24 passed; 0 failed; 0 ignored; 0 measured; 0 filtered out; finished in 0.21s

     Running tests/integration_w70.rs (target/debug/deps/integration_w70-1ee75a864cd1eb2b)

running 35 tests
test w70_badge_tokens_from_temp_project ... ok
test w70_badge_lines_from_temp_project ... ok
test w70_children_separate_has_embedded_tag ... ok
test w70_cli_exclude_removes_language_from_lang ... ok
test w70_cli_exclude_flag_propagates_to_scan_options ... ok
test w70_cli_exclude_removes_files_from_export ... ok
test w70_children_collapse_vs_separate_differ ... ok
test w70_empty_dir_export_json_valid ... ok
test w70_empty_dir_lang_json_valid_with_zero_rows ... ok
test w70_empty_dir_module_json_valid ... ok
test w70_export_csv_has_header_and_data_rows ... ok
test w70_export_json_roundtrip_has_file_rows ... ok
test w70_export_jsonl_each_line_valid_json ... ok
test w70_export_json_schema_version_matches_constant ... ok
test w70_export_jsonl_meta_line_has_schema_version ... ok
test w70_lang_json_roundtrip_preserves_rows ... ok
test w70_lang_json_schema_version_matches_constant ... ok
test w70_export_json_deterministic_across_two_runs ... ok
test w70_lang_rows_sorted_descending_by_code ... ok
test w70_lib_lang_receipt_schema_version_matches ... ok
test w70_lib_exclude_removes_language_from_scan ... ok
test w70_lib_config_parse_exclude_affects_scan ... ok
test w70_module_depth_0_json_field_matches ... ok
test w70_lang_json_deterministic_across_three_runs ... ok
test w70_module_depth_2_allows_nested_keys ... ok
test w70_module_depth_1_produces_shallow_keys ... ok
test w70_module_json_roundtrip_preserves_structure ... ok
test w70_module_json_schema_version_matches_constant ... ok
test w70_module_rows_sorted_descending_by_code ... ok
test w70_scan_model_format_json_roundtrips_totals ... ok
test w70_scan_model_format_md_contains_table_header ... ok
test w70_scan_model_format_md_includes_all_detected_languages ... ok
test w70_sort_order_consistent_between_md_and_json ... ok
test w70_sort_order_consistent_between_tsv_and_json ... ok
test w70_module_json_deterministic_across_two_runs ... ok

test result: ok. 35 passed; 0 failed; 0 ignored; 0 measured; 0 filtered out; finished in 0.24s

     Running tests/json_output.rs (target/debug/deps/json_output-c3ddb7fca05dcd52)

running 15 tests
test json_output_analyze_receipt_has_derived ... ok
test json_output_badge_produces_svg ... ok
test json_output_analyze_receipt_is_valid ... ok
test json_output_export_json_has_rows ... ok
test json_output_export_json_is_valid ... ok
test json_output_export_jsonl_data_rows_have_path ... ok
test json_output_export_jsonl_lines_are_valid ... ok
test json_output_lang_contains_rust ... ok
test json_output_lang_is_valid_json ... ok
test json_output_lang_rows_have_expected_fields ... ok
test json_output_lang_total_present ... ok
test json_output_module_has_root ... ok
test json_output_module_is_valid_json ... ok
test json_output_module_rows_have_expected_fields ... ok
test json_output_module_total_present ... ok

test result: ok. 15 passed; 0 failed; 0 ignored; 0 measured; 0 filtered out; finished in 0.12s

     Running tests/markdown_output.rs (target/debug/deps/markdown_output-f9fc0b0cec80b7f9)

running 12 tests
test analyze_receipt_markdown_has_derived_metrics ... ok
test analyze_receipt_markdown_has_sections ... ok
test badge_code_metric_svg_has_content ... ok
test badge_code_metric_produces_svg ... ok
test lang_markdown_has_data_rows ... ok
test lang_markdown_has_separator_line ... ok
test lang_markdown_has_total_row ... ok
test lang_markdown_has_table_header ... ok
test module_markdown_has_root_row ... ok
test module_markdown_has_src_row ... ok
test module_markdown_has_separator_line ... ok
test module_markdown_has_table_header ... ok

test result: ok. 12 passed; 0 failed; 0 ignored; 0 measured; 0 filtered out; finished in 0.09s

     Running tests/output_formats_w76.rs (target/debug/deps/output_formats_w76-bf3e7d6b8784b1a2)

running 35 tests
test analyze_format_json_has_schema_version ... ok
test analyze_format_json_has_mode_field ... ok
test analyze_format_json_is_parseable ... ok
test analyze_format_markdown_is_non_empty_with_structure ... ok
test analyze_format_markdown_mentions_metrics ... ok
test badge_svg_contains_metric_value ... ok
test badge_default_output_is_svg ... ok
test badge_svg_is_non_empty_and_has_namespace ... ok
test context_mode_json_has_budget_fields ... ok
test context_mode_bundle_concatenates_content ... ok
test context_mode_bundle_is_not_json ... ok
test context_mode_json_has_schema_and_files ... ok
test context_mode_list_is_not_json ... ok
test context_mode_json_is_parseable ... ok
test context_mode_list_produces_file_paths ... ok
test export_format_csv_has_comma_separated_header ... ok
test export_format_csv_rows_have_consistent_columns ... ok
test export_format_json_is_parseable_with_envelope ... ok
test export_format_json_rows_have_file_fields ... ok
test export_format_jsonl_each_line_is_valid_json ... ok
test export_format_jsonl_data_rows_have_path_and_lang ... ok
test lang_format_json_has_envelope_fields ... ok
test lang_format_json_is_parseable ... ok
test lang_format_json_rows_contain_expected_fields ... ok
test lang_format_markdown_contains_expected_columns ... ok
test lang_format_markdown_has_data_rows ... ok
test lang_format_markdown_has_pipes_and_separator ... ok
test lang_format_tsv_contains_expected_headers ... ok
test lang_format_tsv_has_tabs_and_consistent_columns ... ok
test module_format_json_is_parseable_with_mode ... ok
test module_format_json_rows_have_module_key ... ok
test module_format_markdown_shows_directories ... ok
test module_format_markdown_has_table_structure ... ok
test module_format_tsv_has_consistent_columns ... ok
test module_format_tsv_header_has_module_field ... ok

test result: ok. 35 passed; 0 failed; 0 ignored; 0 measured; 0 filtered out; finished in 0.20s

     Running tests/properties.rs (target/debug/deps/properties-761cb8109c9a77c4)

running 18 tests
test avg_function::zero_lines_returns_zero ... ok
test avg_function::exact_division ... ok
test avg_function::zero_files_returns_zero ... ok
test avg_function::rounds_correctly ... ok
test module_key::deterministic ... ok
test module_key::no_backslash_in_result ... ok
test module_key::matching_root_respects_depth ... ok
test module_key::non_root_dir_returns_first_segment ... ok
test module_key::root_file_is_root ... ok
test module_key::never_crashes ... ok
test module_key::normalized_input_equivalence ... ok
test path_normalization::idempotent ... ok
test path_normalization::always_forward_slash ... ok
test path_normalization::backslash_to_forward_preserves_segments ... ok
test path_normalization::never_crashes ... ok
test path_normalization::no_leading_slash ... ok
test path_normalization::prefix_stripping_works ... ok
test path_normalization::strips_leading_dot_slash ... ok

test result: ok. 18 passed; 0 failed; 0 ignored; 0 measured; 0 filtered out; finished in 0.36s

     Running tests/receipt_contracts_w72.rs (target/debug/deps/receipt_contracts_w72-95dd00b9ea53fe7e)

running 35 tests
test w72_analysis_receipt_schema_version_matches ... ok
test w72_analyze_json_keys_sorted ... ok
test w72_analyze_receipt_args_preset ... ok
test w72_all_json_commands_produce_valid_json ... ok
test w72_all_json_envelopes_have_timestamp ... ok
test w72_all_json_envelopes_contain_tool_name_tokmd ... ok
test w72_analyze_receipt_has_required_envelope ... ok
test w72_analyze_receipt_has_schema_version ... ok
test w72_analyze_receipt_has_derived_section ... ok
test w72_analyze_receipt_non_null_required_fields ... ok
test w72_analyze_receipt_tool_metadata ... ok
test w72_export_json_is_valid_envelope ... ok
test w72_export_json_keys_sorted ... ok
test w72_export_json_non_null_required_fields ... ok
test w72_export_json_rows_have_file_fields ... ok
test w72_export_jsonl_all_lines_valid_json ... ok
test w72_export_jsonl_meta_has_schema_version ... ok
test w72_export_jsonl_data_rows_have_required_fields ... ok
test w72_core_receipts_share_schema_version ... ok
test w72_export_row_numeric_fields_non_negative ... ok
test w72_lang_json_has_tool_metadata ... ok
test w72_lang_json_has_schema_version ... ok
test w72_lang_json_has_required_envelope_fields ... ok
test w72_lang_json_has_total ... ok
test w72_lang_json_keys_sorted ... ok
test w72_lang_json_non_null_required_fields ... ok
test w72_lang_json_rows_have_required_fields ... ok
test w72_lang_row_numeric_fields_non_negative ... ok
test w72_module_json_has_required_envelope_fields ... ok
test w72_module_json_has_root_module ... ok
test w72_module_json_has_schema_version ... ok
test w72_module_json_keys_sorted ... ok
test w72_module_json_has_total ... ok
test w72_module_json_rows_have_required_fields ... ok
test w72_module_json_non_null_required_fields ... ok

test result: ok. 35 passed; 0 failed; 0 ignored; 0 measured; 0 filtered out; finished in 0.34s

     Running tests/regression_prevention_w55.rs (target/debug/deps/regression_prevention_w55-5fc7c9267eb09d50)

running 45 tests
test analysis_schema_version_is_8 ... ok
test badge_svg_produces_valid_svg ... ok
test badge_command_exists ... ok
test cli_analyze_json_schema_version_matches_constant ... ok
test context_bundle_schema_version_is_2 ... ok
test context_schema_version_is_4 ... ok
test analyze_command_exists ... ok
test analyze_json_has_required_keys ... ok
test create_lang_report_produces_report ... ok
test create_export_data_produces_data ... ok
test create_module_report_produces_report ... ok
test diff_receipt_api_not_removed ... ok
test derive_report_api_not_removed ... ok
test cli_lang_json_schema_version_matches_constant ... ok
test empty_dir_produces_empty_report ... ok
test export_command_exists ... ok
test handoff_schema_version_is_5 ... ok
test format_write_functions_accept_writers ... ok
test invalid_path_produces_error_or_empty ... ok
test invalid_preset_flag_fails ... ok
test invalid_format_flag_fails ... ok
test export_csv_has_header_line ... ok
test export_json_has_required_keys ... ok
test invalid_subcommand_fails_with_help ... ok
test json_output_parseable_as_serde_value ... ok
test lang_command_exists ... ok
test lang_json_has_required_keys ... ok
test model_utility_functions_work ... ok
test lang_markdown_has_table_headers ... ok
test lang_receipt_deserialize_roundtrip ... ok
test lang_tsv_has_header_line ... ok
test module_command_exists ... ok
test module_json_has_required_keys ... ok
test module_keys_never_start_with_slash ... ok
test receipt_generated_at_ms_present ... ok
test no_backslash_in_any_json_path ... ok
test receipt_tool_field_has_name_and_version ... ok
test rows_sorted_descending_by_code_in_lang ... ok
test schema_version_is_2 ... ok
test scan_args_in_receipt_has_correct_structure ... ok
test scan_function_accepts_paths_and_options ... ok
test total_code_equals_sum_of_rows ... ok
test total_files_equals_sum_of_rows ... ok
test totals_nonnegative ... ok
test receipt_mode_field_present_and_correct ... ok

test result: ok. 45 passed; 0 failed; 0 ignored; 0 measured; 0 filtered out; finished in 0.23s

     Running tests/regression_suite_w52.rs (target/debug/deps/regression_suite_w52-3a87387af5775ee9)

running 26 tests
test csv_consistent_column_count ... ok
test analysis_json_receipt_has_required_keys ... ok
test empty_dir_produces_valid_receipt_with_zero_values ... ok
test export_json_receipt_has_required_keys ... ok
test export_paths_are_relative ... ok
test export_rows_sorted_by_code_desc_then_path ... ok
test file_lines_gte_code_plus_comments_plus_blanks ... ok
test all_receipts_include_tool_version ... ok
test all_schema_versions_are_numeric ... ok
test json_top_level_has_expected_keys ... ok
test jsonl_each_line_is_valid_json ... ok
test lang_json_receipt_has_required_keys ... ok
test lang_receipt_roundtrips_through_json ... ok
test markdown_output_starts_with_header_or_table ... ok
test flatten_puts_report_fields_at_top_level ... ok
test module_keys_never_start_with_slash ... ok
test module_json_receipt_has_required_keys ... ok
test no_backslash_paths_in_json_output ... ok
test no_negative_values_in_any_numeric_field ... ok
test total_code_equals_sum_of_lang_code ... ok
test totals_values_are_non_negative ... ok
test unknown_format_does_not_crash ... ok
test tsv_first_line_is_header ... ok
test top_n_other_row_preserves_remaining_totals ... ok
test xml_output_has_valid_root_element ... ok
test receipt_enums_serialize_to_expected_strings ... ok

test result: ok. 26 passed; 0 failed; 0 ignored; 0 measured; 0 filtered out; finished in 0.31s

     Running tests/run_diff.rs (target/debug/deps/run_diff-2ef9fa1f1aaba63b)

running 18 tests
hint: Using 'master' as the name for the initial branch. This default branch name
hint: will change to "main" in Git 3.0. To configure the initial branch name
hint: to use in all of your new repositories, which will suppress this warning,
hint: call:
hint:
hint: 	git config --global init.defaultBranch <name>
hint:
hint: Names commonly chosen instead of 'master' are 'main', 'trunk' and
hint: 'development'. The just-created branch can be renamed via this command:
hint:
hint: 	git branch -m <name>
hint:
hint: Disable this message with "git config set advice.defaultBranchName false"
Initialized empty Git repository in /tmp/.tmpcYXynf/repo/.git/
[master (root-commit) 6e8bf67] initial
 1 file changed, 1 insertion(+)
 create mode 100644 src/lib.rs
[master 51806de] add b
 1 file changed, 1 insertion(+)
test test_diff_color_always_emits_ansi ... ok
test test_diff_full_mode_shows_summary_comparison_rows ... ok
test test_diff_compact_mode ... ok
test test_run_default_output_creates_local_runs_dir ... ok
test test_run_generates_artifacts ... ok
test test_run_redact_all_hashes_modules_too ... ok
test test_run_redact_all_no_raw_paths_anywhere ... ok
test test_diff_identical_runs ... ok
test test_run_redact_consistency_across_artifacts ... ok
test test_run_redact_excluded_patterns_in_module_json ... ok
test test_run_redact_excluded_patterns_in_lang_json ... ok
test test_run_redact_lang_json_paths_redacted ... ok
test test_diff_git_refs ... ok
test test_run_redact_module_json_scan_paths_redacted ... ok
test test_run_redact_with_absolute_paths ... ok
test test_run_without_redact_shows_raw_paths ... ok
test test_run_with_redact_flag ... ok
test test_run_redact_paths_vs_all_difference ... ok

test result: ok. 18 passed; 0 failed; 0 ignored; 0 measured; 0 filtered out; finished in 0.21s

     Running tests/schema_doc_sync.rs (target/debug/deps/schema_doc_sync-3b99a5db276e716c)

running 6 tests
test reference_cli_help_blocks_reference_real_subcommands ... ok
test schema_json_contains_all_receipt_definitions ... ok
test schema_md_version_table_matches_code_constants ... ok
test reference_cli_has_sections_for_all_subcommands ... ok
test schema_json_version_consts_match_code_constants ... ok
test schema_json_is_valid_json_schema_draft7 ... ok

test result: ok. 6 passed; 0 failed; 0 ignored; 0 measured; 0 filtered out; finished in 0.08s

     Running tests/schema_sync.rs (target/debug/deps/schema_sync-8edbd75943e6e527)

running 22 tests
test changelog_documents_core_schema_version ... ok
test embedded_schema_json_matches_docs_schema_json ... ok
test changelog_documents_analysis_schema_version ... ok
test reference_cli_lang_help_matches_actual ... ok
test schema_json_analysis_receipt_version_matches_code ... ok
test schema_json_cockpit_receipt_version_matches_code ... ok
test schema_json_context_bundle_version_matches_code ... ok
test lang_json_output_has_all_required_fields ... ok
test schema_json_context_receipt_version_matches_code ... ok
test module_json_output_has_all_required_fields ... ok
test export_json_output_has_all_required_fields ... ok
test schema_json_export_receipt_version_matches_code ... ok
test schema_json_lang_receipt_version_matches_code ... ok
test schema_json_handoff_manifest_version_matches_code ... ok
test schema_md_cockpit_version_matches_code ... ok
test schema_md_analysis_version_matches_code ... ok
test schema_md_context_version_matches_code ... ok
test schema_md_code_references_point_to_existing_files ... ok
test schema_md_context_bundle_version_matches_code ... ok
test schema_md_core_version_matches_code ... ok
test schema_md_handoff_version_matches_code ... ok
test schema_json_module_receipt_version_matches_code ... ok

test result: ok. 22 passed; 0 failed; 0 ignored; 0 measured; 0 filtered out; finished in 0.06s

     Running tests/schema_validation.rs (target/debug/deps/schema_validation-d65cc5860981e8fb)

running 18 tests
test test_analysis_receipt_with_context_window_validates ... ok
test test_analysis_receipt_validates_against_schema ... ok
test test_envelope_output_determinism ... ok
test test_analysis_receipt_supply_preset_validates ... ok
hint: Using 'master' as the name for the initial branch. This default branch name
hint: will change to "main" in Git 3.0. To configure the initial branch name
hint: to use in all of your new repositories, which will suppress this warning,
hint: call:
hint:
hint: 	git config --global init.defaultBranch <name>
hint:
hint: Names commonly chosen instead of 'master' are 'main', 'trunk' and
hint: 'development'. The just-created branch can be renamed via this command:
hint:
hint: 	git branch -m <name>
hint:
hint: Disable this message with "git config set advice.defaultBranchName false"
Initialized empty Git repository in /tmp/.tmpTsnIrf/.git/
test test_envelope_struct_validates_against_sensor_report_v1 ... ok
[main (root-commit) e3448e3] Initial commit
 1 file changed, 1 insertion(+)
 create mode 100644 lib.rs
Switched to a new branch 'feature'
test test_analysis_receipt_health_preset_validates ... ok
[feature 192f13f] Add new file
 1 file changed, 1 insertion(+)
 create mode 100644 new.rs
test test_export_receipt_validates_against_schema ... ok
test test_export_meta_validates_against_schema ... ok
test test_export_row_validates_against_schema ... ok
test test_cockpit_receipt_validates_against_schema ... ok
test test_handoff_manifest_validates_against_schema ... ok
test test_schema_copies_in_sync ... ok
test test_schema_version_matches_constant ... ok
test test_sensor_report_example_fail_validates ... ok
test test_sensor_report_schema_is_valid_json_schema ... ok
test test_sensor_report_example_pass_validates ... ok
test test_lang_receipt_validates_against_schema ... ok
test test_module_receipt_validates_against_schema ... ok

test result: ok. 18 passed; 0 failed; 0 ignored; 0 measured; 0 filtered out; finished in 0.34s

     Running tests/sensor_cli_w71.rs (target/debug/deps/sensor_cli_w71-5856565dcd873930)

running 14 tests
hint: Using 'master' as the name for the initial branch. This default branch name
hint: will change to "main" in Git 3.0. To configure the initial branch name
hint: to use in all of your new repositories, which will suppress this warning,
hint: call:
hint:
hint: 	git config --global init.defaultBranch <name>
hint:
hint: Names commonly chosen instead of 'master' are 'main', 'trunk' and
hint: 'development'. The just-created branch can be renamed via this command:
hint:
hint: 	git branch -m <name>
hint:
hint: Disable this message with "git config set advice.defaultBranchName false"
hint: Using 'master' as the name for the initial branch. This default branch name
hint: will change to "main" in Git 3.0. To configure the initial branch name
hint: to use in all of your new repositories, which will suppress this warning,
hint: call:
hint:
hint: 	git config --global init.defaultBranch <name>
hint:
hint: Names commonly chosen instead of 'master' are 'main', 'trunk' and
hint: 'development'. The just-created branch can be renamed via this command:
hint:
hint: 	git branch -m <name>
hint:
hint: Disable this message with "git config set advice.defaultBranchName false"
Initialized empty Git repository in /tmp/.tmpxUvhuW/.git/
Initialized empty Git repository in /tmp/.tmpBsSDPf/.git/
hint: Using 'master' as the name for the initial branch. This default branch name
hint: will change to "main" in Git 3.0. To configure the initial branch name
hint: to use in all of your new repositories, which will suppress this warning,
hint: call:
hint:
hint: 	git config --global init.defaultBranch <name>
hint:
hint: Names commonly chosen instead of 'master' are 'main', 'trunk' and
hint: 'development'. The just-created branch can be renamed via this command:
hint:
hint: 	git branch -m <name>
hint:
hint: Disable this message with "git config set advice.defaultBranchName false"
Initialized empty Git repository in /tmp/.tmp2PvL3y/.git/
hint: Using 'master' as the name for the initial branch. This default branch name
hint: will change to "main" in Git 3.0. To configure the initial branch name
hint: to use in all of your new repositories, which will suppress this warning,
hint: call:
hint:
hint: 	git config --global init.defaultBranch <name>
hint:
hint: Names commonly chosen instead of 'master' are 'main', 'trunk' and
hint: 'development'. The just-created branch can be renamed via this command:
hint:
hint: 	git branch -m <name>
hint:
hint: Disable this message with "git config set advice.defaultBranchName false"
Initialized empty Git repository in /tmp/.tmpTLoC2F/.git/
[main (root-commit) e07b5a6] Initial commit
 2 files changed, 2 insertions(+)
 create mode 100644 README.md
 create mode 100644 src/lib.rs
[main (root-commit) 2bc16f7] Initial commit
 1 file changed, 1 insertion(+)
 create mode 100644 src/lib.rs
Switched to a new branch 'feature'
Switched to a new branch 'feature'
[main (root-commit) 2bc16f7] Initial commit
 1 file changed, 1 insertion(+)
 create mode 100644 src/lib.rs
[main (root-commit) 2bc16f7] Initial commit
 1 file changed, 1 insertion(+)
 create mode 100644 src/lib.rs
Switched to a new branch 'feature'
Switched to a new branch 'feature'
[feature 5543e00] Feature changes
 1 file changed, 2 insertions(+)
[feature a97bdca] Feature changes
 1 file changed, 1 insertion(+), 1 deletion(-)
[feature 199c0e2] Feature changes
 1 file changed, 1 insertion(+), 1 deletion(-)
[feature a97bdca] Feature changes
 1 file changed, 1 insertion(+), 1 deletion(-)
test sensor_docs_only_change_produces_skip_verdict ... ok
hint: Using 'master' as the name for the initial branch. This default branch name
hint: will change to "main" in Git 3.0. To configure the initial branch name
hint: to use in all of your new repositories, which will suppress this warning,
hint: call:
hint:
hint: 	git config --global init.defaultBranch <name>
hint:
hint: Names commonly chosen instead of 'master' are 'main', 'trunk' and
hint: 'development'. The just-created branch can be renamed via this command:
hint:
hint: 	git branch -m <name>
hint:
hint: Disable this message with "git config set advice.defaultBranchName false"
Initialized empty Git repository in /tmp/.tmp1hJpNf/.git/
[main (root-commit) 2bc16f7] Initial commit
 1 file changed, 1 insertion(+)
 create mode 100644 src/lib.rs
Switched to a new branch 'feature'
[feature 199c0e2] Feature changes
 1 file changed, 1 insertion(+), 1 deletion(-)
test sensor_gates_contain_mutation_gate ... ok
test sensor_data_section_has_gates ... ok
test sensor_creates_report_and_sidecar_files ... ok
hint: Using 'master' as the name for the initial branch. This default branch name
hint: will change to "main" in Git 3.0. To configure the initial branch name
hint: to use in all of your new repositories, which will suppress this warning,
hint: call:
hint:
hint: 	git config --global init.defaultBranch <name>
hint:
hint: Names commonly chosen instead of 'master' are 'main', 'trunk' and
hint: 'development'. The just-created branch can be renamed via this command:
hint:
hint: 	git branch -m <name>
hint:
hint: Disable this message with "git config set advice.defaultBranchName false"
hint: Using 'master' as the name for the initial branch. This default branch name
hint: Using 'master' as the name for the initial branch. This default branch name
hint: will change to "main" in Git 3.0. To configure the initial branch name
hint: will change to "main" in Git 3.0. To configure the initial branch name
hint: to use in all of your new repositories, which will suppress this warning,
hint: to use in all of your new repositories, which will suppress this warning,
hint: call:
hint: call:
hint:
hint:
hint: 	git config --global init.defaultBranch <name>
hint: 	git config --global init.defaultBranch <name>
hint:
hint:
hint: Names commonly chosen instead of 'master' are 'main', 'trunk' and
hint: Names commonly chosen instead of 'master' are 'main', 'trunk' and
hint: 'development'. The just-created branch can be renamed via this command:
hint: 'development'. The just-created branch can be renamed via this command:
hint:
hint:
hint: 	git branch -m <name>
hint: 	git branch -m <name>
hint:
hint:
hint: Disable this message with "git config set advice.defaultBranchName false"
hint: Disable this message with "git config set advice.defaultBranchName false"
Initialized empty Git repository in /tmp/.tmpfLystR/.git/
Initialized empty Git repository in /tmp/.tmpawv3C7/.git/
Initialized empty Git repository in /tmp/.tmpph02Jd/.git/
[main (root-commit) 2bc16f7] Initial commit
 1 file changed, 1 insertion(+)
 create mode 100644 src/lib.rs
[main (root-commit) 2bc16f7] Initial commit
 1 file changed, 1 insertion(+)
 create mode 100644 src/lib.rs
Switched to a new branch 'feature'
Switched to a new branch 'feature'
[main (root-commit) 2bc16f7] Initial commit
 1 file changed, 1 insertion(+)
 create mode 100644 src/lib.rs
Switched to a new branch 'feature'
[feature 7c62d6e] Feature changes
 1 file changed, 1 insertion(+), 1 deletion(-)
[feature 7c62d6e] Feature changes
 1 file changed, 1 insertion(+), 1 deletion(-)
[feature 7c62d6e] Feature changes
 1 file changed, 1 insertion(+), 1 deletion(-)
test sensor_json_artifacts_list_has_expected_ids ... ok
hint: Using 'master' as the name for the initial branch. This default branch name
hint: will change to "main" in Git 3.0. To configure the initial branch name
hint: to use in all of your new repositories, which will suppress this warning,
hint: call:
hint:
hint: 	git config --global init.defaultBranch <name>
hint:
hint: Names commonly chosen instead of 'master' are 'main', 'trunk' and
hint: 'development'. The just-created branch can be renamed via this command:
hint:
hint: 	git branch -m <name>
hint:
hint: Disable this message with "git config set advice.defaultBranchName false"
Initialized empty Git repository in /tmp/.tmpUZHn55/.git/
[main (root-commit) 2bc16f7] Initial commit
 1 file changed, 1 insertion(+)
 create mode 100644 src/lib.rs
Switched to a new branch 'feature'
[feature 7c62d6e] Feature changes
 1 file changed, 1 insertion(+), 1 deletion(-)
test sensor_json_has_findings_array ... ok
test sensor_json_has_capabilities_or_null ... ok
test sensor_json_has_generated_at_timestamp ... ok
hint: Using 'master' as the name for the initial branch. This default branch name
hint: will change to "main" in Git 3.0. To configure the initial branch name
hint: to use in all of your new repositories, which will suppress this warning,
hint: call:
hint:
hint: 	git config --global init.defaultBranch <name>
hint:
hint: Names commonly chosen instead of 'master' are 'main', 'trunk' and
hint: 'development'. The just-created branch can be renamed via this command:
hint:
hint: 	git branch -m <name>
hint:
hint: Disable this message with "git config set advice.defaultBranchName false"
hint: Using 'master' as the name for the initial branch. This default branch name
hint: will change to "main" in Git 3.0. To configure the initial branch name
hint: to use in all of your new repositories, which will suppress this warning,
hint: call:
Initialized empty Git repository in /tmp/.tmpwXU86g/.git/
hint:
hint: 	git config --global init.defaultBranch <name>
hint:
hint: Names commonly chosen instead of 'master' are 'main', 'trunk' and
hint: 'development'. The just-created branch can be renamed via this command:
hint:
hint: 	git branch -m <name>
hint:
hint: Disable this message with "git config set advice.defaultBranchName false"
Initialized empty Git repository in /tmp/.tmpzlBSZQ/.git/
hint: Using 'master' as the name for the initial branch. This default branch name
hint: will change to "main" in Git 3.0. To configure the initial branch name
hint: to use in all of your new repositories, which will suppress this warning,
hint: call:
hint:
hint: 	git config --global init.defaultBranch <name>
hint:
hint: Names commonly chosen instead of 'master' are 'main', 'trunk' and
hint: 'development'. The just-created branch can be renamed via this command:
hint:
hint: 	git branch -m <name>
hint:
hint: Disable this message with "git config set advice.defaultBranchName false"
Initialized empty Git repository in /tmp/.tmpPZ5x9Z/.git/
[main (root-commit) 2bc16f7] Initial commit
 1 file changed, 1 insertion(+)
 create mode 100644 src/lib.rs
[main (root-commit) 2bc16f7] Initial commit
 1 file changed, 1 insertion(+)
 create mode 100644 src/lib.rs
Switched to a new branch 'feature'
[main (root-commit) 2bc16f7] Initial commit
 1 file changed, 1 insertion(+)
 create mode 100644 src/lib.rs
Switched to a new branch 'feature'
Switched to a new branch 'feature'
[feature 7c62d6e] Feature changes
 1 file changed, 1 insertion(+), 1 deletion(-)
[feature a97bdca] Feature changes
 1 file changed, 1 insertion(+), 1 deletion(-)
[feature 7c62d6e] Feature changes
 1 file changed, 1 insertion(+), 1 deletion(-)
test sensor_json_has_summary_string ... ok
hint: Using 'master' as the name for the initial branch. This default branch name
hint: will change to "main" in Git 3.0. To configure the initial branch name
hint: to use in all of your new repositories, which will suppress this warning,
hint: call:
hint:
hint: 	git config --global init.defaultBranch <name>
hint:
hint: Names commonly chosen instead of 'master' are 'main', 'trunk' and
hint: 'development'. The just-created branch can be renamed via this command:
hint:
hint: 	git branch -m <name>
hint:
hint: Disable this message with "git config set advice.defaultBranchName false"
Initialized empty Git repository in /tmp/.tmpeaxRxO/.git/
[main (root-commit) 2bc16f7] Initial commit
 1 file changed, 1 insertion(+)
 create mode 100644 src/lib.rs
Switched to a new branch 'feature'
[feature 7c62d6e] Feature changes
 1 file changed, 1 insertion(+), 1 deletion(-)
test sensor_json_has_tool_metadata ... ok
test sensor_json_schema_is_report_v1 ... ok
test sensor_json_has_verdict ... ok
hint: Using 'master' as the name for the initial branch. This default branch name
hint: will change to "main" in Git 3.0. To configure the initial branch name
hint: to use in all of your new repositories, which will suppress this warning,
hint: call:
hint:
hint: 	git config --global init.defaultBranch <name>
hint:
hint: Names commonly chosen instead of 'master' are 'main', 'trunk' and
hint: 'development'. The just-created branch can be renamed via this command:
hint:
hint: 	git branch -m <name>
hint:
hint: Disable this message with "git config set advice.defaultBranchName false"
Initialized empty Git repository in /tmp/.tmpCc85ya/.git/
[main (root-commit) 0f59c7c] Initial commit
 1 file changed, 1 insertion(+)
 create mode 100644 src/lib.rs
Switched to a new branch 'feature'
[feature 60a9ef1] Feature changes
 1 file changed, 1 insertion(+), 1 deletion(-)
test sensor_md_produces_markdown_report ... ok
test sensor_on_disk_report_matches_stdout ... ok

test result: ok. 14 passed; 0 failed; 0 ignored; 0 measured; 0 filtered out; finished in 1.03s

     Running tests/sensor_integration.rs (target/debug/deps/sensor_integration-a5ed96c934486c66)

running 7 tests
hint: Using 'master' as the name for the initial branch. This default branch name
hint: will change to "main" in Git 3.0. To configure the initial branch name
hint: to use in all of your new repositories, which will suppress this warning,
hint: call:
hint:
hint: 	git config --global init.defaultBranch <name>
hint:
hint: Names commonly chosen instead of 'master' are 'main', 'trunk' and
hint: 'development'. The just-created branch can be renamed via this command:
hint:
hint: 	git branch -m <name>
hint:
hint: Disable this message with "git config set advice.defaultBranchName false"
hint: Using 'master' as the name for the initial branch. This default branch name
hint: Using 'master' as the name for the initial branch. This default branch name
hint: will change to "main" in Git 3.0. To configure the initial branch name
hint: will change to "main" in Git 3.0. To configure the initial branch name
hint: to use in all of your new repositories, which will suppress this warning,
hint: to use in all of your new repositories, which will suppress this warning,
hint: call:
hint: call:
hint:
hint:
hint: 	git config --global init.defaultBranch <name>
hint: 	git config --global init.defaultBranch <name>
hint:
hint:
hint: Names commonly chosen instead of 'master' are 'main', 'trunk' and
hint: Names commonly chosen instead of 'master' are 'main', 'trunk' and
hint: 'development'. The just-created branch can be renamed via this command:
hint: 'development'. The just-created branch can be renamed via this command:
hint:
hint:
hint: 	git branch -m <name>
hint: 	git branch -m <name>
hint:
hint:
hint: Disable this message with "git config set advice.defaultBranchName false"
hint: Disable this message with "git config set advice.defaultBranchName false"
Initialized empty Git repository in /tmp/.tmpZfBgYI/.git/
hint: Using 'master' as the name for the initial branch. This default branch name
hint: will change to "main" in Git 3.0. To configure the initial branch name
hint: to use in all of your new repositories, which will suppress this warning,
hint: call:
hint:
hint: 	git config --global init.defaultBranch <name>
hint:
hint: Names commonly chosen instead of 'master' are 'main', 'trunk' and
hint: 'development'. The just-created branch can be renamed via this command:
hint:
hint: 	git branch -m <name>
hint:
hint: Disable this message with "git config set advice.defaultBranchName false"
Initialized empty Git repository in /tmp/.tmpyptsol/.git/
Initialized empty Git repository in /tmp/.tmpF52K1n/.git/
Initialized empty Git repository in /tmp/.tmpQfq8Gz/.git/
[main (root-commit) 0f59c7c] Initial commit
 1 file changed, 1 insertion(+)
 create mode 100644 src/lib.rs
[main (root-commit) 0f59c7c] Initial commit
 1 file changed, 1 insertion(+)
 create mode 100644 src/lib.rs
[main (root-commit) 0f59c7c] Initial commit
 1 file changed, 1 insertion(+)
 create mode 100644 src/lib.rs
Switched to a new branch 'feature'
[main (root-commit) 22ee12c] Initial commit
 2 files changed, 2 insertions(+)
 create mode 100644 README.md
 create mode 100644 src/lib.rs
Switched to a new branch 'feature'
Switched to a new branch 'feature'
Switched to a new branch 'feature'
[feature 596401c] Add changes
 2 files changed, 2 insertions(+), 1 deletion(-)
 create mode 100644 src/extra.rs
[feature 7111a40] Add 4 high-complexity files
 4 files changed, 76 insertions(+)
 create mode 100644 src/complex_1.rs
 create mode 100644 src/complex_2.rs
 create mode 100644 src/complex_3.rs
 create mode 100644 src/complex_4.rs
[feature 755986b] Update
 1 file changed, 1 insertion(+), 1 deletion(-)
[feature db384b8] Update docs
 1 file changed, 2 insertions(+)
test scenario_docs_only_change_verdict_pass ... ok
hint: Using 'master' as the name for the initial branch. This default branch name
hint: will change to "main" in Git 3.0. To configure the initial branch name
hint: to use in all of your new repositories, which will suppress this warning,
hint: call:
hint:
hint: 	git config --global init.defaultBranch <name>
hint:
hint: Names commonly chosen instead of 'master' are 'main', 'trunk' and
hint: 'development'. The just-created branch can be renamed via this command:
hint:
hint: 	git branch -m <name>
hint:
hint: Disable this message with "git config set advice.defaultBranchName false"
Initialized empty Git repository in /tmp/.tmpKtxUpx/.git/
test scenario_four_high_complexity_files_verdict_fail ... ok
hint: Using 'master' as the name for the initial branch. This default branch name
hint: will change to "main" in Git 3.0. To configure the initial branch name
hint: to use in all of your new repositories, which will suppress this warning,
hint: call:
hint:
hint: 	git config --global init.defaultBranch <name>
hint:
hint: Names commonly chosen instead of 'master' are 'main', 'trunk' and
hint: 'development'. The just-created branch can be renamed via this command:
hint:
hint: 	git branch -m <name>
hint:
hint: Disable this message with "git config set advice.defaultBranchName false"
Initialized empty Git repository in /tmp/.tmpJf6CiJ/.git/
[main (root-commit) ca0e0bc] Initial
 1 file changed, 1 insertion(+)
 create mode 100644 src/lib.rs
Switched to a new branch 'feature'
[main (root-commit) 0f59c7c] Initial commit
 1 file changed, 1 insertion(+)
 create mode 100644 src/lib.rs
Switched to a new branch 'feature'
[feature ba94c27] Update
 1 file changed, 1 insertion(+), 1 deletion(-)
[feature 842994a] Add changes
 2 files changed, 2 insertions(+), 1 deletion(-)
 create mode 100644 src/new.rs
test sensor_envelope_verdict_aggregation ... ok
test sensor_json_outputs_artifacts_and_data ... ok
hint: Using 'master' as the name for the initial branch. This default branch name
hint: will change to "main" in Git 3.0. To configure the initial branch name
hint: to use in all of your new repositories, which will suppress this warning,
hint: call:
hint:
hint: 	git config --global init.defaultBranch <name>
hint:
hint: Names commonly chosen instead of 'master' are 'main', 'trunk' and
hint: 'development'. The just-created branch can be renamed via this command:
hint:
hint: 	git branch -m <name>
hint:
hint: Disable this message with "git config set advice.defaultBranchName false"
Initialized empty Git repository in /tmp/.tmp6bxxBe/.git/
[main (root-commit) 0f59c7c] Initial commit
 1 file changed, 1 insertion(+)
 create mode 100644 src/lib.rs
Switched to a new branch 'feature'
[feature 0eb4310] Add complex code
 1 file changed, 1 insertion(+), 1 deletion(-)
test sensor_md_outputs_markdown ... ok
test sensor_report_with_contract_changes ... ok
test sensor_report_with_risk_findings ... ok

test result: ok. 7 passed; 0 failed; 0 ignored; 0 measured; 0 filtered out; finished in 0.41s

     Running tests/smoke_e2e.rs (target/debug/deps/smoke_e2e-1329c48f4dc0e721)

running 43 tests
test analyze_markdown_contains_header ... ok
test badge_doc_metric_svg ... ok
test analyze_receipt_json_has_schema_version ... ok
test badge_blank_metric_svg ... ok
test check_ignore_gitignored_file ... ok
test badge_svg_is_well_formed ... ok
test badge_out_file_creates_svg ... ok
test badge_tokens_metric_svg ... ok
test check_ignore_nonexistent_file_succeeds ... ok
test check_ignore_multiple_files ... ok
test completions_fish_mentions_tokmd ... ok
test completions_elvish_produces_output ... ok
test completions_fish_produces_output ... ok
test completions_powershell_produces_output ... ok
test completions_zsh_mentions_tokmd ... ok
test completions_zsh_produces_output ... ok
test export_help_shows_format_flag ... ok
test export_csv_has_header ... ok
test export_jsonl_meta_line_first ... ok
test export_json_has_envelope ... ok
test export_max_rows_limits_output ... ok
test help_flag_lists_subcommands ... ok
test global_exclude_applies_to_lang ... ok
test init_non_interactive_creates_file ... ok
test init_print_mono_profile ... ok
test init_print_rust_profile ... ok
test init_print_node_profile ... ok
test init_refuses_overwrite_without_force ... ok
test global_exclude_applies_to_module ... ok
test lang_help_shows_format_flag ... ok
test lang_children_collapse_json ... ok
test lang_children_separate_json ... ok
test lang_top_limits_rows ... ok
test lang_json_output_is_valid ... ok
test module_depth_zero_json ... ok
test module_children_separate_json ... ok
test module_help_shows_depth_flag ... ok
test tools_invalid_format_fails ... ok
test tools_jsonschema_has_tool_descriptions ... ok
test module_json_has_schema_version ... ok
test verbose_flag_on_module ... ok
test version_flag_prints_version ... ok
test verbose_flag_accepted ... ok

test result: ok. 43 passed; 0 failed; 0 ignored; 0 measured; 0 filtered out; finished in 0.22s

     Running tests/tok_integration.rs (target/debug/deps/tok_integration-4517505cc3d71307)

running 1 test
test tok_default_lang_output ... ok

test result: ok. 1 passed; 0 failed; 0 ignored; 0 measured; 0 filtered out; finished in 0.02s

     Running tests/tools_integration.rs (target/debug/deps/tools_integration-fc20470dae7363ab)

running 7 tests
test test_tools_clap_format ... ok
test test_tools_anthropic_format ... ok
test test_tools_contains_known_commands ... ok
test test_tools_export_formats_enum ... ok
test test_tools_jsonschema_output_parses ... ok
test test_tools_openai_format ... ok
test test_tools_pretty_output ... ok

test result: ok. 7 passed; 0 failed; 0 ignored; 0 measured; 0 filtered out; finished in 0.04s

     Running unittests src/lib.rs (target/debug/deps/tokmd_analysis-2db49e4041c72b23)

running 0 tests

test result: ok. 0 passed; 0 failed; 0 ignored; 0 measured; 0 filtered out; finished in 0.00s

     Running tests/analysis_deep_w64.rs (target/debug/deps/analysis_deep_w64-e185ea0e18c33cf4)

running 66 tests
test all_preset_strings_are_lowercase ... ok
test architecture_plan_enables_imports ... ok
test analysis_schema_version_is_current ... ok
test args_meta_serde_roundtrip ... ok
test bdd_empty_repo_valid_receipt ... ok
test bdd_modules_in_breakdown ... ok
test all_non_feature_gated_presets_produce_receipts ... ok
test deep_plan_enables_most_features ... ok
test child_include_parents_only_accepted ... ok
test bdd_receipt_counts_match_input ... ok
test child_include_separate_accepted ... ok
test deep_plan_needs_files ... ok
test derived_density_computed ... ok
test derived_language_breakdown_present ... ok
test derived_always_present_for_receipt ... ok
test derived_totals_reflect_input_data ... ok
test deterministic_derived_totals ... ok
test deterministic_integrity_hash ... ok
test deterministic_language_order ... ok
test empty_export_totals_are_zero ... ok
test empty_export_languages_empty ... ok
test empty_export_produces_valid_receipt ... ok
test different_inputs_different_hashes ... ok
test every_preset_produces_a_plan ... ok
test fun_plan_enables_only_fun ... ok
test import_granularity_clone ... ok
test health_plan_enables_todo_and_complexity ... ok
test import_granularity_equality ... ok
test limits_custom_values_preserved ... ok
test limits_default_all_none ... ok
test languages_sorted_deterministically ... ok
test multi_language_counted_correctly ... ok
test near_dup_disabled_no_dup_section ... ok
test near_dup_scope_default_is_module ... ok
test near_dup_scope_serde_roundtrip ... ok
test near_dup_scope_variants_distinct ... ok
test no_window_tokens_context_window_is_none ... ok
test preset_kind_as_str_roundtrip ... ok
test preset_kinds_count ... ok
test preset_kind_from_str_unknown_returns_none ... ok
test preset_plans_are_deterministic ... ok
test receipt_derived_has_cocomo ... ok
test receipt_derived_has_integrity ... ok
test receipt_has_tool_info ... ok
test hundred_files_produces_valid_receipt ... ok
test receipt_plan_does_not_need_files ... ok
test receipt_mode_is_analyze ... ok
test receipt_plan_has_nothing_enabled ... ok
test receipt_preset_has_no_entropy ... ok
test receipt_preset_has_no_assets ... ok
test receipt_preset_has_no_fun ... ok
test receipt_preset_has_no_git_report ... ok
test receipt_preset_has_no_imports ... ok
test receipt_preset_no_warnings ... ok
test receipt_schema_version_matches_constant ... ok
test receipt_status_is_complete ... ok
test receipt_timestamp_is_nonzero ... ok
test single_file_produces_valid_receipt ... ok
test request_with_near_dup_exclude_patterns ... ok
test single_file_one_language ... ok
test supply_plan_enables_assets_and_deps ... ok
test source_inputs_propagated ... ok
test source_base_signature_auto_populated ... ok
test zero_code_file_row ... ok
test zero_code_export_valid ... ok
test window_tokens_affects_derived ... ok

test result: ok. 66 passed; 0 failed; 0 ignored; 0 measured; 0 filtered out; finished in 0.01s

     Running tests/analysis_depth_w62.rs (target/debug/deps/analysis_depth_w62-ff9e898d4bd9f6c2)

running 63 tests
test analyze_with_empty_export_never_panics ... ok
test base_signature_populated ... ok
test boilerplate_ratio_reasonable ... ok
test child_rows_handled_without_panic ... ok
test cocomo_absent_for_empty_export ... ok
test cocomo_kloc_reasonable ... ok
test cocomo_present_for_nonzero_code ... ok
test all_presets_set_mode_analysis ... ok
test analyze_never_panics_for_any_preset ... ok
test deep_preset_has_archetype ... ok
test all_presets_produce_derived ... ok
test derived_always_has_reading_time ... ok
test deterministic_derived_across_runs ... ok
test deterministic_doc_density_ordering ... ok
test deterministic_histogram_ordering ... ok
test deterministic_json_serialization ... ok
test deterministic_top_offenders ... ok
test distribution_gini_in_range ... ok
test distribution_min_lte_max ... ok
test doc_density_ratio_reasonable ... ok
test empty_export_distribution_count_zero ... ok
test empty_export_no_top_offenders ... ok
test empty_export_polyglot_zero_langs ... ok
test empty_export_receipt_succeeds ... ok
test empty_export_totals_are_zero ... ok
test fun_preset_has_fun_report ... ok
test fun_preset_no_assets ... ok
test fun_preset_no_git ... ok
test generated_at_ms_is_nonzero ... ok
test deep_preset_has_topics ... ok
test deep_preset_has_derived ... ok
test git_disabled_produces_warning_for_risk_preset ... ok
test identity_preset_produces_archetype ... ok
test integrity_entries_match_file_count ... ok
test git_explicitly_disabled_no_warning ... ok
test nesting_avg_nonnegative ... ok
test no_window_tokens_means_no_context_window ... ok
test polyglot_counts_languages ... ok
test polyglot_dominant_is_largest ... ok
test polyglot_dominant_pct_reasonable ... ok
test health_preset_has_derived ... ok
test near_dup_disabled_by_default ... ok
test prop_cocomo_effort_nonnegative ... ok
test derived_always_has_integrity ... ok
test prop_distribution_median_between_min_max ... ok
test prop_receipt_always_succeeds ... ok
test receipt_preset_always_has_derived ... ok
test receipt_preset_has_no_assets ... ok
test prop_integrity_hash_stable ... ok
test receipt_preset_has_no_git ... ok
test receipt_preset_no_fun ... ok
test receipt_preset_has_no_imports ... ok
test receipt_preset_no_warnings_without_optional_features ... ok
test schema_version_matches_constant ... ok
test single_file_export_totals_match ... ok
test source_inputs_preserved ... ok
test test_density_ratio_reasonable ... ok
test topics_preset_produces_topics ... ok
test window_tokens_fits_when_small_codebase ... ok
test window_tokens_reflected_in_context_window ... ok
test prop_tokens_proportional ... ok
test prop_totals_code_matches_input ... ok
test schema_version_consistent_across_presets ... ok

test result: ok. 63 passed; 0 failed; 0 ignored; 0 measured; 0 filtered out; finished in 0.15s

     Running tests/capability_reporting_w53.rs (target/debug/deps/capability_reporting_w53-ae6b6247f6630b04)

running 23 tests
test all_disabled_features_have_nonempty_warnings ... ok
test architecture_preset_requests_imports_and_api_surface ... ok
test deep_preset_enables_all_core_enrichers ... ok
test disabled_complexity_warning_is_descriptive ... ok
test disabled_entropy_warning_is_descriptive ... ok
test disabled_file_inventory_warning_is_descriptive ... ok
test disabled_git_metrics_warning_is_descriptive ... ok
test analysis_receipt_status_is_complete_or_partial ... ok
test analysis_receipt_tool_name_is_tokmd ... ok
test disabled_todo_scan_warning_is_descriptive ... ok
test disabled_license_warning_is_descriptive ... ok
test health_preset_requests_todo_and_complexity ... ok
test preset_plan_is_deterministic ... ok
test receipt_preset_deterministic_across_runs ... ok
test receipt_preset_enables_no_optional_enrichers ... ok
test receipt_preset_produces_valid_receipt_with_derived ... ok
test receipt_preset_with_empty_export_does_not_panic ... ok
test risk_preset_requests_git_and_complexity ... ok
test single_file_export_does_not_panic ... ok
test supply_preset_requests_assets_and_deps ... ok
test explicit_git_true_on_non_git_dir_emits_warning ... ok
test explicit_git_false_skips_git_even_for_risk_preset ... ok
test health_preset_without_content_feature_emits_warnings ... ok

test result: ok. 23 passed; 0 failed; 0 ignored; 0 measured; 0 filtered out; finished in 0.02s

     Running tests/deep.rs (target/debug/deps/deep-c1451f73a4650c91)

running 47 tests
test architecture_plan_enables_imports_and_api_surface ... ok
test cocomo_kloc_matches_code_div_1000 ... ok
test args_meta_json_roundtrip ... ok
test context_window_exactly_at_boundary ... ok
test context_window_with_zero_tokens_fits_any_window ... ok
test context_window_fits_when_tokens_within_budget ... ok
test deep_plan_enables_everything_except_fun ... ok
test deep_plan_needs_files ... ok
test concurrent_analyze_calls_produce_identical_results ... ok
test custom_limits_do_not_crash ... ok
test deeply_nested_modules_produce_valid_receipt ... ok
test deep_preset_on_temp_dir_produces_partial_status ... ok
test different_code_counts_produce_different_integrity_hashes ... ok
test different_exports_produce_different_integrity_hashes ... ok
test distribution_stats_are_consistent ... ok
test doc_density_ratio_is_comments_over_code_plus_comments ... ok
test fun_plan_enables_fun_only ... ok
test git_plan_enables_git_only ... ok
test git_unavailable_reported_in_warnings ... ok
test health_plan_enables_todo_and_complexity ... ok
test identity_plan_enables_archetype_and_git ... ok
test many_modules_produce_valid_receipt ... ok
test near_dup_disabled_produces_no_dup_section_on_receipt ... ok
test detail_functions_flag_does_not_panic ... ok
test near_dup_enabled_does_not_panic_on_receipt_preset ... ok
test deep_receipt_json_is_at_least_as_large_as_receipt ... ok
test reading_time_is_proportional_to_code_lines ... ok
test receipt_plan_has_all_flags_false ... ok
test receipt_plan_needs_no_files ... ok
test receipt_preset_emits_no_disabled_feature_warnings ... ok
test risk_plan_enables_git_and_complexity ... ok
test schema_version_is_positive ... ok
test near_dup_scope_variants_do_not_panic ... ok
test security_plan_enables_entropy_and_license ... ok
test single_language_has_zero_entropy ... ok
test source_json_roundtrip ... ok
test supply_plan_enables_assets_and_deps_only ... ok
test tool_info_is_consistent_across_presets ... ok
test tool_info_is_populated ... ok
test top_offenders_capped_at_ten ... ok
test two_equal_languages_have_entropy_one ... ok
test various_format_strings_do_not_panic ... ok
test warnings_from_disabled_features_match_catalog ... ok
test zero_max_files_limit_does_not_panic ... ok
test schema_version_matches_across_all_presets ... ok
test near_dup_enabled_on_all_presets_never_panics ... ok
test all_presets_json_roundtrip_is_lossless ... ok

test result: ok. 47 passed; 0 failed; 0 ignored; 0 measured; 0 filtered out; finished in 0.08s

     Running tests/deep_analysis_w48.rs (target/debug/deps/deep_analysis_w48-563119b57c45420f)

running 28 tests
test deep_preset_plan_is_superset_of_receipt ... ok
test base_signature_preserved_when_provided ... ok
test base_signature_backfilled_when_absent ... ok
test derived_totals_reflect_input_rows ... ok
test empty_export_derived_totals_are_zero ... ok
test empty_export_integrity_hash_still_present ... ok
test empty_export_produces_valid_receipt ... ok
test deep_preset_produces_receipt_regardless_of_features ... ok
test empty_export_all_presets_succeed ... ok
test fun_preset_emits_fun_report_or_warning ... ok
test health_preset_plan_enables_todo_and_complexity ... ok
test integrity_hash_present_in_derived ... ok
test non_tree_format_omits_tree_field ... ok
test receipt_generated_at_ms_is_recent ... ok
test receipt_json_roundtrip_preserves_structure ... ok
test receipt_preset_has_derived_section ... ok
test receipt_preset_has_no_optional_enrichers ... ok
test receipt_source_inputs_preserved ... ok
test receipt_tool_info_populated ... ok
test receipt_warnings_empty_for_receipt_preset ... ok
test risk_preset_plan_enables_git_and_complexity ... ok
test supply_preset_plan_enables_assets_and_deps ... ok
test tree_format_populates_tree_field ... ok
test window_tokens_none_omits_context_window ... ok
test window_tokens_populates_context_window ... ok
test every_preset_produces_mode_analysis ... ok
test derived_always_populated_regardless_of_preset ... ok
test every_preset_produces_receipt_with_correct_schema_version ... ok

test result: ok. 28 passed; 0 failed; 0 ignored; 0 measured; 0 filtered out; finished in 0.06s

     Running tests/derived.rs (target/debug/deps/derived-116a9d5e23a89916)

running 1 test
test derived_metrics_basic ... ok

test result: ok. 1 passed; 0 failed; 0 ignored; 0 measured; 0 filtered out; finished in 0.00s

     Running tests/determinism.rs (target/debug/deps/determinism-d3fb11281e22c498)

running 1 test
test test_derive_report_determinism ... ok

test result: ok. 1 passed; 0 failed; 0 ignored; 0 measured; 0 filtered out; finished in 0.04s

     Running tests/enricher_pipeline.rs (target/debug/deps/enricher_pipeline-a7e6e8f416062c2d)

running 14 tests
test analysis_receipt_mode_is_analysis ... ok
test analysis_receipt_generated_at_ms_positive ... ok
test analysis_receipt_schema_version_matches_constant ... ok
test analysis_receipt_deterministic_across_runs ... ok
test deep_preset_enables_most_enrichers ... ok
test empty_export_has_complete_status ... ok
test empty_export_receipt_preset_succeeds ... ok
test fun_preset_enables_fun_only ... ok
test health_preset_enables_todo_and_complexity ... ok
test receipt_preset_enables_only_derived ... ok
test risk_preset_enables_git ... ok
test empty_export_json_round_trips ... ok
test integrity_hash_changes_with_different_input ... ok
test empty_export_health_preset_succeeds ... ok

test result: ok. 14 passed; 0 failed; 0 ignored; 0 measured; 0 filtered out; finished in 0.01s

     Running tests/feature_gates_w71.rs (target/debug/deps/feature_gates_w71-2d14f9a4ec49e3d1)

running 26 tests
test architecture_preset_content_gate ... ok
test content_disabled_features_mention_content ... ok
test deep_is_superset_of_receipt ... ok
test disabled_feature_warnings_contain_required_keywords ... ok
test deep_preset_requests_all_content_enrichers ... ok
test every_preset_has_a_plan ... ok
test git_disabled_feature_mentions_git ... ok
test git_preset_requests_git_and_churn ... ok
test grid_covers_all_preset_kinds ... ok
test identity_preset_git_dependent_fields ... ok
test needs_files_consistent_with_plan_flags ... ok
test preset_plan_for_name_accepts_all_canonical_names ... ok
test preset_plan_for_name_rejects_unknown ... ok
test health_preset_does_not_request_git ... ok
test health_preset_content_gate_no_silent_success ... ok
test git_false_override_suppresses_git_in_deep_preset ... ok
test receipt_preset_empty_export_still_produces_derived ... ok
test receipt_preset_works_without_optional_features ... ok
test security_preset_walk_content_gates ... ok
test risk_preset_degrades_gracefully_without_git ... ok
test supply_preset_walk_gate_no_silent_success ... ok
test walk_disabled_feature_mentions_walk ... ok
test warnings_array_always_present ... ok
test status_is_complete_or_partial_for_all_presets ... ok
test risk_preset_git_gate_no_silent_success ... ok
test receipt_metadata_always_present ... ok

test result: ok. 26 passed; 0 failed; 0 ignored; 0 measured; 0 filtered out; finished in 0.05s

     Running tests/feature_matrix.rs (target/debug/deps/feature_matrix-5bb7bc0c1efcb649)

running 4 tests
test fun_feature_is_included ... ok
test topics_feature_is_included ... ok
hint: Using 'master' as the name for the initial branch. This default branch name
hint: will change to "main" in Git 3.0. To configure the initial branch name
hint: to use in all of your new repositories, which will suppress this warning,
hint: call:
hint:
hint: 	git config --global init.defaultBranch <name>
hint:
hint: Names commonly chosen instead of 'master' are 'main', 'trunk' and
hint: 'development'. The just-created branch can be renamed via this command:
hint:
hint: 	git branch -m <name>
hint:
hint: Disable this message with "git config set advice.defaultBranchName false"
Initialized empty Git repository in /tmp/.tmpWHcsTO/.git/
test archetype_feature_is_included ... ok
[master (root-commit) da99c30] fixture seed
 2 files changed, 4 insertions(+)
 create mode 100644 Cargo.toml
 create mode 100644 src/lib.rs
test fingerprint_feature_is_included ... ok

test result: ok. 4 passed; 0 failed; 0 ignored; 0 measured; 0 filtered out; finished in 0.03s

     Running tests/git.rs (target/debug/deps/git-a4ea939aa4aee863)

running 1 test
hint: Using 'master' as the name for the initial branch. This default branch name
hint: will change to "main" in Git 3.0. To configure the initial branch name
hint: to use in all of your new repositories, which will suppress this warning,
hint: call:
hint:
hint: 	git config --global init.defaultBranch <name>
hint:
hint: Names commonly chosen instead of 'master' are 'main', 'trunk' and
hint: 'development'. The just-created branch can be renamed via this command:
hint:
hint: 	git branch -m <name>
hint:
hint: Disable this message with "git config set advice.defaultBranchName false"
Initialized empty Git repository in /tmp/.tmpRgdN8t/.git/
[master (root-commit) 0f29f11] first
 1 file changed, 1 insertion(+)
 create mode 100644 src/lib.rs
[master 42dfe87] second
 2 files changed, 2 insertions(+)
 create mode 100644 README.md
test git_tests::git_metrics_basic ... ok

test result: ok. 1 passed; 0 failed; 0 ignored; 0 measured; 0 filtered out; finished in 0.05s

     Running tests/mutant_killers.rs (target/debug/deps/mutant_killers-f8a02085543be28c)

running 29 tests
test cocomo_calculates_correctly_for_1000_lines ... ok
test cocomo_returns_none_for_zero_code ... ok
test cocomo_calculates_correctly_for_10000_lines ... ok
test boilerplate_calculates_ratio ... ok
test context_window_calculates_pct_correctly ... ok
test context_window_zero_window_gives_zero_pct ... ok
test distribution_calculates_gini_coefficient ... ok
test distribution_calculates_gini_for_unequal ... ok
test distribution_calculates_median_correctly_even ... ok
test distribution_empty_is_zeroed ... ok
test distribution_calculates_median_correctly_odd ... ok
test doc_density_calculates_ratio ... ok
test fun_preset_tests::eco_label_grade_c_for_larger_codebase ... ok
test fun_preset_tests::eco_label_grade_a_for_small_codebase ... ok
test fun_preset_tests::eco_label_grade_b_for_medium_codebase ... ok
test fun_preset_tests::eco_label_grade_d_for_large_codebase ... ok
test fun_preset_tests::eco_label_grade_e_for_huge_codebase ... ok
test histogram_bucket_counts ... ok
test distribution_calculates_percentiles ... ok
test max_file_empty_export ... ok
test lang_purity_calculates_dominant_pct ... ok
test max_file_selects_largest ... ok
test integrity_hash_changes_with_content ... ok
test polyglot_calculates_entropy ... ok
test nesting_calculates_depth ... ok
test reading_time_calculates_correctly ... ok
test polyglot_dominant_lang_correct ... ok
test test_density_calculates_ratio ... ok
test top_offenders_sorted_correctly ... ok

test result: ok. 29 passed; 0 failed; 0 ignored; 0 measured; 0 filtered out; finished in 0.01s

     Running tests/orchestration.rs (target/debug/deps/orchestration-0b42b508136ee138)

running 59 tests
test args_meta_is_preserved_in_receipt ... ok
test base_signature_is_backfilled_from_integrity_hash ... ok
test base_signature_is_preserved_when_already_set ... ok
test child_rows_excluded_from_file_count_and_totals ... ok
test context_window_does_not_fit_when_tokens_exceed_window ... ok
test context_window_present_when_window_tokens_set ... ok
test context_window_absent_when_no_window_tokens ... ok
test deep_plan_does_not_include_fun ... ok
test deep_plan_is_superset_of_all_non_fun_presets ... ok
test architecture_preset_requests_imports_and_api_surface ... ok
test deep_preset_warnings_are_superset_of_receipt_warnings ... ok
test empty_export_produces_valid_receipt ... ok
test deep_json_roundtrip_is_lossless ... ok
test file_import_granularity_does_not_affect_derived_metrics ... ok
test derived_fields_present_for_all_presets ... ok
test empty_export_with_all_presets_never_panics ... ok
test all_presets_produce_valid_receipt ... ok
test full_receipt_determinism_receipt_preset ... ok
test fun_preset_produces_fun_report_and_derived ... ok
test git_false_override_suppresses_git_enrichment ... ok
test git_none_defers_to_preset_plan ... ok
test full_receipt_determinism_deep_preset ... ok
test full_receipt_determinism_health_preset ... ok
test identity_preset_produces_archetype ... ok
test integrity_hash_is_stable_across_runs ... ok
test git_request_without_repo_produces_partial_status ... ok
test health_preset_requests_todo_and_complexity ... ok
test only_child_rows_produces_zero_totals ... ok
test parents_only_child_mode_works ... ok
test polyglot_many_languages ... ok
test large_file_count_does_not_panic ... ok
test non_fun_presets_do_not_produce_fun_report ... ok
test prop_analyze_never_panics ... ok
test prop_cocomo_kloc_equals_code_div_1000 ... ok
test prop_doc_density_in_zero_one ... ok
test full_receipt_determinism_across_all_presets ... ok
test prop_derived_totals_match_parent_rows ... ok
test receipt_generated_at_ms_is_nonzero ... ok
test receipt_has_correct_schema_version ... ok
test receipt_json_roundtrip_is_lossless ... ok
test receipt_mode_is_analysis ... ok
test receipt_preset_does_not_produce_archetype ... ok
test receipt_preset_does_not_produce_topics ... ok
test receipt_preset_produces_no_warnings_without_feature_gates ... ok
test receipt_preset_produces_only_derived ... ok
test receipt_preset_with_no_warnings_is_complete ... ok
test risk_preset_does_not_include_unrelated_enrichers ... ok
test security_preset_requests_entropy_and_license ... ok
test single_file_produces_valid_metrics ... ok
test prop_reading_time_proportional_to_code ... ok
test source_inputs_and_module_roots_are_preserved ... ok
test supply_preset_requests_assets_and_deps ... ok
test topics_preset_produces_topics_report ... ok
test tree_absent_when_format_is_json ... ok
test tree_is_built_when_format_contains_tree ... ok
test zero_code_files_produce_valid_receipt ... ok
test prop_gini_is_zero_to_one ... ok
test single_file_repo_all_presets_produce_valid_receipt ... ok
test prop_integrity_entry_count_equals_file_count ... ok

test result: ok. 59 passed; 0 failed; 0 ignored; 0 measured; 0 filtered out; finished in 0.26s

     Running tests/orchestration_w54.rs (target/debug/deps/orchestration_w54-835111c58d13199a)

running 24 tests
test w54_base_signature_backfilled ... ok
test w54_base_signature_preserved ... ok
test w54_context_window_absent ... ok
test w54_context_window_present ... ok
test w54_derived_totals_parent_only ... ok
test w54_deterministic_derived ... ok
test w54_empty_export_valid ... ok
test w54_git_on_tempdir_partial ... ok
test w54_git_false_no_git ... ok
test w54_health_preset_warnings ... ok
test w54_mode_is_analysis ... ok
test w54_multi_language_export ... ok
test w54_receipt_complete_status ... ok
test w54_near_dup_disabled_default ... ok
test w54_receipt_preset_derived_only ... ok
test w54_schema_version_correct ... ok
test w54_single_file_export ... ok
test w54_source_inputs_preserved ... ok
test w54_timestamp_positive ... ok
test w54_tree_absent_json ... ok
test w54_tree_built ... ok
test w54_large_export_succeeds ... ok
test w54_supply_no_git ... ok
test w54_all_presets_valid ... ok

test result: ok. 24 passed; 0 failed; 0 ignored; 0 measured; 0 filtered out; finished in 0.04s

     Running tests/orchestration_w68.rs (target/debug/deps/orchestration_w68-8e68217f1dbf2a12)

running 31 tests
test all_presets_have_plans ... ok
test analyze_empty_export_has_zero_distribution ... ok
test analyze_empty_export_has_zero_cocomo ... ok
test analyze_empty_export_receipt_preset ... ok
test analyze_minimal_export_has_cocomo ... ok
test analyze_minimal_export_has_derived ... ok
test analyze_is_deterministic ... ok
test analyze_minimal_export_doc_density ... ok
test analyze_multi_lang_counts_all_files ... ok
test analyze_multi_lang_doc_density_by_lang ... ok
test analyze_multi_lang_distribution ... ok
test analyze_multi_lang_polyglot_reports_two_langs ... ok
test preset_architecture_enables_imports_and_api_surface ... ok
test preset_deep_enables_everything_except_fun ... ok
test preset_from_str_roundtrip ... ok
test preset_from_str_unknown_returns_none ... ok
test preset_fun_enables_only_fun ... ok
test preset_git_enables_git ... ok
test preset_receipt_exists ... ok
test preset_health_enables_todo_and_complexity ... ok
test preset_identity_enables_archetype_and_git ... ok
test preset_risk_enables_git_and_complexity ... ok
test preset_security_enables_entropy_and_license ... ok
test preset_supply_enables_assets_and_deps ... ok
test preset_topics_enables_only_topics ... ok
test receipt_base_signature_populated_from_derived ... ok
test receipt_generated_at_ms_is_nonzero ... ok
test receipt_has_tool_info ... ok
test receipt_mode_is_analysis ... ok
test receipt_schema_version_matches_constant ... ok
test receipt_status_complete_for_receipt_preset ... ok

test result: ok. 31 passed; 0 failed; 0 ignored; 0 measured; 0 filtered out; finished in 0.00s

     Running tests/orchestration_w73.rs (target/debug/deps/orchestration_w73-7c71c9f46424ca0d)

running 23 tests
test architecture_preset_enables_imports_and_api_surface ... ok
test base_signature_backfilled_from_integrity_hash ... ok
test analyze_receipt_deterministic_across_runs ... ok
test base_signature_not_overwritten_when_provided ... ok
test deep_preset_enables_all_base_enrichers_except_fun ... ok
test deep_is_superset_of_all_non_fun_presets ... ok
test fun_preset_enables_only_fun ... ok
test empty_export_still_produces_valid_receipt ... ok
test git_override_true_on_receipt_preset_attempts_git ... ok
test git_preset_enables_git_only ... ok
test health_preset_enables_todo_and_complexity ... ok
test identity_preset_enables_archetype_git_and_fingerprint ... ok
test non_tree_format_leaves_tree_none ... ok
test receipt_preset_enables_no_optional_enrichers ... ok
test receipt_preset_produces_no_warnings ... ok
test risk_preset_enables_git_and_complexity ... ok
test security_preset_enables_entropy_and_license ... ok
test git_override_false_suppresses_git_on_risk_preset ... ok
test supply_preset_enables_assets_and_deps ... ok
test topics_preset_enables_only_topics ... ok
test tree_format_populates_tree_field ... ok
test analyze_deterministic_warnings_for_same_preset ... ok
test analyze_all_presets_produce_valid_receipts ... ok

test result: ok. 23 passed; 0 failed; 0 ignored; 0 measured; 0 filtered out; finished in 0.13s

     Running tests/orchestrator.rs (target/debug/deps/orchestrator-753e670ce2a7ee6f)

running 13 tests
test args_are_preserved_in_receipt ... ok
test derived_report_has_totals_and_integrity ... ok
test base_signature_auto_populated_when_absent ... ok
test empty_export_produces_zero_totals ... ok
test determinism_same_input_same_derived ... ok
test fun_preset_does_not_produce_git_or_assets ... ok
test fun_preset_produces_fun_report ... ok
test git_disabled_via_flag_produces_no_git_report ... ok
test health_preset_emits_warnings_for_disabled_features ... ok
test deep_preset_always_has_derived ... ok
test receipt_preset_produces_derived_metrics_only ... ok
test receipt_schema_version_matches_constant ... ok
test mode_is_always_analysis ... ok

test result: ok. 13 passed; 0 failed; 0 ignored; 0 measured; 0 filtered out; finished in 0.05s

     Running unittests src/lib.rs (target/debug/deps/tokmd_analysis_api_surface-ae8fa4930b25790f)

running 52 tests
test tests::empty_input_returns_empty ... ok
test tests::go_const_private ... ok
test tests::go_method_receiver ... ok
test tests::go_private_func ... ok
test tests::go_private_method ... ok
test tests::go_public_func ... ok
test tests::go_public_type ... ok
test tests::go_var_public ... ok
test tests::has_doc_comment_at_index_zero_is_false ... ok
test tests::has_doc_comment_with_doc_attribute ... ok
test tests::java_documented ... ok
test tests::java_private_member ... ok
test tests::java_package_private_class ... ok
test tests::java_protected_member ... ok
test tests::java_public_enum ... ok
test tests::java_public_class ... ok
test tests::java_public_interface ... ok
test tests::java_public_record ... ok
test tests::java_public_static_method ... ok
test tests::js_async_function_internal ... ok
test tests::js_export_class ... ok
test tests::js_export_const_default ... ok
test tests::js_export_function ... ok
test tests::js_internal_function ... ok
test tests::python_async_def ... ok
test tests::python_async_def_private ... ok
test tests::python_class ... ok
test tests::python_docstring_detected ... ok
test tests::python_indented_def_ignored ... ok
test tests::python_private_class ... ok
test tests::python_private_def ... ok
test tests::python_public_def ... ok
test tests::rust_async_unsafe ... ok
test tests::rust_documented_item ... ok
test tests::rust_internal_items ... ok
test tests::rust_private_fn ... ok
test tests::rust_pub_crate ... ok
test tests::rust_pub_fn ... ok
test tests::rust_pub_mod_const_static ... ok
test tests::rust_pub_struct_enum_trait ... ok
test tests::rust_pub_type_alias ... ok
test tests::rust_pub_unmatched_paren_no_panic ... ok
test tests::rust_undocumented_item ... ok
test tests::supported_langs ... ok
test tests::supported_langs_case_insensitive ... ok
test tests::test_round ... ok
test tests::test_round_small_fraction ... ok
test tests::test_round_zero ... ok
test tests::ts_export_enum ... ok
test tests::ts_export_interface_type_enum ... ok
test tests::unsupported_lang_returns_empty ... ok
test tests::unsupported_langs ... ok

test result: ok. 52 passed; 0 failed; 0 ignored; 0 measured; 0 filtered out; finished in 0.02s

     Running tests/api_surface_depth_w55.rs (target/debug/deps/api_surface_depth_w55-c993466372b1c104)

running 30 tests
test child_kind_rows_skipped ... ok
test deterministic_output ... ok
test by_language_breakdown ... ok
test by_module_breakdown ... ok
test empty_files_empty_report ... ok
test documented_ratio_zero_when_no_docs ... ok
test documented_ratio_one_when_all_documented ... ok
test documented_ratio_zero_when_no_public_items ... ok
test file_with_no_symbols_excluded ... ok
test java_public_private ... ok
test go_capitalization_visibility ... ok
test lang_surface_public_ratio_accurate ... ok
test js_export_detection ... ok
test missing_file_skipped_gracefully ... ok
test max_bytes_limit_stops_scanning ... ok
test module_row_public_ratio ... ok
test public_ratio_one_when_all_public ... ok
test multi_language_report ... ok
test public_ratio_zero_when_no_public ... ok
test python_docstring_detection ... ok
test rust_all_internal ... ok
test python_public_private ... ok
test rust_all_public ... ok
test rust_documented_public ... ok
test rust_mixed_visibility ... ok
test rust_pub_crate_counted_as_public ... ok
test top_exporters_sorted_by_public_items ... ok
test unsupported_language_excluded ... ok
test ts_export_abstract_class ... ok
test ts_multiple_exports ... ok

test result: ok. 30 passed; 0 failed; 0 ignored; 0 measured; 0 filtered out; finished in 0.01s

     Running tests/api_surface_depth_w61.rs (target/debug/deps/api_surface_depth_w61-b95e7fda35543381)

running 45 tests
test by_module_sorted_descending_by_total ... ok
test api_surface_report_json_has_expected_keys ... ok
test api_surface_report_json_roundtrip ... ok
test by_module_tie_broken_by_name ... ok
test child_rows_produce_no_items ... ok
test documented_ratio_exactly_one_when_all_public_documented ... ok
test empty_file_yields_no_items ... ok
test file_not_in_export_rows_skipped ... ok
test go_method_receiver_private ... ok
test go_type_interface_detected ... ok
test go_var_and_const_detected ... ok
test java_javadoc_documentation_detected ... ok
test java_protected_as_internal ... ok
test java_public_abstract_class_detected ... ok
test java_public_record_detected ... ok
test java_public_final_class_detected ... ok
test js_export_async_function_detected ... ok
test js_export_default_detected ... ok
test nonexistent_file_gracefully_skipped ... ok
test max_file_bytes_truncates_large_file ... ok
test no_files_yields_zero_report ... ok
test language_name_case_insensitive_matching ... ok
test only_whitespace_file_yields_no_items ... ok
test prop_lang_sums_equal_totals ... ok
test public_ratio_exactly_one_third ... ok
test python_async_def_detected ... ok
test python_dunder_counted_as_public ... ok
test python_indented_defs_ignored ... ok
test python_private_async_def_detected ... ok
test python_triple_single_quote_docstring ... ok
test rust_comment_lines_not_counted_as_items ... ok
test rust_doc_attr_counts_as_documented ... ok
test rust_pub_async_fn_detected ... ok
test rust_pub_in_path_treated_as_public ... ok
test rust_pub_super_treated_as_public ... ok
test rust_unsafe_trait_detected ... ok
test single_newline_file_yields_no_items ... ok
test six_language_report_deterministic_over_20_runs ... ok
test top_exporters_excludes_internal_only_files ... ok
test ts_export_abstract_class_detected ... ok
test ts_export_enum_detected ... ok
test ts_export_let_detected ... ok
test prop_ratios_bounded ... ok
test prop_total_eq_public_plus_internal_any_lang ... ok
test prop_top_exporters_always_sorted ... ok

test result: ok. 45 passed; 0 failed; 0 ignored; 0 measured; 0 filtered out; finished in 0.29s

     Running tests/api_surface_w75.rs (target/debug/deps/api_surface_w75-f58ec85379531a99)

running 10 tests
test go_uppercase_is_public ... ok
test javascript_exports_and_internals ... ok
test multi_language_aggregation ... ok
test python_public_and_private ... ok
test rust_counts_pub_fns ... ok
test rust_counts_pub_struct_enum_trait ... ok
test rust_mixed_pub_and_private ... ok
test rust_internal_struct_enum_trait ... ok
test unsupported_language_ignored ... ok
test rust_pub_crate_counted_as_public ... ok

test result: ok. 10 passed; 0 failed; 0 ignored; 0 measured; 0 filtered out; finished in 0.00s

     Running tests/bdd.rs (target/debug/deps/bdd-1a860135eb4e8031)

running 33 tests
test given_empty_source_file_report_is_empty ... ok
test given_child_kind_rows_they_are_excluded ... ok
test given_equal_public_items_top_exporters_sorted_by_path ... ok
test given_documented_public_items_ratio_is_correct ... ok
test given_file_with_only_comments_no_symbols ... ok
test given_file_with_no_public_items_not_in_top_exporters ... ok
test given_files_in_different_modules_by_module_tracks_each ... ok
test given_files_with_public_items_top_exporters_sorted ... ok
test given_go_file_with_var_and_const_detects_visibility ... ok
test given_java_file_detects_public_class ... ok
test given_go_method_receiver_detects_visibility_by_name ... ok
test given_go_file_uppercase_is_public ... ok
test given_js_file_detects_exports ... ok
test given_java_file_with_javadoc_documented_ratio_correct ... ok
test given_max_bytes_limit_scanning_stops_early ... ok
test given_multiple_files_in_same_module_then_module_counts_aggregate ... ok
test given_multiple_files_totals_equal_sum_of_parts ... ok
test given_no_files_report_is_empty ... ok
test given_no_public_items_documented_ratio_is_zero ... ok
test given_multiple_languages_by_language_tracks_each ... ok
test given_no_matching_rows_report_is_empty ... ok
test given_python_file_with_docstrings_documented_ratio_correct ... ok
test given_python_file_with_single_quote_docstring_detected ... ok
test given_rust_async_and_unsafe_pub_detected ... ok
test given_rust_file_all_public_ratio_is_one ... ok
test given_rust_file_all_internal_ratio_is_zero ... ok
test given_rust_file_with_pub_fn_detects_public_item ... ok
test given_ts_export_async_function_detected_as_public ... ok
test given_same_input_when_built_twice_then_reports_are_identical ... ok
test given_rust_pub_super_treated_as_public ... ok
test given_ts_export_abstract_class_detected_as_public ... ok
test given_ts_file_detects_interface_and_type_exports ... ok
test given_unsupported_language_file_is_skipped ... ok

test result: ok. 33 passed; 0 failed; 0 ignored; 0 measured; 0 filtered out; finished in 0.03s

     Running tests/deep.rs (target/debug/deps/deep-a98bee1a95cdeb07)

running 95 tests
test aggregation_invariants::empty_report_invariants ... ok
test aggregation_invariants::rust_only_invariants ... ok
test aggregation_invariants::python_only_invariants ... ok
test determinism::multi_language_determinism ... ok
test aggregation_invariants::multi_language_invariants ... ok
test determinism::ten_runs_identical_report ... ok
test edge_cases::child_kind_rows_excluded ... ok
test edge_cases::empty_file_list_yields_empty ... ok
test edge_cases::nonexistent_file_gracefully_skipped ... ok
test edge_cases::empty_file_yields_empty_report ... ok
test edge_cases::no_export_rows_yields_empty ... ok
test edge_cases::all_languages_empty_input_no_symbols ... ok
test edge_cases::unsupported_language_skipped ... ok
test edge_cases::whitespace_only_file ... ok
test go_symbols::documented_go_func ... ok
test go_symbols::lowercase_func_is_private ... ok
test go_symbols::interface_type_public ... ok
test go_symbols::lowercase_type_is_private ... ok
test go_symbols::method_receiver_public ... ok
test go_symbols::method_receiver_private ... ok
test go_symbols::uppercase_func_is_public ... ok
test go_symbols::uppercase_type_is_public ... ok
test go_symbols::var_and_const_visibility ... ok
test java_symbols::package_private_class ... ok
test java_symbols::internal_record ... ok
test java_symbols::private_method ... ok
test java_symbols::javadoc_detected ... ok
test java_symbols::protected_method ... ok
test java_symbols::public_class ... ok
test java_symbols::public_enum ... ok
test java_symbols::public_abstract_class ... ok
test java_symbols::public_interface ... ok
test java_symbols::public_record ... ok
test java_symbols::public_sealed_class ... ok
test java_symbols::public_final_class ... ok
test js_ts_symbols::async_function_internal ... ok
test java_symbols::public_static_method ... ok
test js_ts_symbols::export_class_is_public ... ok
test js_ts_symbols::export_async_function ... ok
test js_ts_symbols::export_abstract_class ... ok
test js_ts_symbols::documented_export_with_jsdoc ... ok
test js_ts_symbols::export_const_let_are_public ... ok
test js_ts_symbols::export_default_is_public ... ok
test js_ts_symbols::mixed_export_and_internal ... ok
test js_ts_symbols::export_interface_type_enum ... ok
test js_ts_symbols::export_function_is_public ... ok
test js_ts_symbols::non_export_function_is_internal ... ok
test js_ts_symbols::non_export_class_const_let_are_internal ... ok
test multi_module::module_public_ratio_correct ... ok
test limits::max_bytes_stops_scanning ... ok
test limits::max_file_bytes_truncates_large_file ... ok
test multi_module::different_modules_separate ... ok
test python_symbols::docstring_triple_double_quote ... ok
test multi_module::same_module_accumulates ... ok
test python_symbols::async_def_private ... ok
test python_symbols::async_def_public ... ok
test python_symbols::hash_comments_not_counted_as_symbols ... ok
test python_symbols::docstring_triple_single_quote ... ok
test python_symbols::dunder_private ... ok
test python_symbols::private_def_underscore_prefix ... ok
test python_symbols::no_docstring_ratio_zero ... ok
test python_symbols::private_class ... ok
test python_symbols::indented_method_not_counted ... ok
test python_symbols::public_class ... ok
test python_symbols::public_def ... ok
test rust_symbols::comment_only_file_no_symbols ... ok
test rust_symbols::doc_bang_comment_detected ... ok
test rust_symbols::documented_pub_fn_tracked ... ok
test rust_symbols::doc_attribute_detected ... ok
test rust_symbols::private_fn_detected_as_internal ... ok
test rust_symbols::private_struct_enum_trait_all_internal ... ok
test rust_symbols::mixed_pub_and_private ... ok
test rust_symbols::pub_async_fn ... ok
test rust_symbols::pub_fn_detected_as_public ... ok
test rust_symbols::pub_struct_enum_trait_all_public ... ok
test rust_symbols::pub_crate_treated_as_public ... ok
test rust_symbols::pub_unsafe_fn_and_trait ... ok
test rust_symbols::pub_type_const_static_mod ... ok
test rust_symbols::pub_super_treated_as_public ... ok
test rust_symbols::pub_in_path_treated_as_public ... ok
test serialization::api_export_item_roundtrip ... ok
test rust_symbols::undocumented_pub_fn_ratio_zero ... ok
test rust_symbols::unmatched_pub_paren_no_panic ... ok
test serialization::json_contains_expected_fields ... ok
test serialization::empty_report_json_roundtrip ... ok
test serialization::lang_api_surface_roundtrip ... ok
test serialization::module_api_row_roundtrip ... ok
test serialization::report_json_roundtrip ... ok
test sorting_and_capping::no_public_items_not_in_top_exporters ... ok
test sorting_and_capping::by_module_sorted_by_total_desc ... ok
test sorting_and_capping::by_module_tiebreak_by_name ... ok
test sorting_and_capping::top_exporters_sorted_by_public_items_desc ... ok
test sorting_and_capping::top_exporters_tiebreak_by_path ... ok
test sorting_and_capping::top_exporters_capped_at_20 ... ok
test sorting_and_capping::by_module_capped_at_50 ... ok

test result: ok. 95 passed; 0 failed; 0 ignored; 0 measured; 0 filtered out; finished in 0.03s

     Running tests/deep_apisurface_w49.rs (target/debug/deps/deep_apisurface_w49-ee32472237f3e80f)

running 13 tests
test empty_files_zeroed_report ... ok
test child_rows_excluded ... ok
test go_uppercase_convention ... ok
test documented_ratio_calculation ... ok
test js_export_detection ... ok
test public_plus_internal_equals_total ... ok
test multi_language_breakdown ... ok
test python_public_private_convention ... ok
test rust_pub_fn_detection ... ok
test rust_pub_struct_enum_trait ... ok
test serde_roundtrip_preserves_all_fields ... ok
test unsupported_language_ignored ... ok
test properties::ratios_always_in_range ... ok

test result: ok. 13 passed; 0 failed; 0 ignored; 0 measured; 0 filtered out; finished in 0.01s

     Running tests/deep_coverage.rs (target/debug/deps/deep_coverage-40d88ca783b523c0)

running 32 tests
test documented_ratio_calculated ... ok
test all_private_rust_file ... ok
test comments_only_file_produces_zero_items ... ok
test by_language_map_sorted_by_key ... ok
test empty_file_produces_zero_items ... ok
test go_lowercase_func_is_internal ... ok
test go_uppercase_func_is_public ... ok
test go_uppercase_type_is_public ... ok
test java_private_class_is_internal ... ok
test java_public_class_counted ... ok
test js_export_function_counted ... ok
test public_ratio_is_zero_when_no_items ... ok
test js_non_export_function_is_internal ... ok
test public_ratio_is_one_when_all_public ... ok
test python_class_counted ... ok
test python_private_def_is_internal ... ok
test python_public_def_counted ... ok
test report_deterministic_across_calls ... ok
test report_serializes_and_deserializes ... ok
test rust_private_fn_not_public ... ok
test rust_pub_async_fn_counted ... ok
test rust_multiple_symbols_counted ... ok
test rust_pub_const_counted ... ok
test rust_pub_crate_counted_as_public ... ok
test rust_pub_enum_counted ... ok
test rust_pub_fn_counted ... ok
test rust_pub_struct_counted ... ok
test ts_export_class_counted ... ok
test rust_pub_trait_counted ... ok
test ts_export_interface_counted ... ok
test top_exporters_sorted_by_public_items_desc ... ok
test unsupported_language_produces_empty_report ... ok

test result: ok. 32 passed; 0 failed; 0 ignored; 0 measured; 0 filtered out; finished in 0.01s

     Running tests/deep_w39.rs (target/debug/deps/deep_w39-be19b410ccf657e7)

running 42 tests
test by_language_breakdown_correct ... ok
test documented_ratio_zero_when_no_docs ... ok
test by_module_populated ... ok
test documented_ratio_all_documented ... ok
test empty_file_produces_zero_report ... ok
test js_documented_with_jsdoc ... ok
test js_export_class ... ok
test js_export_const ... ok
test js_export_default ... ok
test js_export_function ... ok
test js_internal_function ... ok
test public_ratio_one_when_all_public ... ok
test multi_file_multi_lang_report ... ok
test public_ratio_zero_when_all_internal ... ok
test python_async_def ... ok
test python_class_public ... ok
test python_class_private ... ok
test python_def_private_underscore ... ok
test python_def_public ... ok
test python_docstring_detection ... ok
test python_single_quote_docstring ... ok
test python_indented_method_not_counted ... ok
test rust_doc_attribute ... ok
test rust_async_unsafe_pub_fn ... ok
test report_deterministic_across_runs ... ok
test report_json_serializes ... ok
test rust_impl_block_items_not_counted_as_top_level ... ok
test rust_multiline_fn_signature ... ok
test rust_mixed_pub_and_private ... ok
test rust_doc_comment_triple_slash ... ok
test rust_inner_doc_comment ... ok
test rust_private_fn_is_internal ... ok
test rust_pub_const_static_mod_type ... ok
test rust_pub_crate_counted_as_public ... ok
test rust_pub_fn_detected ... ok
test rust_pub_struct_enum_trait ... ok
test ts_export_abstract_class ... ok
test top_exporters_populated ... ok
test rust_pub_super_counted_as_public ... ok
test ts_export_interface ... ok
test ts_export_type_and_enum ... ok
test unsupported_lang_skipped ... ok

test result: ok. 42 passed; 0 failed; 0 ignored; 0 measured; 0 filtered out; finished in 0.01s

     Running tests/deep_w68.rs (target/debug/deps/deep_w68-68a67377d2864e9c)

running 27 tests
test by_language_keys_sorted_alphabetically ... ok
test by_module_groups_files_from_same_module ... ok
test all_six_languages_in_single_report ... ok
test by_language_has_correct_counts ... ok
test child_filerow_skipped ... ok
test documented_ratio_fully_documented ... ok
test by_module_sorted_by_total_items_descending ... ok
test documented_ratio_half_documented ... ok
test empty_files_empty_report ... ok
test documented_ratio_zero_when_no_public_items ... ok
test go_mixed_visibility_in_report ... ok
test java_mixed_visibility_in_report ... ok
test missing_file_gracefully_skipped ... ok
test max_bytes_limit_constrains_scanning ... ok
test module_public_ratio_correct ... ok
test per_language_public_ratio_correct ... ok
test multi_language_report_aggregates_all_languages ... ok
test public_ratio_all_public ... ok
test public_ratio_all_internal ... ok
test public_ratio_mixed_items ... ok
test python_underscore_convention_in_report ... ok
test report_is_deterministic_across_runs ... ok
test top_exporters_only_files_with_public_items ... ok
test top_exporters_sorted_by_public_items_desc ... ok
test total_equals_public_plus_internal ... ok
test unsupported_language_skipped ... ok
test typescript_export_forms_in_report ... ok

test result: ok. 27 passed; 0 failed; 0 ignored; 0 measured; 0 filtered out; finished in 0.01s

     Running tests/properties.rs (target/debug/deps/properties-6976d8d3bb46fd27)

running 8 tests
test empty_input_always_yields_zeros ... ok
test lang_breakdown_sums_to_totals ... ok
test modules_sorted_descending ... ok
test public_ratio_in_unit_range ... ok
test documented_ratio_in_unit_range ... ok
test top_exporters_have_public_items ... ok
test top_exporters_sorted_descending ... ok
test total_equals_public_plus_internal ... ok

test result: ok. 8 passed; 0 failed; 0 ignored; 0 measured; 0 filtered out; finished in 1.10s

     Running tests/unit.rs (target/debug/deps/unit-3c0eb9d102805308)

running 24 tests
test api_export_item_debug_and_clone ... ok
test api_surface_report_is_clone ... ok
test api_surface_report_is_debug ... ok
test all_public_items_documented_ratio_is_one ... ok
test go_var_and_const_detected ... ok
test by_module_tiebreak_by_name ... ok
test java_abstract_and_final_classes ... ok
test lang_api_surface_debug_and_clone ... ok
test java_record_and_sealed ... ok
test js_export_let ... ok
test max_file_bytes_limits_individual_file_read ... ok
test module_api_row_debug_and_clone ... ok
test nonexistent_file_gracefully_skipped ... ok
test python_async_def_detected ... ok
test rust_doc_attribute_detected ... ok
test rust_doc_bang_comment_detected ... ok
test same_module_multiple_files_accumulate ... ok
test six_language_report_totals_consistent ... ok
test top_exporters_tiebreak_by_path ... ok
test ts_export_abstract_class ... ok
test top_exporters_capped_at_twenty ... ok
test whitespace_only_file_yields_no_symbols ... ok
test report_serializes_to_json_and_back ... ok
test by_module_capped_at_fifty ... ok

test result: ok. 24 passed; 0 failed; 0 ignored; 0 measured; 0 filtered out; finished in 0.01s

     Running unittests src/lib.rs (target/debug/deps/tokmd_analysis_archetype-b414b7c6baafb6c2)

running 29 tests
test tests::containerized_service_needs_k8s ... ok
test tests::containerized_service_needs_dockerfile ... ok
test tests::containerized_service_with_kubernetes_dir ... ok
test tests::containerized_service_detected ... ok
test tests::detects_nextjs ... ok
test tests::iac_project_with_terraform_dir ... ok
test tests::iac_project_not_detected_without_tf ... ok
test tests::detects_rust_workspace_cli ... ok
test tests::iac_project_with_tf_file ... ok
test tests::nextjs_needs_next_config ... ok
test tests::nextjs_needs_package_json ... ok
test tests::nextjs_takes_priority_over_node ... ok
test tests::nextjs_with_mjs_config ... ok
test tests::nextjs_with_nested_config ... ok
test tests::nextjs_with_subdir_next_config_mjs ... ok
test tests::nextjs_with_subdir_next_config_ts ... ok
test tests::nextjs_with_ts_config ... ok
test tests::no_archetype_for_empty ... ok
test tests::no_archetype_for_generic_files ... ok
test tests::node_package_detected ... ok
test tests::python_package_detected ... ok
test tests::python_package_not_detected_without_pyproject ... ok
test tests::rust_workspace_detects_cli_with_main_rs ... ok
test tests::rust_workspace_detects_cli_with_bin_dir ... ok
test tests::rust_workspace_library_only ... ok
test tests::rust_workspace_needs_cargo_toml ... ok
test tests::rust_workspace_takes_priority_over_node ... ok
test tests::rust_workspace_needs_workspace_dir ... ok
test tests::rust_workspace_with_packages_dir ... ok

test result: ok. 29 passed; 0 failed; 0 ignored; 0 measured; 0 filtered out; finished in 0.01s

     Running tests/archetype_depth_w55.rs (target/debug/deps/archetype_depth_w55-41ffe948a33520d6)

running 47 tests
test all_six_archetypes_present_rust_wins ... ok
test archetype_json_has_exactly_two_keys ... ok
test archetype_empty_evidence_serializes_as_empty_array ... ok
test archetype_evidence_serializes_as_array ... ok
test archetype_serde_roundtrip_all_kinds ... ok
test backslash_crates_path_detected_as_workspace ... ok
test backslash_next_config_path_detected ... ok
test backslash_k8s_path_detected ... ok
test child_rows_are_ignored_for_detection ... ok
test cargo_toml_without_workspace_dir_returns_none ... ok
test containerized_evidence_is_singleton_dockerfile ... ok
test containerized_service_with_k8s_manifests ... ok
test dockerfile_without_k8s_returns_none ... ok
test empty_rows_returns_none ... ok
test detection_deterministic_for_each_archetype_kind ... ok
test detection_deterministic_over_50_iterations ... ok
test evidence_never_has_backslashes_for_all_archetypes ... ok
test every_detected_kind_is_in_known_set ... ok
test five_archetypes_no_rust_nextjs_wins ... ok
test four_archetypes_no_rust_no_nextjs_containerized_wins ... ok
test iac_evidence_is_singleton_terraform_slash ... ok
test iac_with_terraform_modules ... ok
test nextjs_app_with_app_directory ... ok
test next_config_without_package_json_returns_none ... ok
test nextjs_evidence_has_package_json_and_config ... ok
test node_evidence_is_singleton_package_json ... ok
test node_package_with_src_and_tests ... ok
test only_source_files_without_markers_returns_none ... ok
test parent_cargo_with_child_crates_no_workspace ... ok
test parent_dockerfile_with_child_k8s_no_containerized ... ok
test parent_markers_with_interleaved_child_noise ... ok
test parents_only_mode_still_detects_archetype ... ok
test python_evidence_is_singleton_pyproject_toml ... ok
test python_package_with_tests_and_docs ... ok
test rust_monorepo_with_one_cli_crate_among_many ... ok
test rust_monorepo_with_many_crates ... ok
test rust_workspace_cli_with_main_in_nested_crate ... ok
test rust_workspace_evidence_always_has_cargo_toml_first ... ok
test rust_workspace_evidence_second_item_is_workspace_dir ... ok
test rust_workspace_library_with_multiple_crates ... ok
test separate_mode_still_detects_archetype ... ok
test single_makefile_returns_none ... ok
test single_readme_returns_none ... ok
test three_archetypes_iac_python_node_iac_wins ... ok
test two_archetypes_python_node_python_wins ... ok
test large_repo_with_rust_markers_detected ... ok
test large_repo_without_markers_returns_none ... ok

test result: ok. 47 passed; 0 failed; 0 ignored; 0 measured; 0 filtered out; finished in 0.01s

     Running tests/archetype_depth_w57.rs (target/debug/deps/archetype_depth_w57-9884a040e3504d08)

running 0 tests

test result: ok. 0 passed; 0 failed; 0 ignored; 0 measured; 0 filtered out; finished in 0.00s

     Running tests/archetype_depth_w61.rs (target/debug/deps/archetype_depth_w61-e520e7042544bbb5)

running 59 tests
test all_child_rows_never_trigger_detection ... ok
test backslash_packages_path_detected ... ok
test backslash_kubernetes_path_detected ... ok
test archetype_evidence_serializes_as_array_of_strings ... ok
test archetype_json_shape_always_two_keys ... ok
test backslash_terraform_path_detected ... ok
test cargo_toml_alone_no_workspace ... ok
test containerized_evidence_only_dockerfile ... ok
test containerized_with_kubernetes_deep_path ... ok
test empty_export_returns_none ... ok
test evidence_paths_always_forward_slashes ... ok
test iac_evidence_always_terraform_slash ... ok
test iac_with_dot_tf_in_subdirectory ... ok
test iac_with_only_tf_extension_no_terraform_dir ... ok
test many_source_files_no_markers_returns_none ... ok
test mixed_parent_child_only_parents_matter ... ok
test nextjs_deeply_nested_config ... ok
test nextjs_evidence_always_starts_with_package_json ... ok
test nextjs_with_multiple_next_configs_picks_first_match ... ok
test nextjs_with_starts_with_next_config_dot ... ok
test node_package_minimal ... ok
test node_package_with_many_files ... ok
test not_containerized_without_dockerfile ... ok
test not_containerized_without_k8s_dir ... ok
test not_iac_without_tf_files ... ok
test parents_only_mode_detects_archetype ... ok
test priority_containerized_over_iac ... ok
test deterministic_over_100_iterations_all_archetypes ... ok
test priority_containerized_over_node ... ok
test priority_containerized_over_python ... ok
test priority_iac_over_node ... ok
test priority_iac_over_python ... ok
test priority_nextjs_over_containerized ... ok
test priority_nextjs_over_iac ... ok
test priority_nextjs_over_python ... ok
test priority_python_over_node ... ok
test priority_rust_over_containerized ... ok
test priority_rust_over_iac ... ok
test priority_rust_over_nextjs ... ok
test priority_rust_over_python ... ok
test large_repo_1000_files_with_markers ... ok
test large_repo_1000_files_without_markers ... ok
test prop_child_only_never_detected ... ok
test prop_kind_always_known ... ok
test python_not_detected_with_requirements_only ... ok
test python_not_detected_with_setup_py_only ... ok
test python_with_pyproject_only ... ok
test rust_workspace_cli_via_bin_in_deep_path ... ok
test rust_workspace_cli_via_root_main_rs ... ok
test rust_workspace_evidence_always_starts_with_cargo_toml ... ok
test rust_workspace_evidence_has_exactly_two_entries ... ok
test rust_workspace_only_packages_no_crates ... ok
test rust_workspace_with_both_crates_and_packages ... ok
test separate_mode_detects_rust_workspace ... ok
test serde_roundtrip_every_archetype ... ok
test single_unknown_file_returns_none ... ok
test prop_evidence_non_empty ... ok
test prop_deterministic ... ok
test prop_never_panics ... ok

test result: ok. 59 passed; 0 failed; 0 ignored; 0 measured; 0 filtered out; finished in 0.21s

     Running tests/archetype_w75.rs (target/debug/deps/archetype_w75-9db123577a88629e)

running 10 tests
test containerized_service_detected ... ok
test nextjs_app_detected ... ok
test child_rows_ignored_for_detection ... ok
test iac_detected_from_tf_file ... ok
test no_archetype_for_unrecognized_structure ... ok
test node_package_detected_as_fallback ... ok
test python_package_detected ... ok
test rust_workspace_beats_all_others ... ok
test rust_workspace_cli_detected_via_main_rs ... ok
test rust_workspace_library_detected ... ok

test result: ok. 10 passed; 0 failed; 0 ignored; 0 measured; 0 filtered out; finished in 0.00s

     Running tests/bdd.rs (target/debug/deps/bdd-67953bffed541591)

running 41 tests
test containerized_beats_iac_when_both_present ... ok
test evidence_is_never_empty_when_archetype_detected ... ok
test given_all_markers_present_then_rust_workspace_wins ... ok
test given_cargo_toml_and_crates_dir_then_rust_workspace ... ok
test given_backslash_paths_then_normalized_to_forward_slash ... ok
test given_any_archetype_evidence_paths_have_no_backslashes ... ok
test given_child_rows_only_then_no_archetype ... ok
test given_cargo_toml_and_packages_dir_then_rust_workspace ... ok
test given_cargo_toml_without_workspace_dir_then_no_rust_workspace ... ok
test given_dockerfile_and_kubernetes_dir_then_containerized_service ... ok
test given_detected_archetype_kind_is_non_empty ... ok
test given_dockerfile_and_k8s_dir_then_containerized_service ... ok
test given_dockerfile_without_k8s_then_no_containerized_service ... ok
test given_empty_repo_then_no_archetype ... ok
test given_generic_source_files_then_no_archetype ... ok
test given_k8s_without_dockerfile_then_no_containerized_service ... ok
test given_mix_of_parent_and_child_rows_then_only_parents_considered ... ok
test given_nested_next_config_then_nextjs ... ok
test given_next_config_without_package_json_then_no_nextjs ... ok
test given_no_tf_files_then_no_iac ... ok
test given_only_dockerfile_then_no_archetype ... ok
test given_only_package_json_then_node_package ... ok
test given_only_readme_then_no_archetype ... ok
test given_package_json_and_next_config_js_then_nextjs ... ok
test given_package_json_and_next_config_mjs_then_nextjs ... ok
test given_package_json_and_next_config_ts_then_nextjs ... ok
test given_pyproject_toml_then_python_package ... ok
test given_rust_workspace_with_bin_dir_then_cli_variant ... ok
test given_rust_workspace_with_both_main_rs_and_bin_dir_then_cli_variant ... ok
test given_rust_workspace_with_main_rs_then_cli_variant ... ok
test given_same_input_when_detect_called_twice_then_same_result ... ok
test given_setup_py_without_pyproject_then_no_python_package ... ok
test given_terraform_dir_then_iac ... ok
test given_single_tf_file_then_iac_detected ... ok
test given_tf_file_then_iac ... ok
test iac_beats_python_when_both_present ... ok
test kind_is_always_a_known_archetype ... ok
test nextjs_beats_plain_node_package ... ok
test python_beats_node_when_both_present ... ok
test rust_workspace_beats_containerized_service ... ok
test rust_workspace_beats_node_package ... ok

test result: ok. 41 passed; 0 failed; 0 ignored; 0 measured; 0 filtered out; finished in 0.00s

     Running tests/deep.rs (target/debug/deps/deep-035b466c3ba45d6c)

running 31 tests
test archetype_deserializes_from_known_json ... ok
test archetype_json_has_kind_and_evidence_keys ... ok
test all_known_archetype_kinds_are_detectable ... ok
test archetype_empty_evidence_deserializes ... ok
test archetype_json_serialization_deterministic ... ok
test backslash_next_config_js_detected ... ok
test btreeset_ordering_determines_evidence_workspace_dir ... ok
test containerized_evidence_is_exactly_dockerfile ... ok
test backslash_packages_path_detected ... ok
test custom_module_roots_do_not_affect_detection ... ok
test dockerfile_alone_returns_none ... ok
test empty_path_strings_do_not_match_any_archetype ... ok
test iac_evidence_is_terraform_slash ... ok
test k8s_dir_alone_returns_none ... ok
test next_config_cjs_at_root_detected ... ok
test detection_deterministic_complex_layout ... ok
test multiple_tf_files_still_iac ... ok
test next_config_cjs_in_subdir_not_detected_by_ends_with ... ok
test node_package_evidence_is_exactly_package_json ... ok
test priority_containerized_over_iac ... ok
test nextjs_evidence_has_two_items ... ok
test priority_iac_over_python ... ok
test priority_nextjs_over_containerized ... ok
test priority_python_over_node ... ok
test priority_rust_over_nextjs ... ok
test python_package_evidence_is_exactly_pyproject_toml ... ok
test rust_workspace_cli_via_root_src_bin ... ok
test large_file_set_with_rust_workspace_markers ... ok
test rust_workspace_evidence_exact_cargo_toml_plus_first_crate_path ... ok
test rust_workspace_evidence_has_exactly_two_items ... ok
test same_path_as_parent_and_child_detects_from_parent ... ok

test result: ok. 31 passed; 0 failed; 0 ignored; 0 measured; 0 filtered out; finished in 0.00s

     Running tests/deep_w42.rs (target/debug/deps/deep_w42-d29e729aa638515c)

running 14 tests
test archetype_serde_roundtrip ... ok
test containerized_service_kubernetes_dir ... ok
test backslash_paths_normalised_to_forward_slash ... ok
test evidence_always_non_empty ... ok
test iac_detected_from_tf_extension ... ok
test iac_terraform_subdir ... ok
test nextjs_ts_config ... ok
test nextjs_mjs_config ... ok
test no_archetype_for_unrecognised_repo ... ok
test priority_rust_over_node ... ok
test node_package_fallback_when_no_nextjs ... ok
test rust_workspace_cli_via_bin ... ok
test python_package_pyproject ... ok
test rust_workspace_library_no_main ... ok

test result: ok. 14 passed; 0 failed; 0 ignored; 0 measured; 0 filtered out; finished in 0.00s

     Running tests/deep_w68.rs (target/debug/deps/deep_w68-efd767bb4db4cb61)

running 20 tests
test backslash_paths_normalized ... ok
test child_rows_ignored ... ok
test detection_is_deterministic ... ok
test containerized_service_detected ... ok
test empty_repo_returns_none ... ok
test iac_with_terraform_dir ... ok
test containerized_service_kubernetes_dir ... ok
test nextjs_app_detected ... ok
test iac_with_tf_file ... ok
test nextjs_mjs_config ... ok
test nextjs_priority_over_node ... ok
test node_package_detected ... ok
test python_package_detected ... ok
test rust_workspace_cli_bin_dir ... ok
test rust_workspace_library ... ok
test rust_workspace_packages_dir ... ok
test rust_workspace_cli_main_rs ... ok
test rust_workspace_priority_over_node ... ok
test rust_workspace_evidence_includes_cargo_toml ... ok
test single_generic_file_returns_none ... ok

test result: ok. 20 passed; 0 failed; 0 ignored; 0 measured; 0 filtered out; finished in 0.00s

     Running tests/identity_security.rs (target/debug/deps/identity_security-991c3fb453465131)

running 25 tests
test containerized_beats_python_and_node ... ok
test deeply_nested_crates_dir_detects_rust_workspace ... ok
test archetype_json_round_trip_preserves_all_fields ... ok
test deeply_nested_packages_dir_detects_rust_workspace ... ok
test containerized_service_evidence_always_has_dockerfile ... ok
test empty_export_yields_no_archetype ... ok
test evidence_paths_never_contain_backslashes_for_all_archetypes ... ok
test detection_is_deterministic_across_many_calls ... ok
test iac_evidence_contains_terraform_marker ... ok
test multiple_next_config_files_still_detects_nextjs ... ok
test iac_takes_priority_over_python ... ok
test iac_with_root_tf_file_detected ... ok
test nextjs_monorepo_with_nested_configs ... ok
test nextjs_takes_priority_over_containerized ... ok
test node_package_evidence_contains_package_json ... ok
test parent_markers_with_child_noise_still_detected ... ok
test python_package_evidence_always_contains_pyproject ... ok
test rust_workspace_takes_priority_over_containerized ... ok
test rust_workspace_cli_via_nested_bin_directory ... ok
test rust_workspace_with_both_crates_and_packages ... ok
test single_cargo_toml_no_archetype ... ok
test single_dockerfile_no_archetype ... ok
test single_readme_file_no_archetype ... ok
test single_source_file_no_archetype ... ok
test tf_extension_always_triggers_iac ... ok

test result: ok. 25 passed; 0 failed; 0 ignored; 0 measured; 0 filtered out; finished in 0.00s

     Running tests/properties.rs (target/debug/deps/properties-d5d8c3b46430bf17)

running 7 tests
test empty_rows_always_none ... ok
test adding_noise_preserves_archetype ... ok
test evidence_non_empty_when_detected ... ok
test deterministic ... ok
test child_only_rows_always_none ... ok
test kind_is_known ... ok
test never_panics ... ok

test result: ok. 7 passed; 0 failed; 0 ignored; 0 measured; 0 filtered out; finished in 0.37s

     Running tests/unit.rs (target/debug/deps/unit-e5fe9e989ff4e3f4)

running 22 tests
test all_markers_as_child_rows_returns_none ... ok
test archetype_clone_impl ... ok
test archetype_debug_impl ... ok
test backslash_k8s_path_detected ... ok
test archetype_serde_json_shape ... ok
test archetype_serde_preserves_empty_evidence ... ok
test archetype_serde_round_trip ... ok
test backslash_main_rs_detected_as_cli ... ok
test cargo_toml_alone_is_not_rust_workspace ... ok
test children_mode_does_not_affect_detection ... ok
test containerized_service_evidence_includes_dockerfile ... ok
test deeply_nested_backslash_paths_normalized ... ok
test many_random_files_without_markers_returns_none ... ok
test duplicate_paths_do_not_affect_detection ... ok
test module_depth_does_not_affect_detection ... ok
test node_package_evidence_includes_package_json ... ok
test parent_marker_with_child_workspace_dir_no_rust_workspace ... ok
test rust_workspace_evidence_always_includes_cargo_toml ... ok
test single_package_json_detects_node ... ok
test single_tf_file_detects_iac ... ok
test single_pyproject_detects_python ... ok
test next_config_dot_prefix_at_root_detected ... ok

test result: ok. 22 passed; 0 failed; 0 ignored; 0 measured; 0 filtered out; finished in 0.00s

     Running unittests src/lib.rs (target/debug/deps/tokmd_analysis_assets-37192c6961bfde04)

running 0 tests

test result: ok. 0 passed; 0 failed; 0 ignored; 0 measured; 0 filtered out; finished in 0.00s

     Running tests/assets_deep_w76.rs (target/debug/deps/assets_deep_w76-18927bf4555f3569)

running 17 tests
test asset_categories_w76::files_without_extension_skipped ... ok
test asset_categories_w76::font_extensions_classified ... ok
test asset_categories_w76::all_binary_extensions_classified ... ok
test asset_categories_w76::all_image_extensions_classified ... ok
test asset_categories_w76::unknown_extensions_skipped ... ok
test lockfile_w76::cargo_lock_single_package ... ok
test lockfile_w76::gemfile_lock_counts_indented_specs_with_parens ... ok
test lockfile_w76::go_sum_identical_module_different_versions_counted ... ok
test lockfile_w76::package_lock_json_empty_packages_object ... ok
test lockfile_w76::pnpm_lock_lines_without_colon_excluded ... ok
test structural_w76::empty_file_list_produces_empty_reports ... ok
test lockfile_w76::yarn_lock_comment_lines_excluded ... ok
test structural_w76::dependency_total_equals_sum_of_lockfile_deps ... ok
test top_files_w76::top_files_sorted_by_bytes_descending ... ok
test structural_w76::total_bytes_equals_sum_of_category_bytes ... ok
test structural_w76::total_files_equals_sum_of_category_files ... ok
test top_files_w76::top_files_truncated_to_ten ... ok

test result: ok. 17 passed; 0 failed; 0 ignored; 0 measured; 0 filtered out; finished in 0.01s

     Running tests/assets_depth_w57.rs (target/debug/deps/assets_depth_w57-fd5d049880ccaeac)

running 35 tests
test asset_category_row_serde_roundtrip ... ok
test asset_file_row_serde_roundtrip ... ok
test archive_xz_and_7z ... ok
test asset_report_deterministic_json ... ok
test asset_report_json_keys ... ok
test audio_m4a_extension ... ok
test binary_jar_and_class ... ok
test asset_report_serde_roundtrip ... ok
test cargo_lock_counts_only_package_markers ... ok
test dependency_report_deterministic_json ... ok
test categories_sort_order ... ok
test dependency_report_json_keys ... ok
test dependency_report_serde_roundtrip ... ok
test empty_dependency_report ... ok
test empty_file_list_assets ... ok
test extension_lowercase ... ok
test gemfile_lock_multiple_specs ... ok
test font_woff_woff2 ... ok
test lockfile_report_serde_roundtrip ... ok
test missing_lockfile_zero_deps ... ok
test go_sum_empty ... ok
test no_extension_files_skipped ... ok
test multiple_lockfiles_total_sum ... ok
test image_all_extensions ... ok
test mixed_categories_bytes_sum ... ok
test npm_packages_field_preferred ... ok
test non_lockfile_names_ignored ... ok
test paths_forward_slashes ... ok
test pnpm_lock_many_packages ... ok
test top_files_tiebreak_path_asc ... ok
test yarn_lock_multiple_versions ... ok
test video_mpeg_and_mpg ... ok
test unrecognised_extensions_skipped ... ok
test zero_byte_asset_counted ... ok
test top_files_cap_at_10 ... ok

test result: ok. 35 passed; 0 failed; 0 ignored; 0 measured; 0 filtered out; finished in 0.01s

     Running tests/assets_depth_w61.rs (target/debug/deps/assets_depth_w61-43694caea9294d5d)

running 44 tests
test cargo_lock_ignores_package_in_values ... ok
test asset_report_json_structure ... ok
test all_six_categories_present ... ok
test cargo_lock_many_packages ... ok
test category_extensions_sorted ... ok
test category_tiebreak_alphabetical ... ok
test dependency_report_deterministic ... ok
test asset_report_deterministic ... ok
test deep_nested_path_forward_slashes ... ok
test dot_only_filename_skipped ... ok
test dependency_report_json_structure ... ok
test extensionless_file_skipped ... ok
test gemfile_lock_nested_deps_counted ... ok
test gemfile_lock_no_specs ... ok
test gemfile_lock_non_indented_stops_specs ... ok
test go_sum_all_go_mod_lines ... ok
test duplicate_extension_deduped_in_category ... ok
test exactly_ten_files_no_truncation ... ok
test go_sum_blank_lines_ignored ... ok
test go_sum_multiple_versions ... ok
test go_sum_duplicate_module_version_deduped ... ok
test mixed_case_extension_normalized ... ok
test lockfile_path_forward_slashes ... ok
test multiple_same_type_lockfiles ... ok
test npm_no_packages_no_dependencies ... ok
test npm_malformed_json_zero ... ok
test npm_packages_only_root ... ok
test npm_packages_no_root_key ... ok
test pnpm_lock_proper_format ... ok
test pnpm_lock_no_slash_not_counted ... ok
test only_non_asset_files_empty_report ... ok
test properties::cargo_lock_count_matches ... ok
test properties::dep_total_sum ... ok
test properties::asset_serde_roundtrip ... ok
test properties::no_backslash_paths ... ok
test total_bytes_equals_category_sum ... ok
test top_files_tiebreak_by_path ... ok
test uppercase_extension_matched ... ok
test total_files_equals_category_sum ... ok
test yarn_lock_comments_only ... ok
test yarn_lock_indented_not_counted ... ok
test zero_byte_asset_in_category ... ok
test properties::total_bytes_invariant ... ok
test properties::top_files_cap ... ok

test result: ok. 44 passed; 0 failed; 0 ignored; 0 measured; 0 filtered out; finished in 0.09s

     Running tests/assets_enricher_w54.rs (target/debug/deps/assets_enricher_w54-150f1501745d6797)

running 22 tests
test asset_file_row_category_correct ... ok
test asset_file_row_extension_lowercase ... ok
test assets_deterministic_ordering ... ok
test assets_zero_byte_file ... ok
test categories_deterministic_sort_tiebreak ... ok
test all_six_categories_in_one_report ... ok
test dependency_gemfile_lock_nested ... ok
test deeply_nested_asset_paths_normalized ... ok
test dependency_deterministic_ordering ... ok
test dependency_cargo_lock_many_packages ... ok
test dependency_go_sum_deduplicates ... ok
test dependency_lockfile_path_normalized ... ok
test dependency_npm_only_root_key ... ok
test dependency_npm_invalid_json ... ok
test dependency_pnpm_lock_empty_packages ... ok
test extensions_case_insensitive ... ok
test dependency_yarn_lock_comments_only ... ok
test top_files_fewer_than_ten ... ok
test multiple_extensions_same_category ... ok
test top_files_tiebreak_by_path ... ok
test top_files_exactly_ten ... ok
test mixed_extensions_only_recognized_counted ... ok

test result: ok. 22 passed; 0 failed; 0 ignored; 0 measured; 0 filtered out; finished in 0.01s

     Running tests/bdd.rs (target/debug/deps/bdd-50b6463742c8595f)

running 44 tests
test given_cargo_lock_when_dependency_report_built_then_packages_counted ... ok
test given_asset_file_when_report_built_then_row_has_correct_fields ... ok
test given_categories_when_report_built_then_sorted_by_bytes_descending ... ok
test given_categories_with_same_bytes_when_report_built_then_sorted_by_name ... ok
test given_dependency_report_total_equals_sum_of_lockfile_deps ... ok
test given_empty_cargo_lock_when_dependency_report_built_then_zero_deps ... ok
test given_empty_gemfile_lock_when_dependency_report_built_then_zero_deps ... ok
test given_empty_go_sum_when_dependency_report_built_then_zero_deps ... ok
test given_empty_package_lock_when_dependency_report_built_then_zero_deps ... ok
test given_empty_pnpm_lock_when_dependency_report_built_then_zero_deps ... ok
test given_empty_yarn_lock_when_dependency_report_built_then_zero_deps ... ok
test given_every_archive_extension_when_report_built_then_all_classified_as_archive ... ok
test given_every_audio_extension_when_report_built_then_all_classified_as_audio ... ok
test given_every_font_extension_when_report_built_then_all_classified_as_font ... ok
test given_every_binary_extension_when_report_built_then_all_classified_as_binary ... ok
test given_every_image_extension_when_report_built_then_all_classified_as_image ... ok
test given_fewer_than_ten_files_when_report_built_then_all_in_top_files ... ok
test given_files_with_unknown_extensions_when_report_built_then_skipped ... ok
test given_every_video_extension_when_report_built_then_all_classified_as_video ... ok
test given_files_across_categories_when_report_built_then_all_categories_present ... ok
test given_gemfile_lock_when_dependency_report_built_then_specs_counted ... ok
test given_files_without_extension_when_report_built_then_skipped ... ok
test given_go_sum_with_duplicate_entries_when_report_built_then_deduplicated ... ok
test given_go_sum_when_dependency_report_built_then_unique_modules_counted ... ok
test given_malformed_package_lock_when_dependency_report_built_then_zero_deps ... ok
test given_multiple_image_extensions_when_report_built_then_extensions_merged ... ok
test given_mix_of_known_and_unknown_extensions_when_report_built_then_only_known_counted ... ok
test given_multi_category_report_total_bytes_equals_category_sum ... ok
test given_multiple_lockfiles_when_dependency_report_built_then_total_is_sum ... ok
test given_no_files_when_assets_report_built_then_totals_are_zero ... ok
test given_nested_lockfile_when_report_built_then_path_uses_forward_slashes ... ok
test given_no_lockfiles_when_dependency_report_built_then_empty ... ok
test given_non_lockfile_when_dependency_report_built_then_skipped ... ok
test given_npm_v1_lockfile_when_dependency_report_built_then_dependencies_counted ... ok
test given_pnpm_lock_when_dependency_report_built_then_slash_lines_counted ... ok
test given_npm_v2_lockfile_when_dependency_report_built_then_packages_counted_minus_root ... ok
test given_path_with_backslashes_when_report_built_then_normalized_to_forward_slashes ... ok
test given_same_input_when_assets_report_built_twice_then_identical ... ok
test given_same_lockfiles_when_dependency_report_built_twice_then_identical ... ok
test given_single_png_when_assets_report_built_then_image_category_detected ... ok
test given_uppercase_extension_when_report_built_then_lowercased ... ok
test given_zero_byte_asset_when_report_built_then_counted_with_zero_bytes ... ok
test given_yarn_lock_when_dependency_report_built_then_entries_counted ... ok
test given_top_files_when_report_built_then_sorted_by_bytes_desc_and_truncated_to_ten ... ok

test result: ok. 44 passed; 0 failed; 0 ignored; 0 measured; 0 filtered out; finished in 0.01s

     Running tests/deep.rs (target/debug/deps/deep-bd507aab06386c32)

running 27 tests
test assets_audio_extensions ... ok
test assets_binary_extensions ... ok
test assets_category_extensions_complete ... ok
test assets_archive_extensions ... ok
test assets_empty_files ... ok
test assets_no_extension_skipped ... ok
test assets_font_extensions ... ok
test assets_multiple_categories ... ok
test assets_path_forward_slashes ... ok
test assets_image_extensions ... ok
test assets_report_serialization_roundtrip ... ok
test assets_unknown_extension_skipped ... ok
test assets_top_files_sorted_desc ... ok
test dependency_cargo_lock ... ok
test dependency_cargo_lock_empty ... ok
test assets_video_extensions ... ok
test assets_top_files_capped_at_ten ... ok
test dependency_empty ... ok
test dependency_gemfile_lock ... ok
test dependency_go_sum ... ok
test dependency_ignores_non_lockfiles ... ok
test dependency_multiple_lockfiles ... ok
test dependency_pnpm_lock ... ok
test dependency_npm_packages ... ok
test dependency_npm_legacy ... ok
test dependency_report_serialization_roundtrip ... ok
test dependency_yarn_lock ... ok

test result: ok. 27 passed; 0 failed; 0 ignored; 0 measured; 0 filtered out; finished in 0.01s

     Running tests/deep_coverage.rs (target/debug/deps/deep_coverage-2782ec466e37bb26)

running 27 tests
test assets_report_empty_has_zero_totals ... ok
test assets_lockfiles_are_not_assets ... ok
test assets_categories_sorted_by_bytes_desc_then_name ... ok
test assets_report_json_keys_present ... ok
test assets_report_deterministic_output ... ok
test dependency_cargo_lock_many_packages ... ok
test assets_top_files_sorted_by_bytes_desc_then_path ... ok
test assets_total_files_equals_sum_of_category_files ... ok
test assets_total_bytes_equals_sum_of_category_bytes ... ok
test dependency_cargo_lock_single_package ... ok
test dependency_gemfile_lock_empty_specs ... ok
test dependency_go_sum_all_go_mod_lines_skipped ... ok
test dependency_gemfile_lock_nested_deps_not_double_counted ... ok
test dependency_go_sum_empty_lines_ignored ... ok
test dependency_missing_lockfile_gives_zero_count ... ok
test dependency_go_sum_same_module_different_versions ... ok
test dependency_lockfile_path_uses_forward_slashes ... ok
test dependency_npm_empty_packages_object ... ok
test dependency_npm_only_root_key_returns_zero ... ok
test dependency_npm_malformed_json_returns_zero ... ok
test dependency_report_deterministic_output ... ok
test dependency_pnpm_lock_empty_packages ... ok
test dependency_report_empty_has_zero_total ... ok
test dependency_report_json_keys_present ... ok
test dependency_yarn_lock_comment_only ... ok
test dependency_yarn_lock_empty ... ok
test dependency_total_equals_sum_of_lockfile_deps ... ok

test result: ok. 27 passed; 0 failed; 0 ignored; 0 measured; 0 filtered out; finished in 0.01s

     Running tests/deep_w38.rs (target/debug/deps/deep_w38-8bc62623871f435e)

running 23 tests
test asset_classification_w38::non_asset_extensions_skipped ... ok
test asset_classification_w38::case_insensitive_extension ... ok
test asset_classification_w38::nested_paths_normalized ... ok
test asset_classification_w38::single_image_classified ... ok
test asset_classification_w38::mixed_categories_counted_separately ... ok
test edge_cases_w38::asset_report_serialization ... ok
test edge_cases_w38::cargo_lock_empty_content ... ok
test edge_cases_w38::dependency_report_serialization ... ok
test edge_cases_w38::empty_assets_report ... ok
test edge_cases_w38::empty_dependency_report ... ok
test edge_cases_w38::multiple_lockfile_total_aggregation ... ok
test lockfile_detection_w38::cargo_lock_counts_packages ... ok
test edge_cases_w38::npm_lock_invalid_json ... ok
test lockfile_detection_w38::gemfile_lock_counts_specs ... ok
test lockfile_detection_w38::go_sum_deduplicates ... ok
test lockfile_detection_w38::npm_packages_minus_root ... ok
test lockfile_detection_w38::pnpm_lock_counts_packages ... ok
test lockfile_detection_w38::yarn_lock_counts_entries ... ok
test report_structure_w38::categories_sorted_by_bytes_desc ... ok
test report_structure_w38::extensions_list_complete ... ok
test report_structure_w38::top_files_capped_at_ten ... ok
test report_structure_w38::top_files_sorted_by_bytes_desc ... ok
test edge_cases_w38::many_assets_all_same_category ... ok

test result: ok. 23 passed; 0 failed; 0 ignored; 0 measured; 0 filtered out; finished in 0.01s

     Running tests/deep_w66.rs (target/debug/deps/deep_w66-2c4a163166fbd8c2)

running 21 tests
test asset_detection_w66::all_font_extensions_detected ... ok
test asset_detection_w66::all_binary_extensions_detected ... ok
test asset_detection_w66::all_archive_extensions_detected ... ok
test asset_detection_w66::all_audio_extensions_detected ... ok
test asset_detection_w66::files_without_extension_skipped ... ok
test determinism_w66::asset_report_deterministic ... ok
test asset_detection_w66::all_image_extensions_detected ... ok
test asset_detection_w66::all_video_extensions_detected ... ok
test determinism_w66::dependency_report_deterministic ... ok
test edge_cases_w66::empty_repo_produces_empty_reports ... ok
test edge_cases_w66::categories_sorted_by_bytes_desc_then_name ... ok
test edge_cases_w66::lockfile_path_normalized_to_forward_slashes ... ok
test edge_cases_w66::multiple_lockfiles_total_sums_correctly ... ok
test edge_cases_w66::repo_with_only_assets_no_code ... ok
test edge_cases_w66::top_files_path_uses_forward_slashes ... ok
test lockfile_patterns_w66::gemfile_lock_counts_only_indented_specs ... ok
test lockfile_patterns_w66::go_sum_filters_go_mod_entries ... ok
test lockfile_patterns_w66::npm_lock_with_dependencies_key_fallback ... ok
test lockfile_patterns_w66::npm_lock_with_only_root_entry ... ok
test lockfile_patterns_w66::unrecognized_lockfile_name_skipped ... ok
test lockfile_patterns_w66::yarn_lock_ignores_comments_and_indented_lines ... ok

test result: ok. 21 passed; 0 failed; 0 ignored; 0 measured; 0 filtered out; finished in 0.02s

     Running tests/deep_w68.rs (target/debug/deps/deep_w68-0fbd2971b1876963)

running 20 tests
test cargo_lock_counts_packages ... ok
test categories_with_same_bytes_sorted_by_name ... ok
test category_extensions_collected ... ok
test asset_report_deterministic ... ok
test dependency_report_deterministic ... ok
test empty_cargo_lock_zero_deps ... ok
test go_sum_deduplicates_go_mod_entries ... ok
test gemfile_lock_counts_specs ... ok
test lockfile_path_normalized ... ok
test package_lock_json_counts_packages ... ok
test multiple_lockfiles_aggregated ... ok
test nested_directory_paths_preserved ... ok
test package_lock_json_fallback_dependencies ... ok
test path_uses_forward_slashes ... ok
test package_lock_json_malformed_returns_zero ... ok
test pnpm_lock_counts_packages ... ok
test unknown_lockfile_names_skipped ... ok
test top_files_same_bytes_sorted_by_path ... ok
test uppercase_extension_categorized ... ok
test yarn_lock_counts_entries ... ok

test result: ok. 20 passed; 0 failed; 0 ignored; 0 measured; 0 filtered out; finished in 0.03s

     Running tests/properties.rs (target/debug/deps/properties-788997b38d943a79)

running 11 tests
test cargo_lock_count_equals_package_markers ... ok
test dependency_total_equals_sum_of_lockfile_deps ... ok
test categories_sorted_descending_by_bytes ... ok
test go_sum_deduplicates_go_mod_lines ... ok
test asset_files_always_counted ... ok
test non_asset_files_never_counted ... ok
test paths_never_contain_backslashes ... ok
test top_files_never_exceeds_ten ... ok
test top_files_sorted_descending_by_bytes ... ok
test total_bytes_equals_sum_of_category_bytes ... ok
test total_files_equals_sum_of_category_files ... ok

test result: ok. 11 passed; 0 failed; 0 ignored; 0 measured; 0 filtered out; finished in 0.12s

     Running unittests src/lib.rs (target/debug/deps/tokmd_analysis_complexity-eae998341ff9cf5b)

running 15 tests
test tests::test_classify_risk_with_cognitive ... ok
test tests::test_classify_risk ... ok
test tests::test_compute_technical_debt_ratio_none_for_zero_code ... ok
test tests::test_compute_technical_debt_ratio ... ok
test tests::test_count_python_functions ... ok
test tests::test_count_rust_functions ... ok
test tests::test_detect_fn_c_style_no_preprocessor ... ok
test tests::test_detect_fn_python_decorators ... ok
test tests::test_detect_fn_python_decorators_extended ... ok
test tests::test_estimate_cyclomatic_js_no_switch_double_count ... ok
test tests::test_detect_fn_rust_qualifiers ... ok
test tests::test_estimate_cyclomatic_rust ... ok
test tests::test_estimate_cyclomatic_rust_no_else_if_double_count ... ok
test tests::test_is_complexity_lang ... ok
test tests::test_is_rust_fn_start_extended ... ok

test result: ok. 15 passed; 0 failed; 0 ignored; 0 measured; 0 filtered out; finished in 0.00s

     Running tests/bdd.rs (target/debug/deps/bdd-3c9ea0c5757a3374)

running 13 tests
test scenario_histogram_boundary_values ... ok
test scenario_histogram_custom_bucket_size ... ok
test scenario_histogram_bucket_labels ... ok
test scenario_histogram_concentration_in_one_bucket ... ok
test scenario_histogram_empty_input ... ok
test scenario_histogram_high_complexity_clamps ... ok
test scenario_histogram_ignores_cognitive_and_nesting ... ok
test scenario_histogram_multiple_buckets ... ok
test scenario_histogram_risk_levels_independent ... ok
test scenario_histogram_single_low_complexity_file ... ok
test scenario_histogram_total_invariant ... ok
test scenario_histogram_with_function_details ... ok
test scenario_zero_complexity_first_bucket ... ok

test result: ok. 13 passed; 0 failed; 0 ignored; 0 measured; 0 filtered out; finished in 0.00s

     Running tests/complexity_contract_w65.rs (target/debug/deps/complexity_contract_w65-927e381c6ad60bdb)

running 32 tests
test edge_cases::binary_file_skipped ... ok
test edge_cases::empty_source_file ... ok
test histogram::boundary_value_bucket_4 ... ok
test histogram::boundary_value_bucket_5 ... ok
test histogram::buckets_are_evenly_spaced ... ok
test histogram::empty_input_yields_zero_total ... ok
test histogram::high_complexity_in_last_bucket ... ok
test histogram::low_complexity_in_first_bucket ... ok
test histogram::seven_buckets_always_generated ... ok
test histogram::spread_across_all_buckets ... ok
test histogram::total_equals_sum_of_counts ... ok
test properties::cyclomatic_in_first_or_last_bucket ... ok
test edge_cases::child_rows_excluded ... ok
test edge_cases::single_line_file ... ok
test determinism::report_deterministic_across_runs ... ok
test report::detail_functions_flag_populates_functions ... ok
test report::cyclomatic_increases_with_branches ... ok
test report::empty_export_yields_zero_aggregates ... ok
test report::detail_functions_off_returns_none ... ok
test properties::histogram_counts_sum_to_total ... ok
test report::file_byte_limit_respected ... ok
test report::histogram_present_in_report ... ok
test report::files_sorted_by_cyclomatic_desc ... ok
test report::missing_file_skipped_gracefully ... ok
test report::multiple_functions_counted ... ok
test report::go_file_analyzed ... ok
test report::single_rust_file_detected ... ok
test report::unsupported_language_skipped ... ok
test properties::histogram_total_equals_input_len ... ok
test serialization::report_serializes_to_json ... ok
test report::javascript_file_analyzed ... ok
test report::python_file_analyzed ... ok

test result: ok. 32 passed; 0 failed; 0 ignored; 0 measured; 0 filtered out; finished in 0.04s

     Running tests/complexity_depth_w56.rs (target/debug/deps/complexity_depth_w56-792d08a814e82e6c)

running 22 tests
test complexity_risk_debug_display ... ok
test file_complexity_with_cognitive ... ok
test file_complexity_json_round_trip ... ok
test complexity_risk_clone_eq ... ok
test file_complexity_without_cognitive ... ok
test high_complexity_file_data ... ok
test histogram_boundary_value_30 ... ok
test histogram_all_files_in_single_bucket ... ok
test histogram_boundary_value_5 ... ok
test histogram_boundary_value_4 ... ok
test histogram_bucket_boundaries ... ok
test histogram_bucket_size_10 ... ok
test histogram_empty_files ... ok
test histogram_deterministic ... ok
test histogram_json_round_trip ... ok
test histogram_single_low_complexity_file ... ok
test histogram_spread_across_buckets ... ok
test histogram_total_equals_file_count ... ok
test histogram_very_high_complexity_lands_in_last_bucket ... ok
test histogram_zero_complexity_goes_first_bucket ... ok
test linear_code_low_complexity ... ok
test histogram_large_file_set ... ok

test result: ok. 22 passed; 0 failed; 0 ignored; 0 measured; 0 filtered out; finished in 0.00s

     Running tests/complexity_w74.rs (target/debug/deps/complexity_w74-f57eb39c65d624dc)

running 15 tests
test file_complexity_default_optional_fields ... ok
test histogram_all_files_in_same_bucket ... ok
test file_complexity_path_preserved ... ok
test histogram_bucket_labels_are_multiples_of_bucket_size ... ok
test histogram_counts_sum_equals_total ... ok
test histogram_boundary_value_at_bucket_edge ... ok
test histogram_deterministic_across_calls ... ok
test histogram_empty_input ... ok
test histogram_high_complexity_clamped_to_last_bucket ... ok
test histogram_multiple_buckets ... ok
test histogram_seven_buckets ... ok
test histogram_single_file_low_complexity ... ok
test histogram_with_bucket_size_ten ... ok
test histogram_zero_complexity_in_first_bucket ... ok
test risk_enum_variants_exist ... ok

test result: ok. 15 passed; 0 failed; 0 ignored; 0 measured; 0 filtered out; finished in 0.00s

     Running tests/deep.rs (target/debug/deps/deep-d4fb7335b5e23a62)

running 71 tests
test additional_edge_cases::go_multiple_functions ... ok
test additional_edge_cases::file_with_no_functions ... ok
test additional_edge_cases::detail_functions_disabled_returns_none ... ok
test additional_edge_cases::deeply_nested_code ... ok
test additional_edge_cases::maintainability_index_present_for_valid_code ... ok
test additional_edge_cases::many_functions_file ... ok
test additional_edge_cases::single_function_file ... ok
test aggregation::avg_cyclomatic_between_min_and_max ... ok
test aggregation::files_sorted_by_cyclomatic_descending ... ok
test aggregation::max_cyclomatic_is_highest_across_files ... ok
test aggregation::high_risk_files_counts_risky_files ... ok
test additional_edge_cases::python_nested_control_flow ... ok
test aggregation::max_function_length_is_longest_across_files ... ok
test aggregation::total_functions_sums_across_files ... ok
test cognitive_nesting::aggregate_nesting_tracks_max_across_files ... ok
test cognitive_nesting::avg_cognitive_between_min_and_max ... ok
test cognitive_nesting::nesting_depth_increases_with_deeper_code ... ok
test determinism::histogram_deterministic_across_runs ... ok
test cognitive_nesting::cognitive_grows_with_nesting ... ok
test edge_cases::empty_file_produces_zero_metrics ... ok
test edge_cases::file_with_only_comments ... ok
test edge_cases::comments_do_not_affect_cyclomatic ... ok
test edge_cases::maintainability_index_present_for_nonempty_code ... ok
test edge_cases::one_liner_function ... ok
test edge_cases::whitespace_only_file ... ok
test exact_cyclomatic::complex_combination_counts_all_branches ... ok
test exact_cyclomatic::for_loop_adds_one ... ok
test exact_cyclomatic::go_select_case_counting ... ok
test exact_cyclomatic::javascript_switch_case_counting ... ok
test additional_edge_cases::javascript_async_functions ... ok
test exact_cyclomatic::logical_operators_add_complexity ... ok
test exact_cyclomatic::linear_code_has_cyclomatic_one ... ok
test exact_cyclomatic::match_arms_count_once ... ok
test exact_cyclomatic::nested_ifs_each_count ... ok
test exact_cyclomatic::python_logical_operators_counted ... ok
test exact_cyclomatic::question_mark_operator_adds_complexity ... ok
test exact_cyclomatic::python_elif_each_counted ... ok
test determinism::ten_runs_produce_identical_output ... ok
test exact_cyclomatic::while_loop_adds_one ... ok
test exact_cyclomatic::single_if_adds_one ... ok
test function_counting::go_method_receivers_counted ... ok
test function_counting::rust_function_length_tracks_longest ... ok
test function_counting::rust_counts_all_function_variants ... ok
test function_counting::python_function_counting_with_nested_def ... ok
test function_details::detail_cognitive_present_for_branchy_function ... ok
test function_counting::js_arrow_functions_counted ... ok
test function_details::detail_param_count_extracted ... ok
test function_details::detail_length_is_end_minus_start_plus_one ... ok
test function_details::detail_includes_line_numbers ... ok
test function_details::detail_cyclomatic_per_function ... ok
test histogram::bucket_boundaries_are_correct ... ok
test histogram::empty_files_gives_empty_histogram ... ok
test histogram::high_complexity_files_in_last_bucket ... ok
test histogram::histogram_has_seven_buckets ... ok
test histogram::histogram_total_matches_file_count ... ok
test multi_language::c_style_for_while_if_counted ... ok
test multi_language::ruby_if_unless_while_counted ... ok
test multi_language::unsupported_language_excluded_from_report ... ok
test risk_thresholds::all_low_scores_produce_low_risk ... ok
test risk_thresholds::file_sort_order_is_deterministic_for_equal_complexity ... ok
test multi_language::mixed_language_files_all_analyzed ... ok
test risk_thresholds::histogram_with_zero_bucket_size_treated_as_one ... ok
test risk_thresholds::high_function_count_increases_risk ... ok
test serialization::file_complexity_fields_serialized ... ok
test serialization::function_details_serialized_when_enabled ... ok
test serialization::complexity_report_round_trips_through_json ... ok
test serialization::risk_level_serializes_as_string ... ok
test serialization::technical_debt_serialized_when_present ... ok
test technical_debt::debt_level_classifications ... ok
test serialization::histogram_serialized_when_present ... ok
test technical_debt::debt_ratio_increases_with_complexity ... ok

test result: ok. 71 passed; 0 failed; 0 ignored; 0 measured; 0 filtered out; finished in 0.05s

     Running tests/deep_complexity_round2_w51.rs (target/debug/deps/deep_complexity_round2_w51-29bb6e5c1bfb33c5)

running 17 tests
test cyclomatic_patterns::go_select_case ... ok
test cyclomatic_patterns::deeply_nested_ifs_accumulate ... ok
test cognitive_scoring::linear_code_low_cognitive ... ok
test cognitive_scoring::nested_code_higher_cognitive_than_flat ... ok
test cyclomatic_patterns::loop_keyword_adds_one ... ok
test cyclomatic_patterns::logical_and_or_adds_complexity ... ok
test cyclomatic_patterns::while_loop_adds_one ... ok
test cyclomatic_patterns::question_mark_operator_adds_one ... ok
test cyclomatic_patterns::javascript_ternary_adds_one ... ok
test histogram_round2::all_low_complexity_in_first_bucket ... ok
test histogram_round2::high_complexity_clamped_to_last_bucket ... ok
test risk_thresholds::high_cyclomatic_elevates_risk ... ok
test risk_thresholds::simple_code_is_low_risk ... ok
test sorting::files_sorted_by_cyclomatic_descending ... ok
test risk_thresholds::high_risk_files_count_matches ... ok
test sorting::tie_breaking_is_deterministic ... ok
test cyclomatic_patterns::python_for_while_if ... ok

test result: ok. 17 passed; 0 failed; 0 ignored; 0 measured; 0 filtered out; finished in 0.12s

     Running tests/deep_complexity_w47.rs (target/debug/deps/deep_complexity_w47-3dc2158d2a5f531c)

running 20 tests
test cyclomatic_known::linear_function_base_complexity ... ok
test cyclomatic_known::loop_and_condition ... ok
test cognitive::function_details_extracted_for_rust ... ok
test cognitive::cognitive_complexity_non_negative_for_nested_code ... ok
test cyclomatic_known::match_expression ... ok
test cyclomatic_known::single_if_adds_one ... ok
test cyclomatic_known::multiple_branches ... ok
test edge_cases::comment_only_file ... ok
test edge_cases::no_files_produces_zero_aggregates ... ok
test edge_cases::unsupported_language_skipped ... ok
test edge_cases::empty_file ... ok
test cyclomatic_known::python_complexity ... ok
test prop_complexity_non_negative ... ok
test prop_histogram_buckets_monotonic ... ok
test prop_histogram_counts_sum_to_total ... ok
test prop_histogram_deterministic ... ok
test prop_adding_file_never_decreases_bucket ... ok
test prop_single_file_lands_in_one_bucket ... ok
test prop_histogram_seven_buckets ... ok
test prop_histogram_total_equals_file_count ... ok

test result: ok. 20 passed; 0 failed; 0 ignored; 0 measured; 0 filtered out; finished in 1.10s

     Running tests/deep_w39.rs (target/debug/deps/deep_w39-046592758f1a7cc5)

running 29 tests
test cyclomatic_base_is_one_for_trivial_fn ... ok
test cognitive_present_for_function_with_branching ... ok
test avg_cyclomatic_is_average_of_files ... ok
test cognitive_aggregate_max_and_avg ... ok
test cyclomatic_counts_match_arms ... ok
test cyclomatic_counts_logical_operators ... ok
test cyclomatic_counts_if ... ok
test deeply_nested_code_high_complexity ... ok
test deterministic_across_runs ... ok
test empty_file_produces_no_entries ... ok
test function_detail_cyclomatic_per_fn ... ok
test files_sorted_by_cyclomatic_desc ... ok
test function_detail_line_numbers ... ok
test function_details_extracted_when_enabled ... ok
test function_detail_names_correct ... ok
test high_risk_files_count ... ok
test histogram_empty_input ... ok
test histogram_high_complexity_in_last_bucket ... ok
test histogram_single_low_complexity ... ok
test low_risk_for_simple_file ... ok
test cyclomatic_js_switch_cases ... ok
test max_cyclomatic_is_maximum ... ok
test function_details_omitted_when_disabled ... ok
test max_function_length_tracked ... ok
test single_function_file ... ok
test cyclomatic_python_branches ... ok
test unsupported_language_skipped ... ok
test report_json_roundtrip ... ok
test total_functions_across_files ... ok

test result: ok. 29 passed; 0 failed; 0 ignored; 0 measured; 0 filtered out; finished in 0.06s

     Running tests/deep_w68.rs (target/debug/deps/deep_w68-f4a7f561fe787915)

running 17 tests
test file_complexities_sort_stable_on_tie ... ok
test file_complexity_high_risk ... ok
test file_complexity_critical_risk ... ok
test file_complexities_sort_by_cyclomatic_desc ... ok
test file_complexity_low_risk ... ok
test file_complexity_moderate_risk ... ok
test histogram_all_in_first_bucket ... ok
test file_complexity_without_cognitive ... ok
test histogram_all_in_last_bucket ... ok
test histogram_bucket_boundaries ... ok
test histogram_deterministic ... ok
test histogram_distributes_across_buckets ... ok
test histogram_empty_files ... ok
test histogram_with_zero_complexity_files ... ok
test histogram_single_low_complexity_file ... ok
test histogram_single_high_complexity_file ... ok
test zero_function_file ... ok

test result: ok. 17 passed; 0 failed; 0 ignored; 0 measured; 0 filtered out; finished in 0.00s

     Running tests/edge_cases.rs (target/debug/deps/edge_cases-96b83cd7b248b513)

running 10 tests
test deeply_nested::given_deeply_nested_rust_when_analyzed_then_nesting_depth_detected ... ok
test deeply_nested::given_deeply_nested_rust_when_analyzed_then_high_cyclomatic ... ok
test aggregate_invariants::given_multiple_files_when_analyzed_then_avg_cyclomatic_between_min_and_max ... ok
test aggregate_invariants::given_files_when_analyzed_then_high_risk_count_le_total_files ... ok
test empty_minimal::given_empty_file_when_analyzed_then_no_crash ... ok
test language_support::given_c_sharp_file_when_analyzed_then_functions_detected ... ok
test language_support::given_ruby_file_when_analyzed_then_functions_detected ... ok
test determinism::given_same_input_when_analyzed_twice_then_output_is_identical ... ok
test empty_minimal::given_file_with_no_functions_when_analyzed_then_zero_function_count ... ok
test language_support::given_typescript_file_when_analyzed_then_functions_detected ... ok

test result: ok. 10 passed; 0 failed; 0 ignored; 0 measured; 0 filtered out; finished in 0.15s

     Running tests/integration.rs (target/debug/deps/integration-ac27661548a71755)

running 16 tests
test given_child_rows_they_are_excluded ... ok
test given_files_then_histogram_is_present ... ok
test given_branchy_code_cognitive_complexity_populated ... ok
test given_detail_flag_then_function_details_present ... ok
test given_files_then_aggregates_are_consistent ... ok
test given_files_with_code_then_technical_debt_present ... ok
test given_max_bytes_limit_scanning_stops ... ok
test given_multiple_files_sorted_by_complexity_desc ... ok
test given_no_detail_flag_then_function_details_none ... ok
test given_no_files_report_has_zero_totals ... ok
test given_rust_file_detects_functions_and_cyclomatic ... ok
test given_go_file_detects_functions ... ok
test given_simple_function_risk_is_low ... ok
test given_unsupported_lang_file_is_skipped ... ok
test given_python_file_detects_functions ... ok
test given_javascript_file_detects_functions ... ok

test result: ok. 16 passed; 0 failed; 0 ignored; 0 measured; 0 filtered out; finished in 0.15s

     Running tests/properties.rs (target/debug/deps/properties-28dbc4d64e49f02b)

running 11 tests
test prop_bucket_boundaries_correct ... ok
test prop_histogram_always_7_buckets ... ok
test prop_adding_file_monotone ... ok
test prop_histogram_empty_all_zeros ... ok
test prop_histogram_counts_sum_to_total ... ok
test prop_histogram_buckets_monotonic ... ok
test prop_same_cyclomatic_same_bucket ... ok
test prop_single_file_one_bucket ... ok
test prop_histogram_deterministic ... ok
test prop_no_bucket_exceeds_total ... ok
test prop_histogram_total_equals_file_count ... ok

test result: ok. 11 passed; 0 failed; 0 ignored; 0 measured; 0 filtered out; finished in 1.80s

     Running tests/proptest_w40.rs (target/debug/deps/proptest_w40-b52469f1f4ed6e7b)

running 8 tests
test histogram_empty_input_zero_total ... ok
test histogram_bucket_boundaries_sequential ... ok
test histogram_always_seven_buckets ... ok
test histogram_is_deterministic ... ok
test max_cyclomatic_geq_any_individual ... ok
test histogram_counts_sum_to_total ... ok
test max_function_length_geq_any_individual ... ok
test histogram_total_equals_file_count ... ok

test result: ok. 8 passed; 0 failed; 0 ignored; 0 measured; 0 filtered out; finished in 0.02s

     Running unittests src/lib.rs (target/debug/deps/tokmd_analysis_content-6745ebef2bc754eb)

running 0 tests

test result: ok. 0 passed; 0 failed; 0 ignored; 0 measured; 0 filtered out; finished in 0.00s

     Running tests/bdd.rs (target/debug/deps/bdd-4cb4f5ffd8158eb5)

running 25 tests
test given_default_content_limits_then_all_none ... ok
test given_binary_file_when_building_todo_report_then_skipped ... ok
test given_1000_code_lines_and_3_todos_when_building_todo_report_then_density_is_3 ... ok
test given_empty_file_list_when_building_import_report_then_no_edges ... ok
test given_duplicates_when_building_duplicate_report_then_density_has_correct_counts ... ok
test given_duplicate_groups_when_building_duplicate_report_then_sorted_by_bytes_desc ... ok
test given_duplicates_in_different_modules_when_building_duplicate_report_then_density_by_module ... ok
test given_empty_file_list_when_building_todo_report_then_zero_total ... ok
test given_empty_files_when_building_duplicate_report_then_zero_byte_files_ignored ... ok
test given_file_exceeds_max_file_bytes_when_building_duplicate_report_then_skipped ... ok
test given_file_granularity_when_building_import_report_then_granularity_field_is_file ... ok
test given_file_not_in_export_when_building_import_report_then_skipped ... ok
test given_import_edges_when_building_import_report_then_sorted_by_count_desc ... ok
test given_files_with_todos_when_building_todo_report_then_counts_each_tag ... ok
test given_max_bytes_limit_when_building_todo_report_then_stops_early ... ok
test given_module_granularity_when_building_import_report_then_granularity_field_is_module ... ok
test given_multiple_todos_in_one_line_when_building_todo_report_then_all_counted ... ok
test given_max_bytes_limit_when_building_import_report_then_budget_respected ... ok
test given_no_tags_when_building_todo_report_then_total_is_zero ... ok
test given_no_duplicates_when_building_duplicate_report_then_empty_groups ... ok
test given_python_file_with_multiple_imports_when_building_import_report_then_all_edges_collected ... ok
test given_three_identical_files_when_building_duplicate_report_then_wasted_is_2x_size ... ok
test given_two_identical_files_when_building_duplicate_report_then_one_group_found ... ok
test given_unsupported_language_when_building_import_report_then_skipped ... ok
test given_zero_total_code_when_building_todo_report_then_density_is_zero ... ok

test result: ok. 25 passed; 0 failed; 0 ignored; 0 measured; 0 filtered out; finished in 0.01s

     Running tests/bdd_extended.rs (target/debug/deps/bdd_extended-1cc48c01ae7f803c)

running 9 tests
test given_file_with_all_tag_types_when_building_todo_report_then_tags_sorted_by_name ... ok
test given_10_todos_and_10000_code_lines_when_building_todo_report_then_density_is_1 ... ok
test given_file_with_all_todo_lines_when_building_todo_report_then_high_density ... ok
test given_file_with_only_fixme_tags_when_building_todo_report_then_only_fixme_counted ... ok
test given_duplicates_when_building_report_then_wasted_pct_is_correct_ratio ... ok
test given_per_file_byte_limit_when_building_import_report_then_large_file_truncated ... ok
test given_rust_file_with_use_statements_when_file_granularity_then_from_is_file_path ... ok
test given_single_file_when_building_duplicate_report_then_no_groups ... ok
test given_two_distinct_duplicate_groups_when_building_report_then_both_detected ... ok

test result: ok. 9 passed; 0 failed; 0 ignored; 0 measured; 0 filtered out; finished in 0.00s

     Running tests/content_analysis_depth_w57.rs (target/debug/deps/content_analysis_depth_w57-96b422c05fb9a588)

running 35 tests
test dup_empty_file_list ... ok
test dup_files_within_group_sorted ... ok
test dup_groups_deterministic_order ... ok
test dup_cross_module ... ok
test dup_deterministic_json ... ok
test dup_max_file_bytes_excludes_large ... ok
test dup_single_file_no_group ... ok
test dup_multiple_groups ... ok
test dup_same_hash_detected ... ok
test dup_strategy_is_blake3 ... ok
test dup_wasted_bytes_four_copies ... ok
test dup_subdirectory_paths ... ok
test dup_wasted_pct_in_range ... ok
test hack_tag_detected ... ok
test fixme_counted_separately ... ok
test import_edges_sorted_desc ... ok
test import_empty_file_list ... ok
test import_file_granularity_source ... ok
test import_no_imports_empty ... ok
test import_python_detected ... ok
test import_typescript_detected ... ok
test multiple_tags_same_line ... ok
test import_respects_max_bytes ... ok
test serde_dup_roundtrip_with_density ... ok
test serde_import_roundtrip ... ok
test serde_todo_roundtrip_all_fields ... ok
test todo_binary_file_skipped ... ok
test tags_aggregate_across_files ... ok
test todo_case_sensitive ... ok
test todo_density_exact ... ok
test todo_empty_file_zero_tags ... ok
test todo_in_block_comment ... ok
test todo_in_string_literal ... ok
test xxx_tag_detected ... ok
test todo_nested_directories ... ok

test result: ok. 35 passed; 0 failed; 0 ignored; 0 measured; 0 filtered out; finished in 0.04s

     Running tests/content_deep_w76.rs (target/debug/deps/content_deep_w76-684c368045826837)

running 19 tests
test duplicate_w76::single_file_never_duplicate ... ok
test duplicate_w76::different_sizes_same_content_prefix_not_duplicate ... ok
test duplicate_w76::file_size_limit_excludes_large_files ... ok
test duplicate_w76::cross_module_density_tracks_separate_modules ... ok
test import_w76::edges_sorted_by_count_descending ... ok
test duplicate_w76::wasted_pct_of_codebase_correct ... ok
test import_w76::module_granularity_aggregates_by_module ... ok
test import_w76::file_granularity_uses_file_path ... ok
test invariants_w76::empty_file_list_produces_zero_todo_report ... ok
test import_w76::unsupported_language_produces_no_edges ... ok
test import_w76::no_imports_produce_empty_edges ... ok
test invariants_w76::duplicate_density_by_module_sorted_by_wasted_bytes ... ok
test invariants_w76::import_report_deterministic ... ok
test invariants_w76::todo_report_stable_across_runs ... ok
test todo_w76::binary_files_skipped ... ok
test todo_w76::density_zero_when_total_code_is_zero ... ok
test todo_w76::tags_in_multiline_comments_detected ... ok
test todo_w76::max_bytes_limit_stops_scanning_across_files ... ok
test todo_w76::tags_sorted_alphabetically_in_btreemap ... ok

test result: ok. 19 passed; 0 failed; 0 ignored; 0 measured; 0 filtered out; finished in 0.01s

     Running tests/content_enricher_w54.rs (target/debug/deps/content_enricher_w54-c60312da25ef5b98)

running 22 tests
test dup_empty_files_not_flagged ... ok
test dup_density_report_present ... ok
test dup_exact_duplicates_detected ... ok
test dup_groups_sorted_by_bytes_desc ... ok
test dup_strategy_blake3 ... ok
test dup_deterministic_ordering ... ok
test dup_max_file_bytes_limit ... ok
test dup_no_duplicates ... ok
test import_child_rows_excluded ... ok
test import_file_granularity_string ... ok
test import_empty_files ... ok
test import_edges_sorted_desc ... ok
test import_rust_use_detected ... ok
test import_unsupported_language_no_edges ... ok
test todo_density_per_kloc ... ok
test todo_binary_file_skipped ... ok
test todo_density_zero_code ... ok
test todo_multiple_tags_same_file ... ok
test todo_max_bytes_limit ... ok
test todo_single_tag ... ok
test todo_tags_sorted ... ok
test todo_many_files ... ok

test result: ok. 22 passed; 0 failed; 0 ignored; 0 measured; 0 filtered out; finished in 0.01s

     Running tests/deep.rs (target/debug/deps/deep-a0915db5197339ed)

running 26 tests
test dup_empty_files ... ok
test dup_empty_files_skipped ... ok
test dup_different_files ... ok
test dup_density_report ... ok
test dup_density_by_module ... ok
test dup_excludes_child_rows ... ok
test dup_groups_sorted_by_bytes_desc ... ok
test dup_three_identical_files ... ok
test import_empty_files ... ok
test import_edges_sorted_by_count ... ok
test dup_two_identical_files ... ok
test import_file_granularity ... ok
test import_rust_use_statement ... ok
test import_unsupported_language ... ok
test todo_all_four_tags ... ok
test todo_density_per_kloc ... ok
test todo_empty_files ... ok
test todo_density_zero_code ... ok
test todo_multiple_same_tag ... ok
test todo_multiple_files ... ok
test todo_no_tags_in_file ... ok
test todo_respects_per_file_limit ... ok
test todo_respects_total_byte_limit ... ok
test todo_serialization_roundtrip ... ok
test import_serialization_roundtrip ... ok
test dup_serialization_roundtrip ... ok

test result: ok. 26 passed; 0 failed; 0 ignored; 0 measured; 0 filtered out; finished in 0.02s

     Running tests/deep_w39.rs (target/debug/deps/deep_w39-30a36c49c5231121)

running 20 tests
test duplicate_report_empty_files_not_duplicates ... ok
test duplicate_different_sizes_not_grouped ... ok
test duplicate_report_strategy_is_blake3 ... ok
test duplicate_report_no_duplicates_for_unique_files ... ok
test duplicate_report_density_computed ... ok
test duplicate_report_finds_exact_duplicates ... ok
test duplicate_report_wasted_bytes_calculation ... ok
test import_report_empty_files ... ok
test import_report_file_granularity ... ok
test import_report_module_granularity ... ok
test todo_case_sensitive ... ok
test todo_density_per_kloc_computed ... ok
test todo_density_zero_for_zero_code ... ok
test todo_report_binary_file_skipped ... ok
test todo_multiple_tags_same_line ... ok
test todo_report_detects_hack_and_xxx ... ok
test todo_report_detects_todo_tags ... ok
test todo_report_no_files ... ok
test todo_report_empty_file ... ok
test todo_report_respects_max_file_bytes ... ok

test result: ok. 20 passed; 0 failed; 0 ignored; 0 measured; 0 filtered out; finished in 0.01s

     Running tests/deep_w66.rs (target/debug/deps/deep_w66-79efba217a56bca2)

running 17 tests
test content_limits_w66::zero_max_bytes_scans_nothing ... ok
test determinism_w66::todo_tags_sorted_alphabetically ... ok
test determinism_w66::todo_report_deterministic ... ok
test duplicate_detection_w66::empty_files_not_counted_as_duplicates ... ok
test duplicate_detection_w66::duplicate_groups_sorted_by_bytes_desc ... ok
test duplicate_detection_w66::strategy_is_exact_blake3 ... ok
test duplicate_detection_w66::no_duplicates_when_all_unique ... ok
test todo_density_w66::binary_files_skipped ... ok
test duplicate_detection_w66::exact_duplicates_detected ... ok
test todo_density_w66::empty_file_list_produces_zero ... ok
test todo_density_w66::multiple_tags_in_same_file ... ok
test todo_density_w66::no_tags_produces_zero_total ... ok
test todo_density_w66::single_todo_in_1000_lines ... ok
test todo_density_w66::todo_in_string_literal_still_counted ... ok
test todo_density_w66::todo_density_across_multiple_files ... ok
test todo_density_w66::zero_code_lines_yields_zero_density ... ok
test content_limits_w66::max_bytes_limit_stops_scanning ... ok

test result: ok. 17 passed; 0 failed; 0 ignored; 0 measured; 0 filtered out; finished in 0.01s

     Running tests/deep_w68.rs (target/debug/deps/deep_w68-ab04be6a81e56c2b)

running 19 tests
test determinism_w68::todo_report_deterministic ... ok
test duplicate_w68::density_report_present ... ok
test duplicate_w68::duplicate_files_in_subdirectories ... ok
test determinism_w68::duplicate_report_deterministic ... ok
test duplicate_w68::empty_files_not_duplicates ... ok
test duplicate_w68::no_duplicates_when_content_differs ... ok
test duplicate_w68::identical_files_detected_as_duplicates ... ok
test duplicate_w68::duplicate_groups_sorted_by_bytes_desc ... ok
test duplicate_w68::strategy_is_exact_blake3 ... ok
test limits_w68::max_bytes_zero_scans_nothing ... ok
test limits_w68::max_file_bytes_truncates_large_file ... ok
test duplicate_w68::three_identical_files_one_group ... ok
test todo_w68::case_insensitive_tags_matched ... ok
test todo_w68::density_scales_with_kloc ... ok
test todo_w68::empty_files_produce_no_tags ... ok
test todo_w68::hack_and_xxx_detected ... ok
test todo_w68::fixme_counted_separately_from_todo ... ok
test todo_w68::multiple_todos_in_one_line ... ok
test todo_w68::todo_across_many_files ... ok

test result: ok. 19 passed; 0 failed; 0 ignored; 0 measured; 0 filtered out; finished in 0.01s

     Running tests/import_integration.rs (target/debug/deps/import_integration-423d6df34e5b03d4)

running 2 tests
test given_file_granularity_when_building_import_report_then_from_uses_file_paths ... ok
test given_mixed_language_files_when_building_module_import_report_then_edges_are_aggregated ... ok

test result: ok. 2 passed; 0 failed; 0 ignored; 0 measured; 0 filtered out; finished in 0.00s

     Running tests/properties.rs (target/debug/deps/properties-097d4297b76dc296)

running 11 tests
test duplicate_report_strategy_is_always_exact_blake3 ... ok
test empty_files_always_produce_empty_results ... ok
test duplicate_group_files_are_sorted ... ok
test duplicate_wasted_bytes_never_negative ... ok
test duplicate_groups_sorted_by_bytes_desc ... ok
test import_granularity_field_matches_input ... ok
test import_edges_have_positive_counts ... ok
test import_edges_sorted_by_count_desc ... ok
test todo_density_is_non_negative ... ok
test todo_density_zero_when_code_zero ... ok
test todo_total_equals_sum_of_tag_counts ... ok

test result: ok. 11 passed; 0 failed; 0 ignored; 0 measured; 0 filtered out; finished in 0.33s

     Running unittests src/lib.rs (target/debug/deps/tokmd_analysis_derived-6e48deb2ef00f5ac)

running 1 test
test tests::test_compare_integrity_rows_matches_string_sort ... ok

test result: ok. 1 passed; 0 failed; 0 ignored; 0 measured; 0 filtered out; finished in 0.00s

     Running tests/bdd.rs (target/debug/deps/bdd-6a47e0af209bd5bc)

running 45 tests
test cocomo::given_1000_loc_when_derived_then_kloc_is_1 ... ok
test cocomo::given_code_when_derived_then_effort_and_duration_are_positive ... ok
test cocomo::given_code_when_derived_then_cocomo_coefficients_are_standard ... ok
test cocomo::given_code_when_derived_then_cocomo_uses_organic_mode ... ok
test cocomo::given_more_code_when_derived_then_effort_increases ... ok
test cocomo::given_zero_code_when_derived_then_cocomo_is_none ... ok
test context_window::given_multi_file_tokens_when_derived_then_total_is_summed ... ok
test context_window::given_exact_fit_when_derived_then_fits_is_true_and_pct_is_one ... ok
test context_window::given_no_window_when_derived_then_context_window_is_none ... ok
test context_window::given_tokens_exceeding_budget_when_derived_then_fits_is_false ... ok
test context_window::given_tokens_within_budget_when_derived_then_fits_is_true ... ok
test context_window::given_zero_window_when_derived_then_pct_is_zero ... ok
test density::given_multi_lang_files_when_derived_then_density_has_by_lang_breakdown ... ok
test density::given_multi_module_files_when_derived_then_density_has_by_module_breakdown ... ok
test density::given_no_comments_when_derived_then_doc_density_is_zero ... ok
test density::given_only_comments_when_derived_then_doc_density_is_one ... ok
test density::given_well_documented_file_when_derived_then_doc_density_is_high ... ok
test distribution::given_single_file_when_derived_then_min_equals_max_equals_median ... ok
test distribution::given_two_files_when_derived_then_median_is_average_of_sizes ... ok
test distribution::given_skewed_file_sizes_when_derived_then_gini_is_positive ... ok
test distribution::given_files_when_derived_then_p90_gte_median ... ok
test empty_input::given_no_files_when_derived_then_cocomo_is_none ... ok
test distribution::given_uniform_file_sizes_when_derived_then_gini_is_zero ... ok
test empty_input::given_no_files_when_derived_then_distribution_is_zeroed ... ok
test empty_input::given_no_files_when_derived_then_context_window_is_none ... ok
test empty_input::given_no_files_when_derived_then_reading_time_is_zero ... ok
test empty_input::given_no_files_when_derived_then_totals_are_zero ... ok
test histogram::given_empty_input_when_derived_then_histogram_has_five_zero_buckets ... ok
test histogram::given_huge_file_when_derived_then_in_huge_bucket ... ok
test histogram::given_files_when_derived_then_histogram_pcts_sum_to_one ... ok
test histogram::given_tiny_files_when_derived_then_all_in_tiny_bucket ... ok
test integrity::given_different_files_when_derived_then_hashes_differ ... ok
test integrity::given_files_when_derived_then_integrity_uses_blake3 ... ok
test integrity::given_same_files_when_derived_twice_then_hash_is_deterministic ... ok
test nesting::given_deep_path_when_derived_then_nesting_reflects_depth ... ok
test nesting::given_flat_files_when_derived_then_nesting_max_is_one ... ok
test polyglot::given_single_language_when_derived_then_entropy_is_zero ... ok
test polyglot::given_two_equal_languages_when_derived_then_entropy_is_one ... ok
test reading_time::given_200_code_lines_when_derived_then_reading_time_is_10_minutes ... ok
test test_density::given_no_tests_when_derived_then_test_ratio_is_zero ... ok
test totals::given_child_rows_when_derived_then_children_are_excluded_from_totals ... ok
test test_density::given_test_and_prod_files_when_derived_then_ratio_reflects_test_proportion ... ok
test totals::given_multiple_files_when_derived_then_totals_are_summed ... ok
test whitespace::given_many_blanks_when_derived_then_whitespace_ratio_is_high ... ok
test whitespace::given_no_blanks_when_derived_then_whitespace_ratio_is_zero ... ok

test result: ok. 45 passed; 0 failed; 0 ignored; 0 measured; 0 filtered out; finished in 0.01s

     Running tests/deep.rs (target/debug/deps/deep-48525e4f9eaa5891)

running 62 tests
test boundary::context_window_does_not_fit_when_tokens_exceed ... ok
test boundary::context_window_fits_when_tokens_within ... ok
test boilerplate::infra_langs_detected ... ok
test boilerplate::no_infra_gives_zero_ratio ... ok
test boundary::context_window_none_when_not_requested ... ok
test boundary::context_window_zero_tokens_window ... ok
test boundary::histogram_has_five_buckets ... ok
test boundary::histogram_huge_for_large_file ... ok
test boundary::histogram_tiny_for_small_file ... ok
test boundary::single_line_file ... ok
test cocomo::cocomo_duration_formula_correct ... ok
test cocomo::cocomo_kloc_matches_code_lines ... ok
test cocomo::cocomo_effort_formula_correct ... ok
test cocomo::cocomo_none_when_zero_code ... ok
test cocomo::cocomo_organic_mode ... ok
test cocomo::cocomo_present_when_code_exists ... ok
test cocomo::cocomo_parameters_are_organic ... ok
test cocomo::cocomo_staff_is_effort_over_duration ... ok
test cocomo::cocomo_scales_with_kloc ... ok
test density::doc_density_by_lang_is_grouped ... ok
test density::doc_density_one_when_all_comments ... ok
test density::doc_density_zero_when_no_comments ... ok
test density::doc_density_ratio_is_comments_over_code_plus_comments ... ok
test density::whitespace_ratio_is_blanks_over_code_plus_comments ... ok
test determinism::integrity_hash_changes_with_data ... ok
test determinism::integrity_hash_stable ... ok
test distribution::gini_high_for_skewed_sizes ... ok
test distribution::gini_zero_for_equal_sizes ... ok
test distribution::single_file_has_equal_min_max_mean_median ... ok
test distribution::three_files_median_is_middle_value ... ok
test determinism::derive_report_deterministic_across_row_orders ... ok
test distribution::two_files_median_is_average ... ok
test determinism::derive_report_is_deterministic ... ok
test lang_purity::mixed_lang_module_has_lower_purity ... ok
test lang_purity::single_lang_module_has_100_percent_purity ... ok
test large_inputs::large_file_lines ... ok
test distribution::p90_and_p99_within_range ... ok
test large_inputs::top_offenders_capped_at_ten ... ok
test multi_language::doc_density_by_module_is_grouped ... ok
test multi_language::polyglot_dominant_language_is_largest ... ok
test multi_language::totals_sum_across_languages ... ok
test multi_language::polyglot_entropy_positive_for_two_languages ... ok
test multi_language::verbosity_rate_calculated_correctly ... ok
test serialization::cocomo_serializes_all_fields ... ok
test serialization::context_window_absent_in_json_when_none ... ok
test serialization::integrity_present_in_serialization ... ok
test serialization::distribution_serializes_all_fields ... ok
test single_language::nesting_report_for_single_file ... ok
test serialization::derived_report_round_trips_through_json ... ok
test single_language::polyglot_entropy_zero_for_single_language ... ok
test single_language::reading_time_proportional_to_code ... ok
test test_density::no_test_files_gives_zero_ratio ... ok
test single_language::totals_correct_for_single_file ... ok
test test_density::test_density_ratio_correct ... ok
test zero_input::child_rows_are_excluded ... ok
test test_density::test_files_detected_by_path ... ok
test zero_input::empty_rows_distribution_zeroed ... ok
test zero_input::empty_rows_histogram_all_zeros ... ok
test zero_input::empty_rows_produce_valid_report ... ok
test zero_input::empty_rows_polyglot_zero ... ok
test zero_input::empty_rows_reading_time_zero ... ok
test large_inputs::thousand_files ... ok

test result: ok. 62 passed; 0 failed; 0 ignored; 0 measured; 0 filtered out; finished in 0.03s

     Running tests/deep_derived_round2_w51.rs (target/debug/deps/deep_derived_round2_w51-e2e3ccee36315bf4)

running 21 tests
test cocomo_sizes::cocomo_large_project_50000_lines ... ok
test cocomo_sizes::cocomo_duration_constants_match ... ok
test cocomo_sizes::cocomo_huge_project_500000_lines ... ok
test cocomo_sizes::cocomo_effort_increases_superlinearly ... ok
test cocomo_sizes::cocomo_medium_project_5000_lines ... ok
test cocomo_sizes::cocomo_small_project_100_lines ... ok
test density_extremes::density_99_percent_comments ... ok
test density_extremes::density_all_comments_no_code ... ok
test density_extremes::density_by_lang_sorted_descending ... ok
test density_extremes::density_zero_percent_comments ... ok
test distribution_shape::mean_between_min_and_max ... ok
test distribution_shape::gini_zero_for_perfectly_equal ... ok
test distribution_shape::uniform_distribution_stats ... ok
test histogram_buckets::histogram_pct_sums_to_approximately_one ... ok
test histogram_buckets::histogram_sums_to_file_count ... ok
test distribution_shape::heavily_skewed_distribution ... ok
test polyglot_extremes::dominant_language_identified_correctly ... ok
test polyglot_extremes::two_equal_languages_entropy_one ... ok
test polyglot_extremes::many_languages_high_entropy ... ok
test polyglot_extremes::single_language_entropy_zero ... ok
test distribution_shape::gini_approaches_1_for_maximum_inequality ... ok

test result: ok. 21 passed; 0 failed; 0 ignored; 0 measured; 0 filtered out; finished in 0.02s

     Running tests/deep_derived_w47.rs (target/debug/deps/deep_derived_w47-b49a82538249edee)

running 28 tests
test cocomo::cocomo_known_1000_lines ... ok
test cocomo::cocomo_known_10000_lines ... ok
test cocomo::cocomo_none_for_zero_code ... ok
test cocomo::cocomo_staff_equals_effort_div_duration ... ok
test density::density_zero_for_code_only_file ... ok
test density::doc_density_50_percent ... ok
test distribution::language_concentration_single_lang ... ok
test density::whitespace_ratio_computed_correctly ... ok
test distribution::language_concentration_two_langs ... ok
test distribution::single_file_distribution ... ok
test edge_cases::all_blanks_file ... ok
test edge_cases::context_window_does_not_fit ... ok
test edge_cases::context_window_fits_when_tokens_under_budget ... ok
test edge_cases::empty_export_data ... ok
test edge_cases::context_window_none_when_no_budget ... ok
test edge_cases::zero_line_file ... ok
test distribution::uniform_files_gini_zero ... ok
test distribution::skewed_files_gini_high ... ok
test prop_cocomo_effort_non_negative ... ok
test prop_density_values_in_unit_range ... ok
test prop_distribution_min_le_max ... ok
test prop_distribution_gini_in_unit_range ... ok
test prop_histogram_sums_to_file_count ... ok
test prop_integrity_hash_64_hex ... ok
test prop_polyglot_entropy_non_negative ... ok
test prop_reading_time_non_negative ... ok
test prop_totals_match_sum ... ok
test prop_top_offenders_bounded ... ok

test result: ok. 28 passed; 0 failed; 0 ignored; 0 measured; 0 filtered out; finished in 2.46s

     Running tests/deep_w38.rs (target/debug/deps/deep_w38-fafd116f0b9e2936)

running 29 tests
test cocomo_w38::cocomo_duration_positive ... ok
test cocomo_w38::cocomo_50k_lines ... ok
test cocomo_w38::cocomo_1k_lines ... ok
test cocomo_w38::cocomo_aggregates_across_files ... ok
test cocomo_w38::cocomo_staff_positive ... ok
test comment_ratio_w38::ratio_zero_for_zero_total ... ok
test comment_ratio_w38::ratio_fifty_fifty ... ok
test comment_ratio_w38::ratio_by_lang_sorted_descending ... ok
test density_w38::doc_density_by_module_groups_correctly ... ok
test density_w38::doc_density_multiple_files ... ok
test density_w38::verbosity_rate_is_bytes_per_line ... ok
test density_w38::whitespace_large_blanks ... ok
test density_w38::whitespace_zero_when_no_blanks ... ok
test determinism_w38::integrity_hash_differs_for_different_data ... ok
test determinism_w38::report_stable_regardless_of_input_order ... ok
test determinism_w38::report_identical_across_runs ... ok
test distribution_w38::p90_equals_max_for_single_file ... ok
test distribution_w38::four_files_even_distribution ... ok
test determinism_w38::top_offenders_sorted_by_lines_desc ... ok
test edge_cases_w38::all_comments_no_code ... ok
test edge_cases_w38::all_blanks_no_code ... ok
test distribution_w38::ten_files_increasing_sizes ... ok
test edge_cases_w38::only_child_rows_empty_report ... ok
test edge_cases_w38::zero_total_lines_no_panic ... ok
test edge_cases_w38::single_language_entropy_zero ... ok
test histogram_w38::files_fall_into_correct_buckets ... ok
test histogram_w38::histogram_pct_sums_to_one ... ok
test nesting_w38::nesting_tracks_depth ... ok
test edge_cases_w38::hundred_languages ... ok

test result: ok. 29 passed; 0 failed; 0 ignored; 0 measured; 0 filtered out; finished in 0.01s

     Running tests/deep_w68.rs (target/debug/deps/deep_w68-ab5097b324c42754)

running 26 tests
test cocomo_present_for_nonzero_code ... ok
test cocomo_coefficients ... ok
test cocomo_kloc_calculation ... ok
test cocomo_effort_scales_with_kloc ... ok
test context_window_does_not_fit_when_over_budget ... ok
test context_window_fits_when_under_budget ... ok
test derive_empty_cocomo_is_none ... ok
test context_window_none_when_not_requested ... ok
test derive_empty_doc_density_zero ... ok
test derive_empty_distribution_zeros ... ok
test distribution_gini_uniform_is_low ... ok
test distribution_single_file ... ok
test distribution_multi_file ... ok
test derive_empty_totals_all_zero ... ok
test doc_density_no_comments ... ok
test doc_density_single_file ... ok
test doc_density_all_comments ... ok
test doc_density_zero_code_and_comments ... ok
test integrity_hash_deterministic ... ok
test integrity_hash_is_blake3 ... ok
test properties::cocomo_effort_non_negative ... ok
test reading_time_proportional_to_code ... ok
test properties::doc_density_between_zero_and_one ... ok
test properties::totals_match_input ... ok
test whitespace_ratio_single_file ... ok
test properties::whitespace_ratio_non_negative ... ok

test result: ok. 26 passed; 0 failed; 0 ignored; 0 measured; 0 filtered out; finished in 0.12s

     Running tests/derived_contract_w65.rs (target/debug/deps/derived_contract_w65-f113b663b4b82a85)

running 48 tests
test boilerplate::no_infra_langs_yields_zero_ratio ... ok
test boilerplate::infra_langs_contribute_to_boilerplate ... ok
test cocomo::cocomo_coefficients_are_organic ... ok
test cocomo::cocomo_effort_increases_with_code ... ok
test cocomo::cocomo_none_for_zero_code ... ok
test context_window::context_window_fits_when_tokens_below_budget ... ok
test cocomo::cocomo_present_for_nonzero_code ... ok
test context_window::context_window_none_when_not_requested ... ok
test context_window::context_window_does_not_fit_when_tokens_exceed_budget ... ok
test context_window::context_window_zero_window_pct_is_zero ... ok
test distribution::empty_distribution_all_zero ... ok
test distribution::gini_zero_for_equal_files ... ok
test distribution::gini_positive_for_unequal_files ... ok
test distribution::multi_file_distribution_stats ... ok
test distribution::single_file_distribution ... ok
test doc_density::doc_density_by_lang_present ... ok
test doc_density::equal_code_and_comments_gives_half ... ok
test doc_density::doc_density_ratio_bounded_zero_to_one ... ok
test doc_density::pure_code_has_zero_doc_density ... ok
test histogram::histogram_has_five_buckets ... ok
test histogram::histogram_percentages_sum_to_one ... ok
test histogram::huge_file_in_last_bucket ... ok
test histogram::tiny_file_in_first_bucket ... ok
test integrity::integrity_deterministic ... ok
test integrity::integrity_entries_match_file_count ... ok
test integrity::integrity_uses_blake3 ... ok
test nesting::deeply_nested_file_increases_nesting ... ok
test nesting::flat_files_have_low_nesting ... ok
test polyglot::dominant_lang_has_most_code ... ok
test polyglot::multiple_langs_positive_entropy ... ok
test polyglot::single_lang_zero_entropy ... ok
test properties::cocomo_effort_non_negative ... ok
test properties::distribution_min_le_max ... ok
test reading_time::reading_time_based_on_code_lines ... ok
test properties::doc_density_always_in_unit_interval ... ok
test reading_time::zero_code_zero_reading_time ... ok
test test_density::no_test_files_yields_zero_ratio ... ok
test test_density::test_files_counted_separately ... ok
test totals::child_rows_excluded_from_totals ... ok
test totals::empty_export_yields_zero_totals ... ok
test totals::multi_file_totals_sum_correctly ... ok
test verbosity::verbosity_rate_correct ... ok
test totals::single_file_totals_match ... ok
test verbosity::zero_lines_yields_zero_verbosity ... ok
test whitespace::no_blanks_yields_zero_whitespace ... ok
test whitespace::whitespace_ratio_increases_with_blanks ... ok
test properties::totals_code_equals_sum_of_rows ... ok
test properties::whitespace_ratio_always_non_negative ... ok

test result: ok. 48 passed; 0 failed; 0 ignored; 0 measured; 0 filtered out; finished in 0.06s

     Running tests/derived_deep_w75.rs (target/debug/deps/derived_deep_w75-3cb1314a9311a47f)

running 17 tests
test cocomo_1kloc_known_values ... ok
test cocomo_none_for_zero_code ... ok
test cocomo_10kloc_known_values ... ok
test cocomo_scales_monotonically ... ok
test density_50_50_code_comments ... ok
test density_pure_code_is_zero ... ok
test density_pure_comments_is_one ... ok
test density_by_lang_present_for_multi_lang ... ok
test distribution_gini_zero_for_equal_files ... ok
test distribution_single_file_all_equal ... ok
test edge_child_rows_excluded ... ok
test distribution_multi_file_sorted_correctly ... ok
test edge_empty_project_all_zero ... ok
test edge_reading_time_matches_formula ... ok
test polyglot_multi_lang_has_entropy ... ok
test polyglot_dominant_lines_correct ... ok
test polyglot_single_lang_dominant_100pct ... ok

test result: ok. 17 passed; 0 failed; 0 ignored; 0 measured; 0 filtered out; finished in 0.02s

     Running tests/derived_depth_w56.rs (target/debug/deps/derived_depth_w56-bcac873407fdde0c)

running 33 tests
test cocomo_formula_verification ... ok
test cocomo_organic_constants ... ok
test cocomo_effort_increases_with_code ... ok
test cocomo_kloc_scales_linearly ... ok
test cocomo_present_for_nonzero_code ... ok
test context_window_does_not_fit ... ok
test context_window_fits_when_small ... ok
test context_window_none_when_not_requested ... ok
test context_window_zero_window ... ok
test distribution_gini_nonzero_for_unequal ... ok
test distribution_gini_zero_for_equal_files ... ok
test derive_report_deterministic ... ok
test doc_density_by_lang ... ok
test distribution_multiple_files ... ok
test doc_density_computed_correctly ... ok
test doc_density_zero_when_no_comments ... ok
test empty_export_cocomo_is_none ... ok
test empty_export_distribution_zeros ... ok
test empty_export_yields_zero_totals ... ok
test histogram_bucket_labels ... ok
test histogram_tiny_file_classification ... ok
test integrity_hash_present ... ok
test histogram_percentages_sum_to_one ... ok
test integrity_hash_deterministic ... ok
test polyglot_multiple_languages ... ok
test polyglot_single_language ... ok
test reading_time_computed ... ok
test reading_time_zero_for_empty ... ok
test single_file_distribution ... ok
test single_file_totals ... ok
test verbosity_computed ... ok
test whitespace_ratio_computed ... ok
test large_file_count_does_not_panic ... ok

test result: ok. 33 passed; 0 failed; 0 ignored; 0 measured; 0 filtered out; finished in 0.03s

     Running tests/derived_depth_w62.rs (target/debug/deps/derived_depth_w62-762a6ac9bca261e2)

running 59 tests
test blank_density_calculation ... ok
test child_rows_excluded_from_totals ... ok
test all_zero_line_files ... ok
test boilerplate_report_with_infra_lang ... ok
test cocomo_100k_loc ... ok
test cocomo_1_loc ... ok
test cocomo_none_for_zero_code ... ok
test cocomo_effort_superlinear ... ok
test cocomo_multi_file_aggregation ... ok
test cocomo_small_project ... ok
test cocomo_staff_positive ... ok
test comment_density_all_comments ... ok
test code_density_pure_code_file ... ok
test context_window_exact_boundary ... ok
test density_across_multiple_files ... ok
test density_by_module_has_entries_for_each_module ... ok
test density_by_lang_has_entries_for_each_language ... ok
test distribution_four_files_stats ... ok
test determinism_full_report ... ok
test determinism_integrity_hash_stable ... ok
test distribution_identical_sizes_gini_zero ... ok
test doc_density_half_and_half ... ok
test distribution_two_files_median ... ok
test empty_export_all_zeros ... ok
test empty_export_histogram_all_zeros ... ok
test empty_export_integrity_zero_entries ... ok
test distribution_p90_p99_present ... ok
test empty_export_polyglot_zero_langs ... ok
test empty_export_reading_time_zero ... ok
test histogram_huge_file_classification ... ok
test lang_purity_single_lang_module ... ok
test distribution_gini_max_inequality ... ok
test large_repo_top_offenders_capped ... ok
test nesting_report_multiple_depths ... ok
test polyglot_dominant_is_largest_code ... ok
test large_repo_multi_language ... ok
test polyglot_entropy_max_with_equal_split ... ok
test large_repo_histogram_sums_to_total ... ok
test large_repo_2000_files ... ok
test prop_doc_density_ratio_in_01 ... ok
test prop_distribution_mean_in_range ... ok
test prop_cocomo_effort_positive_for_nonzero ... ok
test prop_gini_in_01 ... ok
test prop_polyglot_entropy_non_negative ... ok
test prop_reading_time_proportional_to_code ... ok
test single_file_all_metrics_populated ... ok
test single_file_max_file_is_itself ... ok
test single_file_nesting_depth ... ok
test single_file_test_density ... ok
test snapshot_cocomo_json ... ok
test snapshot_context_window_json ... ok
test snapshot_distribution_json ... ok
test snapshot_totals_json ... ok
test test_density_mixed_test_and_prod ... ok
test verbosity_rate_varies_by_bytes ... ok
test whitespace_zero_when_no_blanks ... ok
test prop_histogram_pct_sums_approx_one ... ok
test prop_totals_match_row_sums ... ok
test prop_whitespace_ratio_non_negative ... ok

test result: ok. 59 passed; 0 failed; 0 ignored; 0 measured; 0 filtered out; finished in 1.01s

     Running tests/edge_cases.rs (target/debug/deps/edge_cases-8f42496e2c95cb8b)

running 11 tests
test cocomo_edges::given_very_small_code_when_derived_then_cocomo_kloc_is_fractional ... ok
test cocomo_edges::given_large_codebase_when_derived_then_cocomo_scales_superlinearly ... ok
test determinism::given_rows_in_different_order_when_derived_then_integrity_hash_is_same ... ok
test determinism::given_same_input_when_derived_twice_then_output_is_identical ... ok
test lang_purity_tiebreak::given_equal_lang_lines_when_derived_then_dominant_is_alphabetically_first ... ok
test max_file::given_empty_input_when_derived_then_max_file_overall_is_empty ... ok
test max_file::given_multi_lang_files_when_derived_then_max_file_has_by_lang_entries ... ok
test max_file::given_multi_module_files_when_derived_then_max_file_has_by_module_entries ... ok
test max_file::given_single_file_when_derived_then_max_file_overall_matches ... ok
test max_file::given_tie_in_lines_when_derived_then_max_file_is_deterministic ... ok
test max_file::given_two_files_when_derived_then_overall_max_is_largest_by_lines ... ok

test result: ok. 11 passed; 0 failed; 0 ignored; 0 measured; 0 filtered out; finished in 0.01s

     Running tests/integration_subreports.rs (target/debug/deps/integration_subreports-6a2848e662774f6b)

running 17 tests
test boilerplate::given_empty_input_then_boilerplate_is_zeroed ... ok
test boilerplate::given_infra_files_then_boilerplate_ratio_is_positive ... ok
test boilerplate::given_only_infra_files_then_ratio_is_one ... ok
test boilerplate::given_only_logic_langs_then_boilerplate_ratio_is_zero ... ok
test lang_purity::given_empty_input_then_purity_is_empty ... ok
test lang_purity::given_mixed_lang_module_then_purity_reflects_dominant ... ok
test lang_purity::given_multiple_modules_then_purity_rows_per_module ... ok
test top_offenders::given_dense_files_then_most_dense_populated ... ok
test lang_purity::given_single_lang_module_then_purity_is_one ... ok
test top_offenders::given_empty_input_then_all_top_offenders_empty ... ok
test top_offenders::given_undocumented_large_files_then_least_documented_populated ... ok
test top_offenders::given_files_then_largest_by_lines_sorted_desc ... ok
test top_offenders::given_files_then_largest_by_tokens_sorted_desc ... ok
test top_offenders::given_more_than_ten_files_then_top_bounded_at_ten ... ok
test verbosity::given_files_then_verbosity_rate_is_bytes_per_line ... ok
test verbosity::given_multi_lang_files_then_verbosity_has_lang_breakdown ... ok
test verbosity::given_zero_lines_then_verbosity_rate_is_zero ... ok

test result: ok. 17 passed; 0 failed; 0 ignored; 0 measured; 0 filtered out; finished in 0.01s

     Running tests/integration_tree.rs (target/debug/deps/integration_tree-7e67f352096e04c5)

running 2 tests
test derived_build_tree_ignores_child_rows ... ok
test derived_build_tree_matches_export_tree_renderer ... ok

test result: ok. 2 passed; 0 failed; 0 ignored; 0 measured; 0 filtered out; finished in 0.00s

     Running tests/properties.rs (target/debug/deps/properties-fc8a819e24dd073d)

running 19 tests
test cocomo_effort_and_duration_positive ... ok
test context_window_fits_iff_tokens_le_window ... ok
test context_window_pct_non_negative ... ok
test cocomo_is_none_iff_zero_code ... ok
test distribution_count_equals_file_count ... ok
test distribution_gini_in_unit_range ... ok
test distribution_min_le_max ... ok
test distribution_mean_between_min_and_max ... ok
test histogram_file_counts_sum_to_total ... ok
test doc_density_ratio_non_negative ... ok
test histogram_pcts_sum_to_approximately_one ... ok
test integrity_entries_matches_file_count ... ok
test nesting_max_is_at_least_avg ... ok
test polyglot_entropy_non_negative ... ok
test polyglot_lang_count_matches_distinct_langs ... ok
test integrity_hash_is_64_hex_chars ... ok
test totals_equal_sum_of_rows ... ok
test reading_time_proportional_to_code ... ok
test top_offenders_bounded_by_ten ... ok

test result: ok. 19 passed; 0 failed; 0 ignored; 0 measured; 0 filtered out; finished in 3.74s

     Running tests/proptest_w40.rs (target/debug/deps/proptest_w40-50125c7414736dda)

running 9 tests
test cocomo_zero_code_returns_none ... ok
test cocomo_effort_monotonic ... ok
test doc_density_between_zero_and_one ... ok
test distribution_gini_in_unit_range ... ok
test derive_report_is_deterministic ... ok
test distribution_min_leq_median_leq_max ... ok
test whitespace_ratio_non_negative ... ok
test histogram_pct_sum_to_one ... ok
test histogram_files_sum_to_count ... ok

test result: ok. 9 passed; 0 failed; 0 ignored; 0 measured; 0 filtered out; finished in 0.08s

     Running unittests src/lib.rs (target/debug/deps/tokmd_analysis_entropy-8cd409704c016ab4)

running 1 test
test tests::detects_low_and_high_entropy ... ok

test result: ok. 1 passed; 0 failed; 0 ignored; 0 measured; 0 filtered out; finished in 0.00s

     Running tests/bdd.rs (target/debug/deps/bdd-1cf91f0f20df863e)

running 16 tests
test edge_cases::given_no_files_then_empty_report ... ok
test edge_cases::given_empty_file_then_not_in_suspects ... ok
test edge_cases::given_single_byte_file_then_classified_low ... ok
test edge_cases::given_file_not_in_export_then_module_is_unknown ... ok
test high_entropy::given_all_256_byte_values_uniformly_then_classified_high ... ok
test high_entropy::given_pseudorandom_data_then_classified_high ... ok
test limits::given_max_bytes_limit_then_stops_scanning ... ok
test limits::given_custom_max_file_bytes_then_sample_size_reflects_it ... ok
test low_entropy::given_file_of_all_a_characters_then_classified_low ... ok
test low_entropy::given_file_with_single_repeated_byte_then_classified_low ... ok
test low_entropy::given_two_distinct_bytes_repeated_then_classified_low ... ok
test normal_entropy::given_typical_english_text_then_not_in_suspects ... ok
test normal_entropy::given_typical_source_code_then_not_in_suspects ... ok
test sorting::given_same_entropy_then_sorted_by_path_ascending ... ok
test suspicious_class::given_moderately_high_entropy_then_classified_suspicious ... ok
test sorting::given_multiple_suspects_then_sorted_by_entropy_descending ... ok

test result: ok. 16 passed; 0 failed; 0 ignored; 0 measured; 0 filtered out; finished in 0.00s

     Running tests/deep.rs (target/debug/deps/deep-68d42af5291f1248)

running 15 tests
test all_zero_file_has_zero_entropy ... ok
test base64_charset_falls_in_normal_range ... ok
test classification_boundary_all_same_bytes_is_low ... ok
test entropy_values_within_theoretical_bounds ... ok
test different_prng_seeds_all_classify_high ... ok
test incrementing_byte_sequence_classified_high ... ok
test hex_charset_falls_in_normal_range ... ok
test parent_row_preferred_over_child_for_module_lookup ... ok
test normal_class_never_in_suspects ... ok
test suspects_with_equal_entropy_sorted_by_path ... ok
test subdirectory_file_maps_to_correct_module ... ok
test zero_max_bytes_budget_scans_nothing ... ok
test three_runs_produce_identical_results ... ok
test exactly_fifty_suspects_not_truncated ... ok
test fifty_one_suspects_truncated_to_fifty ... ok

test result: ok. 15 passed; 0 failed; 0 ignored; 0 measured; 0 filtered out; finished in 0.01s

     Running tests/deep2.rs (target/debug/deps/deep2-8cebffd1befebeba)

running 25 tests
test empty_entropy_report_serialization ... ok
test empty_file_produces_no_suspects ... ok
test classification_boundary_low ... ok
test classification_boundary_high ... ok
test entropy_class_uses_snake_case_json ... ok
test empty_files_list_produces_empty_report ... ok
test entropy_finding_serialization_roundtrip ... ok
test entropy_report_serialization_roundtrip ... ok
test entropy_class_serialization_roundtrip ... ok
test entropy_bits_per_byte_in_valid_range ... ok
test four_byte_values_normal_entropy ... ok
test five_runs_produce_identical_results ... ok
test max_file_bytes_controls_sample_size ... ok
test mixed_entropy_classes_in_single_report ... ok
test normal_range_excluded_from_suspects ... ok
test path_preserved_in_findings ... ok
test max_bytes_budget_stops_scanning_early ... ok
test single_byte_repeated_has_zero_entropy ... ok
test sample_bytes_positive_for_non_empty_files ... ok
test suspicious_class_exists_in_boundary ... ok
test two_byte_values_low_entropy ... ok
test suspects_sorted_by_entropy_descending ... ok
test unknown_module_defaults_correctly ... ok
test uniform_byte_distribution_has_max_entropy ... ok
test large_file_samples_with_default_limits ... ok

test result: ok. 25 passed; 0 failed; 0 ignored; 0 measured; 0 filtered out; finished in 0.02s

     Running tests/deep_entropy_w49.rs (target/debug/deps/deep_entropy_w49-0a3d18d00d001094)

running 12 tests
test empty_file_list_empty_report ... ok
test empty_file_no_suspects ... ok
test low_entropy_detected ... ok
test high_entropy_detected ... ok
test max_bytes_budget_stops_scanning ... ok
test module_mapping_from_export ... ok
test normal_entropy_excluded ... ok
test sorting_entropy_desc_path_asc ... ok
test unknown_path_maps_to_unknown_module ... ok
test serde_roundtrip_preserves_all_fields ... ok
test max_suspects_capped_at_50 ... ok
test properties::entropy_class_serde_roundtrip ... ok

test result: ok. 12 passed; 0 failed; 0 ignored; 0 measured; 0 filtered out; finished in 0.02s

     Running tests/deep_w38.rs (target/debug/deps/deep_w38-eca8a50bcbddc123)

running 22 tests
test detects_high_entropy ... ok
test both_low_and_high_detected_together ... ok
test backslash_paths_normalized ... ok
test child_rows_excluded_from_module_map ... ok
test detects_low_entropy ... ok
test detects_suspicious_entropy ... ok
test entropy_report_deterministic ... ok
test fewer_than_50_not_truncated ... ok
test max_file_bytes_limits_sample_size ... ok
test max_bytes_limit_stops_processing ... ok
test normal_entropy_not_reported ... ok
test report_empty_file_list ... ok
test mixed_files_only_abnormal_reported ... ok
test report_unknown_module_fallback ... ok
test report_sample_bytes_field_populated ... ok
test report_includes_module_from_export ... ok
test single_byte_file_classified_as_low ... ok
test suspects_tiebreak_by_path_ascending ... ok
test suspects_sorted_by_entropy_descending ... ok
test zero_byte_file_not_in_suspects ... ok
test two_byte_values_moderate_entropy ... ok
test max_suspects_truncated_to_50 ... ok

test result: ok. 22 passed; 0 failed; 0 ignored; 0 measured; 0 filtered out; finished in 0.01s

     Running tests/deep_w68.rs (target/debug/deps/deep_w68-bb54d128c74b6b23)

running 16 tests
test budget_w68::empty_file_list_gives_empty_report ... ok
test budget_w68::empty_file_produces_no_suspects ... ok
test classification_w68::single_byte_repeated_is_low_entropy ... ok
test classification_w68::pseudorandom_is_high_entropy ... ok
test budget_w68::max_bytes_limits_scanning ... ok
test classification_w68::two_distinct_bytes_low_entropy ... ok
test classification_w68::typical_source_code_is_normal ... ok
test classification_w68::uniform_byte_distribution_is_high ... ok
test determinism_w68::report_deterministic_across_runs ... ok
test determinism_w68::sample_bytes_field_populated ... ok
test module_mapping_w68::unmapped_file_gets_unknown_module ... ok
test determinism_w68::serde_roundtrip_preserves_all_fields ... ok
test module_mapping_w68::module_from_export_data ... ok
test sorting_w68::suspects_sorted_by_entropy_desc ... ok
test sorting_w68::tied_entropy_sorted_by_path_asc ... ok
test sorting_w68::max_suspects_capped_at_50 ... ok

test result: ok. 16 passed; 0 failed; 0 ignored; 0 measured; 0 filtered out; finished in 0.01s

     Running tests/determinism.rs (target/debug/deps/determinism-1dab028caf812e87)

running 9 tests
test child_filtering::given_child_row_for_high_entropy_file_then_module_is_unknown ... ok
test determinism::given_same_input_when_scanned_twice_then_identical_results ... ok
test determinism::given_multiple_files_when_scanned_twice_then_order_is_identical ... ok
test determinism::given_files_in_different_order_when_scanned_then_sorted_output_is_same ... ok
test threshold_boundaries::given_all_zero_bytes_then_entropy_near_zero_classified_low ... ok
test mixed_classifications::given_low_and_high_entropy_files_then_both_classified_correctly ... ok
test mixed_classifications::given_normal_among_abnormal_then_normal_excluded_from_suspects ... ok
test threshold_boundaries::given_normal_text_then_not_in_suspects_entropy_between_2_and_6_5 ... ok
test threshold_boundaries::given_pseudorandom_data_then_entropy_above_7_5_classified_high ... ok

test result: ok. 9 passed; 0 failed; 0 ignored; 0 measured; 0 filtered out; finished in 0.00s

     Running tests/entropy_depth_w56.rs (target/debug/deps/entropy_depth_w56-dcae52f3e3033d68)

running 27 tests
test all_ff_classified_low ... ok
test alternating_two_bytes_low_entropy ... ok
test ascii_printable_text_normal_entropy ... ok
test all_zeros_classified_low ... ok
test base64_like_data_elevated_entropy ... ok
test child_rows_ignored_for_module_mapping ... ok
test deterministic_entropy_values ... ok
test entropy_class_json_variants ... ok
test four_value_pattern_low_entropy ... ok
test entropy_always_non_negative ... ok
test full_byte_range_high_entropy ... ok
test hex_encoded_data_entropy ... ok
test increasing_byte_diversity_increases_entropy ... ok
test large_file_sample_capped ... ok
test max_bytes_exact_match_one_file ... ok
test path_stored_with_forward_slashes ... ok
test mixed_entropy_only_non_normal_in_suspects ... ok
test module_mapping_subdirectory ... ok
test report_no_files_empty_suspects ... ok
test per_file_limit_truncates_sample ... ok
test sample_bytes_matches_file_size ... ok
test pseudorandom_different_seeds_all_high ... ok
test short_repeating_pattern_low ... ok
test single_byte_file_no_panic ... ok
test two_byte_file_no_panic ... ok
test suspects_sorted_high_entropy_first ... ok
test properties::entropy_bounded_0_to_8 ... ok

test result: ok. 27 passed; 0 failed; 0 ignored; 0 measured; 0 filtered out; finished in 0.21s

     Running tests/entropy_depth_w61.rs (target/debug/deps/entropy_depth_w61-95a5a9dcfa65bf66)

running 44 tests
test boundary_above_7_5_is_high ... ok
test all_256_values_uniform_is_high ... ok
test boundary_below_2_is_low ... ok
test charset_64_is_normal ... ok
test charset_128_normal_range ... ok
test charset_8_is_normal ... ok
test child_rows_ignored_for_module_lookup ... ok
test default_limits_per_file_is_1024 ... ok
test different_prng_seeds_produce_different_entropy ... ok
test empty_file_list_yields_empty_report ... ok
test empty_file_not_in_suspects ... ok
test empty_report_serializes_correctly ... ok
test entropy_exactly_zero_for_single_value ... ok
test entropy_report_serde_round_trip ... ok
test file_not_in_export_gets_unknown_module ... ok
test five_runs_identical_output ... ok
test determinism_with_many_files ... ok
test cap_at_fifty_when_sixty_suspects ... ok
test four_distinct_bytes_uniform_is_low ... ok
test large_low_entropy_file ... ok
test max_bytes_budget_stops_second_file ... ok
test max_file_bytes_limits_sample_size ... ok
test max_bytes_one_byte_scans_nothing ... ok
test mixed_low_and_high_files_both_detected ... ok
test mixed_normal_low_high_only_non_normal_reported ... ok
test cap_preserves_highest_entropy_suspects ... ok
test multiple_low_entropy_files_all_detected ... ok
test nested_path_module_mapping ... ok
test normal_text_not_in_suspects ... ok
test forty_nine_suspects_not_truncated ... ok
test one_byte_file_classified_low ... ok
test source_code_not_in_suspects ... ok
test sixteen_distinct_bytes_uniform_normal ... ok
test suspects_sorted_descending_entropy_then_path ... ok
test suspicious_class_between_6_5_and_7_5 ... ok
test two_byte_distinct_classified_low ... ok
test two_byte_identical_classified_low ... ok
test unlimited_budget_scans_all ... ok
test w61_properties::single_repeated_byte_is_low ... ok
test w61_properties::sample_bytes_positive_for_nonempty ... ok
test zero_suspect_files_yield_empty_report ... ok
test w61_properties::entropy_always_in_range ... ok
test w61_properties::normal_class_never_in_suspects ... ok
test w61_properties::suspects_bounded_by_fifty ... ok

test result: ok. 44 passed; 0 failed; 0 ignored; 0 measured; 0 filtered out; finished in 0.25s

     Running tests/entropy_w75.rs (target/debug/deps/entropy_w75-2d508c131ece3df5)

running 15 tests
test all_ff_classified_as_low ... ok
test all_zeros_classified_as_low ... ok
test empty_file_not_in_suspects ... ok
test entropy_report_deterministic_across_calls ... ok
test low_entropy_threshold_is_below_2_0 ... ok
test finding_path_uses_forward_slashes ... ok
test high_entropy_threshold_is_above_7_5 ... ok
test max_file_bytes_limits_sample ... ok
test no_files_yields_empty_report ... ok
test normal_english_text_not_suspicious ... ok
test mixed_entropy_files_sorted_descending ... ok
test pseudorandom_data_classified_as_high ... ok
test sample_bytes_matches_small_file_size ... ok
test two_byte_alternating_pattern_low_entropy ... ok
test suspects_truncated_at_50 ... ok

test result: ok. 15 passed; 0 failed; 0 ignored; 0 measured; 0 filtered out; finished in 0.01s

     Running tests/properties.rs (target/debug/deps/properties-ba4f0e3e416b8c44)

running 7 tests
test single_byte_value_always_low ... ok
test entropy_values_in_valid_range ... ok
test paths_never_contain_backslashes ... ok
test sample_bytes_always_positive ... ok
test suspects_never_contain_normal_class ... ok
test suspects_sorted_by_entropy_descending ... ok
test suspect_count_bounded ... ok

test result: ok. 7 passed; 0 failed; 0 ignored; 0 measured; 0 filtered out; finished in 0.21s

     Running tests/unit.rs (target/debug/deps/unit-39b2fa39c1335199)

running 15 tests
test all_zeros_classified_low ... ok
test empty_file_not_a_suspect ... ok
test child_rows_not_used_for_module_lookup ... ok
test max_bytes_budget_limits_scanning ... ok
test no_files_yields_empty_report ... ok
test normal_english_text_not_in_suspects ... ok
test module_from_export_propagated_to_finding ... ok
test max_file_bytes_limits_sample_size ... ok
test pseudorandom_classified_high ... ok
test same_entropy_tiebreaks_by_path_ascending ... ok
test sample_bytes_reflects_file_size_when_smaller_than_limit ... ok
test single_byte_file_classified_low ... ok
test unmapped_file_gets_unknown_module ... ok
test suspects_ordered_highest_entropy_first ... ok
test suspects_capped_at_fifty ... ok

test result: ok. 15 passed; 0 failed; 0 ignored; 0 measured; 0 filtered out; finished in 0.01s

     Running unittests src/lib.rs (target/debug/deps/tokmd_analysis_explain-5a8b21e912f9091e)

running 3 tests
test tests::catalog_is_sorted_and_unique ... ok
test tests::lookup_finds_alias_with_normalization ... ok
test tests::lookup_finds_canonical_key ... ok

test result: ok. 3 passed; 0 failed; 0 ignored; 0 measured; 0 filtered out; finished in 0.00s

     Running tests/bdd.rs (target/debug/deps/bdd-cc02030d1723c75f)

running 17 tests
test given_canonical_key_when_lookup_then_returns_explanation ... ok
test given_alias_lookup_when_resolved_then_uses_canonical_prefix ... ok
test given_catalog_when_called_then_contains_all_canonical_keys ... ok
test given_any_lookup_when_resolved_then_format_is_canonical_colon_space_summary ... ok
test given_catalog_when_called_then_contains_header ... ok
test given_catalog_when_called_then_does_not_list_aliases ... ok
test given_catalog_when_called_then_keys_are_sorted ... ok
test given_dotted_key_when_lookup_then_normalizes_and_resolves ... ok
test given_catalog_when_called_then_no_duplicate_keys ... ok
test given_alias_when_lookup_then_returns_canonical_explanation ... ok
test given_every_canonical_key_when_lookup_then_all_resolve ... ok
test given_hyphenated_key_when_lookup_then_normalizes_and_resolves ... ok
test given_mixed_separators_when_lookup_then_normalizes_and_resolves ... ok
test given_spaced_key_when_lookup_then_normalizes_and_resolves ... ok
test given_leading_trailing_whitespace_when_lookup_then_trims_and_resolves ... ok
test given_uppercase_key_when_lookup_then_normalizes_and_resolves ... ok
test given_unknown_key_when_lookup_then_returns_none ... ok

test result: ok. 17 passed; 0 failed; 0 ignored; 0 measured; 0 filtered out; finished in 0.01s

     Running tests/deep_v3.rs (target/debug/deps/deep_v3-427776f036f3a115)

running 24 tests
test catalog_is_idempotent ... ok
test catalog_header_is_exactly_one_line ... ok
test catalog_line_count_matches_entry_count ... ok
test catalog_no_empty_lines ... ok
test lookup_all_code_age_aliases_match ... ok
test lookup_all_doc_density_aliases_match_canonical ... ok
test lookup_cocomo_related_key_is_absent ... ok
test lookup_doc_density_mentions_ratio ... ok
test lookup_gini_mentions_inequality ... ok
test lookup_all_context_window_fit_aliases_match ... ok
test lookup_hotspots_mentions_change_frequency ... ok
test lookup_normalizes_mixed_case_alias ... ok
test catalog_every_key_is_resolvable_via_lookup ... ok
test lookup_newline_in_key_does_not_resolve ... ok
test lookup_normalizes_multiple_consecutive_separators ... ok
test every_lookupable_canonical_key_appears_in_catalog ... ok
test lookup_output_contains_exactly_one_colon_space_separator ... ok
test lookup_output_never_has_trailing_newline ... ok
test lookup_single_char_keys_do_not_resolve ... ok
test lookup_tab_separated_key_normalizes ... ok
test lookup_verbosity_mentions_bytes ... ok
test lookup_unicode_key_does_not_resolve ... ok
test lookup_summaries_end_with_period ... ok
test lookup_very_long_key_returns_none ... ok

test result: ok. 24 passed; 0 failed; 0 ignored; 0 measured; 0 filtered out; finished in 0.01s

     Running tests/deep_w66.rs (target/debug/deps/deep_w66-03edacc96373f5b0)

running 27 tests
test aliases_w66::bytes_per_line_alias_for_verbosity ... ok
test aliases_w66::documentation_density_alias ... ok
test aliases_w66::docs_alias ... ok
test aliases_w66::churn_alias_for_predictive_churn ... ok
test aliases_w66::dup_alias_for_duplicate_waste ... ok
test canonical_keys_w66::lookup_result_contains_summary_text ... ok
test canonical_keys_w66::lookup_returns_canonical_name_first ... ok
test aliases_w66::mi_alias_for_maintainability_index ... ok
test catalog_w66::catalog_has_no_duplicates ... ok
test aliases_w66::entropy_alias_for_entropy_suspects ... ok
test catalog_w66::catalog_is_deterministic ... ok
test catalog_w66::catalog_keys_are_sorted ... ok
test catalog_w66::catalog_starts_with_header ... ok
test catalog_w66::catalog_keys_use_dash_prefix ... ok
test missing_data_w66::nonexistent_key_returns_none ... ok
test missing_data_w66::numeric_key_returns_none ... ok
test missing_data_w66::special_chars_key_returns_none ... ok
test canonical_keys_w66::all_known_canonical_keys_resolve ... ok
test catalog_w66::catalog_every_key_resolvable ... ok
test normalization_w66::dash_replaced_by_underscore ... ok
test normalization_w66::dot_replaced_by_underscore ... ok
test normalization_w66::empty_string_returns_none ... ok
test normalization_w66::leading_trailing_whitespace_trimmed ... ok
test normalization_w66::space_replaced_by_underscore ... ok
test normalization_w66::mixed_case_normalized ... ok
test normalization_w66::whitespace_only_returns_none ... ok
test missing_data_w66::very_long_key_returns_none ... ok

test result: ok. 27 passed; 0 failed; 0 ignored; 0 measured; 0 filtered out; finished in 0.01s

     Running tests/deep_w69.rs (target/debug/deps/deep_w69-6ca83943345e06ae)

running 25 tests
test catalog_contains_known_keys ... ok
test catalog_has_no_duplicates ... ok
test catalog_is_deterministic ... ok
test catalog_is_sorted ... ok
test catalog_starts_with_header ... ok
test lookup_alias_todo ... ok
test lookup_alias_churn ... ok
test lookup_alias_docs ... ok
test lookup_bus_factor ... ok
test lookup_doc_density ... ok
test lookup_coupling ... ok
test lookup_gini ... ok
test lookup_empty_string_returns_none ... ok
test lookup_hotspots ... ok
test lookup_normalizes_case ... ok
test lookup_normalizes_dashes ... ok
test lookup_imports ... ok
test lookup_normalizes_dots ... ok
test lookup_normalizes_leading_trailing_whitespace ... ok
test lookup_normalizes_spaces ... ok
test lookup_test_density ... ok
test lookup_todo_density ... ok
test lookup_verbosity ... ok
test lookup_whitespace_ratio ... ok
test lookup_unknown_key_returns_none ... ok

test result: ok. 25 passed; 0 failed; 0 ignored; 0 measured; 0 filtered out; finished in 0.00s

     Running tests/edge_cases.rs (target/debug/deps/edge_cases-87a34a740853db4d)

running 25 tests
test canonical_keys_without_aliases_still_resolve ... ok
test catalog_does_not_contain_alias_names ... ok
test catalog_ends_with_newline ... ok
test catalog_line_format_is_consistent ... ok
test lookup_canonical_with_prepended_chars_returns_none ... ok
test lookup_empty_string_returns_none ... ok
test all_summaries_are_single_sentence ... ok
test lookup_canonical_with_appended_chars_returns_none ... ok
test all_summaries_end_with_period ... ok
test lookup_long_valid_key_padded_returns_none ... ok
test lookup_prefix_of_canonical_key_returns_none ... ok
test lookup_purely_numeric_returns_none ... ok
test lookup_various_whitespace_only_returns_none ... ok
test lookup_suffix_of_canonical_key_returns_none ... ok
test lookup_with_carriage_return_returns_none ... ok
test lookup_with_accented_chars_returns_none ... ok
test lookup_with_cjk_characters_returns_none ... ok
test lookup_with_emoji_returns_none ... ok
test lookup_with_form_feed_returns_none ... ok
test lookup_with_null_byte_returns_none ... ok
test lookup_with_path_separators_returns_none ... ok
test lookup_with_vertical_tab_returns_none ... ok
test lookup_with_special_regex_chars_returns_none ... ok
test no_alias_resolves_to_different_canonical_keys ... ok
test lookup_extremely_long_input_returns_none ... ok

test result: ok. 25 passed; 0 failed; 0 ignored; 0 measured; 0 filtered out; finished in 0.02s

     Running tests/explain_depth_w55.rs (target/debug/deps/explain_depth_w55-6db785b54fd2261c)

running 33 tests
test catalog_does_not_contain_duplicates ... ok
test catalog_contains_no_blank_lines ... ok
test alias_lookup_always_returns_canonical_key_prefix ... ok
test catalog_ends_with_trailing_newline ... ok
test catalog_every_line_after_header_starts_with_dash_space ... ok
test catalog_keys_are_strictly_alphabetical ... ok
test lookup_bus_factor_mentions_author ... ok
test lookup_archetype_mentions_repository_type ... ok
test all_catalog_keys_round_trip_through_lookup ... ok
test lookup_case_insensitive_for_all_canonical_keys ... ok
test lookup_coupling_mentions_modules_or_commits ... ok
test catalog_is_deterministic_across_100_calls ... ok
test lookup_context_window_fit_mentions_token ... ok
test lookup_dot_hyphen_space_all_normalize_identically ... ok
test lookup_duplicate_waste_mentions_redundant ... ok
test lookup_freshness_mentions_recency_or_stale ... ok
test lookup_imports_mentions_dependency ... ok
test lookup_entropy_suspects_mentions_entropy ... ok
test lookup_maintainability_index_mentions_maintainability ... ok
test lookup_license_radar_mentions_spdx_or_license ... ok
test lookup_polyglot_entropy_mentions_language ... ok
test lookup_mixed_separator_chains_resolve ... ok
test lookup_predictive_churn_mentions_velocity ... ok
test lookup_output_is_ascii_for_all_canonical_keys ... ok
test lookup_technical_debt_ratio_mentions_debt ... ok
test lookup_test_density_mentions_test_files ... ok
test lookup_todo_density_mentions_markers ... ok
test lookup_whitespace_ratio_mentions_blank ... ok
test lookup_with_interior_tab_does_not_resolve ... ok
test lookup_summary_length_is_reasonable_for_every_key ... ok
test lookup_with_leading_and_trailing_spaces_resolves ... ok
test lookup_triple_word_keys_normalize_across_separators ... ok
test lookup_output_starts_with_canonical_key_for_all_entries ... ok

test result: ok. 33 passed; 0 failed; 0 ignored; 0 measured; 0 filtered out; finished in 0.01s

     Running tests/explain_depth_w57.rs (target/debug/deps/explain_depth_w57-913e2a89bdcc24e7)

running 22 tests
test catalog_is_deterministic ... ok
test catalog_has_at_least_25_entries ... ok
test catalog_ends_with_newline ... ok
test catalog_has_no_duplicate_entries ... ok
test catalog_is_sorted_ascending ... ok
test catalog_starts_with_header_line ... ok
test lookup_alias_resolves_to_canonical ... ok
test lookup_dot_separator ... ok
test lookup_churn_alias_resolves_to_predictive_churn ... ok
test lookup_empty_string_returns_none ... ok
test lookup_hyphen_separator ... ok
test lookup_mi_alias_resolves_to_maintainability_index ... ok
test lookup_leading_trailing_whitespace_trimmed ... ok
test lookup_mixed_case_key ... ok
test lookup_multiple_aliases_for_same_key ... ok
test lookup_returns_canonical_key_as_prefix ... ok
test lookup_result_contains_nonempty_description ... ok
test lookup_space_separator ... ok
test lookup_uppercase_key ... ok
test lookup_unknown_key_returns_none ... ok
test lookup_whitespace_only_returns_none ... ok
test lookup_all_canonical_keys_resolve ... ok

test result: ok. 22 passed; 0 failed; 0 ignored; 0 measured; 0 filtered out; finished in 0.00s

     Running tests/explain_depth_w60.rs (target/debug/deps/explain_depth_w60-44e6549c56927765)

running 50 tests
test all_summaries_are_pure_ascii ... ok
test all_summaries_are_single_line ... ok
test all_summaries_are_non_trivially_long ... ok
test catalog_header_line_is_not_a_key_line ... ok
test catalog_key_count_is_exactly_28 ... ok
test catalog_keys_are_all_lowercase_with_underscores ... ok
test catalog_keys_do_not_contain_consecutive_underscores ... ok
test catalog_key_set_matches_lookup_resolvable_canonical_keys ... ok
test catalog_keys_do_not_start_or_end_with_underscore ... ok
test complexity_family_summaries_mention_complexity ... ok
test duplication_family_summaries_mention_duplicate_or_redundant ... ok
test git_family_summaries_mention_relevant_concepts ... ok
test given_catalog_when_parsed_then_no_lines_have_trailing_whitespace ... ok
test given_complexity_histogram_alias_when_looked_up_then_matches_canonical ... ok
test given_duplication_aliases_when_looked_up_then_all_match_canonical ... ok
test given_duplication_density_alias_when_looked_up_then_matches_canonical ... ok
test every_catalog_key_round_trips_through_lookup_back_to_same_key ... ok
test given_every_alias_when_looked_up_then_output_starts_with_its_canonical ... ok
test given_every_canonical_key_when_looked_up_then_format_is_key_colon_space_summary ... ok
test given_key_in_cyrillic_when_looked_up_then_returns_none ... ok
test given_halstead_aliases_when_looked_up_then_all_match_canonical ... ok
test given_key_with_carriage_return_when_looked_up_then_returns_none ... ok
test given_key_with_backslash_when_looked_up_then_returns_none ... ok
test given_key_with_embedded_newline_returns_none ... ok
test given_key_with_doubled_underscore_when_looked_up_then_returns_none ... ok
test given_key_with_emoji_prefix_or_suffix_when_looked_up_then_returns_none ... ok
test given_key_with_newline_when_looked_up_then_returns_none ... ok
test given_key_with_null_byte_when_looked_up_then_returns_none ... ok
test given_key_with_numeric_suffix_when_looked_up_then_returns_none ... ok
test given_key_with_zero_width_space_when_looked_up_then_returns_none ... ok
test given_key_with_trailing_separator_when_looked_up_then_returns_none ... ok
test given_lookup_with_html_tags_then_returns_none ... ok
test given_lookup_with_sql_injection_like_input_then_returns_none ... ok
test catalog_called_1000_times_returns_identical_result ... ok
test given_max_cyclomatic_has_no_aliases_when_looked_up_then_only_canonical_works ... ok
test given_partial_canonical_key_when_looked_up_then_returns_none ... ok
test given_three_word_key_with_mixed_seps_when_looked_up_then_all_resolve_identically ... ok
test given_two_word_key_with_mixed_seps_when_looked_up_then_all_resolve ... ok
test catalog_never_changes_across_invocations ... ok
test lookup_canonical_with_random_padding_resolves ... ok
test lookup_never_panics_on_binary_like_input ... ok
test lookup_result_canonical_key_has_no_spaces ... ok
test lookup_result_when_some_always_contains_colon_space ... ok
test lookup_with_all_separator_chars_repeated ... ok
test lookup_with_100k_char_input_returns_none_without_panic ... ok
test no_summary_exceeds_200_characters ... ok
test size_metric_summaries_mention_relevant_terms ... ok
test lookup_is_deterministic_for_any_input ... ok
test lookup_with_random_case_resolves ... ok
test lookup_unknown_prefix_returns_none ... ok

test result: ok. 50 passed; 0 failed; 0 ignored; 0 measured; 0 filtered out; finished in 0.18s

     Running tests/property.rs (target/debug/deps/property-f70aa94e31e28b74)

running 10 tests
test catalog_is_always_identical ... ok
test lookup_canonical_with_padding_resolves ... ok
test lookup_never_panics ... ok
test lookup_never_panics_on_ascii ... ok
test lookup_resolves_canonical_with_any_separator ... ok
test lookup_resolves_canonical_with_random_case ... ok
test lookup_result_always_has_colon_space_format ... ok
test lookup_returns_none_for_numeric_strings ... ok
test lookup_returns_none_for_pure_separators ... ok
test lookup_never_panics_on_long_input ... ok

test result: ok. 10 passed; 0 failed; 0 ignored; 0 measured; 0 filtered out; finished in 0.72s

     Running tests/proptest_w56.rs (target/debug/deps/proptest_w56-721b7ea1c19cc6b4)

running 12 tests
test catalog_is_valid_utf8_and_nonempty ... ok
test catalog_is_deterministic ... ok
test catalog_line_format_is_consistent ... ok
test canonical_keys_always_resolve ... ok
test case_insensitive_lookup ... ok
test lookup_is_deterministic ... ok
test lookup_output_is_valid_utf8 ... ok
test lookup_never_panics ... ok
test normalization_is_consistent ... ok
test lookup_result_starts_with_canonical ... ok
test unknown_keys_return_none ... ok
test catalog_keys_all_resolve ... ok

test result: ok. 12 passed; 0 failed; 0 ignored; 0 measured; 0 filtered out; finished in 0.61s

     Running tests/snapshots.rs (target/debug/deps/snapshots-3f8cacd0bf7024d5)

running 32 tests
test snapshot_alias_mi_matches_maintainability_index ... ok
test snapshot_alias_entropy_matches_entropy_suspects ... ok
test snapshot_alias_churn_matches_predictive_churn ... ok
test snapshot_lookup_avg_cognitive ... ok
test snapshot_catalog_full ... ok
test snapshot_lookup_avg_cyclomatic ... ok
test snapshot_lookup_archetype ... ok
test snapshot_lookup_bus_factor ... ok
test snapshot_lookup_code_age_distribution ... ok
test snapshot_lookup_complexity_histogram ... ok
test snapshot_lookup_context_window_fit ... ok
test snapshot_lookup_doc_density ... ok
test snapshot_lookup_coupling ... ok
test snapshot_lookup_duplicate_waste ... ok
test snapshot_lookup_entropy_suspects ... ok
test snapshot_lookup_duplication_density ... ok
test snapshot_lookup_freshness ... ok
test snapshot_lookup_gini ... ok
test snapshot_lookup_imports ... ok
test snapshot_lookup_halstead ... ok
test snapshot_lookup_hotspots ... ok
test snapshot_lookup_maintainability_index ... ok
test snapshot_lookup_license_radar ... ok
test snapshot_lookup_max_nesting_depth ... ok
test snapshot_lookup_max_cyclomatic ... ok
test snapshot_lookup_technical_debt_ratio ... ok
test snapshot_lookup_predictive_churn ... ok
test snapshot_lookup_test_density ... ok
test snapshot_lookup_polyglot_entropy ... ok
test snapshot_lookup_verbosity ... ok
test snapshot_lookup_todo_density ... ok
test snapshot_lookup_whitespace_ratio ... ok

test result: ok. 32 passed; 0 failed; 0 ignored; 0 measured; 0 filtered out; finished in 0.25s

     Running unittests src/lib.rs (target/debug/deps/tokmd_analysis_fingerprint-c6fcabce17f458b8)

running 1 test
test tests::buckets_public_domains ... ok

test result: ok. 1 passed; 0 failed; 0 ignored; 0 measured; 0 filtered out; finished in 0.00s

     Running tests/bdd.rs (target/debug/deps/bdd-44b64138395bfd85)

running 19 tests
test empty_author_string_is_skipped ... ok
test empty_commits_produce_empty_fingerprint ... ok
test all_public_providers_collapse_into_single_bucket ... ok
test example_com_is_ignored ... ok
test domain_case_is_normalized ... ok
test handles_large_commit_set ... ok
test ignored_domains_do_not_affect_percentages ... ok
test localhost_is_ignored ... ok
test multiple_corporate_domains_sorted_by_commit_count ... ok
test no_at_sign_is_skipped ... ok
test multiple_at_signs_are_skipped ... ok
test mixed_corporate_and_public_domains ... ok
test noreply_github_is_ignored ... ok
test percentage_values_are_correct ... ok
test percentages_sum_to_approximately_one ... ok
test single_corporate_author ... ok
test public_domain_case_insensitive ... ok
test tie_breaking_by_domain_name ... ok
test single_public_email_author ... ok

test result: ok. 19 passed; 0 failed; 0 ignored; 0 measured; 0 filtered out; finished in 0.00s

     Running tests/deep.rs (target/debug/deps/deep-5ca11e2baf50f323)

running 26 tests
test corporate_fingerprint_debug_contains_domain_info ... ok
test corporate_fingerprint_clone_preserves_fields ... ok
test corporate_fingerprint_deserializes_from_known_json ... ok
test corporate_fingerprint_serde_round_trip ... ok
test domain_stat_clone_preserves_fields ... ok
test domain_stat_json_shape ... ok
test domain_stat_serde_round_trip ... ok
test hyphenated_domain_is_counted ... ok
test ip_address_domain_is_counted ... ok
test empty_fingerprint_serializes_correctly ... ok
test full_commit_fields_do_not_affect_extraction ... ok
test json_round_trip_preserves_empty_domains ... ok
test large_mixed_batch_correct_counts ... ok
test numeric_tld_domain_counted ... ok
test many_equal_count_domains_sorted_alphabetically ... ok
test mixed_case_domains_deduplicate ... ok
test percentage_precision_three_domains ... ok
test proton_variants_both_map_to_public_email ... ok
test single_public_commit_produces_public_email_bucket ... ok
test subdomains_are_kept_distinct_not_merged ... ok
test three_way_tie_sorted_alphabetically ... ok
test trailing_at_sign_empty_domain_skipped ... ok
test unicode_domain_is_counted_as_corporate ... ok
test various_noreply_github_prefixes_all_ignored ... ok
test very_long_email_address_handled ... ok
test public_email_pct_accurate_at_scale ... ok

test result: ok. 26 passed; 0 failed; 0 ignored; 0 measured; 0 filtered out; finished in 0.00s

     Running tests/deep_fingerprint_w49.rs (target/debug/deps/deep_fingerprint_w49-45f8a367937eca5a)

running 13 tests
test empty_commits_empty_domains ... ok
test ignored_domains_filtered ... ok
test domain_normalization ... ok
test mixed_public_and_corporate ... ok
test multiple_at_signs_skipped ... ok
test no_at_sign_skipped ... ok
test percentage_calculation ... ok
test public_domains_bucketed ... ok
test single_corporate_domain ... ok
test sorting_commits_desc_domain_asc ... ok
test deterministic_across_calls ... ok
test serde_roundtrip_preserves_all_fields ... ok
test properties::pct_sum_lte_one ... ok

test result: ok. 13 passed; 0 failed; 0 ignored; 0 measured; 0 filtered out; finished in 0.66s

     Running tests/deep_w38.rs (target/debug/deps/deep_w38-29b942ef989e23fa)

running 15 tests
test all_ignored_domains_empty_fingerprint ... ok
test all_public_domains_map_to_public_email ... ok
test domain_stat_deserializes_from_json ... ok
test domain_with_whitespace_trimmed ... ok
test corporate_fingerprint_json_shape ... ok
test deterministic_output_across_calls ... ok
test example_com_is_ignored ... ok
test higher_commit_count_sorted_first ... ok
test icloud_is_public_email ... ok
test hotmail_is_public_email ... ok
test localhost_is_ignored ... ok
test mixed_ignored_and_corporate_pct ... ok
test multiple_at_signs_produces_empty_fingerprint ... ok
test no_at_sign_produces_empty_fingerprint ... ok
test single_corporate_commit_pct_one ... ok

test result: ok. 15 passed; 0 failed; 0 ignored; 0 measured; 0 filtered out; finished in 0.00s

     Running tests/deep_w68.rs (target/debug/deps/deep_w68-fc3202958decd341)

running 15 tests
test deterministic_output ... ok
test example_com_ignored ... ok
test domain_normalized_lowercase ... ok
test empty_commits_empty_fingerprint ... ok
test localhost_ignored ... ok
test mixed_corporate_and_public ... ok
test no_at_sign_skipped ... ok
test multiple_at_signs_skipped ... ok
test noreply_github_ignored ... ok
test percentage_accuracy ... ok
test public_domains_bucketed ... ok
test single_corporate_domain ... ok
test serde_round_trip ... ok
test sorted_by_commits_descending ... ok
test tie_breaking_alphabetical ... ok

test result: ok. 15 passed; 0 failed; 0 ignored; 0 measured; 0 filtered out; finished in 0.00s

     Running tests/edge_cases.rs (target/debug/deps/edge_cases-0ec9046b1357f46c)

running 10 tests
test given_at_sign_at_start_when_fingerprinted_then_skipped ... ok
test given_all_public_providers_and_corporate_when_fingerprinted_then_two_buckets ... ok
test given_at_sign_at_end_when_fingerprinted_then_empty_domain_ignored ... ok
test given_domain_with_whitespace_when_fingerprinted_then_trimmed ... ok
test given_100_unique_domains_when_fingerprinted_then_all_counted ... ok
test given_fingerprint_when_serialized_then_contains_expected_fields ... ok
test given_same_authors_with_different_timestamps_when_fingerprinted_then_same_result ... ok
test given_mixed_valid_ignored_and_malformed_when_fingerprinted_then_only_valid_counted ... ok
test given_subdomain_emails_when_fingerprinted_then_full_domain_kept ... ok
test given_single_domain_when_fingerprinted_then_pct_is_exactly_one ... ok

test result: ok. 10 passed; 0 failed; 0 ignored; 0 measured; 0 filtered out; finished in 0.00s

     Running tests/fingerprint_depth_w56.rs (target/debug/deps/fingerprint_depth_w56-ad1df0309181a9a4)

running 26 tests
test author_bare_at_skipped ... ok
test all_ignored_domains_empty ... ok
test all_public_providers_aggregate ... ok
test case_insensitive_consolidation ... ok
test all_seven_public_domains_single_bucket ... ok
test commit_files_ignored ... ok
test empty_author_skipped ... ok
test deterministic_ignores_timestamps ... ok
test hash_and_subject_ignored ... ok
test many_domains_sorted_by_commits ... ok
test mixed_ignored_and_valid_counts ... ok
test non_public_provider_not_bucketed ... ok
test noreply_github_subdomain_filtered ... ok
test percentage_precision_three_domains ... ok
test percentages_sum_to_one ... ok
test public_email_mixed_correct_counts ... ok
test same_author_counted_per_commit ... ok
test large_commit_volume ... ok
test deterministic_across_calls ... ok
test single_commit_100_pct ... ok
test serde_roundtrip_empty ... ok
test serde_roundtrip_preserves_order ... ok
test subdomain_distinct_from_parent ... ok
test tied_commits_alphabetical_sort ... ok
test whitespace_in_domain_trimmed ... ok
test properties::commits_sum_equals_total ... ok

test result: ok. 26 passed; 0 failed; 0 ignored; 0 measured; 0 filtered out; finished in 1.19s

     Running tests/fingerprint_depth_w61.rs (target/debug/deps/fingerprint_depth_w61-ec0e604028cc4537)

running 53 tests
test empty_commits_yields_empty_domains ... ok
test example_com_ignored ... ok
test all_ignored_domains_together ... ok
test hash_subject_files_do_not_affect_result ... ok
test gmail_bucketed_as_public ... ok
test domain_stat_json_shape ... ok
test hyphenated_domain ... ok
test hotmail_bucketed_as_public ... ok
test icloud_bucketed_as_public ... ok
test ip_address_domain ... ok
test localhost_ignored ... ok
test mixed_case_consolidated ... ok
test multiple_at_signs_skipped ... ok
test large_mixed_batch ... ok
test niche_provider_not_bucketed_as_public ... ok
test no_at_sign_skipped ... ok
test noreply_github_ignored ... ok
test numeric_tld ... ok
test outlook_bucketed_as_public ... ok
test deterministic_json_across_runs ... ok
test percentages_sum_to_one ... ok
test proton_me_bucketed_as_public ... ok
test protonmail_bucketed_as_public ... ok
test public_email_sorts_with_corporate_by_count ... ok
test large_scale_pct_accuracy ... ok
test same_author_counted_per_commit ... ok
test serde_round_trip_empty ... ok
test serde_round_trip_with_data ... ok
test single_corporate_domain ... ok
test single_domain_100_pct ... ok
test sort_stability_across_runs ... ok
test sorted_by_commits_descending ... ok
test single_empty_author_yields_empty ... ok
test subdomain_distinct_from_parent ... ok
test three_domains_equal_split ... ok
test tied_commits_sorted_alphabetically ... ok
test timestamps_do_not_affect_result ... ok
test trailing_at_empty_domain_skipped ... ok
test two_domains_equal_split ... ok
test unicode_domain_counted ... ok
test users_noreply_github_ignored ... ok
test uppercase_public_domain_bucketed ... ok
test twenty_six_single_letter_domains_sorted ... ok
test w61_properties::never_panics ... ok
test w61_properties::domains_lowercase ... ok
test w61_properties::deterministic ... ok
test w61_properties::domains_sorted_correctly ... ok
test w61_properties::no_empty_domain_names ... ok
test whitespace_in_domain_trimmed ... ok
test yahoo_bucketed_as_public ... ok
test w61_properties::pct_in_range ... ok
test w61_properties::pct_sum_approx_one ... ok
test w61_properties::total_commits_conserved ... ok

test result: ok. 53 passed; 0 failed; 0 ignored; 0 measured; 0 filtered out; finished in 0.74s

     Running tests/fingerprint_w75.rs (target/debug/deps/fingerprint_w75-ced5964458a7c3b5)

running 10 tests
test author_without_at_skipped ... ok
test localhost_and_example_ignored ... ok
test domain_case_normalized ... ok
test mixed_corporate_and_public_percentages_correct ... ok
test empty_commits_empty_fingerprint ... ok
test multiple_corporate_domains_sorted_by_commits ... ok
test noreply_github_addresses_ignored ... ok
test rich_commit_fields_do_not_affect_result ... ok
test public_providers_merged_into_single_bucket ... ok
test single_corporate_domain_100_pct ... ok

test result: ok. 10 passed; 0 failed; 0 ignored; 0 measured; 0 filtered out; finished in 0.00s

     Running tests/identity_security.rs (target/debug/deps/identity_security-36d5d924fe2b9775)

running 13 tests
test empty_commits_yields_empty_fingerprint ... ok
test all_public_providers_equal_counts_single_bucket ... ok
test domain_with_leading_dot_is_counted ... ok
test domain_without_tld_dot_is_still_counted ... ok
test hash_subject_files_do_not_affect_fingerprint ... ok
test similar_to_noreply_but_different_is_counted ... ok
test ordering_of_commits_does_not_affect_fingerprint ... ok
test json_serialization_is_deterministic ... ok
test many_ignored_with_few_valid_percentages_correct ... ok
test single_char_domain_is_counted ... ok
test ten_consecutive_calls_produce_identical_results ... ok
test whitespace_only_domain_is_ignored ... ok
test thousand_commits_same_domain_pct_is_one ... ok

test result: ok. 13 passed; 0 failed; 0 ignored; 0 measured; 0 filtered out; finished in 0.00s

     Running tests/properties.rs (target/debug/deps/properties-e8607aedbcd058bd)

running 9 tests
test duplicate_emails_merge ... ok
test empty_input_empty_output ... ok
test never_panics ... ok
test domains_are_lowercase ... ok
test domains_are_sorted ... ok
test no_empty_domain_names ... ok
test commit_count_is_conserved ... ok
test percentages_in_range ... ok
test percentages_sum_to_one ... ok

test result: ok. 9 passed; 0 failed; 0 ignored; 0 measured; 0 filtered out; finished in 1.59s

     Running tests/unit.rs (target/debug/deps/unit-4262e092d9e3ac1a)

running 20 tests
test at_sign_only_is_skipped ... ok
test author_without_at_sign_is_skipped ... ok
test author_with_multiple_at_signs_is_skipped ... ok
test corporate_fingerprint_serializes_to_json ... ok
test domain_list_is_sorted_descending_by_commits_then_by_name ... ok
test all_ignored_commits_produce_empty_fingerprint ... ok
test empty_slice_returns_empty_domains ... ok
test each_public_provider_maps_to_public_email_bucket ... ok
test empty_string_author_is_skipped ... ok
test equal_commit_counts_sorted_alphabetically ... ok
test ignored_commits_do_not_inflate_totals ... ok
test mixed_public_providers_merge_into_single_bucket ... ok
test multiple_corporate_domains_ordered_by_commits_desc ... ok
test noreply_github_variants_are_all_ignored ... ok
test percentages_are_correct_for_known_distribution ... ok
test result_is_deterministic_across_repeated_calls ... ok
test uppercase_domain_is_normalized_to_lowercase ... ok
test single_corporate_domain_gets_full_share ... ok
test uppercase_public_domain_still_bucketed_as_public ... ok
test percentages_sum_to_one_with_many_domains ... ok

test result: ok. 20 passed; 0 failed; 0 ignored; 0 measured; 0 filtered out; finished in 0.00s

     Running unittests src/lib.rs (target/debug/deps/tokmd_analysis_format-42652194fbce8713)

running 58 tests
test tests::test_fmt_f64 ... ok
test tests::test_fmt_pct ... ok
test tests::test_render_dispatch_md ... ok
test tests::test_render_dispatch_jsonld ... ok
test tests::test_render_dispatch_json ... ok
test tests::test_render_dispatch_mermaid ... ok
test tests::test_render_dispatch_svg ... ok
test tests::test_render_dispatch_tree ... ok
test tests::test_render_dispatch_xml ... ok
test tests::test_render_file_table ... ok
test tests::test_render_file_table_none_values ... ok
test tests::test_render_html ... ok
test tests::test_render_jsonld_empty_inputs ... ok
test tests::test_render_jsonld ... ok
test tests::test_render_md_archetype ... ok
test tests::test_render_md_archetype_no_evidence ... ok
test tests::test_render_md_assets_empty ... ok
test tests::test_render_md_assets ... ok
test tests::test_render_md_churn ... ok
test tests::test_render_md_basic ... ok
test tests::test_render_md_churn_empty ... ok
test tests::test_render_md_corporate_fingerprint ... ok
test tests::test_render_md_corporate_fingerprint_no_domains ... ok
test tests::test_render_md_deps ... ok
test tests::test_render_md_deps_empty ... ok
test tests::test_render_md_dup_empty ... ok
test tests::test_render_md_empty_inputs ... ok
test tests::test_render_md_dup ... ok
test tests::test_render_md_entropy_no_suspects ... ok
test tests::test_render_md_entropy ... ok
test tests::test_render_md_derived ... ok
test tests::test_render_md_fun ... ok
test tests::test_render_md_fun_no_label ... ok
test tests::test_render_md_git_empty ... ok
test tests::test_render_md_imports ... ok
test tests::test_render_md_imports_empty ... ok
test tests::test_render_md_git ... ok
test tests::test_render_md_inputs ... ok
test tests::test_render_md_license ... ok
test tests::test_render_md_license_no_findings ... ok
test tests::test_render_mermaid ... ok
test tests::test_render_md_topics_empty_module ... ok
test tests::test_render_mermaid_no_imports ... ok
test tests::test_render_md_topics ... ok
test tests::test_render_midi_no_derived ... ok
test tests::test_render_midi_note_math ... ok
test tests::test_render_obj_no_derived ... ok
test tests::test_render_svg ... ok
test tests::test_render_svg_dimensions ... ok
test tests::test_render_obj_coordinate_math ... ok
test tests::test_render_svg_no_derived ... ok
test tests::test_render_svg_no_context ... ok
test tests::test_render_tree ... ok
test tests::test_render_tree_no_derived ... ok
test tests::test_render_tree_none ... ok
test tests::test_render_xml ... ok
test tests::test_render_xml_no_derived ... ok
test tests::test_sanitize_mermaid ... ok

test result: ok. 58 passed; 0 failed; 0 ignored; 0 measured; 0 filtered out; finished in 0.01s

     Running tests/analysis_fmt_depth_w62.rs (target/debug/deps/analysis_fmt_depth_w62-01bd957854a3456f)

running 71 tests
test empty_receipt_md_has_no_tables ... ok
test empty_receipt_xml_is_minimal ... ok
test empty_receipt_json_is_well_formed ... ok
test html_empty_receipt_produces_output ... ok
test json_complete_status_rendered ... ok
test html_contains_totals ... ok
test json_cocomo_present ... ok
test json_empty_receipt_valid ... ok
test json_derived_totals_present ... ok
test json_null_when_absent ... ok
test json_deterministic_across_calls ... ok
test json_integrity_hash_present ... ok
test json_roundtrip_preserves_status ... ok
test jsonld_has_context ... ok
test jsonld_code_lines_from_derived ... ok
test json_warnings_reflected_in_output ... ok
test md_boilerplate_section ... ok
test md_derived_totals_table ... ok
test md_cocomo_section ... ok
test json_roundtrip_preserves_warnings ... ok
test md_context_window_section ... ok
test md_distribution_section ... ok
test md_deterministic_across_calls ... ok
test md_empty_receipt_has_header ... ok
test md_doc_density_by_lang_limited_to_10 ... ok
test md_empty_receipt_shows_preset ... ok
test md_doc_density_by_lang_table ... ok
test md_histogram_unbounded_max_renders_infinity ... ok
test md_histogram_section ... ok
test md_integrity_section ... ok
test md_no_cocomo_when_absent ... ok
test md_no_inputs_omits_inputs_section ... ok
test md_no_context_window_when_absent ... ok
test md_polyglot_section ... ok
test md_ratios_section ... ok
test md_no_todo_when_absent ... ok
test md_reading_time_section ... ok
test md_section_order_distribution_before_histogram ... ok
test md_section_order_header_before_totals ... ok
test md_section_order_integrity_after_cocomo ... ok
test md_section_order_polyglot_before_reading_time ... ok
test md_section_order_totals_before_distribution ... ok
test md_structure_section ... ok
test md_test_density_section ... ok
test mermaid_deterministic_across_calls ... ok
test md_with_inputs_shows_inputs_section ... ok
test md_top_offenders_section ... ok
test md_todo_section ... ok
test mermaid_empty_imports_minimal ... ok
test mermaid_has_graph_header ... ok
test prop_md_preset_appears ... ok
test prop_xml_always_well_formed ... ok
test prop_md_always_starts_with_header ... ok
test prop_json_roundtrip ... ok
test prop_json_always_valid ... ok
test snapshot_derived_receipt_md ... ok
test snapshot_derived_receipt_xml ... ok
test snapshot_empty_receipt_md ... ok
test snapshot_derived_receipt_jsonld ... ok
test svg_deterministic_across_calls ... ok
test svg_is_valid_svg ... ok
test svg_shows_context_when_available ... ok
test svg_shows_tokens_when_no_context ... ok
test tree_renders_when_set ... ok
test tree_unavailable_when_no_derived ... ok
test tree_unavailable_when_tree_is_none ... ok
test xml_deterministic_across_calls ... ok
test xml_empty_has_analysis_tag ... ok
test xml_no_totals_when_derived_absent ... ok
test snapshot_empty_receipt_xml ... ok
test xml_totals_present ... ok

test result: ok. 71 passed; 0 failed; 0 ignored; 0 measured; 0 filtered out; finished in 0.21s

     Running tests/analysis_snapshot_w54.rs (target/debug/deps/analysis_snapshot_w54-95fd59bfbf85c8d5)

running 13 tests
test w54_analysis_json_minimal ... ok
test w54_analysis_md_full ... ok
test w54_analysis_json_with_derived ... ok
test w54_analysis_md_distribution ... ok
test w54_analysis_md_minimal ... ok
test w54_analysis_md_with_archetype ... ok
test w54_analysis_md_with_cocomo ... ok
test w54_analysis_mermaid_with_imports ... ok
test w54_analysis_md_with_derived ... ok
test w54_analysis_svg_minimal ... ok
test w54_analysis_svg_with_derived ... ok
test w54_analysis_xml_minimal ... ok
test w54_analysis_tree_with_data ... ok

test result: ok. 13 passed; 0 failed; 0 ignored; 0 measured; 0 filtered out; finished in 0.17s

     Running tests/analysis_snapshot_w58.rs (target/debug/deps/analysis_snapshot_w58-15b9fcb2359c8c16)

running 15 tests
test w58_analysis_json_empty ... ok
test w58_analysis_md_derived_full ... ok
test w58_analysis_md_archetype_with_topics ... ok
test w58_analysis_json_with_derived ... ok
test w58_analysis_md_derived_no_cocomo ... ok
test w58_analysis_md_empty_receipt ... ok
test w58_analysis_md_derived_no_todo ... ok
test w58_analysis_md_health_preset ... ok
test w58_analysis_md_imports_section ... ok
test w58_analysis_md_license_section ... ok
test w58_analysis_md_risk_preset_with_entropy ... ok
test w58_analysis_md_supply_preset ... ok
test w58_analysis_md_with_warnings ... ok
test w58_analysis_svg_with_context_window ... ok
test w58_analysis_xml_with_derived ... ok

test result: ok. 15 passed; 0 failed; 0 ignored; 0 measured; 0 filtered out; finished in 0.18s

     Running tests/bdd_extended.rs (target/debug/deps/bdd_extended-e38c5fbf86b43207)

running 11 tests
test given_minimal_receipt_when_rendering_xml_then_has_analysis_tags ... ok
test given_receipt_with_derived_when_rendering_xml_then_totals_present ... ok
test given_receipt_with_derived_when_rendering_html_then_includes_totals ... ok
test given_receipt_with_dup_density_when_rendering_md_then_module_table_present ... ok
test given_minimal_receipt_when_rendering_html_then_produces_html_tags ... ok
test given_receipt_with_git_section_when_json_roundtrip_then_data_preserved ... ok
test given_receipt_with_git_when_rendering_md_then_hotspot_table_present ... ok
test given_receipt_with_imports_when_rendering_mermaid_then_edges_shown ... ok
test given_receipt_with_imports_when_json_roundtrip_then_edges_preserved ... ok
test given_receipt_with_multiple_sections_when_json_then_valid_json ... ok
test given_receipt_without_imports_when_rendering_mermaid_then_no_edge_arrows ... ok

test result: ok. 11 passed; 0 failed; 0 ignored; 0 measured; 0 filtered out; finished in 0.00s

     Running tests/deep.rs (target/debug/deps/deep-885cbd2b3f267154)

running 55 tests
test json_contains_schema_version ... ok
test all_text_formats_render_minimal_receipt ... ok
test all_text_formats_render_full_receipt ... ok
test json_minimal_has_null_optional_sections ... ok
test json_deterministic_output ... ok
test json_includes_all_optional_sections_when_present ... ok
test json_roundtrip_preserves_derived_totals ... ok
test json_output_is_valid_json ... ok
test json_schema_version_survives_roundtrip ... ok
test json_roundtrip_full_receipt ... ok
test jsonld_has_interaction_statistic ... ok
test json_unicode_roundtrip ... ok
test jsonld_minimal_receipt_defaults_to_zero ... ok
test md_api_surface_with_language_breakdown ... ok
test md_churn_sorted_descending_by_slope ... ok
test md_code_age_with_unbounded_max ... ok
test md_complexity_all_optional_fields ... ok
test md_boilerplate_and_polyglot_values ... ok
test md_complexity_file_table ... ok
test md_coupling_all_filtered_hides_section ... ok
test md_complexity_without_optional_metrics ... ok
test md_coupling_filters_low_count ... ok
test md_coupling_none_jaccard_lift_shows_dash ... ok
test md_derived_by_lang_tables ... ok
test md_derived_without_cocomo ... ok
test md_derived_without_todo ... ok
test md_derived_without_context_window ... ok
test md_dup_density_module_table ... ok
test md_deterministic_output ... ok
test md_git_intent_section ... ok
test md_git_intent_skips_zero_counts ... ok
test md_histogram_unbounded_max_shows_infinity ... ok
test md_large_entropy_truncates_to_ten ... ok
test md_large_hotspots_truncates_to_ten ... ok
test md_large_import_edges_truncates_to_twenty ... ok
test md_license_multiple_findings ... ok
test md_minimal_receipt_has_header ... ok
test md_minimal_receipt_no_optional_sections ... ok
test md_near_dup_no_pairs_shows_message ... ok
test md_full_receipt_contains_all_sections ... ok
test md_near_dup_truncated_shows_warning ... ok
test md_unicode_in_archetype ... ok
test md_reading_time_and_integrity ... ok
test md_unicode_in_inputs ... ok
test md_near_dup_with_pairs_and_clusters ... ok
test mermaid_sanitizes_special_characters ... ok
test mermaid_unicode_sanitization ... ok
test svg_dimensions_correct ... ok
test svg_with_context_shows_percentage ... ok
test render_dispatch_html_returns_text ... ok
test tree_shows_content_when_present ... ok
test mermaid_truncates_edges_to_200 ... ok
test xml_deterministic_output ... ok
test xml_minimal_receipt_empty_element ... ok
test xml_with_derived_has_all_attributes ... ok

test result: ok. 55 passed; 0 failed; 0 ignored; 0 measured; 0 filtered out; finished in 0.01s

     Running tests/deep_analysisfmt_w48.rs (target/debug/deps/deep_analysisfmt_w48-df9392f65abf0af6)

running 21 tests
test empty_receipt_renders_md_without_panic ... ok
test empty_receipt_renders_json_without_panic ... ok
test json_contains_mode_field ... ok
test empty_receipt_renders_all_text_formats ... ok
test json_contains_schema_version ... ok
test json_contains_tool_info ... ok
test json_rendering_is_deterministic ... ok
test json_roundtrip_through_render_preserves_data ... ok
test md_rendering_is_deterministic ... ok
test md_with_derived_contains_integrity_section ... ok
test render_html_produces_output ... ok
test md_with_derived_contains_totals_section ... ok
test render_mermaid_produces_output ... ok
test render_md_produces_header ... ok
test render_jsonld_produces_valid_json ... ok
test render_json_is_valid_json ... ok
test render_tree_produces_output ... ok
test render_xml_produces_xml_header ... ok
test xml_rendering_is_deterministic ... ok
test render_svg_produces_svg_content ... ok
test tree_rendering_is_deterministic ... ok

test result: ok. 21 passed; 0 failed; 0 ignored; 0 measured; 0 filtered out; finished in 0.00s

     Running tests/deep_w38.rs (target/debug/deps/deep_w38-f317f5b428c868e8)

running 52 tests
test all_enrichers::md_contains_archetype_section ... ok
test all_enrichers::md_contains_deps_section ... ok
test all_enrichers::md_contains_assets_section ... ok
test all_enrichers::md_contains_topics_section ... ok
test all_enrichers::md_contains_license_section ... ok
test all_enrichers::md_contains_entropy_section ... ok
test doc_density_rendering::md_doc_density_by_lang_table ... ok
test context_window::md_shows_context_window_when_present ... ok
test doc_density_rendering::md_whitespace_by_lang_table ... ok
test all_enrichers::json_roundtrips_fully_populated ... ok
test empty_receipt::md_renders_without_error ... ok
test empty_receipt::json_renders_without_error ... ok
test empty_receipt::html_renders_without_error ... ok
test empty_receipt::jsonld_renders_without_error ... ok
test empty_receipt::mermaid_renders_without_error ... ok
test empty_receipt::svg_renders_without_error ... ok
test empty_receipt::tree_renders_without_error ... ok
test json_rendering::json_is_pretty_printed ... ok
test json_rendering::json_contains_schema_version ... ok
test empty_receipt::xml_renders_without_error ... ok
test json_rendering::json_null_fields_for_none_options ... ok
test md_rendering::md_contains_inputs_section ... ok
test md_rendering::md_contains_preset ... ok
test json_rendering::json_roundtrips_minimal_receipt ... ok
test md_rendering::md_starts_with_header ... ok
test md_rendering::md_with_derived_contains_distribution ... ok
test md_rendering::md_with_cocomo ... ok
test md_rendering::md_with_boilerplate ... ok
test json_rendering::json_roundtrips_with_derived ... ok
test md_rendering::md_with_derived_contains_histogram ... ok
test md_rendering::md_with_derived_contains_ratios ... ok
test md_rendering::md_with_derived_contains_totals ... ok
test md_rendering::md_with_integrity ... ok
test md_rendering::md_with_polyglot ... ok
test md_rendering::md_with_reading_time ... ok
test md_rendering::md_without_cocomo_omits_section ... ok
test md_rendering::md_with_test_density ... ok
test missing_fields::md_no_archetype_section ... ok
test missing_fields::md_no_entropy_section ... ok
test missing_fields::md_no_context_window_when_absent ... ok
test missing_fields::md_no_deps_section ... ok
test missing_fields::md_no_assets_section ... ok
test missing_fields::md_no_git_section ... ok
test missing_fields::md_no_imports_section ... ok
test missing_fields::md_no_topics_section ... ok
test section_ordering::md_inputs_before_archetype ... ok
test section_ordering::md_distribution_before_histogram ... ok
test section_ordering::md_assets_after_derived_integrity ... ok
test section_ordering::md_top_offenders_after_histogram ... ok
test section_ordering::md_totals_before_ratios ... ok
test todo_section::md_omits_todos_when_absent ... ok
test todo_section::md_shows_todos_when_present ... ok

test result: ok. 52 passed; 0 failed; 0 ignored; 0 measured; 0 filtered out; finished in 0.01s

     Running tests/deep_w69.rs (target/debug/deps/deep_w69-14e8a7ae110a52c0)

running 30 tests
test json_minimal_receipt_is_valid ... ok
test json_rendering_is_deterministic ... ok
test json_with_derived_includes_cocomo ... ok
test md_archetype_section ... ok
test jsonld_has_schema_org_context ... ok
test jsonld_uses_first_input_as_name ... ok
test md_derived_cocomo_section ... ok
test md_derived_distribution_section ... ok
test md_derived_integrity_section ... ok
test md_derived_context_window_section ... ok
test md_derived_ratios_section ... ok
test md_derived_totals_table ... ok
test md_entropy_no_suspects ... ok
test md_derived_todo_section ... ok
test md_imports_section ... ok
test md_minimal_receipt_no_derived_sections ... ok
test md_minimal_receipt_shows_inputs ... ok
test md_minimal_receipt_shows_preset ... ok
test md_minimal_receipt_starts_with_header ... ok
test mermaid_includes_import_edges ... ok
test mermaid_starts_with_graph_td ... ok
test md_rendering_is_deterministic ... ok
test svg_minimal_receipt_is_valid_svg ... ok
test svg_with_context_window_shows_pct ... ok
test tree_returns_derived_tree ... ok
test tree_unavailable_without_derived ... ok
test xml_minimal_receipt_wraps_analysis ... ok
test xml_rendering_is_deterministic ... ok
test xml_with_derived_includes_totals ... ok
test json_round_trip_preserves_fields ... ok

test result: ok. 30 passed; 0 failed; 0 ignored; 0 measured; 0 filtered out; finished in 0.01s

     Running tests/properties.rs (target/debug/deps/properties-d5a6a353e1ef2f62)

running 12 tests
test md_always_starts_with_header ... ok
test jsonld_has_context ... ok
test md_contains_preset ... ok
test json_render_is_deterministic ... ok
test json_round_trips ... ok
test md_render_is_deterministic ... ok
test mermaid_always_starts_with_graph_td ... ok
test svg_render_is_deterministic ... ok
test svg_has_valid_structure ... ok
test md_with_derived_has_totals ... ok
test xml_is_well_bracketed ... ok
test xml_render_is_deterministic ... ok

test result: ok. 12 passed; 0 failed; 0 ignored; 0 measured; 0 filtered out; finished in 0.07s

     Running tests/render_formats.rs (target/debug/deps/render_formats-49bae53af6e8f24e)

running 41 tests
test all_text_formats_succeed_on_minimal_receipt ... ok
test json_roundtrip_minimal ... ok
test json_includes_all_optional_sections ... ok
test all_text_formats_succeed_on_full_receipt ... ok
test jsonld_reflects_totals ... ok
test jsonld_zero_totals_when_no_derived ... ok
test jsonld_has_schema_context ... ok
test md_derived_doc_density_by_lang ... ok
test md_derived_cocomo_present ... ok
test md_derived_context_window_present ... ok
test json_roundtrip_with_derived ... ok
test md_histogram_unbounded_max ... ok
test md_derived_verbosity_by_lang ... ok
test md_derived_todo_present ... ok
test md_no_inputs_skips_section ... ok
test md_multiple_inputs_listed ... ok
test md_renders_assets_section ... ok
test md_renders_api_surface ... ok
test md_renders_complexity_section ... ok
test md_renders_archetype_section ... ok
test md_renders_complexity_without_optional_fields ... ok
test md_renders_corporate_fingerprint ... ok
test md_renders_deps_section ... ok
test md_renders_dup_section ... ok
test md_renders_eco_label ... ok
test md_renders_corporate_fingerprint_empty ... ok
test md_renders_entropy_section_no_suspects ... ok
test md_renders_entropy_section_with_suspects ... ok
test md_renders_git_section ... ok
test md_renders_imports_section ... ok
test md_renders_license_section ... ok
test md_renders_predictive_churn ... ok
test md_renders_topics_section ... ok
test mermaid_with_multiple_edges ... ok
test mermaid_sanitizes_special_chars ... ok
test svg_with_context_window_shows_pct ... ok
test svg_without_context_window_shows_tokens ... ok
test tree_unavailable_fallback ... ok
test tree_with_tree_string ... ok
test xml_empty_without_derived ... ok
test xml_with_derived_has_all_attributes ... ok

test result: ok. 41 passed; 0 failed; 0 ignored; 0 measured; 0 filtered out; finished in 0.00s

     Running tests/render_fun.rs (target/debug/deps/render_fun-e6ce328be58643e0)

running 5 tests
test render_midi_key_calculation ... ok
test render_midi_start_time ... ok
test render_midi_velocity_calculation ... ok
test render_obj_grid_positioning ... ok
test render_obj_height_calculation ... ok

test result: ok. 5 passed; 0 failed; 0 ignored; 0 measured; 0 filtered out; finished in 0.00s

     Running tests/render_md.rs (target/debug/deps/render_md-04757176723d77e6)

running 1 test
test render_md_snapshot ... ok

test result: ok. 1 passed; 0 failed; 0 ignored; 0 measured; 0 filtered out; finished in 0.17s

     Running tests/snapshot_analysis_w50.rs (target/debug/deps/snapshot_analysis_w50-442be9f6d7576f46)

running 12 tests
test snapshot_json_empty_receipt ... ok
test snapshot_json_receipt ... ok
test snapshot_json_multi_enrichment ... ok
test snapshot_md_derived_with_todos ... ok
test snapshot_md_empty_receipt ... ok
test snapshot_md_multi_enrichment ... ok
test snapshot_md_receipt_preset ... ok
test snapshot_tree_derived ... ok
test snapshot_mermaid_imports_w50 ... ok
test snapshot_xml_archetype_license ... ok
test snapshot_xml_empty_receipt ... ok
test snapshot_xml_receipt ... ok

test result: ok. 12 passed; 0 failed; 0 ignored; 0 measured; 0 filtered out; finished in 0.18s

     Running tests/snapshot_golden.rs (target/debug/deps/snapshot_golden-44490f7231e8b04d)

running 13 tests
test snapshot_json_with_archetype ... ok
test snapshot_json_minimal ... ok
test snapshot_html_with_derived ... ok
test snapshot_json_with_derived ... ok
test snapshot_json_with_eco_label ... ok
test snapshot_md_with_archetype_and_eco ... ok
test snapshot_jsonld_with_derived ... ok
test snapshot_md_minimal ... ok
test snapshot_md_with_derived ... ok
test snapshot_mermaid_with_imports ... ok
test snapshot_svg_with_derived ... ok
test snapshot_tree_minimal ... ok
test snapshot_xml_with_derived ... ok

test result: ok. 13 passed; 0 failed; 0 ignored; 0 measured; 0 filtered out; finished in 0.17s

     Running tests/snapshot_v2.rs (target/debug/deps/snapshot_v2-7fce6db47c15b52b)

running 9 tests
test snapshot_v2_md_with_complexity ... ok
test snapshot_v2_json_with_duplicates ... ok
test snapshot_v2_json_with_complexity ... ok
test snapshot_v2_jsonld_with_eco_label ... ok
test snapshot_v2_md_with_duplicates ... ok
test snapshot_v2_md_with_license ... ok
test snapshot_v2_md_with_topics ... ok
test snapshot_v2_md_with_warnings ... ok
test snapshot_v2_xml_with_complexity ... ok

test result: ok. 9 passed; 0 failed; 0 ignored; 0 measured; 0 filtered out; finished in 0.18s

     Running tests/snapshot_w40.rs (target/debug/deps/snapshot_w40-14b704a3514123c3)

running 5 tests
test snapshot_analysis_md_minimal ... ok
test snapshot_analysis_json_populated ... ok
test snapshot_analysis_md_with_enrichers ... ok
test snapshot_analysis_tree_minimal ... ok
test snapshot_analysis_xml_minimal ... ok

test result: ok. 5 passed; 0 failed; 0 ignored; 0 measured; 0 filtered out; finished in 0.17s

     Running tests/snapshot_w45.rs (target/debug/deps/snapshot_w45-04f41b1d9cd1591c)

running 7 tests
test snapshot_jsonld_with_archetype ... ok
test snapshot_md_with_warnings ... ok
test snapshot_html_minimal ... ok
test snapshot_mermaid_with_imports ... ok
test snapshot_xml_with_derived ... ok
test snapshot_tree_with_derived ... ok
test snapshot_svg_with_derived ... ok

test result: ok. 7 passed; 0 failed; 0 ignored; 0 measured; 0 filtered out; finished in 0.17s

     Running tests/snapshot_w70.rs (target/debug/deps/snapshot_w70-ec99221676aa693e)

running 15 tests
test w70_analysis_json_minimal ... ok
test w70_analysis_html_with_derived ... ok
test w70_analysis_json_with_derived ... ok
test w70_analysis_json_archetype_and_eco ... ok
test w70_analysis_jsonld_with_derived ... ok
test w70_analysis_md_minimal ... ok
test w70_analysis_md_archetype_topics ... ok
test w70_analysis_md_with_derived ... ok
test w70_analysis_md_with_warnings ... ok
test w70_analysis_mermaid_with_imports ... ok
test w70_analysis_tree_with_data ... ok
test w70_analysis_svg_minimal ... ok
test w70_analysis_svg_with_context_window ... ok
test w70_analysis_xml_minimal ... ok
test w70_analysis_xml_with_derived ... ok

test result: ok. 15 passed; 0 failed; 0 ignored; 0 measured; 0 filtered out; finished in 0.17s

     Running tests/snapshot_w74.rs (target/debug/deps/snapshot_w74-4b7f3de34f70fb0f)

running 15 tests
test w74_analysis_html_with_derived ... ok
test w74_analysis_json_eco_label ... ok
test w74_analysis_json_minimal ... ok
test w74_analysis_html_minimal ... ok
test w74_analysis_md_derived_no_cocomo ... ok
test w74_analysis_json_with_derived ... ok
test w74_analysis_md_archetype_and_topics ... ok
test w74_analysis_jsonld_with_derived ... ok
test w74_analysis_md_with_warnings ... ok
test w74_analysis_md_with_derived ... ok
test w74_analysis_md_minimal ... ok
test w74_analysis_mermaid_with_imports ... ok
test w74_analysis_svg_with_context_window ... ok
test w74_analysis_tree_with_derived ... ok
test w74_analysis_xml_with_derived ... ok

test result: ok. 15 passed; 0 failed; 0 ignored; 0 measured; 0 filtered out; finished in 0.18s

     Running tests/snapshots.rs (target/debug/deps/snapshots-b4b4b668fdce57d0)

running 16 tests
test snapshot_analysis_json_minimal ... ok
test snapshot_analysis_json_with_derived ... ok
test snapshot_analysis_jsonld_with_derived ... ok
test snapshot_analysis_html_with_derived ... ok
test snapshot_analysis_jsonld_minimal ... ok
test snapshot_analysis_md_minimal ... ok
test snapshot_analysis_md_full ... ok
test snapshot_analysis_md_with_derived ... ok
test snapshot_analysis_mermaid_no_imports ... ok
test snapshot_analysis_svg_minimal ... ok
test snapshot_analysis_mermaid_with_imports ... ok
test snapshot_analysis_svg_with_derived ... ok
test snapshot_analysis_tree_unavailable ... ok
test snapshot_analysis_xml_with_derived ... ok
test snapshot_analysis_xml_minimal ... ok
test snapshot_analysis_tree_with_data ... ok

test result: ok. 16 passed; 0 failed; 0 ignored; 0 measured; 0 filtered out; finished in 0.17s

     Running unittests src/lib.rs (target/debug/deps/tokmd_analysis_fun-04f1cf2b0685c33d)

running 2 tests
test tests::fun_grade_boundaries_are_stable ... ok
test tests::fun_report_contains_notes_and_bytes ... ok

test result: ok. 2 passed; 0 failed; 0 ignored; 0 measured; 0 filtered out; finished in 0.00s

     Running tests/bdd.rs (target/debug/deps/bdd-706fd162888729d5)

running 21 tests
test given_any_input_when_report_built_then_bytes_field_matches_input ... ok
test given_any_input_when_report_built_then_notes_are_human_readable ... ok
test given_any_input_when_report_built_then_eco_label_is_always_present ... ok
test given_any_input_when_report_built_then_notes_contain_mb_suffix ... ok
test given_any_input_when_report_built_then_label_is_single_uppercase_letter ... ok
test given_any_input_when_report_built_then_score_is_between_zero_and_one_hundred ... ok
test given_exact_zero_bytes_when_report_built_then_notes_show_zero_mb ... ok
test given_exactly_fifty_mb_when_report_built_then_grade_is_c ... ok
test given_exactly_one_mb_when_report_built_then_grade_is_a ... ok
test given_exactly_ten_mb_when_report_built_then_grade_is_b ... ok
test given_fractional_mb_when_report_built_then_notes_round_to_two_decimals ... ok
test given_exactly_two_hundred_mb_when_report_built_then_grade_is_d ... ok
test given_increasing_sizes_when_reports_built_then_scores_decrease_monotonically ... ok
test given_just_over_fifty_mb_when_report_built_then_grade_is_d ... ok
test given_just_over_ten_mb_when_report_built_then_grade_is_c ... ok
test given_just_over_two_hundred_mb_when_report_built_then_grade_is_e ... ok
test given_just_over_one_mb_when_report_built_then_grade_is_b ... ok
test given_one_byte_when_report_built_then_grade_is_a ... ok
test given_one_gb_when_report_built_then_grade_is_e ... ok
test given_same_input_when_report_built_twice_then_outputs_are_identical ... ok
test given_zero_bytes_when_report_built_then_grade_is_a ... ok

test result: ok. 21 passed; 0 failed; 0 ignored; 0 measured; 0 filtered out; finished in 0.00s

     Running tests/deep_w45.rs (target/debug/deps/deep_w45-9adb95c1bfa2eebf)

running 27 tests
test given_exactly_10mb_then_grade_b ... ok
test given_exactly_10mb_plus_1_byte_then_grade_c ... ok
test given_exactly_10mb_minus_1_byte_then_grade_b ... ok
test all_grade_labels_are_in_known_set ... ok
test given_exactly_1mb_minus_1_byte_then_grade_a ... ok
test given_exactly_1mb_plus_1_byte_then_grade_b ... ok
test given_exactly_1mb_then_grade_a ... ok
test given_exactly_200mb_minus_1_byte_then_grade_d ... ok
test given_exactly_200mb_plus_1_byte_then_grade_e ... ok
test given_exactly_200mb_then_grade_d ... ok
test given_exactly_50mb_minus_1_byte_then_grade_c ... ok
test given_exactly_50mb_then_grade_c ... ok
test given_exactly_50mb_plus_1_byte_then_grade_d ... ok
test notes_format_sub_mb_shows_fractional ... ok
test notes_format_precise_third_decimal_rounded ... ok
test notes_format_whole_number_mb_has_no_trailing_decimals ... ok
test notes_format_tiny_bytes_shows_near_zero ... ok
test json_round_trip_preserves_eco_label ... ok
test json_round_trip_for_each_grade ... ok
test score_label_pairs_are_consistent ... ok
test properties::label_score_bijection ... ok
test properties::score_is_one_of_five_values ... ok
test properties::notes_match_expected_format ... ok
test snapshot_eco_exact_1mb_boundary ... ok
test snapshot_eco_exact_50mb_boundary ... ok
test snapshot_eco_exact_200mb_boundary ... ok
test snapshot_eco_exact_10mb_boundary ... ok

test result: ok. 27 passed; 0 failed; 0 ignored; 0 measured; 0 filtered out; finished in 0.18s

     Running tests/deep_w66.rs (target/debug/deps/deep_w66-0970449ea5fcc3d0)

running 23 tests
test determinism_w66::label_is_single_uppercase_letter ... ok
test determinism_w66::eco_label_always_present ... ok
test determinism_w66::score_is_always_positive ... ok
test grade_bands_w66::exactly_10mb_produces_grade_b ... ok
test grade_bands_w66::exactly_200mb_produces_grade_d ... ok
test grade_bands_w66::exactly_1mb_produces_grade_a ... ok
test grade_bands_w66::exactly_50mb_produces_grade_c ... ok
test grade_bands_w66::just_over_1mb_produces_grade_b ... ok
test grade_bands_w66::just_over_10mb_produces_grade_c ... ok
test grade_bands_w66::just_over_200mb_produces_grade_e ... ok
test grade_bands_w66::just_over_50mb_produces_grade_d ... ok
test grade_bands_w66::one_byte_produces_grade_a ... ok
test grade_bands_w66::zero_bytes_produces_grade_a ... ok
test notes_formatting_w66::eco_label_bytes_matches_input ... ok
test notes_formatting_w66::notes_contain_mb_unit ... ok
test notes_formatting_w66::notes_contain_size_based_prefix ... ok
test notes_formatting_w66::notes_mb_value_rounds_to_two_decimals ... ok
test determinism_w66::fun_report_serializes_to_json ... ok
test determinism_w66::same_input_produces_identical_output ... ok
test property_tests_w66::bytes_field_matches_input ... ok
test property_tests_w66::label_is_valid_grade ... ok
test property_tests_w66::eco_label_deterministic_for_same_input ... ok
test property_tests_w66::score_decreases_as_size_increases ... ok

test result: ok. 23 passed; 0 failed; 0 ignored; 0 measured; 0 filtered out; finished in 0.02s

     Running tests/deep_w71.rs (target/debug/deps/deep_w71-4d9438a6c6743050)

running 17 tests
test all_grades_have_distinct_scores ... ok
test band_boundaries_inclusive_upper ... ok
test bytes_field_is_exact ... ok
test determinism_100_iterations ... ok
test eco_label_never_none ... ok
test fun_report_top_level_has_one_field ... ok
test json_round_trip_values_match ... ok
test json_round_trip_preserves_all_fields ... ok
test large_byte_value_no_panic ... ok
test label_is_valid_uppercase_a_through_e ... ok
test notes_format_matches_expected_pattern ... ok
test notes_mb_matches_computed_value ... ok
test rounding_exact_megabyte ... ok
test rounding_one_third_mb ... ok
test score_within_zero_to_hundred ... ok
test scores_decrease_monotonically_across_bands ... ok
test snapshot_all_bands ... ok

test result: ok. 17 passed; 0 failed; 0 ignored; 0 measured; 0 filtered out; finished in 0.00s

     Running tests/fun_depth_w57.rs (target/debug/deps/fun_depth_w57-89c56e484ced01e7)

running 30 tests
test boundary_exact_thresholds ... ok
test bytes_field_echoes_input ... ok
test boundary_one_past_threshold ... ok
test code_count_does_not_affect_eco_label ... ok
test eco_label_always_some ... ok
test empty_repo_gives_grade_a ... ok
test file_count_does_not_affect_eco_label ... ok
test five_bands_distinct ... ok
test deterministic_json_output ... ok
test fun_report_none_eco_label_roundtrip ... ok
test eco_label_serde_roundtrip_standalone ... ok
test fun_report_serde_roundtrip_all_fields ... ok
test grade_a_has_highest_score ... ok
test grade_e_has_lowest_score ... ok
test json_null_eco_label ... ok
test json_contains_expected_keys ... ok
test json_pretty_print_roundtrip ... ok
test large_multi_file_repo_grade_c ... ok
test massive_repo_grade_e ... ok
test notes_always_contain_mb ... ok
test notes_prefix_constant ... ok
test notes_mb_value_matches_computation ... ok
test notes_suffix_constant ... ok
test notes_very_large_repo ... ok
test score_exact_values ... ok
test score_monotone_decreasing_across_bands ... ok
test single_file_tiny_repo ... ok
test properties::score_finite_positive ... ok
test properties::label_single_char ... ok
test properties::serde_roundtrip_arbitrary ... ok

test result: ok. 30 passed; 0 failed; 0 ignored; 0 measured; 0 filtered out; finished in 0.02s

     Running tests/fun_depth_w61.rs (target/debug/deps/fun_depth_w61-532dc211fbf30ffa)

running 48 tests
test eco_label_always_some ... ok
test bytes_field_echoes_input ... ok
test exactly_10mb_grade_b ... ok
test eco_label_standalone_roundtrip ... ok
test exactly_1mb_grade_a ... ok
test deterministic_json ... ok
test exactly_200mb_grade_d ... ok
test exactly_50mb_grade_c ... ok
test files_code_dont_affect_label ... ok
test five_bands_distinct_labels ... ok
test fun_report_none_roundtrip ... ok
test fun_report_serde_roundtrip ... ok
test five_bands_distinct_scores ... ok
test grade_a_highest_score ... ok
test json_has_expected_keys ... ok
test json_pretty_roundtrip_stable ... ok
test label_in_known_set ... ok
test json_null_eco_label ... ok
test mid_band_b ... ok
test mid_band_c ... ok
test label_single_uppercase ... ok
test mid_band_d ... ok
test notes_1gb ... ok
test notes_mb_value_correct ... ok
test notes_fractional_mb ... ok
test notes_prefix_stable ... ok
test notes_suffix_stable ... ok
test notes_zero_bytes_shows_zero_mb ... ok
test one_byte_past_1mb_grade_b ... ok
test one_byte_past_10mb_grade_c ... ok
test one_byte_grade_a ... ok
test one_byte_past_200mb_grade_e ... ok
test one_byte_past_50mb_grade_d ... ok
test properties::eco_label_always_present ... ok
test properties::bytes_matches_input ... ok
test properties::deterministic ... ok
test properties::label_known_grade ... ok
test properties::notes_prefix ... ok
test properties::notes_contain_mb ... ok
test properties::monotone_score ... ok
test properties::score_in_valid_range ... ok
test properties::notes_suffix ... ok
test score_exact_values_all_bands ... ok
test score_in_range ... ok
test score_monotone_across_bands ... ok
test two_gb_grade_e ... ok
test zero_bytes_grade_a ... ok
test properties::serde_roundtrip ... ok

test result: ok. 48 passed; 0 failed; 0 ignored; 0 measured; 0 filtered out; finished in 0.01s

     Running tests/fun_enricher_w54.rs (target/debug/deps/fun_enricher_w54-eded4c605158382c)

running 50 tests
test bytes_field_matches_input_for_all_grades ... ok
test eco_depends_only_on_bytes_not_code_lines ... ok
test each_label_maps_to_exactly_one_score ... ok
test determinism_100_iterations ... ok
test eco_depends_only_on_bytes_not_file_count ... ok
test eco_label_present_for_large_repo ... ok
test eco_label_present_for_one_byte ... ok
test eco_label_present_for_zero_bytes ... ok
test grade_a_at_512kb ... ok
test grade_a_at_exactly_1mb ... ok
test grade_a_at_zero ... ok
test grade_b_at_exactly_10mb ... ok
test grade_b_at_5mb ... ok
test grade_c_at_25mb ... ok
test grade_b_just_over_1mb ... ok
test grade_c_at_exactly_50mb ... ok
test grade_c_just_over_10mb ... ok
test grade_d_at_100mb ... ok
test grade_d_at_exactly_200mb ... ok
test grade_d_just_over_50mb ... ok
test grade_e_at_1gb ... ok
test grade_e_at_500mb ... ok
test grade_e_just_over_200mb ... ok
test json_contains_all_eco_fields ... ok
test json_contains_eco_label_key ... ok
test json_round_trip_preserves_all_fields ... ok
test json_pretty_round_trip_for_every_grade ... ok
test labels_never_improve_as_size_grows ... ok
test many_files_zero_bytes_is_grade_a ... ok
test notes_2_5mb_shows_correct_decimal ... ok
test notes_1mb_shows_1_mb ... ok
test notes_end_with_mb_suffix ... ok
test notes_start_with_prefix ... ok
test notes_zero_bytes_shows_0_mb ... ok
test power_of_two_byte_sizes_produce_valid_labels ... ok
test notes_fractional_bytes_round_to_two_decimals ... ok
test properties::bytes_field_equals_input ... ok
test properties::eco_label_always_some ... ok
test properties::deterministic ... ok
test properties::different_totals_same_bytes_same_eco ... ok
test properties::label_in_known_set ... ok
test properties::label_score_consistent ... ok
test properties::monotonic_scores ... ok
test score_is_one_of_five_known_values ... ok
test scores_monotonically_decrease_across_all_bands ... ok
test single_file_one_byte ... ok
test zero_code_zero_files_zero_bytes ... ok
test properties::json_round_trip ... ok
test properties::notes_format_valid ... ok
test properties::score_in_0_to_100 ... ok

test result: ok. 50 passed; 0 failed; 0 ignored; 0 measured; 0 filtered out; finished in 0.08s

     Running tests/properties.rs (target/debug/deps/properties-a57a4166018b8d8d)

running 9 tests
test deterministic_output ... ok
test label_is_known_grade ... ok
test eco_label_always_present ... ok
test bytes_field_matches_input ... ok
test notes_have_fixed_prefix ... ok
test label_is_single_uppercase_letter ... ok
test score_in_valid_range ... ok
test notes_contain_mb_suffix ... ok
test scores_decrease_as_size_grows ... ok

test result: ok. 9 passed; 0 failed; 0 ignored; 0 measured; 0 filtered out; finished in 0.04s

     Running tests/snapshot_eco.rs (target/debug/deps/snapshot_eco-1bf263d480157c5c)

running 6 tests
test snapshot_eco_grade_c ... ok
test snapshot_eco_grade_b ... ok
test snapshot_eco_grade_a ... ok
test snapshot_eco_grade_d ... ok
test snapshot_eco_grade_e ... ok
test snapshot_eco_zero_bytes ... ok

test result: ok. 6 passed; 0 failed; 0 ignored; 0 measured; 0 filtered out; finished in 0.26s

     Running unittests src/lib.rs (target/debug/deps/tokmd_analysis_git-abbba0c2e2e1658e)

running 1 test
test churn::tests::slope_signs_make_sense ... ok

test result: ok. 1 passed; 0 failed; 0 ignored; 0 measured; 0 filtered out; finished in 0.00s

     Running tests/bdd.rs (target/debug/deps/bdd-d8312ef6491965b7)

running 24 tests
test scenario_backslash_paths_normalized ... ok
test scenario_age_distribution_pct_sum ... ok
test scenario_bus_factor_unique_authors ... ok
test scenario_child_file_kind_excluded ... ok
test scenario_churn_empty_commits ... ok
test scenario_churn_single_commit_flat ... ok
test scenario_churn_rising_trend ... ok
test scenario_churn_steady_commits ... ok
test scenario_code_age_distribution_buckets ... ok
test scenario_corrective_ratio ... ok
test scenario_empty_commits_produce_empty_report ... ok
test scenario_coupling_metrics_computed ... ok
test scenario_files_seen_counts_distinct ... ok
test scenario_coupling_modules_changed_together ... ok
test scenario_freshness_all_fresh ... ok
test scenario_freshness_by_module ... ok
test scenario_freshness_stale_files ... ok
test scenario_hotspot_score_equals_lines_times_commits ... ok
test scenario_hotspots_sorted_by_score_desc ... ok
test scenario_intent_by_module ... ok
test scenario_intent_report_conventional_commits ... ok
test scenario_no_coupling_independent_modules ... ok
test scenario_unknown_files_ignored ... ok
test scenario_refresh_trend_rising ... ok

test result: ok. 24 passed; 0 failed; 0 ignored; 0 measured; 0 filtered out; finished in 0.01s

     Running tests/bdd_extended.rs (target/debug/deps/bdd_extended-693b6bd4a806fe88)

running 8 tests
test scenario_churn_multiple_modules_independent ... ok
test scenario_churn_decreasing_activity_falling ... ok
test scenario_bus_factor_sort_order ... ok
test scenario_churn_r2_bounded ... ok
test scenario_freshness_all_stale ... ok
test scenario_coupling_sorted_by_count_desc ... ok
test scenario_intent_unconventional_messages_high_unknown_pct ... ok
test scenario_freshness_module_p90_positive ... ok

test result: ok. 8 passed; 0 failed; 0 ignored; 0 measured; 0 filtered out; finished in 0.01s

     Running tests/deep.rs (target/debug/deps/deep-20f2214759ebcc63)

running 24 tests
test bus_factor_multiple_files_same_module ... ok
test bus_factor_deduplicates_authors ... ok
test age_distribution_total_files_equals_bucket_sum ... ok
test bus_factor_multiple_modules ... ok
test churn_decreasing_activity_falling ... ok
test churn_multiple_modules_independent ... ok
test churn_r2_bounded ... ok
test churn_no_matching_files ... ok
test coupling_jaccard_bounded ... ok
test churn_report_serialization_roundtrip ... ok
test coupling_lift_positive ... ok
test coupling_n_left_n_right_populated ... ok
test coupling_sorted_by_count_desc ... ok
test empty_export_ignores_all_commits ... ok
test coupling_three_modules_all_pairs ... ok
test freshness_all_stale ... ok
test freshness_module_has_p90 ... ok
test hotspot_zero_lines_zero_score ... ok
test git_report_serialization_roundtrip ... ok
test intent_all_conventional_prefixes ... ok
test intent_corrective_ratio_zero_commits ... ok
test refresh_trend_flat_no_commits ... ok
test intent_all_unknown_commits ... ok
test hotspot_many_files ... ok

test result: ok. 24 passed; 0 failed; 0 ignored; 0 measured; 0 filtered out; finished in 0.01s

     Running tests/deep_analysis_git_w48.rs (target/debug/deps/deep_analysis_git_w48-ef1429988851dc73)

running 39 tests
test churn_child_rows_excluded ... ok
test build_git_report_works_without_real_repo ... ok
test age_distribution_has_five_buckets ... ok
test churn_empty_commits_produces_empty_report ... ok
test age_distribution_percentages_sum_to_one ... ok
test churn_falling_activity_detected ... ok
test churn_multiple_modules_independent ... ok
test churn_r2_in_valid_range ... ok
test churn_rising_activity_detected ... ok
test churn_single_commit_flat_slope ... ok
test churn_uniform_activity_flat ... ok
test coupling_lift_present_when_enough_data ... ok
test coupling_jaccard_in_valid_range ... ok
test coupling_co_changed_modules_detected ... ok
test coupling_n_left_n_right_present ... ok
test coupling_no_self_coupling ... ok
test freshness_no_commits_for_file_not_counted ... ok
test coupling_sorted_by_count_descending ... ok
test freshness_by_module_populated ... ok
test freshness_old_file_counted_stale ... ok
test freshness_recent_file_zero_stale ... ok
test intent_by_module_tracks_per_module_counts ... ok
test freshness_threshold_is_365_days ... ok
test intent_corrective_ratio_none_when_zero_commits ... ok
test intent_unknown_pct_all_classified ... ok
test pipeline_bus_factor_deduplicates_authors ... ok
test multi_module_report_comprehensive ... ok
test pipeline_bus_factor_sorted_by_authors_ascending ... ok
test pipeline_child_rows_excluded_from_hotspots ... ok
test pipeline_empty_input_produces_empty_report ... ok
test pipeline_hotspot_score_equals_lines_times_commits ... ok
test pipeline_intent_counts_correct ... ok
test pipeline_hotspots_sorted_descending_by_score ... ok
test pipeline_untracked_files_excluded_from_hotspots ... ok
test pipeline_deterministic_output ... ok
test git_available_returns_consistent_result ... ok
test prop_hotspot_score_nonneg ... ok
test prop_churn_report_no_panic ... ok
test prop_git_report_no_panic ... ok

test result: ok. 39 passed; 0 failed; 0 ignored; 0 measured; 0 filtered out; finished in 0.04s

     Running tests/deep_w39.rs (target/debug/deps/deep_w39-669f18b6ac5e29c1)

running 23 tests
test churn_child_rows_excluded ... ok
test churn_empty_commits_yields_empty_report ... ok
test backslash_paths_normalized ... ok
test age_distribution_buckets_populated ... ok
test bus_factor_counts_unique_authors ... ok
test churn_flat_trend_for_constant_activity ... ok
test commits_scanned_counts_all_commits ... ok
test churn_rising_trend_detected ... ok
test coupling_empty_when_single_module ... ok
test coupling_detects_co_changed_modules ... ok
test dot_slash_prefix_stripped ... ok
test coupling_jaccard_and_lift_computed ... ok
test freshness_all_recent ... ok
test freshness_module_breakdown ... ok
test freshness_stale_files_detected ... ok
test hotspot_score_is_lines_times_commits ... ok
test hotspot_unmatched_files_ignored ... ok
test hotspots_sorted_by_score_descending ... ok
test intent_corrective_ratio ... ok
test intent_counts_feat_and_fix ... ok
test intent_unknown_pct_for_unrecognized ... ok
test no_commits_produces_empty_report ... ok
test single_commit_single_file ... ok

test result: ok. 23 passed; 0 failed; 0 ignored; 0 measured; 0 filtered out; finished in 0.01s

     Running tests/deep_w43.rs (target/debug/deps/deep_w43-d57e787ef04603a1)

running 26 tests
test churn_report_child_rows_excluded ... ok
test churn_report_empty_commits ... ok
test age_distribution_present_in_report ... ok
test churn_report_falling_trend ... ok
test churn_report_r2_in_valid_range ... ok
test bus_factor_counts_unique_authors ... ok
test churn_report_rising_trend ... ok
test bus_factor_sorted_by_author_count_ascending ... ok
test churn_report_single_module_flat_slope ... ok
test coupling_detected_between_co_changed_modules ... ok
test coupling_jaccard_within_valid_range ... ok
test files_outside_export_not_in_hotspots ... ok
test coupling_sorted_by_count_descending ... ok
test freshness_all_recent_zero_stale ... ok
test freshness_total_files_matches_tracked ... ok
test freshness_old_file_counted_as_stale ... ok
test git_report_counts_commits_and_files ... ok
test git_report_deterministic_output ... ok
test git_report_empty_commits_empty_export ... ok
test git_report_with_no_matching_files ... ok
test hotspot_score_is_lines_times_commits ... ok
test intent_report_corrective_ratio ... ok
test hotspots_sorted_by_score_descending ... ok
test intent_report_counts_conventional_commits ... ok
test intent_report_unknown_pct ... ok
test no_coupling_when_modules_never_co_change ... ok

test result: ok. 26 passed; 0 failed; 0 ignored; 0 measured; 0 filtered out; finished in 0.00s

     Running tests/deep_w66.rs (target/debug/deps/deep_w66-d0636f184e099c42)

running 21 tests
test churn_w66::churn_report_deterministic ... ok
test bus_factor_w66::single_author_gives_bus_factor_one ... ok
test bus_factor_w66::bus_factor_sorted_ascending_by_authors ... ok
test bus_factor_w66::multiple_authors_counted ... ok
test churn_w66::empty_commits_produces_empty_churn ... ok
test churn_w66::single_commit_produces_flat_trend ... ok
test coupling_w66::coupling_detected_across_modules ... ok
test coupling_w66::coupling_jaccard_present ... ok
test coupling_w66::coupling_sorted_by_count_desc ... ok
test coupling_w66::no_coupling_when_single_module ... ok
test freshness_w66::all_recent_files_zero_stale ... ok
test freshness_w66::freshness_by_module_populated ... ok
test hotspot_w66::commits_referencing_unknown_files_ignored ... ok
test freshness_w66::old_file_marked_stale ... ok
test hotspot_w66::empty_commits_produces_no_hotspots ... ok
test hotspot_w66::hotspot_tiebreak_by_path ... ok
test hotspot_w66::hotspot_with_single_commit ... ok
test intent_w66::corrective_ratio_present_when_commits_exist ... ok
test determinism_w66::git_report_deterministic ... ok
test intent_w66::empty_commits_gives_zero_intent ... ok
test intent_w66::feat_commits_classified ... ok

test result: ok. 21 passed; 0 failed; 0 ignored; 0 measured; 0 filtered out; finished in 0.01s

     Running tests/deep_w68.rs (target/debug/deps/deep_w68-b0dbc818442fea8d)

running 30 tests
test churn_w68::churn_per_module_keys_match_export_modules ... ok
test age_distribution_w68::five_buckets_always_present ... ok
test age_distribution_w68::refresh_trend_rising_when_all_recent ... ok
test age_distribution_w68::bucket_pcts_sum_to_one ... ok
test churn_w68::churn_r2_in_valid_range ... ok
test churn_w68::constant_commits_give_flat_trend ... ok
test churn_w68::increasing_commits_give_positive_slope ... ok
test coupling_w68::coupling_jaccard_range_zero_to_one ... ok
test coupling_w68::coupling_lift_above_one_when_correlated ... ok
test coupling_w68::coupling_n_left_n_right_populated ... ok
test coupling_w68::three_modules_produce_three_pairs ... ok
test edge_cases_w68::child_file_rows_excluded_from_hotspots ... ok
test coupling_w68::coupling_pair_keys_are_ordered ... ok
test edge_cases_w68::empty_export_with_commits_produces_empty_report ... ok
test edge_cases_w68::no_commits_all_fields_empty ... ok
test edge_cases_w68::single_commit_single_file ... ok
test freshness_w68::file_at_exactly_365_days_not_stale ... ok
test freshness_w68::file_at_366_days_is_stale ... ok
test freshness_w68::freshness_module_rows_sorted_by_module_name ... ok
test freshness_w68::stale_pct_correct_when_half_stale ... ok
test freshness_w68::stale_threshold_is_365_days ... ok
test hotspot_w68::backslash_paths_normalised_to_forward_slash ... ok
test hotspot_w68::dot_slash_prefix_stripped ... ok
test hotspot_w68::files_seen_counts_unique_matched_files ... ok
test hotspot_w68::hotspots_sorted_desc_by_score ... ok
test hotspot_w68::score_equals_lines_times_commits ... ok
test intent_w68::corrective_ratio_includes_fix_and_revert ... ok
test intent_w68::corrective_ratio_zero_when_no_fixes ... ok
test intent_w68::intent_by_module_populated ... ok
test intent_w68::unknown_pct_one_when_all_other ... ok

test result: ok. 30 passed; 0 failed; 0 ignored; 0 measured; 0 filtered out; finished in 0.01s

     Running tests/git_analysis_depth_w57.rs (target/debug/deps/git_analysis_depth_w57-9dae0f12d5c820f3)

running 33 tests
test backslash_paths_normalized ... ok
test age_pct_sum_approximately_one ... ok
test bus_factor_deterministic_sort ... ok
test age_buckets_sum_to_total ... ok
test churn_no_commits ... ok
test churn_module_ordering_deterministic ... ok
test churn_single_commit_flat ... ok
test churn_rising_activity ... ok
test churn_unmapped_files_ignored ... ok
test coupling_always_together ... ok
test coupling_canonical_pair_order ... ok
test coupling_single_module_no_pairs ... ok
test dot_prefix_stripped ... ok
test empty_history_empty_report ... ok
test coupling_sorted_by_count_desc ... ok
test freshness_all_recent ... ok
test freshness_all_stale ... ok
test freshness_mixed ... ok
test deterministic_full_report ... ok
test freshness_modules_sorted ... ok
test hotspot_excludes_unmapped_files ... ok
test hotspot_ordering_by_score_desc ... ok
test hotspot_score_formula ... ok
test hotspot_tiebreak_by_path ... ok
test hotspot_single_file_many_commits ... ok
test intent_by_module_sorted ... ok
test intent_conventional_commits ... ok
test intent_corrective_ratio ... ok
test serde_churn_report_roundtrip ... ok
test single_commit_valid_report ... ok
test serde_freshness_roundtrip ... ok
test serde_git_report_roundtrip ... ok
test many_commits_no_panic ... ok

test result: ok. 33 passed; 0 failed; 0 ignored; 0 measured; 0 filtered out; finished in 0.01s

     Running tests/git_deep_w76.rs (target/debug/deps/git_deep_w76-33dc1bc29a940e80)

running 20 tests
test age_w76::refresh_trend_flat_when_no_commits ... ok
test age_w76::files_in_each_bucket_sum_to_total ... ok
test bus_factor_w76::bus_factor_sorted_by_authors_ascending ... ok
test bus_factor_w76::multiple_authors_counted_per_module ... ok
test bus_factor_w76::same_author_multiple_commits_counted_once ... ok
test churn_w76::decreasing_commits_give_falling_trend ... ok
test churn_w76::no_commits_gives_empty_per_module ... ok
test churn_w76::single_commit_gives_flat_trend ... ok
test coupling_w76::no_coupling_when_modules_never_co_change ... ok
test coupling_w76::coupling_count_reflects_co_occurrence ... ok
test coupling_w76::perfect_coupling_jaccard_is_one ... ok
test freshness_w76::all_files_fresh_gives_zero_stale_pct ... ok
test freshness_w76::all_files_stale_gives_one_stale_pct ... ok
test freshness_w76::freshness_p90_within_reasonable_range ... ok
test hotspot_w76::hotspot_tie_broken_by_path ... ok
test hotspot_w76::unmatched_git_files_excluded_from_hotspots ... ok
test intent_w76::feat_commits_classified_correctly ... ok
test hotspot_w76::many_commits_same_file_accumulates_score ... ok
test intent_w76::all_fix_commits_gives_corrective_ratio_one ... ok
test intent_w76::mixed_intents_all_counted ... ok

test result: ok. 20 passed; 0 failed; 0 ignored; 0 measured; 0 filtered out; finished in 0.01s

     Running tests/git_enricher_w54.rs (target/debug/deps/git_enricher_w54-2b2edd4c3e01f298)

running 23 tests
test bus_factor_multiple_authors ... ok
test bus_factor_sorted_ascending ... ok
test age_distribution_has_buckets ... ok
test bus_factor_single_author ... ok
test child_rows_filtered ... ok
test churn_empty_commits ... ok
test churn_multi_module_separate ... ok
test churn_rising_trend ... ok
test churn_single_commit_flat ... ok
test coupling_has_lift ... ok
test coupling_single_module_no_rows ... ok
test empty_commits_zero_counts ... ok
test coupling_two_modules ... ok
test freshness_modules_sorted ... ok
test freshness_all_recent ... ok
test freshness_stale_file ... ok
test git_report_deterministic ... ok
test hotspot_score_scales_with_commits ... ok
test hotspots_sorted_desc ... ok
test intent_corrective_ratio ... ok
test intent_report_present ... ok
test unmatched_files_ignored ... ok
test single_commit_single_file_hotspot ... ok

test result: ok. 23 passed; 0 failed; 0 ignored; 0 measured; 0 filtered out; finished in 0.01s

     Running tests/properties.rs (target/debug/deps/properties-410182c7613c0190)

running 23 tests
test prop_bus_factor_authors_positive ... ok
test prop_age_distribution_pct_sum ... ok
test prop_age_distribution_pct_nonneg ... ok
test prop_age_distribution_5_buckets ... ok
test prop_churn_classification_matches_slope ... ok
test prop_churn_modules_subset ... ok
test prop_bus_factor_sorted ... ok
test prop_churn_r2_bounded ... ok
test prop_coupling_jaccard_bounded ... ok
test prop_coupling_sorted_desc ... ok
test prop_commits_scanned_equals_input ... ok
test prop_coupling_lift_positive ... ok
test prop_empty_commits_empty_report ... ok
test prop_files_seen_bounded ... ok
test prop_freshness_module_nonnegative ... ok
test prop_deterministic ... ok
test prop_freshness_stale_le_total ... ok
test prop_freshness_stale_pct_bounded ... ok
test prop_hotspots_sorted_desc ... ok
test prop_hotspot_score_invariant ... ok
test prop_intent_corrective_ratio_bounded ... ok
test prop_intent_total_equals_commits ... ok
test prop_refresh_trend_valid ... ok

test result: ok. 23 passed; 0 failed; 0 ignored; 0 measured; 0 filtered out; finished in 2.98s

     Running unittests src/lib.rs (target/debug/deps/tokmd_analysis_grid-793d5cdcde061711)

running 3 tests
test tests::preset_table_covers_all_presets ... ok
test tests::preset_name_roundtrip_is_stable ... ok
test tests::disabled_feature_messages_are_declared ... ok

test result: ok. 3 passed; 0 failed; 0 ignored; 0 measured; 0 filtered out; finished in 0.00s

     Running tests/bdd.rs (target/debug/deps/bdd-6d8fe2f6dce2411c)

running 37 tests
test all_preset_names_are_lowercase_ascii ... ok
test all_disabled_feature_warnings_are_non_empty ... ok
test all_disabled_feature_warnings_mention_disabled_or_feature ... ok
test all_preset_names_are_unique ... ok
test architecture_preset_enables_imports_and_api_surface ... ok
test deep_preset_enables_all_non_fun_enrichers ... ok
test deep_preset_needs_files ... ok
test disabled_feature_clone_and_copy ... ok
test disabled_feature_warnings_are_all_unique ... ok
test every_preset_kind_appears_in_grid_exactly_once ... ok
test from_str_returns_none_for_unknown_names ... ok
test fun_preset_does_not_need_files ... ok
test fun_preset_enables_only_fun_flag ... ok
test git_preset_enables_git ... ok
test grid_order_matches_preset_kinds_order ... ok
test health_preset_enables_todo_and_complexity ... ok
test identity_preset_enables_git_and_archetype ... ok
test needs_files_is_false_when_no_file_dependent_flags_set ... ok
test needs_files_is_true_when_any_file_dependent_flag_is_set ... ok
test preset_grid_has_exactly_11_rows ... ok
test preset_grid_row_debug_is_non_empty ... ok
test preset_kind_clone_and_copy ... ok
test preset_kind_debug_is_non_empty ... ok
test preset_kinds_all_returns_same_as_const ... ok
test preset_kinds_array_has_exactly_11_entries ... ok
test preset_plan_clone_and_copy ... ok
test preset_plan_for_name_returns_none_for_invalid_names ... ok
test preset_plan_for_name_returns_some_for_valid_names ... ok
test preset_plan_for_returns_correct_plan_for_each_preset ... ok
test presets_requiring_git_are_risk_identity_git_deep ... ok
test receipt_preset_does_not_need_files ... ok
test receipt_preset_enables_no_enrichers ... ok
test risk_preset_enables_git_and_complexity ... ok
test roundtrip_from_str_as_str_for_all_presets ... ok
test security_preset_enables_entropy_and_license ... ok
test supply_preset_enables_assets_and_deps ... ok
test topics_preset_enables_only_topics ... ok

test result: ok. 37 passed; 0 failed; 0 ignored; 0 measured; 0 filtered out; finished in 0.00s

     Running tests/deep.rs (target/debug/deps/deep-870bc0ecf4b02b12)

running 65 tests
test cross_preset::no_preset_enables_both_fun_and_any_other_flag ... ok
test cross_preset::presets_with_license_also_need_files ... ok
test cross_preset::presets_with_complexity_also_need_files ... ok
test cross_preset::every_base_flag_is_enabled_by_at_least_one_preset ... ok
test deep_superset::deep_does_not_enable_fun ... ok
test deep_superset::deep_enables_all_twelve_non_fun_flags ... ok
test deep_superset::deep_is_superset_of_all_non_fun_presets ... ok
test disabled_features_deep::all_warnings_are_non_empty_and_ascii ... ok
test disabled_features_deep::all_warnings_are_unique ... ok
test disabled_features_deep::clone_and_copy_work_for_disabled_feature ... ok
test disabled_features_deep::debug_output_is_non_empty_for_all_variants ... ok
test disabled_features_deep::disabled_feature_equality_is_reflexive ... ok
test disabled_features_deep::disabled_feature_inequality_across_variants ... ok
test enricher_selection::only_architecture_and_deep_enable_api_surface ... ok
test enricher_selection::only_architecture_and_deep_enable_imports ... ok
test enricher_selection::only_deep_enables_dup ... ok
test enricher_selection::only_fun_enables_fun_flag ... ok
test enricher_selection::only_health_and_deep_enable_todo ... ok
test enricher_selection::only_health_risk_deep_enable_complexity ... ok
test enricher_selection::only_identity_and_deep_enable_archetype ... ok
test enricher_selection::only_risk_identity_git_deep_enable_git_flag ... ok
test enricher_selection::only_security_and_deep_enable_entropy ... ok
test enricher_selection::only_security_and_deep_enable_license ... ok
test enricher_selection::only_supply_and_deep_enable_assets ... ok
test enricher_selection::only_supply_and_deep_enable_deps ... ok
test enricher_selection::only_topics_and_deep_enable_topics_flag ... ok
test enricher_selection::preset_grid_row_preset_matches_plan ... ok
test needs_files_deep::fun_does_not_need_files ... ok
test needs_files_deep::git_only_presets_do_not_need_files ... ok
test needs_files_deep::identity_does_not_need_files ... ok
test needs_files_deep::needs_files_matches_any_file_dependent_flag ... ok
test no_duplicates::grid_and_kinds_same_length ... ok
test no_duplicates::grid_order_matches_kinds_order ... ok
test needs_files_deep::topics_does_not_need_files ... ok
test no_duplicates::no_duplicate_preset_kinds_in_grid ... ok
test no_duplicates::no_duplicate_preset_kinds_in_kinds_array ... ok
test preset_flags::architecture_has_exactly_two_base_flags ... ok
test preset_flags::every_non_receipt_preset_has_at_least_one_flag ... ok
test preset_flags::fun_has_exactly_one_base_flag ... ok
test preset_flags::deep_has_all_base_flags_except_fun ... ok
test preset_flags::git_has_exactly_one_base_flag ... ok
test preset_flags::health_has_exactly_two_base_flags ... ok
test preset_flags::identity_has_exactly_two_base_flags ... ok
test preset_flags::receipt_has_zero_base_flags ... ok
test preset_flags::risk_has_exactly_two_base_flags ... ok
test preset_flags::security_has_exactly_two_base_flags ... ok
test preset_flags::supply_has_exactly_two_base_flags ... ok
test preset_flags::topics_has_exactly_one_base_flag ... ok
test preset_names::all_documented_presets_exist ... ok
test preset_names::as_str_values_are_all_lowercase_alphabetic ... ok
test preset_names::from_str_rejects_common_invalid_inputs ... ok
test preset_names::no_undocumented_presets_exist ... ok
test preset_names::preset_count_matches_documentation ... ok
test receipt_minimal::receipt_does_not_need_files ... ok
test receipt_minimal::receipt_is_the_only_all_false_preset ... ok
test roundtrips::from_str_as_str_roundtrip_all_presets ... ok
test roundtrips::preset_plan_for_name_matches_preset_plan_for_kind ... ok
test stability::preset_kinds_const_is_stable ... ok
test stability::preset_plan_for_is_deterministic ... ok
test stability::preset_plan_for_name_is_deterministic ... ok
test traits::preset_kind_copy_semantics ... ok
test traits::preset_grid_row_debug_contains_preset_name ... ok
test traits::preset_plan_copy_semantics ... ok
test traits::preset_kind_debug_output_matches_variant_name ... ok
test traits::preset_plan_debug_is_deterministic ... ok

test result: ok. 65 passed; 0 failed; 0 ignored; 0 measured; 0 filtered out; finished in 0.00s

     Running tests/deep_coverage.rs (target/debug/deps/deep_coverage-5d5dd4671daa8884)

running 31 tests
test all_preset_names_round_trip ... ok
test all_disabled_features_have_nonempty_warning ... ok
test deep_needs_files_is_true ... ok
test architecture_preset_enables_imports_and_api_surface ... ok
test deep_preset_enables_everything_except_fun ... ok
test disabled_feature_debug_contains_variant ... ok
test disabled_feature_eq_and_clone ... ok
test fun_preset_enables_only_fun ... ok
test fun_needs_files_is_false ... ok
test git_needs_files_is_false ... ok
test git_preset_enables_git ... ok
test grid_covers_all_preset_kinds ... ok
test grid_has_no_duplicate_presets ... ok
test grid_length_matches_kinds_length ... ok
test grid_order_is_stable ... ok
test health_needs_files_is_true ... ok
test health_preset_enables_todo_and_complexity ... ok
test identity_preset_enables_git_and_archetype ... ok
test preset_kind_debug ... ok
test preset_kind_eq_and_copy ... ok
test preset_plan_for_is_deterministic ... ok
test preset_plan_for_name_matches_preset_plan_for ... ok
test preset_plan_for_name_returns_none_for_unknown ... ok
test receipt_needs_files_is_false ... ok
test receipt_preset_enables_nothing ... ok
test risk_preset_enables_git_and_complexity ... ok
test security_preset_enables_entropy_and_license ... ok
test supply_needs_files_is_true ... ok
test supply_preset_enables_assets_and_deps ... ok
test topics_preset_enables_only_topics ... ok
test unknown_name_returns_none ... ok

test result: ok. 31 passed; 0 failed; 0 ignored; 0 measured; 0 filtered out; finished in 0.00s

     Running tests/deep_grid_w48.rs (target/debug/deps/deep_grid_w48-b84fc2abce75fc23)

running 22 tests
test all_disabled_features_have_nonempty_warnings ... ok
test deep_is_superset_of_every_non_fun_preset_base_flags ... ok
test deep_needs_files ... ok
test deep_plan_enables_all_base_flags_except_fun ... ok
test disabled_feature_debug_format_is_readable ... ok
test every_preset_kind_in_grid ... ok
test disabled_feature_warnings_contain_skipping_or_disabled ... ok
test disabled_feature_warnings_contain_feature_keyword ... ok
test fun_plan_enables_only_fun ... ok
test fun_does_not_need_files ... ok
test git_does_not_need_files ... ok
test no_duplicate_presets_in_grid ... ok
test preset_grid_has_11_entries ... ok
test preset_kind_all_returns_same_as_const ... ok
test preset_kind_from_str_roundtrip ... ok
test preset_kinds_has_11_entries ... ok
test preset_plan_for_name_matches_kind_lookup ... ok
test preset_plan_for_name_returns_none_for_unknown ... ok
test receipt_does_not_need_files ... ok
test receipt_plan_enables_nothing ... ok
test supply_needs_files ... ok
test topics_does_not_need_files ... ok

test result: ok. 22 passed; 0 failed; 0 ignored; 0 measured; 0 filtered out; finished in 0.00s

     Running tests/deep_w68.rs (target/debug/deps/deep_w68-2095ed542a9251a5)

running 15 tests
test deep_is_superset_of_all_base_flags ... ok
test architecture_enables_imports_and_api_surface ... ok
test every_kind_has_grid_row ... ok
test deep_needs_files ... ok
test fun_only_enables_fun ... ok
test disabled_feature_warnings_non_empty_and_unique ... ok
test health_enables_todo_and_complexity ... ok
test grid_has_eleven_entries ... ok
test receipt_needs_no_files ... ok
test preset_plan_for_name_rejects_invalid ... ok
test needs_files_true_for_file_dependent_presets ... ok
test receipt_enables_nothing ... ok
test risk_enables_git_and_complexity ... ok
test security_enables_entropy_and_license ... ok
test supply_enables_assets_and_deps ... ok

test result: ok. 15 passed; 0 failed; 0 ignored; 0 measured; 0 filtered out; finished in 0.00s

     Running tests/enrichers.rs (target/debug/deps/enrichers-d33ce806693b5428)

running 9 tests
test all_presets_with_assets_also_need_files ... ok
test all_presets_with_entropy_also_need_files ... ok
test all_presets_with_imports_also_need_files ... ok
test disabled_feature_warning_strings_are_not_duplicated ... ok
test disabled_feature_warnings_contain_skipping_or_disabled ... ok
test plan_by_name_matches_plan_by_kind ... ok
test plan_lookup_is_deterministic ... ok
test preset_plan_is_copy_and_eq ... ok
test receipt_is_the_only_preset_with_all_base_flags_off ... ok

test result: ok. 9 passed; 0 failed; 0 ignored; 0 measured; 0 filtered out; finished in 0.00s

     Running tests/grid_depth_w55.rs (target/debug/deps/grid_depth_w55-36051981fb26ddd6)

running 30 tests
test all_disabled_feature_warnings_non_empty ... ok
test as_str_roundtrip_all_presets ... ok
test as_str_values_are_lowercase ... ok
test disabled_feature_debug_and_clone ... ok
test deep_needs_files ... ok
test from_str_unknown_returns_none ... ok
test grid_has_eleven_rows ... ok
test disabled_feature_warning_mentions_disabled ... ok
test grid_covers_every_preset_kind ... ok
test grid_row_debug_format ... ok
test grid_rows_have_unique_presets ... ok
test plan_for_architecture_enables_imports_and_api_surface ... ok
test plan_for_deep_enables_almost_everything ... ok
test plan_for_fun_enables_only_fun ... ok
test plan_for_git_enables_git ... ok
test plan_for_health_enables_todo_and_complexity ... ok
test plan_for_identity_enables_git_and_archetype ... ok
test plan_for_name_invalid_returns_none ... ok
test plan_for_name_valid ... ok
test plan_for_receipt_has_nothing_enabled ... ok
test plan_for_risk_enables_git_and_complexity ... ok
test plan_for_security_enables_entropy_and_license ... ok
test plan_for_supply_enables_assets_and_deps ... ok
test plan_for_topics_enables_topics_only ... ok
test preset_kind_all_returns_eleven ... ok
test preset_kind_clone_eq ... ok
test preset_kind_debug_works ... ok
test preset_kinds_constant_matches_all ... ok
test receipt_needs_no_files ... ok
test supply_needs_files ... ok

test result: ok. 30 passed; 0 failed; 0 ignored; 0 measured; 0 filtered out; finished in 0.00s

     Running tests/grid_depth_w61.rs (target/debug/deps/grid_depth_w61-4300ea72f8e96434)

running 36 tests
test all_disabled_features_have_nonempty_warnings ... ok
test all_disabled_feature_warnings_are_unique ... ok
test all_returns_exactly_eleven_presets ... ok
test all_preset_names_are_unique ... ok
test as_str_values_are_all_lowercase_ascii ... ok
test as_str_values_contain_no_whitespace ... ok
test deep_enables_everything_except_fun ... ok
test deep_is_superset_of_non_fun_presets ... ok
test deep_needs_files ... ok
test disabled_feature_warning_mentions_disabled ... ok
test from_str_returns_none_for_empty_string ... ok
test from_str_returns_none_for_unicode_lookalike ... ok
test from_str_returns_none_for_leading_trailing_whitespace ... ok
test from_str_returns_none_for_uppercase_variant ... ok
test fun_does_not_need_files ... ok
test fun_plan_only_enables_fun ... ok
test grid_has_no_duplicate_preset_kinds ... ok
test grid_length_matches_preset_count ... ok
test grid_rows_ordered_same_as_all ... ok
test grid_row_debug_is_deterministic ... ok
test health_needs_files_because_of_todo_and_complexity ... ok
test plan_for_name_agrees_with_plan_for_kind ... ok
test plan_for_name_returns_none_for_unknown ... ok
test preset_kinds_array_matches_all ... ok
test preset_plan_for_is_deterministic ... ok
test preset_plan_for_name_is_deterministic ... ok
test properties::plan_for_name_consistent_with_plan_for ... ok
test properties::needs_files_stable_across_calls ... ok
test receipt_does_not_need_files ... ok
test receipt_plan_has_all_flags_false ... ok
test security_needs_files_for_entropy_and_license ... ok
test supply_needs_files_because_of_assets_and_deps ... ok
test topics_does_not_need_files ... ok
test properties::roundtrip_str_is_identity ... ok
test properties::from_str_random_strings_never_return_receipt_unless_exact ... ok
test properties::from_str_random_strings_do_not_panic ... ok

test result: ok. 36 passed; 0 failed; 0 ignored; 0 measured; 0 filtered out; finished in 0.08s

     Running tests/grid_w73.rs (target/debug/deps/grid_w73-a06f1e8138e402e3)

running 21 tests
test deep_plan_does_not_enable_fun ... ok
test as_str_non_empty ... ok
test as_str_all_lowercase ... ok
test all_disabled_features_have_nonempty_warnings ... ok
test deep_plan_is_superset_of_every_non_fun_preset_base_fields ... ok
test deep_plan_needs_files ... ok
test disabled_feature_warnings_are_distinct ... ok
test from_str_rejects_unknown_names ... ok
test from_str_roundtrip_all_presets ... ok
test fun_plan_does_not_need_files ... ok
test git_plan_does_not_need_files ... ok
test grid_covers_every_preset_kind ... ok
test grid_has_exactly_eleven_entries ... ok
test health_plan_needs_files ... ok
test preset_kinds_array_has_eleven_entries ... ok
test preset_kinds_no_duplicates ... ok
test preset_plan_for_name_matches_direct_lookup ... ok
test preset_plan_for_name_returns_none_for_unknown ... ok
test receipt_plan_does_not_need_files ... ok
test supply_plan_needs_files ... ok
test topics_plan_does_not_need_files ... ok

test result: ok. 21 passed; 0 failed; 0 ignored; 0 measured; 0 filtered out; finished in 0.00s

     Running tests/properties.rs (target/debug/deps/properties-9e7d41f5b2d14226)

running 8 tests
test deep_is_superset_of_non_fun_flags ... ok
test as_str_always_returns_lowercase_ascii ... ok
test preset_plan_for_matches_grid ... ok
test from_str_roundtrip_always_succeeds ... ok
test preset_plan_for_name_returns_some_for_valid ... ok
test from_str_never_panics ... ok
test preset_plan_for_name_never_panics ... ok
test from_str_result_always_in_grid ... ok

test result: ok. 8 passed; 0 failed; 0 ignored; 0 measured; 0 filtered out; finished in 0.10s

     Running tests/proptest_w56.rs (target/debug/deps/proptest_w56-5d0f8bf80542b609)

running 11 tests
test grid_has_correct_size ... ok
test grid_entry_matches_preset_kinds ... ok
test deep_preset_is_most_comprehensive ... ok
test disabled_feature_warnings_nonempty ... ok
test preset_plan_for_is_deterministic ... ok
test preset_plan_for_name_matches ... ok
test preset_plan_for_never_panics ... ok
test receipt_preset_is_minimal ... ok
test preset_roundtrip_all ... ok
test unknown_preset_name_returns_none ... ok
test preset_plan_for_unknown_name_returns_none ... ok

test result: ok. 11 passed; 0 failed; 0 ignored; 0 measured; 0 filtered out; finished in 0.06s

     Running tests/unit.rs (target/debug/deps/unit-919dde27e963f9b0)

running 18 tests
test deep_is_superset_of_every_non_fun_preset ... ok
test architecture_enables_imports_api_surface_only ... ok
test disabled_feature_warning_mentions_skipping_or_feature ... ok
test disabled_feature_count_matches_expected ... ok
test distinct_presets_may_have_distinct_plans ... ok
test grid_length_equals_preset_kinds_length ... ok
test health_enables_todo_complexity_only ... ok
test needs_files_true_iff_any_file_flag_set ... ok
test identity_enables_git_archetype_only ... ok
test only_fun_preset_sets_fun_flag ... ok
test preset_kind_equality_is_reflexive ... ok
test preset_plan_for_each_kind_matches_grid_row ... ok
test preset_plan_for_name_resolves_all_known_names ... ok
test preset_plan_for_name_rejects_invalid_inputs ... ok
test preset_kind_inequality_across_variants ... ok
test risk_enables_git_and_complexity_only ... ok
test security_enables_entropy_license_only ... ok
test supply_enables_assets_deps_only ... ok

test result: ok. 18 passed; 0 failed; 0 ignored; 0 measured; 0 filtered out; finished in 0.00s

     Running unittests src/lib.rs (target/debug/deps/tokmd_analysis_halstead-e076d46af3520cc3)

running 4 tests
test tests::test_empty_input ... ok
test tests::test_tokenize_python ... ok
test tests::test_tokenize_rust ... ok
test tests::test_halstead_computation ... ok

test result: ok. 4 passed; 0 failed; 0 ignored; 0 measured; 0 filtered out; finished in 0.00s

     Running tests/bdd.rs (target/debug/deps/bdd-cdd43eeb465258e0)

running 44 tests
test scenario_block_comment_start_skipped ... ok
test scenario_build_report_respects_max_bytes_limit ... ok
test scenario_build_report_mixed_languages ... ok
test scenario_build_report_aggregates_multiple_files ... ok
test scenario_build_report_skips_child_file_kind ... ok
test scenario_build_report_skips_unsupported_language ... ok
test scenario_build_report_with_empty_file_list ... ok
test scenario_build_report_skips_missing_files_gracefully ... ok
test scenario_duplicate_operands_increase_total_but_not_distinct ... ok
test scenario_comment_only_input_yields_zero_counts ... ok
test scenario_halstead_bugs_is_volume_over_3000 ... ok
test scenario_build_report_with_rust_file ... ok
test scenario_empty_input_yields_zero_counts ... ok
test scenario_escaped_string_literal ... ok
test scenario_halstead_difficulty_formula ... ok
test scenario_halstead_effort_is_difficulty_times_volume ... ok
test scenario_halstead_time_is_effort_over_18 ... ok
test scenario_halstead_volume_formula ... ok
test scenario_language_detection_is_case_insensitive ... ok
test scenario_hash_comment_skipped ... ok
test scenario_round_f64_basic ... ok
test scenario_round_f64_large_decimals ... ok
test scenario_multi_char_operators_matched_longest_first ... ok
test scenario_round_f64_zero ... ok
test scenario_round_f64_negative ... ok
test scenario_single_char_literal ... ok
test scenario_single_operand_only ... ok
test scenario_supported_languages_are_recognized ... ok
test scenario_string_literals_counted_as_operands ... ok
test scenario_supported_languages_have_operators ... ok
test scenario_single_operator_only ... ok
test scenario_tokenize_go_func ... ok
test scenario_tokenize_javascript_arrow_function ... ok
test scenario_tokenize_python_def ... ok
test scenario_tokenize_python_for_loop ... ok
test scenario_tokenize_rust_fn_with_operators_and_operands ... ok
test scenario_unknown_language_produces_only_operands ... ok
test scenario_tokenize_rust_match ... ok
test scenario_tokenize_rust_if_else ... ok
test scenario_unsupported_language_returns_empty_operators ... ok
test scenario_unsupported_languages_are_rejected ... ok
test scenario_zero_distinct_operands_yields_zero_difficulty ... ok
test scenario_zero_vocabulary_yields_zero_volume ... ok
test scenario_whitespace_only_input_yields_zero_counts ... ok

test result: ok. 44 passed; 0 failed; 0 ignored; 0 measured; 0 filtered out; finished in 0.01s

     Running tests/deep.rs (target/debug/deps/deep-885e4fb3396b0c75)

running 97 tests
test build_report_advanced::child_kind_rows_skipped ... ok
test build_report_advanced::file_not_in_export_data_skipped ... ok
test build_report_advanced::non_halstead_language_file_skipped ... ok
test build_report_advanced::mixed_halstead_and_non_halstead_files ... ok
test build_report_advanced::multi_language_aggregation ... ok
test c_family_counts::c_increment_decrement ... ok
test c_family_counts::c_arrow_and_scope_operators ... ok
test build_report_advanced::max_bytes_budget_stops_scanning ... ok
test c_family_counts::c_sizeof_operator ... ok
test c_family_counts::cpp_class_keywords ... ok
test c_family_counts::java_new_and_delete ... ok
test c_family_counts::csharp_namespace_and_using ... ok
test c_family_counts::php_try_catch_finally ... ok
test cross_language::all_supported_languages_have_common_arithmetic_operators ... ok
test cross_language::all_supported_languages_have_comparison_operators ... ok
test cross_language::c_family_all_share_operators ... ok
test cross_language::equivalent_code_different_languages ... ok
test cross_language::js_and_ts_share_operators ... ok
test end_to_end_metrics::known_snippet_metrics ... ok
test end_to_end_metrics::empty_file_all_zeros ... ok
test end_to_end_metrics::metrics_increase_with_larger_code ... ok
test determinism::ten_runs_identical_tokenization ... ok
test end_to_end_metrics::single_operand_no_operators ... ok
test end_to_end_metrics::single_operator_no_operands ... ok
test exact_counts::bitwise_operators ... ok
test exact_counts::comparison_operators ... ok
test exact_counts::compound_assignment_operators ... ok
test exact_counts::for_loop_operators ... ok
test end_to_end_metrics::volume_positive_for_nontrivial_code ... ok
test exact_counts::match_expression ... ok
test exact_counts::question_mark_operator ... ok
test exact_counts::if_else_return ... ok
test exact_counts::range_operators ... ok
test exact_counts::single_let_assignment ... ok
test exact_counts::repeated_variable_use ... ok
test go_counts::go_bit_clear_operator ... ok
test go_counts::go_channel_operator ... ok
test determinism::ten_runs_identical_report ... ok
test go_counts::go_goroutine ... ok
test go_counts::go_defer_statement ... ok
test go_counts::go_short_var_declaration ... ok
test javascript_counts::js_arrow_function ... ok
test javascript_counts::js_exponent_operator ... ok
test javascript_counts::js_nullish_coalescing ... ok
test javascript_counts::js_increment_decrement ... ok
test javascript_counts::js_optional_chaining ... ok
test javascript_counts::js_strict_equality ... ok
test javascript_counts::js_spread_operator ... ok
test javascript_counts::js_strict_inequality ... ok
test lang_support::is_halstead_lang_all_supported ... ok
test lang_support::is_halstead_lang_unsupported ... ok
test lang_support::operator_tables_have_no_empty_strings ... ok
test lang_support::operators_for_unknown_lang_is_empty ... ok
test math_invariants::empty_invariants ... ok
test math_invariants::go_invariants ... ok
test math_invariants::javascript_invariants ... ok
test math_invariants::python_invariants ... ok
test math_invariants::ruby_invariants ... ok
test math_invariants::rust_invariants ... ok
test math_invariants::multi_file_invariants ... ok
test python_counts::python_comprehension_operators ... ok
test python_counts::python_floor_division ... ok
test python_counts::python_lambda ... ok
test python_counts::python_walrus_operator ... ok
test python_counts::python_power_operator ... ok
test python_counts::python_with_statement ... ok
test round_deep::round_boundary_half_up ... ok
test round_deep::round_idempotent ... ok
test round_deep::round_negative_values ... ok
test round_deep::round_preserves_zero ... ok
test round_deep::round_very_large_values ... ok
test round_deep::round_with_many_decimal_places ... ok
test ruby_counts::ruby_attr_accessors ... ok
test ruby_counts::ruby_module_and_include ... ok
test ruby_counts::ruby_regex_match_operators ... ok
test ruby_counts::ruby_power_operator ... ok
test ruby_counts::ruby_rescue_ensure ... ok
test ruby_counts::ruby_range_operators ... ok
test ruby_counts::ruby_spaceship_operator ... ok
test token_counts_structure::operators_btreemap_is_sorted ... ok
test serialization::zero_metrics_roundtrip_json ... ok
test serialization::json_contains_all_expected_fields ... ok
test token_counts_structure::total_operands_gte_distinct ... ok
test serialization::halstead_metrics_roundtrip_json ... ok
test token_counts_structure::total_operators_equals_sum_of_counts ... ok
test tokenizer_edge_cases::block_comment_start_line_skipped ... ok
test tokenizer_edge_cases::line_comment_skipped ... ok
test tokenizer_edge_cases::escaped_quote_in_string ... ok
test tokenizer_edge_cases::longest_operator_match_precedence ... ok
test tokenizer_edge_cases::mixed_operators_on_single_line ... ok
test tokenizer_edge_cases::multiple_string_literals_one_distinct_operand ... ok
test tokenizer_edge_cases::numeric_literals_are_operands ... ok
test tokenizer_edge_cases::single_quoted_char ... ok
test tokenizer_edge_cases::star_continuation_line_skipped ... ok
test tokenizer_edge_cases::triple_char_operator ... ok
test tokenizer_edge_cases::tabs_and_spaces_handled ... ok
test tokenizer_edge_cases::underscore_in_identifiers ... ok

test result: ok. 97 passed; 0 failed; 0 ignored; 0 measured; 0 filtered out; finished in 0.01s

     Running tests/deep_halstead_round2_w51.rs (target/debug/deps/deep_halstead_round2_w51-0bdf50d1cb9035a9)

running 19 tests
test calculations::bugs_equals_volume_over_3000 ... ok
test calculations::effort_equals_difficulty_times_volume ... ok
test calculations::length_equals_total_sum ... ok
test calculations::difficulty_formula_verified ... ok
test edge_cases::comments_excluded_from_counts ... ok
test calculations::vocabulary_equals_distinct_sum ... ok
test calculations::time_equals_effort_over_18 ... ok
test calculations::volume_equals_length_times_log2_vocabulary ... ok
test edge_cases::larger_code_has_more_length ... ok
test edge_cases::single_operand_no_operators_unknown_lang ... ok
test edge_cases::string_literal_escaped_quotes ... ok
test known_counts::javascript_arrow_function ... ok
test edge_cases::multi_file_aggregation ... ok
test edge_cases::only_operators_no_operands ... ok
test lang_coverage::all_supported_langs_have_operators ... ok
test known_counts::repeated_operator_counted_correctly ... ok
test known_counts::python_operators_detected ... ok
test known_counts::single_let_binding ... ok
test lang_coverage::case_insensitive_lang_detection ... ok

test result: ok. 19 passed; 0 failed; 0 ignored; 0 measured; 0 filtered out; finished in 0.00s

     Running tests/deep_halstead_w47.rs (target/debug/deps/deep_halstead_w47-d1e113d7b5e6c2b1)

running 27 tests
test edge_cases::empty_report_for_no_files ... ok
test edge_cases::unsupported_lang_empty_operators ... ok
test edge_cases::unsupported_lang_no_halstead ... ok
test edge_cases::comment_only_zero_tokens ... ok
test edge_cases::empty_input_zero_metrics ... ok
test edge_cases::string_literal_counted_as_operand ... ok
test known_values::bugs_is_volume_over_3000 ... ok
test known_values::difficulty_known_computation ... ok
test known_values::effort_is_difficulty_times_volume ... ok
test known_values::time_is_effort_over_18 ... ok
test known_values::volume_known_computation ... ok
test known_values::let_assignment_metrics ... ok
test known_values::simple_function_metrics ... ok
test edge_cases::zero_vocabulary_gives_zero_volume ... ok
test prop_round_idempotent ... ok
test prop_round_preserves_sign ... ok
test prop_supported_langs_have_operators ... ok
test prop_is_halstead_lang_consistent ... ok
test prop_empty_input_always_zero ... ok
test prop_difficulty_non_negative ... ok
test prop_total_operands_ge_distinct ... ok
test rounding::round_f64_four_decimals ... ok
test rounding::round_f64_two_decimals ... ok
test rounding::round_f64_zero_decimals ... ok
test prop_vocabulary_is_distinct_sum ... ok
test prop_volume_non_negative ... ok
test prop_total_operators_equals_sum ... ok

test result: ok. 27 passed; 0 failed; 0 ignored; 0 measured; 0 filtered out; finished in 0.11s

     Running tests/deep_w38.rs (target/debug/deps/deep_w38-6522180624d70cde)

running 27 tests
test all_supported_languages ... ok
test c_sizeof_operator ... ok
test c_arrow_and_scope_operators ... ok
test crlf_line_endings_handled ... ok
test comment_only_file_all_zeros ... ok
test file_token_counts_consistency ... ok
test difficulty_zero_when_no_operands ... ok
test halstead_metrics_deserializes_from_known_json ... ok
test halstead_metrics_json_shape ... ok
test logical_operators_counted ... ok
test operators_for_unsupported_lang_empty ... ok
test python_hash_comments_skipped ... ok
test halstead_metrics_serde_round_trip ... ok
test round_f64_large_values ... ok
test round_f64_negative_values ... ok
test many_distinct_operands_increase_vocabulary ... ok
test round_f64_zero ... ok
test multi_file_aggregation_merges_counts ... ok
test round_f64_zero_decimals ... ok
test ruby_not_match_operator ... ok
test ruby_keywords_as_operators ... ok
test ruby_regex_match_operator ... ok
test ruby_spaceship_operator ... ok
test ruby_range_operators ... ok
test unsupported_language_files_skipped ... ok
test unsupported_languages ... ok
test time_and_bugs_formulas ... ok

test result: ok. 27 passed; 0 failed; 0 ignored; 0 measured; 0 filtered out; finished in 0.00s

     Running tests/deep_w68.rs (target/debug/deps/deep_w68-412d056abc30e1f3)

running 23 tests
test go_operators_contain_short_decl ... ok
test difficulty_computation_manual ... ok
test effort_is_difficulty_times_volume ... ok
test empty_source_yields_zero_counts ... ok
test only_blank_lines_yields_zero ... ok
test python_operators_contain_def_and_walrus ... ok
test only_comments_yields_zero ... ok
test javascript_operators_contain_arrow_and_spread ... ok
test round_f64_basic ... ok
test rust_operators_contain_fn_and_arrow ... ok
test string_literal_counted_as_operand ... ok
test supported_languages ... ok
test tokenize_python_function ... ok
test tokenize_deterministic_across_runs ... ok
test tokenize_rust_if_else ... ok
test tokenize_rust_simple_fn ... ok
test tokenize_js_arrow ... ok
test unknown_lang_counts_only_operands ... ok
test unknown_lang_returns_empty_ops ... ok
test unsupported_languages ... ok
test volume_computation_manual ... ok
test zero_operands_yields_zero_difficulty ... ok
test zero_vocabulary_yields_zero_volume ... ok

test result: ok. 23 passed; 0 failed; 0 ignored; 0 measured; 0 filtered out; finished in 0.00s

     Running tests/edge_cases.rs (target/debug/deps/edge_cases-8e43801439ca086a)

running 11 tests
test given_exactly_half_when_rounded_then_rounds_to_even_or_up ... ok
test given_java_code_when_tokenized_then_class_keywords_detected ... ok
test given_c_code_when_tokenized_then_c_operators_detected ... ok
test given_repeated_distinct_operators_when_tokenized_then_counts_are_exact ... ok
test given_nested_rust_code_when_tokenized_then_all_levels_counted ... ok
test given_ruby_class_when_tokenized_then_class_and_self_detected ... ok
test given_ruby_operators_when_compared_to_rust_then_different_sets ... ok
test given_ruby_code_when_tokenized_then_ruby_operators_detected ... ok
test given_very_small_positive_when_rounded_then_zero ... ok
test given_small_per_file_limit_when_building_report_then_file_is_truncated ... ok
test given_same_files_when_report_built_twice_then_identical_metrics ... ok

test result: ok. 11 passed; 0 failed; 0 ignored; 0 measured; 0 filtered out; finished in 0.00s

     Running tests/halstead_depth_w56.rs (target/debug/deps/halstead_depth_w56-90d63ee63f1a533f)

running 38 tests
test blank_lines_ignored ... ok
test comment_only_input_yields_zero ... ok
test bugs_equals_volume_div_3000 ... ok
test deterministic_across_repeated_calls ... ok
test difficulty_zero_when_no_operands ... ok
test escaped_string_handled ... ok
test empty_input_yields_zero_counts ... ok
test effort_equals_difficulty_times_volume ... ok
test go_func_and_channel ... ok
test go_operators_include_short_assign ... ok
test js_and_ts_share_operators ... ok
test hash_comment_lines_skipped ... ok
test js_arrow_function_detected ... ok
test lang_check_is_case_insensitive ... ok
test js_async_await_counted ... ok
test python_def_counted_as_operator ... ok
test round_four_decimals ... ok
test python_for_loop_complexity ... ok
test python_operators_include_walrus ... ok
test round_two_decimals ... ok
test round_negative_value ... ok
test round_zero_decimals ... ok
test ruby_operators_include_spaceship ... ok
test rust_fn_counts_operators_and_operands ... ok
test rust_match_keyword_counted ... ok
test rust_operators_non_empty ... ok
test single_operand_only ... ok
test rust_multiline_function ... ok
test single_operator_only ... ok
test supported_languages_recognized ... ok
test string_literal_counted_as_operand ... ok
test unknown_lang_returns_empty_ops ... ok
test time_equals_effort_div_18 ... ok
test unsupported_lang_yields_only_operands ... ok
test unsupported_languages_rejected ... ok
test tokenize_is_deterministic ... ok
test volume_zero_for_empty_input ... ok
test large_input_does_not_panic ... ok

test result: ok. 38 passed; 0 failed; 0 ignored; 0 measured; 0 filtered out; finished in 0.21s

     Running tests/halstead_depth_w61.rs (target/debug/deps/halstead_depth_w61-d52aba0dccf97b15)

running 43 tests
test bugs_is_volume_over_three_thousand ... ok
test difficulty_zero_when_no_operands ... ok
test c_family_share_operators ... ok
test empty_input_yields_zero_counts ... ok
test blank_lines_only_yields_zero ... ok
test comment_only_input_yields_zero_counts ... ok
test effort_is_product_of_difficulty_and_volume ... ok
test go_operators_contain_func_and_defer ... ok
test operators_for_lang_deterministic ... ok
test is_halstead_lang_deterministic ... ok
test operators_for_known_langs_nonempty ... ok
test operators_for_unknown_lang_empty ... ok
test javascript_and_typescript_share_operators ... ok
test operators_lists_have_no_duplicates ... ok
test properties::round_f64_idempotent ... ok
test properties::is_halstead_lang_never_panics ... ok
test properties::operators_for_lang_never_panics ... ok
test properties::tokenize_deterministic_property ... ok
test python_comment_lines_skipped ... ok
test python_operators_contain_def_and_class ... ok
test round_f64_exact_value ... ok
test round_f64_negative ... ok
test round_f64_two_decimal_places ... ok
test round_f64_zero ... ok
test round_f64_zero_decimal_places ... ok
test ruby_operators_contain_end_and_require ... ok
test rust_operators_contain_fn_and_let ... ok
test simple_rust_fn_tokenizes_operators_and_operands ... ok
test string_literals_counted_as_single_operand ... ok
test supported_languages_all_detected ... ok
test supported_languages_case_insensitive ... ok
test time_is_effort_over_eighteen ... ok
test tokenize_detects_multi_char_operators ... ok
test tokenize_deterministic ... ok
test tokenize_deterministic_across_languages ... ok
test tokenize_handles_escaped_string ... ok
test tokenize_length_equals_sum_of_ops_and_opds ... ok
test tokenize_unknown_lang_yields_only_operands ... ok
test unsupported_languages_rejected ... ok
test volume_zero_for_empty_vocabulary ... ok
test properties::tokenize_never_panics ... ok
test properties::vocabulary_equals_distinct_ops_plus_opds ... ok
test properties::tokenize_operator_sum_matches_total ... ok

test result: ok. 43 passed; 0 failed; 0 ignored; 0 measured; 0 filtered out; finished in 0.26s

     Running tests/halstead_w74.rs (target/debug/deps/halstead_w74-fad7ef6c10cfe3a2)

running 20 tests
test case_insensitive_lang_check ... ok
test difficulty_formula_correctness ... ok
test length_is_total_operators_plus_operands ... ok
test round_f64_four_decimals ... ok
test python_operators_include_def ... ok
test round_f64_two_decimals ... ok
test effort_is_difficulty_times_volume ... ok
test round_f64_zero_decimals ... ok
test rust_operators_non_empty ... ok
test supported_languages ... ok
test tokenize_comment_only ... ok
test tokenize_empty_input ... ok
test tokenize_python_function ... ok
test tokenize_simple_rust_function ... ok
test tokenize_string_literals_counted_as_operand ... ok
test tokenize_multiple_operators_counted ... ok
test unknown_lang_has_no_operators ... ok
test unsupported_languages ... ok
test volume_formula_correctness ... ok
test vocabulary_is_distinct_operators_plus_operands ... ok

test result: ok. 20 passed; 0 failed; 0 ignored; 0 measured; 0 filtered out; finished in 0.00s

     Running tests/properties.rs (target/debug/deps/properties-b4f2946362408efb)

running 21 tests
test prop_difficulty_non_negative ... ok
test prop_bugs_equals_volume_over_3000 ... ok
test prop_effort_equals_difficulty_times_volume ... ok
test prop_empty_string_produces_zero_for_any_lang ... ok
test prop_distinct_operators_lte_total_operators ... ok
test prop_adding_blank_lines_does_not_change_counts ... ok
test prop_is_halstead_lang_consistent_with_operators ... ok
test prop_round_idempotent ... ok
test prop_round_preserves_integer_values ... ok
test prop_round_result_within_half_unit ... ok
test prop_comment_only_produces_zero_for_slash_langs ... ok
test prop_operator_table_has_no_duplicates ... ok
test prop_round_zero_decimals_is_integer ... ok
test prop_time_equals_effort_over_18 ... ok
test prop_supported_lang_has_nonempty_ops ... ok
test prop_hash_comment_only_produces_zero ... ok
test prop_total_operands_gte_distinct_operands ... ok
test prop_volume_non_negative ... ok
test prop_total_operators_equals_sum_of_individual_counts ... ok
test prop_tokenize_deterministic ... ok
test prop_vocabulary_is_sum_of_distinct ... ok

test result: ok. 21 passed; 0 failed; 0 ignored; 0 measured; 0 filtered out; finished in 0.19s

     Running tests/unit.rs (target/debug/deps/unit-87afd2c5c2ceef4a)

running 21 tests
test boundary_zero_operators_unknown_lang ... ok
test boundary_single_operator ... ok
test boundary_zero_operands ... ok
test boundary_empty_string ... ok
test c_family_shares_operator_table ... ok
test is_halstead_lang_case_insensitive ... ok
test known_counts_compound_operators ... ok
test known_counts_repeated_operator ... ok
test known_counts_single_assignment ... ok
test math_bugs_equals_volume_over_3000 ... ok
test math_difficulty_formula ... ok
test math_length_equals_big_n1_plus_big_n2 ... ok
test math_effort_equals_difficulty_times_volume ... ok
test round_f64_various_precisions ... ok
test string_literal_counted_as_single_operand ... ok
test math_time_equals_effort_over_18 ... ok
test math_vocabulary_equals_n1_plus_n2 ... ok
test typescript_shares_javascript_operators ... ok
test unsupported_lang_returns_empty_operators ... ok
test math_volume_equals_n_times_log2_n ... ok
test zero_vocabulary_yields_zero_derived_metrics ... ok

test result: ok. 21 passed; 0 failed; 0 ignored; 0 measured; 0 filtered out; finished in 0.02s

     Running unittests src/lib.rs (target/debug/deps/tokmd_analysis_html-08cab16a10229093)

running 9 tests
test tests::escape_html_encodes_special_chars ... ok
test tests::metrics_cards_empty_without_derived ... ok
test tests::format_number_thresholds ... ok
test tests::metrics_cards_include_context_fit_when_available ... ok
test tests::table_rows_are_html_escaped ... ok
test tests::timestamp_has_expected_shape ... ok
test tests::report_json_without_derived_is_empty_files_array ... ok
test tests::report_json_escapes_angle_brackets ... ok
test tests::render_inlines_template_content ... ok

test result: ok. 9 passed; 0 failed; 0 ignored; 0 measured; 0 filtered out; finished in 0.00s

     Running tests/bdd.rs (target/debug/deps/bdd-fb53f653c8da0b80)

running 21 tests
test given_any_receipt_when_rendered_then_timestamp_is_present ... ok
test given_derived_data_when_rendered_then_treemap_section_exists ... ok
test given_context_window_when_rendered_then_context_fit_card_appears ... ok
test given_empty_receipt_when_rendered_then_report_json_has_empty_files ... ok
test given_derived_data_when_rendered_then_report_json_has_file_data ... ok
test given_empty_receipt_when_rendered_then_table_body_is_empty ... ok
test given_empty_receipt_when_rendered_then_produces_valid_html_shell ... ok
test given_large_code_count_when_rendered_then_formatted_with_suffix ... ok
test given_malicious_path_when_rendered_then_html_is_escaped ... ok
test given_medium_code_count_when_rendered_then_formatted_with_k_suffix ... ok
test given_files_when_rendered_then_table_has_data_attributes ... ok
test given_multi_language_when_rendered_then_all_file_paths_appear ... ok
test given_multi_language_when_rendered_then_all_languages_appear ... ok
test given_multi_language_when_rendered_then_modules_appear ... ok
test given_no_context_window_when_rendered_then_no_context_fit_card ... ok
test given_script_in_json_when_rendered_then_angle_brackets_escaped ... ok
test given_script_injection_in_lang_when_rendered_then_escaped ... ok
test given_single_file_when_rendered_then_contains_file_path_in_table ... ok
test given_single_file_when_rendered_then_lang_badge_appears ... ok
test given_single_file_when_rendered_then_metrics_cards_show_totals ... ok
test given_over_100_files_when_rendered_then_table_has_at_most_100_rows ... ok

test result: ok. 21 passed; 0 failed; 0 ignored; 0 measured; 0 filtered out; finished in 0.01s

     Running tests/deep_v3.rs (target/debug/deps/deep_v3-5d5539d2469cf760)

running 20 tests
test render_contains_script_with_report_data ... ok
test render_contains_charset_meta ... ok
test render_data_attributes_contain_raw_numbers ... ok
test render_escapes_double_quote_in_path ... ok
test render_escapes_ampersand_in_module ... ok
test render_escapes_single_quotes_in_lang ... ok
test render_formats_999_without_suffix ... ok
test render_formats_exactly_1000_with_k_suffix ... ok
test render_handles_empty_string_path ... ok
test render_formats_zero_code_as_plain_number ... ok
test render_exactly_n_rows_for_n_files_under_100 ... ok
test render_handles_unicode_paths ... ok
test render_handles_path_with_spaces ... ok
test render_json_escapes_all_angle_brackets ... ok
test render_produces_valid_doctype ... ok
test render_is_deterministic_for_same_input ... ok
test render_shows_5_card_divs_without_context_window ... ok
test render_has_balanced_html_tags ... ok
test render_shows_6_card_divs_with_context_window ... ok
test render_caps_at_100_rows ... ok

test result: ok. 20 passed; 0 failed; 0 ignored; 0 measured; 0 filtered out; finished in 0.01s

     Running tests/deep_w66.rs (target/debug/deps/deep_w66-8fd222bd4292e4eb)

running 21 tests
test empty_input_w66::no_metric_cards_without_derived ... ok
test determinism_w66::render_same_receipt_twice_no_panic ... ok
test empty_input_w66::empty_json_files_without_derived ... ok
test empty_input_w66::no_table_rows_without_derived ... ok
test determinism_w66::render_deterministic_excluding_timestamp ... ok
test empty_input_w66::single_file_produces_one_row ... ok
test empty_input_w66::zero_code_renders_without_panic ... ok
test escaping_w66::double_quote_in_path_escaped ... ok
test escaping_w66::json_section_no_raw_angle_brackets ... ok
test escaping_w66::ampersand_in_all_fields_escaped ... ok
test escaping_w66::script_tag_in_path_escaped ... ok
test formatting_w66::doc_pct_formatted_as_percentage ... ok
test escaping_w66::single_quote_in_lang_escaped ... ok
test formatting_w66::small_numbers_no_suffix ... ok
test formatting_w66::millions_use_m_suffix ... ok
test html_structure_w66::render_includes_style_tag ... ok
test formatting_w66::thousands_use_k_suffix ... ok
test html_structure_w66::render_includes_script_tag ... ok
test html_structure_w66::render_json_section_is_valid ... ok
test html_structure_w66::render_with_empty_files_list ... ok
test html_structure_w66::render_without_derived_produces_valid_html ... ok

test result: ok. 21 passed; 0 failed; 0 ignored; 0 measured; 0 filtered out; finished in 0.02s

     Running tests/deep_w69.rs (target/debug/deps/deep_w69-578a27a5471c0461)

running 14 tests
test html_context_fit_card_present ... ok
test html_contains_timestamp ... ok
test html_contains_closing_tags ... ok
test html_escapes_ampersands ... ok
test html_escapes_angle_brackets_in_paths ... ok
test html_empty_derived_produces_no_rows_deterministically ... ok
test html_escapes_quotes_in_lang ... ok
test html_metric_cards_with_derived ... ok
test html_report_json_no_raw_angle_brackets ... ok
test html_no_metric_cards_without_derived ... ok
test html_no_table_rows_without_derived ... ok
test html_starts_with_doctype ... ok
test html_table_rows_present_with_derived ... ok
test html_rendering_is_deterministic_ignoring_timestamp ... ok

test result: ok. 14 passed; 0 failed; 0 ignored; 0 measured; 0 filtered out; finished in 0.00s

     Running tests/edge_cases.rs (target/debug/deps/edge_cases-aaeca7df0571a15e)

running 29 tests
test given_1000_tokens_when_rendered_then_k_suffix ... ok
test given_999999_lines_when_rendered_then_k_suffix ... ok
test given_1000000_code_when_rendered_then_m_suffix ... ok
test given_any_receipt_when_rendered_then_css_is_inline ... ok
test given_999_tokens_when_rendered_then_no_suffix ... ok
test given_any_receipt_when_rendered_then_footer_present ... ok
test given_any_receipt_when_rendered_then_js_is_inline ... ok
test given_any_receipt_when_rendered_then_script_tag_is_closed ... ok
test given_all_html_special_chars_when_rendered_then_all_escaped ... ok
test given_derived_with_zero_files_when_rendered_then_no_data_rows ... ok
test given_deeply_nested_path_when_rendered_then_full_path_in_table ... ok
test given_duplicate_paths_when_rendered_then_all_rows_appear ... ok
test given_derived_with_zero_files_when_rendered_then_report_json_has_empty_files ... ok
test given_empty_receipt_when_rendered_then_report_json_is_valid ... ok
test given_file_when_rendered_then_json_entries_have_required_fields ... ok
test given_file_with_zero_code_when_rendered_then_shows_zero_in_table ... ok
test given_101_files_when_rendered_then_exactly_100_rows ... ok
test given_files_when_rendered_then_report_json_is_valid ... ok
test given_files_when_rendered_then_search_box_present ... ok
test given_path_with_newline_when_rendered_then_does_not_panic ... ok
test given_full_doc_density_when_rendered_then_shows_100_pct ... ok
test given_path_with_tab_when_rendered_then_does_not_panic ... ok
test given_zero_doc_density_when_rendered_then_shows_zero_pct ... ok
test given_zero_totals_when_rendered_then_shows_zero ... ok
test given_very_long_path_when_rendered_then_does_not_panic ... ok
test given_exactly_100_files_when_rendered_then_exactly_100_rows ... ok
test snapshot_derived_empty_files_json ... ok
test snapshot_unicode_paths_json ... ok
test snapshot_metrics_with_context_window ... ok

test result: ok. 29 passed; 0 failed; 0 ignored; 0 measured; 0 filtered out; finished in 0.18s

     Running tests/html_depth_w57.rs (target/debug/deps/html_depth_w57-b6dd27485384cb43)

running 26 tests
test doc_percent_is_rendered_with_percent_sign ... ok
test context_fit_percent_rendered_correctly ... ok
test ampersand_in_path_is_escaped ... ok
test metric_cards_contain_expected_labels ... ok
test render_exact_million_boundary ... ok
test render_exact_thousand_boundary ... ok
test metric_cards_have_correct_css_classes ... ok
test render_has_html_lang_attribute ... ok
test render_has_meta_charset_and_viewport ... ok
test render_has_title_tag ... ok
test render_has_closing_html_and_body_tags ... ok
test render_millions_show_m_suffix ... ok
test render_small_numbers_show_raw_digits ... ok
test render_starts_with_doctype_html ... ok
test render_thousands_show_k_suffix ... ok
test render_with_empty_top_offenders_has_no_table_rows ... ok
test render_is_deterministic_for_same_receipt ... ok
test render_without_context_window_omits_context_fit_card ... ok
test render_without_derived_produces_valid_html ... ok
test render_zero_code_lines_shown_as_zero ... ok
test report_json_has_no_raw_angle_brackets ... ok
test table_rows_have_data_attributes_and_classes ... ok
test xss_in_language_name_is_escaped ... ok
test xss_in_path_is_escaped_in_table_rows ... ok
test xss_in_module_name_is_escaped ... ok
test render_with_many_files_caps_at_100_rows ... ok

test result: ok. 26 passed; 0 failed; 0 ignored; 0 measured; 0 filtered out; finished in 0.01s

     Running tests/html_depth_w62.rs (target/debug/deps/html_depth_w62-5138c4c325629785)

running 60 tests
test css_num_class_on_numeric_cells ... ok
test css_lang_badge_class ... ok
test css_metric_card_class ... ok
test css_path_class_on_path_cell ... ok
test css_search_box_present ... ok
test css_value_and_label_spans ... ok
test data_sort_attributes_on_headers ... ok
test escape_combined_special_chars ... ok
test escape_html_ampersand_in_module ... ok
test escape_html_in_path_xss ... ok
test escape_html_quotes_in_lang ... ok
test escape_html_single_quote ... ok
test format_number_millions ... ok
test format_number_small_values ... ok
test format_number_thousands ... ok
test format_pct_renders_one_decimal ... ok
test javascript_block_present ... ok
test metric_card_no_context_fit_when_absent ... ok
test metric_card_shows_code_formatted ... ok
test metric_card_shows_context_fit ... ok
test metric_card_shows_doc_pct ... ok
test metric_card_shows_files_count ... ok
test metric_card_shows_lines_formatted ... ok
test metric_card_shows_tokens_formatted ... ok
test deterministic_no_derived_identical ... ok
test deterministic_same_input_same_output ... ok
test large_dataset_report_json_has_all_files ... ok
test property_tests::format_number_never_panics ... ok
test property_tests::html_always_starts_with_doctype ... ok
test render_contains_closing_tags ... ok
test render_contains_footer ... ok
test render_contains_header_section ... ok
test render_contains_html_lang_attribute ... ok
test render_contains_meta_charset ... ok
test render_contains_title ... ok
test render_contains_viewport_meta ... ok
test render_empty_receipt_no_metric_cards ... ok
test render_empty_receipt_no_table_rows ... ok
test render_empty_receipt_report_json_empty_files ... ok
test render_produces_valid_doctype ... ok
test render_with_derived_has_metric_cards ... ok
test report_json_no_raw_angle_brackets ... ok
test report_json_preserves_valid_json_structure ... ok
test report_json_uses_unicode_escapes ... ok
test search_input_has_placeholder ... ok
test property_tests::json_section_never_contains_raw_script_close ... ok
test property_tests::table_rows_never_contain_raw_angle_brackets_in_data ... ok
test table_has_thead_and_tbody ... ok
test table_header_cells_use_th ... ok
test table_row_code_formatted ... ok
test table_row_contains_data_attributes ... ok
test table_row_contains_lang_badge ... ok
test table_row_contains_module ... ok
test table_row_contains_path ... ok
test table_rows_capped_at_100 ... ok
test timestamp_is_embedded ... ok
test treemap_container_present ... ok
test property_tests::html_always_has_closing_tags ... ok
test snapshot_empty_receipt_structure ... ok
test snapshot_derived_receipt_metrics_section ... ok

test result: ok. 60 passed; 0 failed; 0 ignored; 0 measured; 0 filtered out; finished in 0.28s

     Running tests/html_rendering_w55.rs (target/debug/deps/html_rendering_w55-71e0f29d8e8cf20b)

running 37 tests
test render_contains_lang_attribute_on_html_tag ... ok
test render_1500_uses_k_suffix ... ok
test render_context_fit_card_shows_percentage ... ok
test render_data_code_holds_raw_numeric_value ... ok
test render_data_tokens_holds_raw_numeric_value ... ok
test render_escapes_all_five_html_special_chars ... ok
test render_deterministic_excluding_timestamp ... ok
test render_escapes_ampersand_sequences_in_path ... ok
test render_escapes_svg_onload_in_path ... ok
test render_exactly_999_has_no_k_suffix ... ok
test render_handles_path_with_dots_and_hyphens ... ok
test render_handles_deeply_nested_path ... ok
test render_json_section_never_contains_raw_angle_brackets ... ok
test render_handles_unicode_in_module_name ... ok
test render_101_files_renders_only_100_rows ... ok
test render_json_uses_unicode_escapes_for_angle_brackets ... ok
test render_lang_badge_class_present_in_rows ... ok
test render_metric_cards_show_doc_pct_label ... ok
test render_metric_cards_show_files_label ... ok
test render_minimal_contains_style_block ... ok
test render_millions_use_m_suffix ... ok
test render_metric_cards_show_lines_label ... ok
test render_minimal_contains_title_element ... ok
test render_minimal_contains_viewport_meta ... ok
test render_no_metric_cards_without_derived ... ok
test render_no_context_fit_card_when_absent ... ok
test render_report_json_contains_file_fields ... ok
test render_exactly_100_files_renders_100_rows ... ok
test render_report_json_contains_files_key ... ok
test render_report_json_empty_when_no_derived ... ok
test render_small_numbers_have_no_suffix ... ok
test render_table_row_contains_all_seven_data_attributes ... ok
test render_template_contains_container_class ... ok
test render_template_contains_css_variables ... ok
test render_zero_files_with_derived_renders_no_rows ... ok
test render_zero_renders_as_plain_zero ... ok
test render_same_input_produces_same_row_count ... ok

test result: ok. 37 passed; 0 failed; 0 ignored; 0 measured; 0 filtered out; finished in 0.01s

     Running tests/property.rs (target/debug/deps/property-949e45de726221ee)

running 7 tests
test render_metric_card_count_is_5_or_6 ... ok
test render_never_panics_for_any_totals ... ok
test render_table_cells_never_have_raw_angle_brackets_in_data_attrs ... ok
test render_json_section_never_has_raw_angle_brackets ... ok
test render_always_has_balanced_structure ... ok
test render_always_starts_with_doctype ... ok
test render_table_rows_capped_at_100 ... ok

test result: ok. 7 passed; 0 failed; 0 ignored; 0 measured; 0 filtered out; finished in 0.75s

     Running tests/proptest_w56.rs (target/debug/deps/proptest_w56-22ea5658b638e775)

running 12 tests
test format_number_always_produces_output ... ok
test format_number_is_deterministic ... ok
test format_number_millions_has_m_suffix ... ok
test format_number_small_is_plain ... ok
test format_number_thousands_has_k_suffix ... ok
test format_pct_ends_with_percent ... ok
test escape_html_safe_strings_unchanged ... ok
test format_pct_is_deterministic ... ok
test render_always_contains_doctype ... ok
test escape_html_is_deterministic ... ok
test escape_html_no_raw_angle_brackets ... ok
test render_structure_is_stable ... ok

test result: ok. 12 passed; 0 failed; 0 ignored; 0 measured; 0 filtered out; finished in 0.13s

     Running tests/snapshots.rs (target/debug/deps/snapshots-3acc98104d31127a)

running 6 tests
test snapshot_empty_receipt_metrics_section ... ok
test snapshot_single_file_json_data ... ok
test snapshot_empty_receipt_json ... ok
test snapshot_multi_language_table_rows ... ok
test snapshot_single_file_table_rows ... ok
test snapshot_xss_escaped_row ... ok

test result: ok. 6 passed; 0 failed; 0 ignored; 0 measured; 0 filtered out; finished in 0.18s

     Running unittests src/lib.rs (target/debug/deps/tokmd_analysis_imports-8d085e1717043461)

running 27 tests
test tests::test_extract_quoted_no_quotes ... ok
test tests::test_extract_quoted_empty_string ... ok
test tests::test_extract_quoted_single ... ok
test tests::test_extract_quoted_double ... ok
test tests::test_normalize_npm_scoped_package ... ok
test tests::test_normalize_python_dotted ... ok
test tests::test_normalize_rust_crate ... ok
test tests::test_normalize_relative_to_local ... ok
test tests::test_normalize_trims_whitespace ... ok
test tests::test_parse_empty_input ... ok
test tests::test_normalize_strips_quotes ... ok
test tests::test_parse_go_single_import ... ok
test tests::test_parse_go_std_and_external ... ok
test tests::test_parse_python_from_import ... ok
test tests::test_parse_go_block_import ... ok
test tests::test_parse_js_require ... ok
test tests::test_parse_js_import_from ... ok
test tests::test_parse_python_import ... ok
test tests::test_parse_python_ignores_comments ... ok
test tests::test_parse_rust_ignores_non_import_lines ... ok
test tests::test_parse_rust_mixed ... ok
test tests::test_parse_rust_mod_statement ... ok
test tests::test_parse_ts_imports ... ok
test tests::test_parse_unsupported_language_returns_empty ... ok
test tests::test_parse_rust_use_statement ... ok
test tests::test_supports_known_languages ... ok
test tests::test_unsupported_languages ... ok

test result: ok. 27 passed; 0 failed; 0 ignored; 0 measured; 0 filtered out; finished in 0.00s

     Running tests/bdd.rs (target/debug/deps/bdd-501701d950459df8)

running 42 tests
test given_all_languages_share_case_insensitive_dispatch ... ok
test given_go_aliased_imports_in_block_when_parsing_then_targets_are_extracted ... ok
test given_empty_lines_when_parsing_any_language_then_no_imports_are_returned ... ok
test given_double_dot_relative_when_normalizing_then_local_is_returned ... ok
test given_go_empty_block_when_parsing_then_no_targets_are_returned ... ok
test given_go_block_imports_when_parsing_then_each_target_is_emitted ... ok
test given_go_module_path_when_normalizing_then_first_segment_is_root ... ok
test given_go_mixed_single_and_block_when_parsing_then_all_targets_are_extracted ... ok
test given_go_single_line_import_when_parsing_then_target_is_extracted ... ok
test given_go_stdlib_block_when_parsing_then_all_targets_are_extracted ... ok
test given_js_dynamic_require_mid_line_when_parsing_then_target_is_extracted ... ok
test given_js_import_and_require_when_parsing_then_targets_are_extracted ... ok
test given_js_named_imports_when_parsing_then_source_is_extracted ... ok
test given_js_import_with_comment_on_same_line_when_parsing_then_source_is_extracted ... ok
test given_js_namespace_import_when_parsing_then_source_is_extracted ... ok
test given_js_require_with_single_quotes_when_parsing_then_target_is_extracted ... ok
test given_js_side_effect_import_when_parsing_then_target_is_extracted ... ok
test given_only_blank_lines_when_parsing_then_no_imports_are_returned ... ok
test given_python_aliased_import_when_parsing_then_module_root_is_extracted ... ok
test given_python_comment_line_when_parsing_then_it_is_not_matched ... ok
test given_python_from_import_star_when_parsing_then_module_is_extracted ... ok
test given_python_import_forms_when_parsing_then_module_names_are_extracted ... ok
test given_python_mixed_indentation_when_parsing_then_leading_spaces_are_stripped ... ok
test given_python_nested_package_import_when_parsing_then_full_dotted_name_is_returned ... ok
test given_python_relative_from_import_when_parsing_then_dot_prefix_is_captured ... ok
test given_quoted_target_when_normalizing_then_quotes_are_stripped ... ok
test given_relative_and_qualified_targets_when_normalizing_then_roots_are_deterministic ... ok
test given_rust_crate_and_self_use_when_parsing_then_roots_are_extracted ... ok
test given_rust_crate_path_when_normalizing_then_first_segment_before_colon_is_root ... ok
test given_rust_extern_crate_when_parsing_then_it_is_not_matched_by_use ... ok
test given_rust_indented_use_when_parsing_then_it_is_captured ... ok
test given_rust_mod_declaration_when_parsing_then_module_name_is_extracted ... ok
test given_rust_pub_use_when_parsing_then_not_captured ... ok
test given_rust_nested_use_block_when_parsing_then_root_crate_is_extracted ... ok
test given_simple_name_when_normalizing_then_it_is_returned_unchanged ... ok
test given_rust_use_and_mod_lines_when_parsing_then_module_roots_are_extracted ... ok
test given_slash_separated_path_when_normalizing_then_first_component_is_root ... ok
test given_supported_language_variants_when_checking_then_support_is_case_insensitive ... ok
test given_ts_default_and_named_import_when_parsing_then_source_is_extracted ... ok
test given_ts_type_import_when_parsing_then_source_is_extracted ... ok
test given_unsupported_language_when_parsing_then_no_imports_are_returned ... ok
test given_whitespace_padded_target_when_normalizing_then_it_is_trimmed ... ok

test result: ok. 42 passed; 0 failed; 0 ignored; 0 measured; 0 filtered out; finished in 0.00s

     Running tests/deep_v3.rs (target/debug/deps/deep_v3-2c7d7e827ff3aa8c)

running 37 tests
test go_block_with_alias_and_blank_import ... ok
test go_no_import_in_non_import_context ... ok
test go_multiple_separate_blocks ... ok
test go_block_with_comment_line_skipped ... ok
test js_dynamic_import_not_captured ... ok
test js_empty_require_string_not_captured ... ok
test js_import_and_require_on_same_line ... ok
test js_import_with_both_default_and_named ... ok
test js_import_with_no_from_clause ... ok
test js_require_resolve_not_captured ... ok
test normalize_deeply_nested_go_path ... ok
test normalize_double_dot_relative ... ok
test normalize_empty_string ... ok
test normalize_mixed_separators ... ok
test normalize_only_whitespace ... ok
test normalize_preserves_underscored_crate_names ... ok
test normalize_scoped_npm_package ... ok
test normalize_strips_both_quote_types ... ok
test parse_accepts_string_slices ... ok
test python_conditional_import ... ok
test python_from_relative_import ... ok
test python_from_import_multiple_names ... ok
test python_ignores_inline_comment_import ... ok
test python_import_with_as_clause ... ok
test rust_mod_with_block_body_not_captured ... ok
test rust_multiple_use_same_crate ... ok
test rust_pub_mod_not_captured ... ok
test rust_use_glob_import ... ok
test rust_use_with_alias ... ok
test rust_use_with_leading_whitespace_and_trailing ... ok
test supports_language_all_five_supported ... ok
test same_module_across_languages ... ok
test supports_language_case_mixed ... ok
test supports_language_rejects_empty_and_whitespace ... ok
test supports_language_rejects_similar_names ... ok
test whitespace_only_lines_produce_no_imports_any_lang ... ok
test parse_handles_many_lines_without_panic ... ok

test result: ok. 37 passed; 0 failed; 0 ignored; 0 measured; 0 filtered out; finished in 0.01s

     Running tests/deep_w69.rs (target/debug/deps/deep_w69-2d9c551746317a82)

running 25 tests
test empty_input_returns_empty ... ok
test go_external_import ... ok
test go_single_import ... ok
test go_block_import ... ok
test js_import_from_double_quotes ... ok
test js_import_from_single_quotes ... ok
test js_require_extracts_target ... ok
test normalize_extracts_package_root ... ok
test normalize_relative_imports_to_local ... ok
test normalize_strips_quotes ... ok
test normalize_trims_whitespace ... ok
test parse_is_deterministic ... ok
test parse_preserves_insertion_order ... ok
test python_from_import ... ok
test python_ignores_comments ... ok
test python_import_statement ... ok
test rust_ignores_non_import_lines ... ok
test rust_mixed_use_and_mod ... ok
test rust_mod_extracts_module_name ... ok
test rust_use_extracts_crate_root ... ok
test supports_all_documented_languages ... ok
test ts_type_import ... ok
test unsupported_language_returns_empty ... ok
test supports_language_is_case_insensitive ... ok
test unsupported_languages_return_false ... ok

test result: ok. 25 passed; 0 failed; 0 ignored; 0 measured; 0 filtered out; finished in 0.00s

     Running tests/edge_cases.rs (target/debug/deps/edge_cases-fce1d7c907da336f)

running 33 tests
test completely_empty_input_for_all_languages ... ok
test file_with_only_comments_produces_no_imports ... ok
test file_with_only_newlines_and_tabs ... ok
test go_deeply_nested_module_path ... ok
test go_import_block_with_blank_lines ... ok
test go_multiple_import_blocks_all_captured ... ok
test go_unclosed_import_block_extracts_what_it_can ... ok
test js_deeply_nested_relative_path ... ok
test js_import_with_empty_from_clause ... ok
test js_require_with_template_literal_not_captured ... ok
test normalize_preserves_hyphens_in_package_names ... ok
test normalize_single_dot_is_local ... ok
test normalize_target_with_mixed_quotes_strips_outermost ... ok
test normalize_target_with_only_separators ... ok
test normalize_triple_dot_is_local ... ok
test parse_then_normalize_pipeline_for_go ... ok
test parse_then_normalize_pipeline_for_js ... ok
test normalize_very_long_target ... ok
test parse_then_normalize_pipeline_for_python ... ok
test parse_then_normalize_pipeline_for_rust ... ok
test python_deeply_nested_dotted_module ... ok
test python_deeply_relative_import ... ok
test python_import_with_trailing_comment ... ok
test python_import_with_unicode_module_name ... ok
test python_imports_at_top_and_inside_function ... ok
test python_self_import_from_dot ... ok
test rust_deeply_nested_module_path ... ok
test rust_imports_scattered_through_file ... ok
test rust_mod_with_braces_extracts_name_with_brace ... ok
test rust_self_use_produces_self_root ... ok
test rust_super_use_produces_super_root ... ok
test rust_use_without_semicolon_still_extracts ... ok
test unicode_in_non_import_lines_does_not_crash ... ok

test result: ok. 33 passed; 0 failed; 0 ignored; 0 measured; 0 filtered out; finished in 0.00s

     Running tests/graph_scenarios.rs (target/debug/deps/graph_scenarios-f515aed11ea18619)

running 15 tests
test scenario_circular_dependency_a_and_b_import_each_other ... ok
test scenario_all_relative_js_imports_collapse_to_local ... ok
test scenario_diamond_dependency_pattern ... ok
test scenario_deeply_nested_go_imports_normalize_to_domain_root ... ok
test scenario_graph_has_one_node_per_file ... ok
test scenario_isolated_files_produce_graph_with_all_empty_sets ... ok
test scenario_leaf_files_have_empty_dependency_sets ... ok
test scenario_linear_chain_a_imports_b_imports_c ... ok
test scenario_hub_module_imports_many_spokes ... ok
test scenario_multiple_imports_from_same_root_deduplicate_in_graph ... ok
test scenario_polyglot_monorepo_graph ... ok
test scenario_rust_self_import_uses_crate_keyword ... ok
test scenario_self_import_via_relative_normalizes_to_local ... ok
test scenario_star_topology_many_import_one ... ok
test scenario_three_way_circular_dependency ... ok

test result: ok. 15 passed; 0 failed; 0 ignored; 0 measured; 0 filtered out; finished in 0.00s

     Running tests/imports_depth_w55.rs (target/debug/deps/imports_depth_w55-e77f433698648c8b)

running 48 tests
test deeply_nested_go_module_normalizes_to_first_segment ... ok
test deeply_nested_rust_path_extracts_top_crate ... ok
test cycle_detected_in_three_node_loop ... ok
test cycle_detected_in_two_node_loop ... ok
test cycle_in_large_graph_with_one_back_edge ... ok
test graph_from_mixed_languages_four_files ... ok
test empty_lines_between_imports_still_captured ... ok
test go_block_import_with_aliased_and_blank_imports ... ok
test graph_from_two_rust_files_has_correct_edges ... ok
test graph_preserves_btreemap_ordering_of_files ... ok
test graph_with_no_imports_all_leaf_nodes ... ok
test grouping_empty_input_yields_empty_map ... ok
test grouping_js_imports_collapses_relative_to_local ... ok
test grouping_go_normalizes_github_paths ... ok
test graph_single_file_with_many_deps ... ok
test grouping_python_separates_stdlib_from_relative ... ok
test grouping_rust_imports_by_crate_root ... ok
test js_import_star_as_namespace ... ok
test js_require_nested_in_expression ... ok
test js_self_import_via_relative_normalizes_to_local ... ok
test no_cycle_in_diamond_pattern ... ok
test no_cycle_in_linear_chain ... ok
test normalize_idempotent_for_simple_names ... ok
test no_imports_in_code_only_file ... ok
test graph_with_50_interconnected_files ... ok
test normalize_target_preserves_at_scope ... ok
test normalize_preserves_underscores_and_hyphens ... ok
test normalize_target_with_leading_separator ... ok
test normalize_target_with_only_dots_is_local ... ok
test normalized_graph_edges_in_btreeset_order ... ok
test parse_imports_order_matches_source_order ... ok
test parse_go_block_with_100_imports ... ok
test python_from_with_multiple_dots ... ok
test parse_imports_deterministic_across_100_calls ... ok
test rust_crate_import_normalizes_to_crate ... ok
test python_single_dot_import_normalizes_to_local ... ok
test relative_imports_all_normalize_to_local_regardless_of_language ... ok
test rust_self_import_normalizes_to_self ... ok
test rust_use_with_nested_braces_extracts_root ... ok
test rust_mod_and_use_interleaved_with_code ... ok
test same_target_name_normalizes_identically_across_languages ... ok
test self_loop_detected_as_cycle ... ok
test supports_language_is_deterministic ... ok
test supports_language_rejects_abbreviations ... ok
test typescript_import_equals_not_captured ... ok
test typescript_import_type_only ... ok
test unsupported_language_returns_empty_for_any_input ... ok
test parse_1000_python_imports_without_panic ... ok

test result: ok. 48 passed; 0 failed; 0 ignored; 0 measured; 0 filtered out; finished in 0.00s

     Running tests/imports_depth_w57.rs (target/debug/deps/imports_depth_w57-ff01334ecb672b97)

running 35 tests
test go_blank_import ... ok
test cycle_detected_in_three_node_cycle ... ok
test go_aliased_import_in_block ... ok
test cycle_detected_in_mutual_dependency ... ok
test graph_from_mixed_languages ... ok
test graph_deduplicates_normalized_targets ... ok
test graph_is_btreemap_sorted ... ok
test js_dynamic_import_not_extracted ... ok
test js_import_star_as ... ok
test js_import_with_default_and_named ... ok
test js_relative_import_normalizes_to_local ... ok
test js_require_in_middle_of_line ... ok
test no_cycle_in_dag ... ok
test no_cycle_when_all_nodes_isolated ... ok
test normalization_is_deterministic_across_calls ... ok
test normalize_colon_separated ... ok
test normalize_deeply_nested_path ... ok
test normalize_dot_separated_python_style ... ok
test normalize_empty_string ... ok
test normalize_whitespace_only ... ok
test parse_preserves_source_order ... ok
test python_from_relative_import ... ok
test python_from_with_multiple_names ... ok
test python_import_as_alias ... ok
test python_normalization_of_relative_imports ... ok
test rust_mixed_use_and_mod_ordering ... ok
test rust_mod_declaration_no_semicolon_trailing_space ... ok
test rust_pub_use_not_parsed_as_use ... ok
test rust_use_crate_prefix ... ok
test rust_use_self_prefix ... ok
test rust_use_super_prefix ... ok
test rust_use_with_nested_braces ... ok
test supports_language_case_insensitive ... ok
test ts_import_type_only ... ok
test unsupported_language_returns_empty_imports ... ok

test result: ok. 35 passed; 0 failed; 0 ignored; 0 measured; 0 filtered out; finished in 0.00s

     Running tests/imports_depth_w60.rs (target/debug/deps/imports_depth_w60-8d7500e8962fb0cf)

running 92 tests
test given_complete_graph_pattern_when_building_then_all_cross_edges_exist ... ok
test given_disconnected_components_when_building_graph_then_no_cross_edges ... ok
test given_diamond_with_shortcut_edge_when_checking_cycle_then_not_detected ... ok
test given_fan_in_pattern_when_building_graph_then_shared_dep_appears_in_all ... ok
test given_fan_out_pattern_when_building_graph_then_hub_has_all_deps ... ok
test given_long_chain_with_back_edge_when_checking_cycle_then_detected ... ok
test given_long_chain_without_back_edge_when_checking_cycle_then_not_detected ... ok
test go_block_import_with_blank_identifier ... ok
test go_block_with_comment_lines_only_extracts_quoted ... ok
test go_block_import_with_dot_import ... ok
test go_multiple_separate_blocks_all_captured ... ok
test go_single_import_with_alias ... ok
test go_unclosed_block_still_extracts ... ok
test graph_keys_are_btreemap_sorted ... ok
test grouping_go_external_all_collapse_to_domain ... ok
test grouping_js_relative_all_collapse_to_local ... ok
test grouping_rust_deduplicates_same_crate ... ok
test js_empty_string_require_not_captured ... ok
test js_import_and_require_on_same_line_both_captured ... ok
test go_single_always_produces_one_import ... ok
test js_import_with_template_literal_not_captured ... ok
test all_js_relative_imports_normalize_to_local ... ok
test js_require_with_no_quotes_not_captured ... ok
test js_side_effect_import_double_quotes ... ok
test js_side_effect_import_single_quotes ... ok
test normalize_at_scope_returns_scope ... ok
test js_import_from_always_produces_one ... ok
test normalize_dot_slash_prefix_is_local ... ok
test normalize_empty_string_returns_empty ... ok
test normalize_go_dotted_path_returns_first_segment ... ok
test js_require_always_produces_one ... ok
test normalize_is_idempotent_for_simple_names ... ok
test normalize_leading_slash_returns_empty_first_segment ... ok
test normalize_many_dots_is_local ... ok
test go_block_count_matches_quoted_lines ... ok
test normalize_preserves_underscores_and_hyphens_in_first_segment ... ok
test normalize_rust_colon_path_returns_first_segment ... ok
test normalize_single_dot_is_local ... ok
test normalize_slash_path_returns_first_segment ... ok
test normalize_strips_double_quotes ... ok
test normalize_strips_single_quotes ... ok
test normalize_very_long_slash_path ... ok
test normalize_whitespace_only_returns_empty ... ok
test normalize_idempotent_for_simple ... ok
test parse_2000_python_imports_without_panic ... ok
test parse_go_block_with_500_imports ... ok
test parse_imports_blank_lines_returns_empty_for_all_languages ... ok
test normalize_deterministic ... ok
test parse_imports_empty_lines_returns_empty_for_all_languages ... ok
test parse_is_deterministic_across_500_calls ... ok
test parse_preserves_source_order_for_all_languages ... ok
test normalize_never_returns_empty_for_alpha ... ok
test pipeline_go_mixed_imports ... ok
test pipeline_js_mixed_imports ... ok
test pipeline_python_mixed_imports ... ok
test pipeline_rust_mixed_imports ... ok
test python_conditional_import_in_try_block ... ok
test python_deeply_nested_from_relative ... ok
test parse_rust_10000_use_statements ... ok
test python_from_future_import ... ok
test python_from_import_with_parentheses_multiline_first_line_only ... ok
test python_from_always_produces_one_import ... ok
test python_import_comma_separated_only_first_is_captured ... ok
test python_import_unicode_module_name ... ok
test python_import_with_backslash_continuation_only_captures_first_line ... ok
test python_import_always_produces_one_import ... ok
test relative_imports_normalize_to_local_in_all_languages ... ok
test relative_always_normalizes_to_local ... ok
test rust_multiple_mod_declarations_preserve_order ... ok
test rust_pub_mod_is_not_captured ... ok
test rust_pub_use_is_not_captured ... ok
test rust_mod_always_produces_one_import ... ok
test rust_use_crate_and_super_and_self_all_captured ... ok
test rust_use_glob_star_extracts_root ... ok
test rust_use_with_deeply_nested_braces ... ok
test rust_use_with_rename_as_extracts_root ... ok
test rust_use_without_semicolon_still_captures ... ok
test same_module_name_normalizes_identically_across_all_languages ... ok
test supports_language_accepts_mixed_case ... ok
test supports_language_case_insensitive_prop ... ok
test supports_language_rejects_abbreviations_and_variants ... ok
test supports_language_rejects_empty_and_whitespace ... ok
test ts_and_js_parse_identically ... ok
test rust_use_always_produces_one_import ... ok
test ts_import_type_with_curly_braces ... ok
test unicode_in_comments_does_not_crash_any_parser ... ok
test unicode_in_go_comments_does_not_crash ... ok
test unsupported_lang_always_returns_empty ... ok
test unsupported_languages_always_return_empty_imports ... ok
test ts_and_js_parse_identically_prop ... ok
test output_count_le_input_lines ... ok
test parse_imports_deterministic ... ok

test result: ok. 92 passed; 0 failed; 0 ignored; 0 measured; 0 filtered out; finished in 0.80s

     Running tests/properties.rs (target/debug/deps/properties-3c766af11a54591a)

running 20 tests
test go_single_import_always_produces_one_import ... ok
test all_relative_js_imports_normalize_to_local ... ok
test js_import_from_always_produces_one_import ... ok
test js_require_always_produces_one_import ... ok
test go_block_import_count_matches_quoted_lines ... ok
test normalize_is_idempotent_for_simple_names ... ok
test normalize_import_target_is_deterministic ... ok
test normalize_never_returns_empty_for_nonempty_alpha ... ok
test normalized_targets_never_start_with_dot ... ok
test python_from_lines_always_produce_one_import ... ok
test python_import_lines_always_produce_one_import ... ok
test relative_targets_normalize_to_local ... ok
test rust_mod_lines_always_produce_one_import ... ok
test rust_use_lines_always_produce_one_import ... ok
test supported_languages_are_case_insensitive ... ok
test parse_then_normalize_always_produces_same_count ... ok
test typescript_and_javascript_parse_identically ... ok
test parse_imports_output_count_le_input_lines ... ok
test parse_imports_is_deterministic ... ok
test unsupported_languages_return_empty ... ok

test result: ok. 20 passed; 0 failed; 0 ignored; 0 measured; 0 filtered out; finished in 1.87s

     Running tests/snapshots.rs (target/debug/deps/snapshots-6d78ee10edb9f222)

running 11 tests
test snapshot_go_normalized ... ok
test snapshot_go_typical_file ... ok
test snapshot_empty_file_all_languages ... ok
test snapshot_js_typical_file ... ok
test snapshot_python_normalized ... ok
test snapshot_python_typical_file ... ok
test snapshot_rust_normalized ... ok
test snapshot_js_normalized ... ok
test snapshot_rust_typical_file ... ok
test snapshot_unsupported_language ... ok
test snapshot_ts_typical_file ... ok

test result: ok. 11 passed; 0 failed; 0 ignored; 0 measured; 0 filtered out; finished in 0.26s

     Running unittests src/lib.rs (target/debug/deps/tokmd_analysis_license-0d54c93b1af295b7)

running 2 tests
test tests::detects_metadata_license ... ok
test tests::detects_text_license ... ok

test result: ok. 2 passed; 0 failed; 0 ignored; 0 measured; 0 filtered out; finished in 0.00s

     Running tests/bdd.rs (target/debug/deps/bdd-991bced2cb6542f9)

running 23 tests
test given_agpl3_text_then_finds_agpl ... ok
test effective_is_highest_confidence ... ok
test findings_are_sorted_by_confidence_descending ... ok
test confidence_in_valid_range ... ok
test given_apache_license_text_then_finds_apache ... ok
test given_bsd3_license_text_then_finds_bsd3 ... ok
test given_cargo_toml_license_file_field_then_scans_referenced_file ... ok
test given_cargo_toml_with_apache_then_finds_apache_metadata ... ok
test given_cargo_toml_with_mit_then_finds_mit_metadata ... ok
test given_dual_license_expression_then_finds_expression ... ok
test given_empty_license_file_then_no_findings ... ok
test given_gpl3_license_text_then_finds_gpl ... ok
test given_license_mit_filename_then_detected ... ok
test given_metadata_and_license_text_then_finds_both ... ok
test given_mpl2_license_text_then_finds_mpl2 ... ok
test given_mit_license_text_then_finds_mit_text ... ok
test given_no_license_files_then_empty_report ... ok
test given_package_json_object_license_then_finds_metadata ... ok
test given_pyproject_toml_poetry_section_then_finds_metadata ... ok
test given_package_json_string_license_then_finds_metadata ... ok
test given_pyproject_toml_project_section_then_finds_metadata ... ok
test given_unrecognized_license_text_then_no_findings ... ok
test source_paths_use_forward_slashes ... ok

test result: ok. 23 passed; 0 failed; 0 ignored; 0 measured; 0 filtered out; finished in 0.01s

     Running tests/deep.rs (target/debug/deps/deep-c1fd3380bf1cb667)

running 27 tests
test agpl3_text_with_all_phrases_detected_at_high_confidence ... ok
test bsd3_clause_with_all_phrases_detected ... ok
test all_three_metadata_ecosystems_detected ... ok
test apache_confidence_increases_with_more_phrase_hits ... ok
test cargo_toml_with_extra_whitespace_around_equals ... ok
test cargo_toml_workspace_package_section_not_detected ... ok
test confidence_formula_produces_expected_value_for_mit_both_phrases ... ok
test confidence_formula_produces_expected_value_for_mit_one_phrase ... ok
test effective_always_matches_first_finding ... ok
test effective_is_none_with_empty_findings ... ok
test findings_with_same_confidence_sorted_by_spdx_ascending ... ok
test findings_with_same_confidence_and_spdx_sorted_by_source_path ... ok
test gpl_text_without_later_version_does_not_match_agpl ... ok
test license_finding_clone_preserves_fields ... ok
test license_finding_deserializes_from_known_json ... ok
test license_finding_json_shape ... ok
test license_report_debug_contains_findings ... ok
test license_apache_filename_with_full_text_detected ... ok
test json_serialization_is_deterministic ... ok
test license_report_deserializes_from_known_json ... ok
test license_report_json_shape ... ok
test license_report_with_effective_serializes_correctly ... ok
test license_source_kind_text_serializes_as_snake_case ... ok
test license_report_serde_round_trip ... ok
test mpl2_with_all_phrases_yields_high_confidence ... ok
test unknown_file_types_not_scanned_as_metadata ... ok
test zero_byte_license_file_no_findings ... ok

test result: ok. 27 passed; 0 failed; 0 ignored; 0 measured; 0 filtered out; finished in 0.01s

     Running tests/deep_license_w49.rs (target/debug/deps/deep_license_w49-158d1e17fcfd2771)

running 12 tests
test empty_files_returns_empty_report ... ok
test cargo_toml_metadata_detection ... ok
test effective_is_highest_confidence ... ok
test findings_sorted_confidence_desc_spdx_asc ... ok
test package_json_object_license ... ok
test package_json_string_license ... ok
test pyproject_toml_detection ... ok
test source_path_forward_slashes ... ok
test text_license_apache_detection ... ok
test serde_roundtrip_preserves_all_fields ... ok
test text_license_mit_detection ... ok
test properties::confidence_always_in_range ... ok

test result: ok. 12 passed; 0 failed; 0 ignored; 0 measured; 0 filtered out; finished in 0.13s

     Running tests/deep_w38.rs (target/debug/deps/deep_w38-f80e58dcb92e20d4)

running 20 tests
test ambiguous_text_no_pattern_match ... ok
test bsd2_clause_detection ... ok
test cargo_toml_package_section_no_license_key ... ok
test cargo_toml_license_file_indirection ... ok
test cargo_toml_single_quoted_license ... ok
test effective_is_highest_confidence ... ok
test gpl3_text_all_phrases_high_confidence ... ok
test license_finding_serde_stability ... ok
test license_report_default_is_empty ... ok
test no_files_empty_report ... ok
test package_json_license_as_number_ignored ... ok
test metadata_confidence_is_fixed ... ok
test multiple_license_files_detected_independently ... ok
test package_json_no_license_field ... ok
test package_json_object_license_type ... ok
test pyproject_project_section_takes_precedence_over_poetry ... ok
test pyproject_toml_tool_poetry_fallback ... ok
test text_confidence_lower_bound ... ok
test source_path_uses_forward_slashes ... ok
test spdx_expression_passthrough ... ok

test result: ok. 20 passed; 0 failed; 0 ignored; 0 measured; 0 filtered out; finished in 0.00s

     Running tests/deep_w68.rs (target/debug/deps/deep_w68-c2d97626fd365da6)

running 20 tests
test cargo_toml_apache2_license ... ok
test cargo_toml_single_quoted_license ... ok
test cargo_toml_mit_license ... ok
test cargo_toml_dual_license_expression ... ok
test empty_license_file_no_findings ... ok
test confidence_increases_with_more_phrase_hits ... ok
test effective_is_highest_confidence ... ok
test deterministic_across_runs ... ok
test findings_sorted_by_confidence_desc ... ok
test license_text_apache2 ... ok
test license_text_gpl3 ... ok
test license_text_bsd3 ... ok
test license_text_mit ... ok
test no_files_yields_empty_report ... ok
test license_text_mpl2 ... ok
test package_json_object_license ... ok
test package_json_string_license ... ok
test pyproject_toml_poetry_section ... ok
test pyproject_toml_project_section ... ok
test unrecognized_text_no_finding ... ok

test result: ok. 20 passed; 0 failed; 0 ignored; 0 measured; 0 filtered out; finished in 0.00s

     Running tests/edge_cases.rs (target/debug/deps/edge_cases-6dafc6ba640561f0)

running 10 tests
test given_bsd2_text_without_third_clause_when_scanned_then_matches_bsd ... ok
test given_cargo_toml_license_file_to_missing_file_when_scanned_then_returns_error ... ok
test given_cargo_toml_with_empty_license_string_when_scanned_then_no_finding ... ok
test given_cargo_toml_in_subdirectory_when_scanned_then_detected_with_forward_slash_path ... ok
test given_invalid_json_in_package_json_when_scanned_then_no_panic ... ok
test given_metadata_and_text_when_scanned_then_effective_is_metadata ... ok
test given_mit_text_with_extra_whitespace_when_scanned_then_still_detected ... ok
test given_multiple_license_text_files_when_scanned_then_all_detected ... ok
test given_only_source_files_when_scanned_then_no_findings ... ok
test given_pyproject_with_both_sections_when_scanned_then_project_takes_precedence ... ok

test result: ok. 10 passed; 0 failed; 0 ignored; 0 measured; 0 filtered out; finished in 0.00s

     Running tests/identity_security.rs (target/debug/deps/identity_security-6f563ec547d6f4d5)

running 18 tests
test apache_text_with_only_one_phrase_below_threshold ... ok
test cargo_toml_license_in_dependencies_section_ignored ... ok
test effective_license_is_highest_confidence ... ok
test cargo_toml_license_file_in_subdirectory ... ok
test empty_file_list_with_populated_root_yields_empty_report ... ok
test gpl_text_with_only_one_phrase_below_threshold ... ok
test license_md_variant_is_recognized ... ok
test metadata_and_text_same_license_produces_two_findings ... ok
test mpl2_with_two_phrases_still_detected ... ok
test multiple_license_files_have_distinct_source_paths ... ok
test package_json_license_as_number_yields_no_finding ... ok
test package_json_array_license_yields_no_finding ... ok
test package_json_object_license_detected ... ok
test pyproject_toml_poetry_license_detected ... ok
test pyproject_toml_without_license_field_yields_no_metadata ... ok
test spdx_with_exception_round_trips ... ok
test spdx_compound_and_expression_round_trips ... ok
test whitespace_only_license_file_no_findings ... ok

test result: ok. 18 passed; 0 failed; 0 ignored; 0 measured; 0 filtered out; finished in 0.00s

     Running tests/license_depth_w56.rs (target/debug/deps/license_depth_w56-94ab0af3a30c0f7c)

running 27 tests
test confidence_increases_with_phrases ... ok
test cargo_toml_single_quotes ... ok
test cargo_toml_license_file_reference ... ok
test empty_license_file_no_findings ... ok
test dual_license_metadata_and_text ... ok
test effective_is_highest_confidence_finding ... ok
test deterministic_across_calls ... ok
test findings_sort_order ... ok
test metadata_confidence_fixed ... ok
test multiple_metadata_files ... ok
test no_license_files_empty_report ... ok
test non_license_content_no_match ... ok
test package_json_no_license_field ... ok
test pyproject_toml_poetry_section ... ok
test source_paths_forward_slashes ... ok
test serde_roundtrip_full_report ... ok
test spdx_expression_preserved ... ok
test text_confidence_bounded ... ok
test text_license_agpl3_detection ... ok
test text_license_apache_full_confidence ... ok
test text_license_bsd2_detection ... ok
test text_license_bsd3_detection ... ok
test text_license_gpl3_detection ... ok
test text_license_mpl2_detection ... ok
test unrecognized_license_text_no_match ... ok
test license_source_kind_serde_variants ... ok
test properties::effective_always_from_findings ... ok

test result: ok. 27 passed; 0 failed; 0 ignored; 0 measured; 0 filtered out; finished in 0.19s

     Running tests/license_depth_w60.rs (target/debug/deps/license_depth_w60-7f06bb9cc37cdaca)

running 51 tests
test effective_is_first_finding_spdx ... ok
test deterministic_metadata_scanning ... ok
test findings_sorted_by_confidence_then_spdx_then_path ... ok
test deterministic_text_scanning ... ok
test given_agpl3_text_then_agpl_detected ... ok
test given_apache_text_then_apache_detected ... ok
test given_bsd2_text_then_bsd2_detected ... ok
test given_binary_content_in_license_then_no_crash ... ok
test given_bsd3_text_then_bsd3_detected ... ok
test given_cargo_toml_with_empty_license_value_then_no_findings ... ok
test given_cargo_toml_with_many_fields_then_license_still_found ... ok
test given_cargo_toml_with_license_file_pointing_to_custom_path_then_text_scanned ... ok
test given_cargo_toml_with_mit_or_apache_expression_then_spdx_is_verbatim ... ok
test given_cargo_toml_with_single_quoted_license_then_detected ... ok
test given_cargo_toml_with_workspace_section_then_only_package_parsed ... ok
test given_cargo_toml_without_package_section_then_no_findings ... ok
test given_copying_filename_then_scanned ... ok
test given_empty_license_file_then_no_findings ... ok
test given_empty_cargo_toml_then_no_crash ... ok
test given_license_apache_filename_then_scanned ... ok
test given_gpl3_text_then_gpl_detected ... ok
test given_license_mit_filename_then_scanned_as_text ... ok
test given_malformed_package_json_then_no_crash ... ok
test given_no_files_at_all_then_empty_report ... ok
test given_metadata_and_text_then_both_found_with_valid_confidence ... ok
test given_mit_text_with_both_phrases_then_high_confidence ... ok
test given_mpl2_text_then_mpl_detected ... ok
test given_only_source_files_then_empty_report ... ok
test given_package_json_with_isc_then_detected ... ok
test given_package_json_with_object_license_then_type_extracted ... ok
test given_package_json_with_null_license_then_no_findings ... ok
test given_package_json_with_license_array_then_no_findings ... ok
test given_package_json_without_license_field_then_no_findings ... ok
test given_proprietary_text_then_no_findings ... ok
test given_pyproject_project_section_then_license_detected ... ok
test given_pyproject_poetry_section_then_license_detected ... ok
test given_pyproject_with_both_sections_then_project_wins ... ok
test given_whitespace_only_license_then_no_findings ... ok
test metadata_confidence_is_always_0_95 ... ok
test given_very_long_license_text_then_still_detected ... ok
test prop_cargo_spdx_roundtrips ... ok
test prop_effective_equals_first_finding ... ok
test prop_empty_file_list_always_empty ... ok
test prop_confidence_in_valid_range ... ok
test prop_metadata_confidence_always_0_95 ... ok
test prop_findings_always_sorted ... ok
test source_paths_use_forward_slashes_for_nested_files ... ok
test text_confidence_is_between_0_6_and_1_0 ... ok
test prop_no_backslash_in_paths ... ok
test prop_package_json_spdx_roundtrips ... ok
test prop_pyproject_spdx_roundtrips ... ok

test result: ok. 51 passed; 0 failed; 0 ignored; 0 measured; 0 filtered out; finished in 0.22s

     Running tests/license_w75.rs (target/debug/deps/license_w75-a04375b56c261d23)

running 15 tests
test copying_naming_pattern_recognized ... ok
test agpl3_detected_from_text ... ok
test apache2_detected_with_multiple_phrases ... ok
test bsd3_clause_detected_from_text ... ok
test effective_license_matches_first_finding ... ok
test findings_sorted_by_confidence_descending ... ok
test dual_license_metadata_and_text_produce_separate_findings ... ok
test gpl3_detected_from_copying_file ... ok
test license_apache_naming_pattern_recognized ... ok
test no_license_when_no_files_provided ... ok
test no_license_detected_from_unrecognized_text ... ok
test notice_naming_pattern_recognized ... ok
test mit_full_text_detected_from_license_file ... ok
test pyproject_toml_project_section_license ... ok
test spdx_or_expression_preserved_in_metadata ... ok

test result: ok. 15 passed; 0 failed; 0 ignored; 0 measured; 0 filtered out; finished in 0.02s

     Running tests/properties.rs (target/debug/deps/properties-fa4ad8f9453521d8)

running 9 tests
test empty_file_list_produces_empty_report ... ok
test effective_matches_first_finding ... ok
test findings_always_sorted_descending ... ok
test confidence_always_in_range ... ok
test metadata_confidence_is_fixed ... ok
test package_json_license_round_trips ... ok
test metadata_spdx_round_trips ... ok
test pyproject_license_round_trips ... ok
test source_paths_never_contain_backslash ... ok

test result: ok. 9 passed; 0 failed; 0 ignored; 0 measured; 0 filtered out; finished in 0.23s

     Running tests/unit.rs (target/debug/deps/unit-27714d7c8eab7a52)

running 15 tests
test cargo_toml_single_quoted_license_value ... ok
test cargo_toml_without_license_field_yields_no_metadata ... ok
test all_metadata_findings_have_fixed_confidence ... ok
test copying_file_with_gpl_text_is_detected ... ok
test detects_bsd2_clause_from_text ... ok
test license_txt_variant_is_recognized ... ok
test license_text_matching_is_case_insensitive ... ok
test deterministic_output_for_same_input ... ok
test multiple_metadata_files_produce_multiple_findings ... ok
test mit_with_both_phrases_has_higher_confidence_than_one ... ok
test package_json_license_object_missing_type_yields_no_finding ... ok
test nested_metadata_source_path_is_forward_slash_normalized ... ok
test text_finding_confidence_within_expected_range ... ok
test package_json_without_license_field_yields_no_findings ... ok
test small_max_file_bytes_may_miss_license_phrases ... ok

test result: ok. 15 passed; 0 failed; 0 ignored; 0 measured; 0 filtered out; finished in 0.01s

     Running unittests src/lib.rs (target/debug/deps/tokmd_analysis_maintainability-ac2c96c4955777fa)

running 4 tests
test tests::attach_halstead_keeps_existing_index_when_volume_is_zero ... ok
test tests::attach_halstead_recomputes_maintainability ... ok
test tests::compute_full_index_with_halstead ... ok
test tests::compute_simplified_index ... ok

test result: ok. 4 passed; 0 failed; 0 ignored; 0 measured; 0 filtered out; finished in 0.00s

     Running tests/bdd.rs (target/debug/deps/bdd-7d5445e354d2f96d)

running 21 tests
test given_extreme_values_when_computing_mi_then_score_is_clamped_at_zero ... ok
test given_halstead_volume_200_when_full_mi_then_known_value ... ok
test given_fractional_loc_when_computing_mi_then_loc_is_rounded_to_2_decimals ... ok
test given_halstead_volume_when_full_mi_then_score_is_lower ... ok
test given_halstead_attached_when_checking_fields_then_all_fields_present ... ok
test given_negative_halstead_volume_when_computing_mi_then_simplified_formula_used ... ok
test given_no_existing_mi_when_attaching_halstead_then_mi_stays_none ... ok
test given_negative_loc_when_computing_mi_then_none_is_returned ... ok
test given_score_below_65_when_grading_then_grade_is_c ... ok
test given_score_between_65_and_85_when_grading_then_grade_is_b ... ok
test given_positive_halstead_when_attaching_then_mi_is_recomputed ... ok
test given_score_exactly_85_when_grading_then_grade_is_a ... ok
test given_single_line_when_simplified_mi_then_high_score ... ok
test given_small_codebase_when_simplified_mi_then_high_score ... ok
test given_very_large_halstead_volume_when_full_mi_then_grade_c ... ok
test given_zero_cyclomatic_when_computing_mi_then_valid_result ... ok
test given_typical_codebase_when_simplified_mi_then_grade_a ... ok
test given_zero_halstead_volume_when_computing_mi_then_simplified_formula_used ... ok
test given_zero_loc_when_computing_mi_then_none_is_returned ... ok
test given_zero_loc_with_halstead_when_computing_mi_then_none_is_returned ... ok
test given_zero_volume_halstead_when_attaching_then_mi_is_unchanged ... ok

test result: ok. 21 passed; 0 failed; 0 ignored; 0 measured; 0 filtered out; finished in 0.00s

     Running tests/deep_v3.rs (target/debug/deps/deep_v3-a6d3502a1560597a)

running 27 tests
test attach_halstead_negative_volume_preserves_mi ... ok
test attach_halstead_preserves_all_halstead_fields ... ok
test attach_halstead_stores_metrics_even_without_mi ... ok
test attach_halstead_with_positive_volume_recomputes_mi ... ok
test attach_halstead_twice_overwrites_previous ... ok
test avg_loc_rounded_to_2_decimals ... ok
test avg_loc_rounding_halfway ... ok
test full_formula_known_values ... ok
test compute_is_deterministic ... ok
test full_formula_with_small_volume ... ok
test attach_halstead_zero_volume_preserves_mi ... ok
test grade_a_at_exactly_85 ... ok
test grade_b_at_exactly_65 ... ok
test grade_c_for_very_high_complexity ... ok
test halstead_volume_negative_uses_simplified ... ok
test halstead_volume_very_small_positive_still_used ... ok
test halstead_volume_zero_uses_simplified ... ok
test loc_exactly_zero_returns_none ... ok
test loc_negative_returns_none ... ok
test loc_very_large_produces_low_score ... ok
test loc_very_small_positive_returns_some ... ok
test output_preserves_halstead_volume_when_positive ... ok
test output_preserves_input_cyclomatic ... ok
test score_rounded_to_2_decimals ... ok
test simplified_formula_known_values ... ok
test very_large_cyclomatic_clamps_to_zero ... ok
test zero_cyclomatic_yields_higher_score ... ok

test result: ok. 27 passed; 0 failed; 0 ignored; 0 measured; 0 filtered out; finished in 0.00s

     Running tests/deep_w70.rs (target/debug/deps/deep_w70-ea5e67778b228de2)

running 22 tests
test attach_halstead_zero_volume_preserves_mi ... ok
test attach_halstead_recomputes_with_positive_volume ... ok
test deterministic_full_across_runs ... ok
test attach_halstead_no_existing_mi_just_stores_halstead ... ok
test deterministic_grade_for_same_score ... ok
test deterministic_simplified_across_runs ... ok
test full_formula_large_volume_significant_reduction ... ok
test full_formula_small_volume_minimal_reduction ... ok
test full_formula_lowers_score_vs_simplified ... ok
test grade_boundary_exactly_85 ... ok
test grade_boundary_clamped_zero_is_c ... ok
test loc_one_maximises_simplified_score ... ok
test negative_halstead_volume_uses_simplified ... ok
test negative_loc_returns_none ... ok
test simplified_high_complexity_grades_c ... ok
test simplified_low_complexity_grades_a ... ok
test simplified_moderate_complexity_grades_b ... ok
test simplified_records_avg_cyclomatic_and_loc ... ok
test simplified_score_is_non_negative ... ok
test zero_cyclomatic_is_valid ... ok
test zero_halstead_volume_uses_simplified ... ok
test zero_loc_returns_none ... ok

test result: ok. 22 passed; 0 failed; 0 ignored; 0 measured; 0 filtered out; finished in 0.00s

     Running tests/edge_cases.rs (target/debug/deps/edge_cases-4597e53c95b8bb75)

running 24 tests
test attach_halstead_decreasing_volumes_increase_mi ... ok
test attach_halstead_infinity_volume_recomputes_to_zero ... ok
test attach_halstead_multiple_times_idempotent_with_same_volume ... ok
test attach_halstead_then_detach_mi_and_reattach ... ok
test loc_epsilon_above_zero ... ok
test loc_one_simplified ... ok
test loc_just_below_zero_returns_none ... ok
test attach_halstead_nan_volume_preserves_mi ... ok
test loc_rounding_exact_half_rounds_up ... ok
test loc_rounding_preserves_integer ... ok
test negative_infinity_halstead_volume_falls_back_to_simplified ... ok
test nan_halstead_volume_falls_back_to_simplified ... ok
test nan_cc_produces_result ... ok
test negative_infinity_loc_returns_none ... ok
test positive_infinity_cc_returns_score_zero ... ok
test positive_infinity_halstead_volume_returns_score_zero ... ok
test positive_infinity_loc_returns_score_zero ... ok
test score_clamped_at_zero_gets_grade_c ... ok
test score_never_negative_with_extreme_cc_and_loc ... ok
test score_never_negative_with_extreme_halstead ... ok
test score_rounding_preserves_two_decimals ... ok
test nan_loc_returns_none ... ok
test subnormal_halstead_volume_used_when_positive ... ok
test subnormal_loc_produces_result ... ok

test result: ok. 24 passed; 0 failed; 0 ignored; 0 measured; 0 filtered out; finished in 0.00s

     Running tests/maint_depth_w57.rs (target/debug/deps/maint_depth_w57-e84ee00c8f6a6c9d)

running 25 tests
test attach_halstead_always_sets_halstead_field ... ok
test attach_halstead_recomputes_mi ... ok
test attach_halstead_zero_volume_preserves_mi ... ok
test attach_halstead_with_no_existing_mi ... ok
test avg_loc_is_rounded_to_two_decimals ... ok
test computation_is_deterministic ... ok
test full_formula_with_halstead ... ok
test grade_boundary_at_65 ... ok
test grade_boundary_at_85 ... ok
test halstead_volume_negative_uses_simplified ... ok
test halstead_volume_zero_uses_simplified ... ok
test high_complexity_yields_low_score ... ok
test maintainability_index_serde_no_halstead ... ok
test complexity_report_serde_roundtrip ... ok
test moderate_halstead_volume_yields_grade_b ... ok
test maintainability_index_serde_roundtrip ... ok
test negative_loc_returns_none ... ok
test score_clamped_to_zero_floor ... ok
test simplified_formula_low_complexity ... ok
test simplified_formula_medium_complexity ... ok
test single_line_file ... ok
test zero_cyclomatic_accepted ... ok
test very_large_loc ... ok
test zero_loc_returns_none ... ok
test very_simple_code_yields_grade_a ... ok

test result: ok. 25 passed; 0 failed; 0 ignored; 0 measured; 0 filtered out; finished in 0.00s

     Running tests/maintainability_depth_w55.rs (target/debug/deps/maintainability_depth_w55-59c419d2a1bdce53)

running 35 tests
test attach_halstead_always_sets_halstead_field ... ok
test attach_halstead_updates_grade ... ok
test attach_halstead_no_mi_still_sets_halstead ... ok
test attach_halstead_recomputes_with_volume ... ok
test attach_halstead_zero_volume_preserves_index ... ok
test avg_loc_is_rounded_to_two_decimals ... ok
test deterministic_full ... ok
test full_formula_basic ... ok
test full_formula_high_volume_degrades_score ... ok
test deterministic_simplified ... ok
test full_formula_small_volume_barely_degrades ... ok
test full_formula_volume_one_equals_simplified ... ok
test grade_a_at_threshold ... ok
test grade_b_range ... ok
test grade_a_boundary_exact ... ok
test grade_c_for_high_complexity ... ok
test grade_b_boundary ... ok
test increasing_halstead_volume_decreases_score ... ok
test increasing_complexity_decreases_score ... ok
test increasing_loc_decreases_score ... ok
test index_has_correct_fields_full ... ok
test index_has_correct_fields_simplified ... ok
test negative_loc_returns_none ... ok
test negative_halstead_volume_uses_simplified ... ok
test negative_loc_with_halstead_returns_none ... ok
test score_clamped_to_zero_for_extreme_inputs ... ok
test score_is_rounded_to_two_decimals ... ok
test score_never_negative ... ok
test simplified_formula_basic ... ok
test simplified_large_loc ... ok
test simplified_one_loc ... ok
test simplified_preserves_inputs ... ok
test simplified_zero_complexity ... ok
test zero_halstead_volume_uses_simplified ... ok
test zero_loc_returns_none ... ok

test result: ok. 35 passed; 0 failed; 0 ignored; 0 measured; 0 filtered out; finished in 0.00s

     Running tests/maintainability_depth_w60.rs (target/debug/deps/maintainability_depth_w60-fa69a151195f3465)

running 62 tests
test attach_halstead_can_change_grade ... ok
test attach_halstead_no_mi_still_stores_halstead ... ok
test attach_halstead_always_sets_halstead_field ... ok
test attach_halstead_preserves_operator_counts ... ok
test attach_halstead_preserves_volume_value ... ok
test attach_halstead_recomputes_mi_with_volume ... ok
test attach_halstead_zero_volume_preserves_mi ... ok
test avg_loc_rounded_to_two_decimals ... ok
test deterministic_full_computation ... ok
test embedded_c_high_cc_small_loc ... ok
test enterprise_java_moderate_cc_large_loc ... ok
test full_index_preserves_all_fields ... ok
test deterministic_simplified_computation ... ok
test given_500_loc_20_cc_when_simplified_then_grade_b ... ok
test given_100_loc_10_cc_when_simplified_then_known_value ... ok
test given_10000_loc_100_cc_when_simplified_then_grade_c ... ok
test given_enormous_cc_then_score_clamped ... ok
test given_extreme_values_then_score_clamped_to_zero ... ok
test given_fractional_loc_when_simplified_then_loc_rounded ... ok
test given_halstead_1_when_full_then_equals_simplified ... ok
test given_halstead_200_when_full_then_known_value ... ok
test given_moderate_halstead_then_score_lower_than_simplified ... ok
test given_negative_loc_then_none ... ok
test given_large_halstead_then_grade_c ... ok
test given_negative_volume_then_simplified_used ... ok
test given_negative_loc_with_halstead_then_none ... ok
test given_trivial_code_when_simplified_then_near_max_score ... ok
test given_zero_loc_then_none ... ok
test given_zero_cc_when_simplified_then_only_loc_matters ... ok
test given_zero_loc_with_halstead_then_none ... ok
test given_small_fractional_loc_then_rounded_correctly ... ok
test given_zero_volume_then_simplified_used ... ok
test grade_a_requires_score_at_least_85 ... ok
test grade_b_for_score_between_65_and_85 ... ok
test grade_c_for_score_below_65 ... ok
test grade_transitions_at_exact_boundaries ... ok
test increasing_cc_decreases_score ... ok
test increasing_halstead_volume_decreases_score ... ok
test increasing_loc_decreases_score ... ok
test legacy_cobol_very_high_cc_very_large_loc ... ok
test microservice_low_cc_low_loc ... ok
test maintainability_index_serializes_to_json ... ok
test maintainability_index_roundtrips_through_json ... ok
test prop_avg_loc_rounded_2_decimals ... ok
test prop_grade_a_implies_score_ge_85 ... ok
test prop_grade_b_implies_score_65_to_85 ... ok
test prop_deterministic ... ok
test prop_grade_c_implies_score_lt_65 ... ok
test prop_higher_cc_lower_or_equal_score ... ok
test prop_halstead_volume_degrades_score ... ok
test prop_grade_valid ... ok
test prop_higher_loc_lower_or_equal_score ... ok
test prop_negative_volume_same_as_none ... ok
test prop_score_at_most_171 ... ok
test prop_score_non_negative ... ok
test score_rounded_to_two_decimals ... ok
test scripting_language_low_cc_moderate_loc ... ok
test simplified_index_omits_halstead_volume_in_json ... ok
test simplified_index_preserves_all_fields ... ok
test prop_score_rounded_2_decimals ... ok
test prop_zero_or_negative_loc_none ... ok
test prop_zero_volume_same_as_none ... ok

test result: ok. 62 passed; 0 failed; 0 ignored; 0 measured; 0 filtered out; finished in 0.04s

     Running tests/mathematical_invariants.rs (target/debug/deps/mathematical_invariants-b2827bf1f6c1f049)

running 18 tests
test cc_contribution_is_linear ... ok
test cc_unit_step_equals_coefficient ... ok
test cc_monotonicity_property ... ok
test full_formula_score_leq_simplified ... ok
test cc_delta_is_constant_0_23 ... ok
test grade_never_improves_with_increasing_complexity ... ok
test halstead_and_cc_terms_independent ... ok
test loc_10x_increase_has_constant_score_drop ... ok
test loc_doubling_has_constant_score_drop ... ok
test strictly_monotone_decreasing_in_cc ... ok
test strictly_monotone_decreasing_in_loc ... ok
test strictly_monotone_decreasing_in_volume ... ok
test terms_are_additive ... ok
test grade_consistent_with_score ... ok
test volume_doubling_has_constant_score_drop ... ok
test symmetry_of_none_and_zero_volume ... ok
test volume_1_equals_simplified ... ok
test volume_monotonicity_property ... ok

test result: ok. 18 passed; 0 failed; 0 ignored; 0 measured; 0 filtered out; finished in 0.04s

     Running tests/properties.rs (target/debug/deps/properties-f21fe62d26dbb5c9)

running 15 tests
test avg_loc_is_rounded_to_2_decimals ... ok
test grade_b_implies_score_between_65_and_85 ... ok
test grade_a_implies_score_at_least_85 ... ok
test grade_c_implies_score_below_65 ... ok
test halstead_volume_decreases_score ... ok
test grade_is_valid ... ok
test higher_cc_decreases_score ... ok
test higher_loc_decreases_score ... ok
test negative_volume_falls_back_to_simplified ... ok
test result_is_deterministic ... ok
test score_is_at_most_171 ... ok
test score_is_non_negative ... ok
test score_is_rounded_to_2_decimals ... ok
test zero_or_negative_loc_returns_none ... ok
test zero_volume_falls_back_to_simplified ... ok

test result: ok. 15 passed; 0 failed; 0 ignored; 0 measured; 0 filtered out; finished in 0.07s

     Running tests/reference_values.rs (target/debug/deps/reference_values-0ca1580a021276c5)

running 16 tests
test cc_coefficient_is_0_23 ... ok
test halstead_coefficient_is_5_2 ... ok
test identity_cc_0_removes_complexity_penalty ... ok
test identity_loc_1_cc_0_no_halstead ... ok
test identity_volume_1_equals_simplified ... ok
test loc_coefficient_is_16_2 ... ok
test reference_legacy_high_complexity ... ok
test reference_legacy_simplified_still_low ... ok
test reference_moderate_module_simplified ... ok
test reference_moderate_module_with_halstead ... ok
test reference_loc_is_e ... ok
test reference_small_well_maintained_module ... ok
test reference_small_module_with_halstead ... ok
test reference_table_full ... ok
test reference_table_simplified ... ok
test reference_volume_is_e ... ok

test result: ok. 16 passed; 0 failed; 0 ignored; 0 measured; 0 filtered out; finished in 0.00s

     Running unittests src/lib.rs (target/debug/deps/tokmd_analysis_near_dup-322735641ef45ff1)

running 17 tests
test tests::build_clusters_empty ... ok
test tests::build_clusters_merged_component ... ok
test tests::build_clusters_representative_most_connected ... ok
test tests::build_clusters_single_pair ... ok
test tests::algorithm_constants_match ... ok
test tests::build_clusters_two_components ... ok
test tests::clusters_complete_despite_truncation ... ok
test tests::disjoint_sets_find_self ... ok
test tests::disjoint_sets_idempotent_union ... ok
test tests::disjoint_sets_union_and_find ... ok
test tests::jaccard_of_identical_is_one ... ok
test tests::pair_sort_deterministic_with_right_tiebreak ... ok
test tests::self_pair_guard_skips_same_index ... ok
test tests::tokenize_basic ... ok
test tests::winnow_short_text_returns_empty ... ok
test tests::winnow_produces_fingerprints ... ok
test tests::identical_texts_have_same_fingerprints ... ok

test result: ok. 17 passed; 0 failed; 0 ignored; 0 measured; 0 filtered out; finished in 0.00s

     Running tests/bdd.rs (target/debug/deps/bdd-22e3ee59bd050df9)

running 25 tests
test empty_inputs::given_no_files_then_empty_report ... ok
test empty_inputs::given_files_too_short_for_winnowing_then_no_pairs ... ok
test empty_inputs::given_single_file_then_no_pairs ... ok
test exclude_patterns::given_no_exclude_patterns_then_excluded_by_pattern_is_none ... ok
test completely_different_files::given_two_unrelated_files_then_no_pairs ... ok
test file_kind_filtering::given_child_kind_files_then_excluded_from_analysis ... ok
test identical_files::given_three_identical_files_then_three_pairs_one_cluster ... ok
test limits::given_custom_max_file_bytes_then_respected ... ok
test identical_files::given_two_identical_files_then_detected_as_near_duplicates ... ok
test limits::given_max_file_bytes_then_large_files_excluded ... ok
test exclude_patterns::given_exclude_pattern_then_matching_files_excluded ... ok
test limits::given_max_files_smaller_than_eligible_then_files_skipped ... ok
test limits::given_max_pairs_then_pairs_truncated_but_clusters_complete ... ok
test report_metadata::given_report_then_algorithm_constants_present ... ok
test pair_ordering::given_multiple_pairs_then_sorted_by_similarity_desc ... ok
test report_metadata::given_no_truncation_then_truncated_is_false ... ok
test report_metadata::given_report_then_params_reflect_inputs ... ok
test report_metadata::given_report_with_pairs_then_stats_present ... ok
test scope_partitioning::given_global_scope_then_files_across_modules_compared ... ok
test scope_partitioning::given_lang_scope_then_files_in_different_langs_not_compared ... ok
test scope_partitioning::given_module_scope_then_files_in_different_modules_not_compared ... ok
test slightly_different_files::given_files_sharing_most_tokens_then_not_detected_at_high_threshold ... ok
test slightly_different_files::given_files_sharing_most_tokens_then_detected_above_threshold ... ok
test threshold_behaviour::given_threshold_one_then_only_exact_duplicates ... ok
test threshold_behaviour::given_threshold_zero_then_all_candidate_pairs_emitted ... ok

test result: ok. 25 passed; 0 failed; 0 ignored; 0 measured; 0 filtered out; finished in 0.12s

     Running tests/deep.rs (target/debug/deps/deep-f7444be807a841f2)

running 13 tests
test fingerprint_counts_are_consistent_for_identical_files ... ok
test file_selection_prefers_highest_code_lines ... ok
test cluster_representative_with_asymmetric_star_topology ... ok
test different_sized_files_have_different_fingerprint_counts ... ok
test lang_scope_isolates_identical_files_with_different_languages ... ok
test global_scope_finds_cross_module_and_cross_lang_pairs ... ok
test module_scope_isolates_identical_files_in_different_modules ... ok
test four_identical_files_produce_six_pairs ... ok
test pair_paths_have_left_less_than_or_equal_to_right ... ok
test similarity_degrades_with_increasing_divergence ... ok
test ten_files_max_three_yields_seven_skipped ... ok
test threshold_boundary_includes_equal_similarity ... ok
test multiple_exclude_patterns_all_applied ... ok

test result: ok. 13 passed; 0 failed; 0 ignored; 0 measured; 0 filtered out; finished in 0.12s

     Running tests/deep2.rs (target/debug/deps/deep2-c2b4f1621abf4a86)

running 25 tests
test algorithm_constants_recorded_in_params ... ok
test cluster_serialization_roundtrip ... ok
test child_rows_excluded_from_analysis ... ok
test empty_export_produces_empty_report ... ok
test clusters_present_when_pairs_exist ... ok
test eligible_files_tracked_before_cap ... ok
test disjoint_identical_sets_produce_separate_clusters ... ok
test files_exceeding_max_file_bytes_excluded ... ok
test high_threshold_excludes_low_similarity ... ok
test lang_scope_pairs_same_language_files ... ok
test identical_files_have_similarity_one ... ok
test max_pairs_larger_than_actual_no_truncation ... ok
test exclude_pattern_count_tracked ... ok
test near_dup_scope_serialization_roundtrip ... ok
test pair_row_serialization_roundtrip ... ok
test max_pairs_truncation_sets_flag ... ok
test near_dup_report_serialization_roundtrip ... ok
test params_threshold_and_max_files_recorded ... ok
test scope_field_preserved_in_params ... ok
test pairs_sorted_by_similarity_descending ... ok
test shared_fingerprints_bounded_by_min_count ... ok
test single_file_produces_no_pairs ... ok
test similarity_bounded_zero_to_one ... ok
test stats_field_is_populated ... ok
test threshold_zero_captures_all_pairs ... ok

test result: ok. 25 passed; 0 failed; 0 ignored; 0 measured; 0 filtered out; finished in 0.18s

     Running tests/deep_neardup_round2_w51.rs (target/debug/deps/deep_neardup_round2_w51-7bd670633c95a91f)

running 12 tests
test completely_different::disjoint_content_no_pairs_at_high_threshold ... ok
test cluster_props::cluster_min_size_two ... ok
test cluster_props::cluster_files_sorted_alphabetically ... ok
test completely_different::many_unique_files_no_clusters ... ok
test identical_files::four_identical_files_form_single_cluster ... ok
test identical_files::identical_files_shared_fingerprints_equals_total ... ok
test slightly_different::high_overlap_detected_above_threshold ... ok
test identical_files::two_identical_files_similarity_near_one ... ok
test slightly_different::medium_overlap_has_moderate_similarity ... ok
test threshold_behavior::analyzed_plus_skipped_equals_eligible ... ok
test threshold_behavior::threshold_zero_includes_all_pairs ... ok
test threshold_behavior::higher_threshold_fewer_pairs ... ok

test result: ok. 12 passed; 0 failed; 0 ignored; 0 measured; 0 filtered out; finished in 0.07s

     Running tests/deep_neardup_w47.rs (target/debug/deps/deep_neardup_w47-8faec9527bbebdff)

running 15 tests
test edge_cases::no_files_empty_report ... ok
test edge_cases::empty_files_no_fingerprints ... ok
test edge_cases::very_short_files_below_kgram ... ok
test edge_cases::single_file_no_pairs ... ok
test different::completely_different_files_no_pairs_above_threshold ... ok
test identical::three_identical_files_form_cluster ... ok
test identical::identical_files_detected_as_duplicates ... ok
test edge_cases::max_pairs_truncation ... ok
test scope::global_scope_crosses_modules ... ok
test scope::module_scope_isolates_modules ... ok
test similar::partially_overlapping_files ... ok
test similar::similarity_degrades_monotonically ... ok
test prop_similarity_in_unit_range ... ok
test prop_files_analyzed_le_input ... ok
test prop_pairs_sorted_by_similarity_desc ... ok

test result: ok. 15 passed; 0 failed; 0 ignored; 0 measured; 0 filtered out; finished in 0.11s

     Running tests/deep_w38.rs (target/debug/deps/deep_w38-b41e74422d9aecd2)

running 31 tests
test child_files_excluded_from_analysis ... ok
test cluster_files_sorted_alphabetically ... ok
test cluster_representative_is_most_connected ... ok
test clusters_two_disjoint_groups ... ok
test empty_export_produces_empty_report ... ok
test completely_different_files_no_pairs ... ok
test eligible_files_count_is_set ... ok
test glob_no_patterns_means_no_exclusion ... ok
test identical_files_detected_as_duplicates ... ok
test limits_custom_values_stored ... ok
test limits_default_has_no_caps ... ok
test limits_max_file_bytes_excludes_large_files ... ok
test max_files_truncation ... ok
test max_pairs_truncation_sets_truncated_flag ... ok
test pairs_sorted_by_similarity_desc ... ok
test partially_overlapping_files_detected ... ok
test glob_exclude_all_files ... ok
test report_is_deterministic ... ok
test report_params_reflect_inputs ... ok
test report_stats_present ... ok
test glob_excludes_matching_files ... ok
test scope_global_compares_across_modules ... ok
test scope_module_does_not_compare_across_modules ... ok
test scope_lang_finds_same_language_pairs ... ok
test scope_lang_partitions_by_language ... ok
test scope_module_finds_intra_module_pairs ... ok
test threshold_one_accepts_identical ... ok
test winnow_short_files_produce_no_fingerprints ... ok
test threshold_one_requires_perfect_match ... ok
test threshold_zero_accepts_all_candidate_pairs ... ok
test clusters_with_many_files_chain ... ok

test result: ok. 31 passed; 0 failed; 0 ignored; 0 measured; 0 filtered out; finished in 0.15s

     Running tests/deep_w42.rs (target/debug/deps/deep_w42-6e857efdbaab462a)

running 14 tests
test child_rows_excluded ... ok
test empty_files_no_pairs ... ok
test high_threshold_filters_moderate_duplicates ... ok
test lang_scope_groups_by_language ... ok
test low_threshold_catches_moderate_duplicates ... ok
test exact_duplicates_similarity_near_one ... ok
test global_scope_finds_cross_module_dups ... ok
test module_scope_isolates_comparisons ... ok
test near_dup_report_serde_roundtrip ... ok
test one_line_files_too_short_for_fingerprinting ... ok
test max_pairs_truncates_output ... ok
test unique_files_no_pairs ... ok
test exclude_patterns_filter_files ... ok
test pairs_sorted_by_similarity_desc ... ok

test result: ok. 14 passed; 0 failed; 0 ignored; 0 measured; 0 filtered out; finished in 0.20s

     Running tests/deep_w68.rs (target/debug/deps/deep_w68-de51302deb8f5752)

running 15 tests
test child_rows_excluded ... ok
test different_files_no_pairs ... ok
test empty_export_empty_report ... ok
test identical_files_detected ... ok
test clusters_formed_from_identical_files ... ok
test deterministic_across_runs ... ok
test large_files_excluded_by_byte_limit ... ok
test lang_scope_isolates ... ok
test max_files_caps_analysis ... ok
test module_scope_isolates ... ok
test max_pairs_truncates ... ok
test single_file_no_pairs ... ok
test pairs_sorted_by_similarity_desc ... ok
test threshold_at_one_requires_perfect_match ... ok
test exclude_patterns_filter_files ... ok

test result: ok. 15 passed; 0 failed; 0 ignored; 0 measured; 0 filtered out; finished in 0.10s

     Running tests/determinism.rs (target/debug/deps/determinism-0fcad9f4387ee423)

running 9 tests
test cluster_completeness::given_identical_files_then_cluster_files_are_sorted_alphabetically ... ok
test cluster_completeness::given_two_separate_groups_then_two_clusters_sorted_by_max_similarity ... ok
test determinism::given_files_with_different_code_order_then_pairs_are_deterministic ... ok
test eligible_files::given_all_files_eligible_then_eligible_equals_analyzed ... ok
test determinism::given_same_input_when_run_three_times_then_all_outputs_identical ... ok
test eligible_files::given_some_files_oversized_then_eligible_less_than_total_rows ... ok
test stats_validation::given_empty_input_then_stats_has_zero_bytes ... ok
test eligible_files::given_max_files_caps_then_eligible_greater_than_analyzed ... ok
test stats_validation::given_report_then_stats_timing_is_present_and_non_negative ... ok

test result: ok. 9 passed; 0 failed; 0 ignored; 0 measured; 0 filtered out; finished in 0.16s

     Running tests/near_dup_depth_w56.rs (target/debug/deps/near_dup_depth_w56-c31efa1f5349a35c)

running 30 tests
test child_rows_are_excluded ... ok
test clusters_none_when_no_pairs ... ok
test completely_different_files_not_paired ... ok
test clusters_group_related_files ... ok
test cluster_files_are_sorted_alphabetically ... ok
test eligible_files_tracked_before_cap ... ok
test empty_files_produce_no_fingerprints ... ok
test empty_export_returns_no_pairs ... ok
test files_exceeding_max_file_bytes_excluded ... ok
test deterministic_across_runs ... ok
test global_scope_compares_across_modules ... ok
test identical_files_detected_as_duplicates ... ok
test lang_scope_only_compares_within_language ... ok
test higher_threshold_yields_fewer_pairs ... ok
test exclude_patterns_filter_files ... ok
test missing_files_on_disk_are_skipped_gracefully ... ok
test max_files_caps_analysis ... ok
test module_scope_only_compares_within_module ... ok
test params_capture_algorithm_constants ... ok
test max_pairs_truncates_output ... ok
test no_truncation_when_under_max_pairs ... ok
test short_files_below_kgram_threshold_not_paired ... ok
test serde_roundtrip_preserves_report ... ok
test pairs_sorted_by_similarity_desc_then_paths ... ok
test shared_fingerprints_consistent_with_similarity ... ok
test similarity_is_between_zero_and_one ... ok
test single_file_returns_no_pairs ... ok
test similarity_rounded_to_four_decimals ... ok
test stats_are_populated ... ok
test slightly_modified_files_detected_with_low_threshold ... ok

test result: ok. 30 passed; 0 failed; 0 ignored; 0 measured; 0 filtered out; finished in 0.12s

     Running tests/neardup_contract_w65.rs (target/debug/deps/neardup_contract_w65-110cc8df4ba9e5f1)

running 36 tests
test clustering::clusters_present_when_pairs_found ... ok
test clustering::cluster_representative_is_in_files ... ok
test clustering::cluster_files_sorted_alphabetically ... ok
test clustering::cluster_contains_all_pair_files ... ok
test clustering::no_clusters_when_no_pairs ... ok
test different::completely_different_files_no_pairs ... ok
test determinism::pairs_sorted_by_similarity_desc ... ok
test determinism::report_deterministic_across_runs ... ok
test different::different_files_with_low_threshold_may_match ... ok
test edge_cases::empty_export_yields_empty_report ... ok
test edge_cases::child_rows_excluded_from_analysis ... ok
test edge_cases::max_files_caps_analysis ... ok
test edge_cases::short_files_below_kgram_produce_no_fingerprints ... ok
test edge_cases::single_file_no_pairs ... ok
test exclusion::no_exclusion_yields_none ... ok
test identical::identical_similarity_near_one ... ok
test identical::two_identical_files_detected ... ok
test identical::three_identical_files_multiple_pairs ... ok
test params::params_reflect_inputs ... ok
test params::algorithm_constants_recorded ... ok
test partial_overlap::high_overlap_detected ... ok
test params::stats_present_in_report ... ok
test partial_overlap::similarity_score_bounded ... ok
test exclusion::glob_pattern_excludes_files ... ok
test scope::global_scope_finds_cross_language ... ok
test scope::lang_scope_separates_languages ... ok
test scope::module_scope_finds_same_module_dups ... ok
test scope::module_scope_separates_modules ... ok
test serialization::report_serializes_to_json ... ok
test threshold::high_threshold_filters_low_similarity ... ok
test threshold::threshold_one_only_exact_matches ... ok
test truncation::max_pairs_truncates_output ... ok
test truncation::no_truncation_when_under_limit ... ok
test properties::shared_fingerprints_le_min_individual ... ok
test properties::similarity_always_in_unit_interval ... ok
test properties::files_analyzed_le_eligible ... ok

test result: ok. 36 passed; 0 failed; 0 ignored; 0 measured; 0 filtered out; finished in 1.06s

     Running tests/neardup_depth_w62.rs (target/debug/deps/neardup_depth_w62-cc51586b2b8863cb)

running 41 tests
test algorithm_params_recorded ... ok
test child_rows_filtered_out ... ok
test cluster_files_sorted ... ok
test cluster_representative_most_connected ... ok
test determinism_same_clusters ... ok
test empty_export_no_pairs ... ok
test empty_files_no_fingerprints ... ok
test determinism_same_pairs ... ok
test eligible_files_reflects_pre_cap_count ... ok
test exact_dup_shared_fingerprints_equal_total ... ok
test determinism_serialization_stable ... ok
test exact_duplicates_three_files_form_one_cluster ... ok
test exact_duplicates_two_files ... ok
test exact_duplicates_similarity_is_one ... ok
test global_scope_finds_cross_module_dups ... ok
test lang_scope_finds_dups_within_same_lang ... ok
test lang_scope_isolates_languages ... ok
test exclude_patterns_reduce_analyzed ... ok
test max_file_bytes_excludes_large_files ... ok
test higher_threshold_fewer_or_equal_pairs ... ok
test missing_file_on_disk_graceful ... ok
test max_files_limits_analysis ... ok
test moderate_similarity_detected_at_low_threshold ... ok
test module_scope_finds_dups_within_same_module ... ok
test params_recorded_in_report ... ok
test max_pairs_truncation ... ok
test module_scope_isolates_modules ... ok
test many_unique_files_no_pairs ... ok
test prop_similarity_in_0_1 ... ok
test prop_cluster_file_count_ge_pair_files ... ok
test single_file_no_pairs ... ok
test prop_identical_similarity_is_one ... ok
test single_file_with_module_scope ... ok
test threshold_0_catches_all_pairs ... ok
test stats_timing_populated ... ok
test threshold_1_only_exact_matches ... ok
test very_short_files_below_kgram ... ok
test whitespace_only_files_no_pairs ... ok
test prop_pairs_sorted_by_similarity_desc ... ok
test twenty_identical_files ... ok
test prop_similarity_symmetric ... ok

test result: ok. 41 passed; 0 failed; 0 ignored; 0 measured; 0 filtered out; finished in 0.16s

     Running tests/neardup_w74.rs (target/debug/deps/neardup_w74-dc5ca767d21f65f2)

running 10 tests
test default_limits_are_none ... ok
test empty_export_yields_no_pairs ... ok
test report_not_truncated_when_under_limit ... ok
test files_exceeding_max_file_bytes_are_excluded ... ok
test report_params_reflect_inputs ... ok
test scope_global_is_default_variant ... ok
test scope_lang_variant_exists ... ok
test scope_module_variant_exists ... ok
test single_file_yields_no_pairs ... ok
test exclude_patterns_filter_files ... ok

test result: ok. 10 passed; 0 failed; 0 ignored; 0 measured; 0 filtered out; finished in 0.08s

     Running tests/properties.rs (target/debug/deps/properties-fce76c189e3a0d14)

running 9 tests
test cluster_files_sorted ... ok
test clusters_have_at_least_two_files ... ok
test analyzed_plus_skipped_equals_eligible ... ok
test higher_threshold_fewer_or_equal_pairs ... ok
test pairs_sorted_descending ... ok
test report_never_errors ... ok
test shared_fingerprints_bounded ... ok
test idempotent_report ... ok
test similarity_in_unit_range ... ok

test result: ok. 9 passed; 0 failed; 0 ignored; 0 measured; 0 filtered out; finished in 0.18s

     Running tests/unit.rs (target/debug/deps/unit-1c58164368d3bba6)

running 17 tests
test empty_export_produces_empty_report ... ok
test child_file_rows_are_excluded ... ok
test dissimilar_files_produce_no_pairs ... ok
test identical_files_are_detected ... ok
test max_file_bytes_filters_large_files ... ok
test clustering_groups_connected_files ... ok
test exclude_patterns_filter_files ... ok
test lang_scope_partitions_by_language ... ok
test max_files_caps_file_count ... ok
test module_scope_partitions_files ... ok
test report_params_reflect_configuration ... ok
test output_is_deterministic ... ok
test short_files_produce_no_pairs ... ok
test pairs_sorted_by_similarity_desc_then_path ... ok
test single_file_produces_no_pairs ... ok
test max_pairs_truncates_and_sets_flag ... ok
test slightly_different_files_pair_above_threshold ... ok

test result: ok. 17 passed; 0 failed; 0 ignored; 0 measured; 0 filtered out; finished in 0.11s

     Running unittests src/lib.rs (target/debug/deps/tokmd_analysis_topics-73222a55e5e3dffa)

running 1 test
test tests::topic_clouds_are_deterministic ... ok

test result: ok. 1 passed; 0 failed; 0 ignored; 0 measured; 0 filtered out; finished in 0.00s

     Running tests/bdd.rs (target/debug/deps/bdd-65ec3c9c63e613df)

running 22 tests
test given_backslash_paths_then_segments_are_split_correctly ... ok
test given_any_input_then_all_scores_are_non_negative ... ok
test given_compound_filename_then_split_into_tokens ... ok
test given_common_term_across_all_modules_then_lower_score_than_unique_term ... ok
test given_extension_stopwords_then_they_are_excluded ... ok
test given_file_with_more_tokens_then_higher_tf ... ok
test given_many_unique_terms_then_per_module_truncated_to_at_most_8 ... ok
test given_many_unique_terms_then_overall_truncated_to_at_most_8 ... ok
test given_mixed_case_path_then_terms_are_lowercased ... ok
test given_module_roots_then_they_become_stopwords ... ok
test given_multiple_modules_then_per_module_maps_are_separate ... ok
test given_multiple_terms_then_overall_sorted_descending_by_score ... ok
test given_no_rows_then_overall_is_empty ... ok
test given_only_child_rows_then_topics_are_empty ... ok
test given_path_with_stopwords_then_they_are_excluded ... ok
test given_single_file_then_overall_matches_module ... ok
test given_single_file_then_path_segments_appear_as_topics ... ok
test given_same_input_twice_then_identical_output ... ok
test given_term_in_single_module_then_high_idf ... ok
test given_term_in_two_modules_then_df_is_two ... ok
test given_term_repeated_in_same_module_then_df_counts_files ... ok
test given_zero_tokens_then_weight_is_at_least_one ... ok

test result: ok. 22 passed; 0 failed; 0 ignored; 0 measured; 0 filtered out; finished in 0.00s

     Running tests/deep.rs (target/debug/deps/deep-97991123952d3769)

running 15 tests
test consecutive_separators_no_empty_terms ... ok
test backslash_and_forward_slash_paths_equivalent ... ok
test deeply_nested_path_extracts_all_non_stopword_segments ... ok
test df_counts_files_not_token_frequency ... ok
test base_stopwords_filter_common_directories ... ok
test mixed_case_normalizes_to_lowercase ... ok
test numeric_path_segments_produce_valid_terms ... ok
test per_module_keys_are_lexicographically_sorted ... ok
test single_file_overall_equals_per_module ... ok
test tf_accumulates_across_files_in_same_module ... ok
test u32_max_tokens_does_not_overflow ... ok
test all_documented_extensions_are_stopwords ... ok
test top_k_preserves_highest_scoring_terms ... ok
test ubiquitous_term_has_lower_idf_than_rare_term ... ok
test determinism_with_many_modules ... ok

test result: ok. 15 passed; 0 failed; 0 ignored; 0 measured; 0 filtered out; finished in 0.00s

     Running tests/deep2.rs (target/debug/deps/deep2-c9a1fda7cbc0d6f5)

running 25 tests
test empty_export_produces_empty_clouds ... ok
test child_rows_excluded ... ok
test df_at_least_one ... ok
test df_tracks_file_count_across_modules ... ok
test empty_path_segments_ignored ... ok
test higher_token_count_produces_higher_tf ... ok
test idf_formula_correctness ... ok
test module_roots_are_stopwords ... ok
test multi_language_repo_extracts_terms_from_all_languages ... ok
test overall_terms_sorted_by_score_descending ... ok
test path_with_only_stopwords_produces_no_terms ... ok
test score_always_positive ... ok
test multiple_runs_produce_identical_results ... ok
test serialization_preserves_per_module_keys ... ok
test per_module_terms_sorted_by_score_descending ... ok
test tf_always_positive ... ok
test single_module_overall_matches_per_module ... ok
test single_file_many_segments_truncated ... ok
test single_language_repo_has_module_entries ... ok
test topic_term_serialization_roundtrip ... ok
test topic_clouds_serialization_roundtrip ... ok
test unicode_path_segments_lowercased ... ok
test top_k_limit_applied_per_module ... ok
test top_k_limit_applied_to_overall ... ok
test zero_token_file_uses_minimum_weight ... ok

test result: ok. 25 passed; 0 failed; 0 ignored; 0 measured; 0 filtered out; finished in 0.01s

     Running tests/deep_topics_w49.rs (target/debug/deps/deep_topics_w49-b413dc70c96a8ba6)

running 12 tests
test df_counts_files_not_occurrences ... ok
test common_terms_have_lower_idf ... ok
test case_insensitive_module_root_stopword ... ok
test higher_tokens_increase_tf ... ok
test idf_formula_verified ... ok
test mixed_parent_child_only_parents_counted ... ok
test overall_aggregates_cross_module_tf ... ok
test per_module_sort_order ... ok
test zero_token_rows_contribute_with_weight_one ... ok
test single_file_one_module ... ok
test serde_roundtrip_preserves_all_fields ... ok
test properties::all_scores_non_negative ... ok

test result: ok. 12 passed; 0 failed; 0 ignored; 0 measured; 0 filtered out; finished in 0.48s

     Running tests/deep_w38.rs (target/debug/deps/deep_w38-9aaba85c43304875)

running 24 tests
test backslash_normalized_to_forward_slash ... ok
test child_rows_excluded_from_topics ... ok
test all_scores_positive ... ok
test df_counts_files_not_modules ... ok
test empty_export_empty_topics ... ok
test common_stopwords_filtered ... ok
test build_topic_clouds_deterministic ... ok
test empty_parts_in_path_skipped ... ok
test file_extensions_are_stopwords ... ok
test fewer_than_8_terms_not_padded ... ok
test module_roots_are_stopwords ... ok
test path_with_multiple_separators ... ok
test overall_sorted_by_score_desc ... ok
test per_module_keys_match_modules ... ok
test score_zero_tf_produces_zero_score ... ok
test overall_truncated_to_at_most_8 ... ok
test rare_term_has_higher_score_than_common ... ok
test single_file_produces_topics ... ok
test single_module_idf_is_ln2_plus_one ... ok
test ties_broken_by_term_name_ascending ... ok
test per_module_truncated_to_at_most_8 ... ok
test two_modules_term_in_both_has_low_idf ... ok
test unicode_in_path_lowercased ... ok
test weight_from_tokens_boosts_large_files ... ok

test result: ok. 24 passed; 0 failed; 0 ignored; 0 measured; 0 filtered out; finished in 0.00s

     Running tests/deep_w42.rs (target/debug/deps/deep_w42-3688d8f4e999001a)

running 11 tests
test empty_export_produces_empty_topics ... ok
test all_scores_positive ... ok
test backslash_paths_normalised ... ok
test child_rows_excluded_from_topics ... ok
test module_roots_are_stopwords ... ok
test stopwords_filtered_from_topics ... ok
test per_module_clouds_separate ... ok
test underscore_and_hyphen_splitting ... ok
test overall_capped_at_top_k ... ok
test topic_clouds_deterministic ... ok
test topic_clouds_serde_roundtrip ... ok

test result: ok. 11 passed; 0 failed; 0 ignored; 0 measured; 0 filtered out; finished in 0.01s

     Running tests/deep_w68.rs (target/debug/deps/deep_w68-9c5ca6861c14f150)

running 20 tests
test backslash_paths_normalized ... ok
test child_rows_excluded_from_topics ... ok
test empty_export_produces_empty_clouds ... ok
test df_counts_files_where_term_appears ... ok
test file_extensions_filtered ... ok
test higher_token_weight_increases_score ... ok
test module_roots_become_stopwords ... ok
test idf_boosts_rare_terms_same_tf ... ok
test multi_language_repo_produces_topics ... ok
test per_module_scores_sorted_descending ... ok
test overall_scores_sorted_descending ... ok
test scores_are_positive ... ok
test per_module_topics_isolated ... ok
test stopwords_filtered_from_topics ... ok
test single_file_produces_topic ... ok
test tf_reflects_token_weight ... ok
test top_k_truncation_overall ... ok
test topic_ordering_is_deterministic ... ok
test top_k_truncation_per_module ... ok
test underscores_and_hyphens_split_tokens ... ok

test result: ok. 20 passed; 0 failed; 0 ignored; 0 measured; 0 filtered out; finished in 0.00s

     Running tests/edge_cases.rs (target/debug/deps/edge_cases-778cb603dca3cb90)

running 10 tests
test given_files_in_different_languages_when_extracted_then_topics_are_language_agnostic ... ok
test given_go_file_extension_when_extracted_then_go_is_stopped ... ok
test given_long_compound_filename_when_extracted_then_all_parts_tokenized ... ok
test given_python_file_extension_when_extracted_then_py_is_stopped ... ok
test given_multiple_module_roots_when_extracted_then_all_are_stopwords ... ok
test given_row_with_only_stopwords_when_extracted_then_no_topics ... ok
test given_multi_module_input_when_extracted_twice_then_identical_output ... ok
test given_many_unique_terms_across_modules_when_extracted_then_overall_at_most_8 ... ok
test given_term_in_three_files_across_two_modules_when_extracted_then_df_is_three ... ok
test given_zero_token_row_when_extracted_then_weight_is_clamped_to_one ... ok

test result: ok. 10 passed; 0 failed; 0 ignored; 0 measured; 0 filtered out; finished in 0.00s

     Running tests/properties.rs (target/debug/deps/properties-0b1cb4605466d165)

running 12 tests
test child_rows_are_ignored ... ok
test all_scores_are_non_negative ... ok
test all_scores_are_finite ... ok
test all_terms_are_lowercase ... ok
test empty_rows_produce_empty_clouds ... ok
test deterministic_across_runs ... ok
test overall_sorted_descending_by_score ... ok
test overall_len_at_most_top_k ... ok
test df_is_positive_and_bounded_by_parent_row_count ... ok
test per_module_len_at_most_top_k ... ok
test tf_is_positive_for_every_term ... ok
test per_module_sorted_descending_by_score ... ok

test result: ok. 12 passed; 0 failed; 0 ignored; 0 measured; 0 filtered out; finished in 1.60s

     Running tests/topics_depth_w56.rs (target/debug/deps/topics_depth_w56-440e1a3e7fb275ca)

running 34 tests
test backslash_paths_are_normalized ... ok
test empty_export_produces_empty_clouds ... ok
test document_frequency_counts_distinct_files ... ok
test deterministic_across_multiple_runs ... ok
test empty_path_segments_are_skipped ... ok
test extracts_terms_from_simple_paths ... ok
test extracts_terms_split_on_underscores_and_hyphens ... ok
test extracts_terms_from_nested_directory_structure ... ok
test file_extensions_are_filtered_as_stopwords ... ok
test idf_penalizes_ubiquitous_terms ... ok
test mixed_language_project_produces_meaningful_topics ... ok
test module_roots_are_filtered_as_stopwords ... ok
test module_specific_term_has_df_one ... ok
test modules_with_higher_token_weights_rank_higher ... ok
test only_child_rows_produce_empty_clouds ... ok
test overall_cloud_aggregates_across_modules ... ok
test overall_cloud_also_limited_to_top_k ... ok
test path_with_only_stopwords_produces_no_terms ... ok
test overall_sort_order_is_score_desc_then_term_asc ... ok
test per_module_cloud_limited_to_top_k ... ok
test score_is_positive_for_valid_terms ... ok
test python_extension_filtered_as_stopword ... ok
test serde_roundtrip_preserves_clouds ... ok
test single_file_produces_topics ... ok
test sort_order_is_score_desc_then_term_asc ... ok
test single_module_has_idf_of_one ... ok
test stopwords_are_filtered_out ... ok
test term_frequency_accumulates_across_files_in_module ... ok
test term_appearing_in_all_modules_has_high_df ... ok
test terms_are_lowercased ... ok
test typescript_extension_filtered_as_stopword ... ok
test very_large_token_count_does_not_overflow ... ok
test zero_token_files_contribute_with_weight_one ... ok
test massive_number_of_files_still_capped ... ok

test result: ok. 34 passed; 0 failed; 0 ignored; 0 measured; 0 filtered out; finished in 0.03s

     Running tests/topics_w74.rs (target/debug/deps/topics_w74-fa6ee3993178c826)

running 10 tests
test empty_export_yields_empty_topics ... ok
test file_extensions_are_stopwords ... ok
test common_dirs_are_stopwords ... ok
test module_topics_contain_relevant_terms ... ok
test overall_topics_are_populated ... ok
test topic_terms_have_positive_scores ... ok
test topic_clouds_are_deterministic ... ok
test topics_are_grouped_by_module ... ok
test topics_from_path_tokens ... ok
test top_k_limits_per_module_terms ... ok

test result: ok. 10 passed; 0 failed; 0 ignored; 0 measured; 0 filtered out; finished in 0.00s

     Running tests/unit.rs (target/debug/deps/unit-372e036f7c5bc9f8)

running 15 tests
test deeply_nested_path_extracts_all_segments ... ok
test duplicate_paths_accumulate_tf ... ok
test empty_path_segments_are_skipped ... ok
test high_token_file_dominates_tf_in_module ... ok
test mixed_parent_child_rows_only_parents_contribute ... ok
test common_extensions_are_stopped ... ok
test many_modules_each_get_per_module_entry ... ok
test module_roots_case_insensitive_stopword ... ok
test overall_tf_sums_across_modules ... ok
test path_with_only_stopwords_yields_no_contribution ... ok
test per_module_keys_match_input_modules ... ok
test single_module_idf_is_constant ... ok
test per_module_sorted_descending_by_score_then_term ... ok
test very_large_token_count_does_not_panic ... ok
test unique_term_has_higher_idf_than_ubiquitous_term ... ok

test result: ok. 15 passed; 0 failed; 0 ignored; 0 measured; 0 filtered out; finished in 0.00s

     Running unittests src/lib.rs (target/debug/deps/tokmd_analysis_types-f1c01ed9ea3c8d88)

running 20 tests
test tests::analysis_schema_version_constant ... ok
test tests::baseline_metrics_default_is_zeroed ... ok
test tests::baseline_version_constant ... ok
test tests::complexity_baseline_default ... ok
test tests::complexity_baseline_new_equals_default ... ok
test tests::complexity_histogram_to_ascii_empty_counts ... ok
test tests::complexity_histogram_to_ascii_basic ... ok
test tests::complexity_risk_serde_roundtrip ... ok
test tests::complexity_risk_uses_snake_case ... ok
test tests::entropy_class_uses_snake_case ... ok
test tests::entropy_class_serde_roundtrip ... ok
test tests::license_source_kind_serde_roundtrip ... ok
test tests::complexity_baseline_serde_roundtrip ... ok
test tests::technical_debt_level_serde_roundtrip ... ok
test tests::eco_label_serde_roundtrip ... ok
test tests::timestamp_epoch ... ok
test tests::timestamp_with_millis ... ok
test tests::trend_class_serde_roundtrip ... ok
test tests::trend_class_uses_snake_case ... ok
test tests::topic_term_serde_roundtrip ... ok

test result: ok. 20 passed; 0 failed; 0 ignored; 0 measured; 0 filtered out; finished in 0.00s

     Running tests/analysis_types_depth_w56.rs (target/debug/deps/analysis_types_depth_w56-6330cf75b8774fce)

running 33 tests
test baseline_version_is_1 ... ok
test commit_intent_counts_default_is_zeroed ... ok
test analysis_schema_version_is_8 ... ok
test commit_intent_counts_increment ... ok
test commit_intent_all_kinds_increment ... ok
test complexity_baseline_from_receipt_without_complexity ... ok
test complexity_baseline_from_receipt_with_complexity ... ok
test complexity_histogram_ascii_nonempty ... ok
test envelope_schema_is_sensor_report_v1 ... ok
test envelope_type_aliases_work ... ok
test coupling_row_optional_fields_skip_when_none ... ok
test coupling_row_optional_fields_present_when_some ... ok
test minimal_receipt_has_no_optional_sections ... ok
test minimal_receipt_serializes_to_json ... ok
test api_surface_report_roundtrip ... ok
test minimal_receipt_json_roundtrip ... ok
test near_dup_report_truncated_default_false ... ok
test near_dup_scope_default_is_module ... ok
test near_dup_scope_serde_roundtrip ... ok
test near_dup_scope_uses_kebab_case ... ok
test receipt_json_keys_are_snake_case ... ok
test receipt_preset_stored_in_args ... ok
test receipt_null_optional_fields_deserialize ... ok
test receipt_schema_version_matches_constant ... ok
test receipt_source_fields_preserved ... ok
test receipt_with_archetype ... ok
test receipt_with_complexity_report ... ok
test full_receipt_json_roundtrip_fidelity ... ok
test scan_status_serde_roundtrip ... ok
test technical_debt_level_serde_roundtrip ... ok
test receipt_with_git_report ... ok
test verdict_default_is_pass ... ok
test receipt_with_derived_roundtrip ... ok

test result: ok. 33 passed; 0 failed; 0 ignored; 0 measured; 0 filtered out; finished in 0.11s

     Running tests/analysis_types_depth_w61.rs (target/debug/deps/analysis_types_depth_w61-038bef62264923e4)

running 50 tests
test analysis_receipt_json_contains_schema_version ... ok
test api_surface_report_serde_roundtrip ... ok
test analysis_receipt_minimal_roundtrip ... ok
test analysis_receipt_scan_status_partial ... ok
test analysis_receipt_with_warnings_roundtrip ... ok
test baseline_from_analysis_no_complexity ... ok
test baseline_new_matches_default ... ok
test baseline_from_analysis_with_complexity ... ok
test baseline_version_is_1 ... ok
test commit_intent_counts_default_is_zeroed ... ok
test code_age_distribution_serde_roundtrip ... ok
test commit_intent_counts_increment_all_kinds ... ok
test commit_intent_counts_increments_total ... ok
test complexity_risk_all_variants_roundtrip ... ok
test coupling_row_without_normalization_skips_fields ... ok
test commit_intent_report_serde_roundtrip ... ok
test coupling_row_with_normalization_roundtrip ... ok
test determinism_baseline_serde_roundtrip ... ok
test determinism_baseline_without_cargo_lock ... ok
test entropy_class_all_variants_roundtrip ... ok
test envelope_schema_constant_format ... ok
test finding_severity_all_variants_roundtrip ... ok
test function_complexity_detail_minimal ... ok
test function_complexity_detail_full_roundtrip ... ok
test halstead_metrics_serde_roundtrip ... ok
test gate_results_serde_roundtrip ... ok
test histogram_ascii_all_zero_no_panic ... ok
test histogram_ascii_lines_equal_counts_len ... ok
test histogram_ascii_single_bucket ... ok
test license_source_kind_all_variants_roundtrip ... ok
test maintainability_index_serde_roundtrip ... ok
test maintainability_index_without_halstead ... ok
test near_dup_algorithm_serde_roundtrip ... ok
test near_dup_cluster_serde_roundtrip ... ok
test near_dup_scope_all_variants_roundtrip ... ok
test near_dup_scope_default_is_module ... ok
test near_dup_scope_uses_kebab_case ... ok
test near_dup_stats_serde_roundtrip ... ok
test prop_histogram_bucket_preserved ... ok
test prop_near_dup_scope_roundtrip ... ok
test schema_version_is_8 ... ok
test sensor_report_alias_serde_roundtrip ... ok
test technical_debt_level_all_variants_roundtrip ... ok
test technical_debt_ratio_serde_roundtrip ... ok
test trend_class_all_variants_roundtrip ... ok
test verdict_all_variants_roundtrip ... ok
test verdict_default_is_pass ... ok
test prop_complexity_risk_roundtrip ... ok
test prop_entropy_class_roundtrip ... ok
test prop_topic_term_score_preserved ... ok

test result: ok. 50 passed; 0 failed; 0 ignored; 0 measured; 0 filtered out; finished in 0.05s

     Running tests/baseline.rs (target/debug/deps/baseline-75b2ee7201928ed6)

running 4 tests
test complexity_baseline_new_defaults ... ok
test complexity_baseline_from_analysis_with_complexity ... ok
test complexity_baseline_from_analysis_without_complexity ... ok
test complexity_histogram_to_ascii_formats_lines ... ok

test result: ok. 4 passed; 0 failed; 0 ignored; 0 measured; 0 filtered out; finished in 0.00s

     Running tests/coverage_expansion.rs (target/debug/deps/coverage_expansion-ee5e0d98807b7bc5)

running 20 tests
test commit_intent_counts_default_is_zeroed ... ok
test commit_intent_counts_increment_all_kinds ... ok
test analysis_source_all_fields_roundtrip ... ok
test analysis_args_meta_all_fields_roundtrip ... ok
test complexity_histogram_empty_counts ... ok
test complexity_histogram_single_bucket ... ok
test complexity_baseline_serde_roundtrip ... ok
test complexity_risk_all_variants_snake_case ... ok
test complexity_report_minimal_roundtrip ... ok
test api_surface_report_roundtrip ... ok
test fun_report_none_eco_roundtrip ... ok
test duplicate_report_roundtrip ... ok
test fun_report_with_eco_label_roundtrip ... ok
test near_dup_scope_all_variants_roundtrip ... ok
test near_dup_scope_default_is_module ... ok
test git_report_roundtrip ... ok
test technical_debt_level_all_variants_snake_case ... ok
test topic_clouds_btreemap_keys_are_sorted ... ok
test receipt_with_archetype_roundtrip ... ok
test receipt_double_roundtrip_is_stable ... ok

test result: ok. 20 passed; 0 failed; 0 ignored; 0 measured; 0 filtered out; finished in 0.01s

     Running tests/feature_stability_w53.rs (target/debug/deps/feature_stability_w53-d418424d5f9f32b1)

running 0 tests

test result: ok. 0 passed; 0 failed; 0 ignored; 0 measured; 0 filtered out; finished in 0.00s

     Running tests/properties.rs (target/debug/deps/properties-dac6bd91b91eab7c)

running 35 tests
test bus_factor_row_roundtrip ... ok
test churn_trend_roundtrip ... ok
test cocomo_report_roundtrip ... ok
test asset_file_row_roundtrip ... ok
test boilerplate_report_roundtrip ... ok
test context_window_report_roundtrip ... ok
test derived_totals_roundtrip ... ok
test archetype_roundtrip ... ok
test distribution_report_roundtrip ... ok
test domain_stat_roundtrip ... ok
test coupling_row_roundtrip ... ok
test entropy_class_roundtrip ... ok
test entropy_class_snake_case ... ok
test eco_label_roundtrip ... ok
test hotspot_row_roundtrip ... ok
test import_edge_roundtrip ... ok
test entropy_finding_roundtrip ... ok
test license_source_kind_roundtrip ... ok
test duplicate_group_roundtrip ... ok
test near_dup_algorithm_roundtrip ... ok
test integrity_report_roundtrip ... ok
test license_finding_roundtrip ... ok
test lockfile_report_roundtrip ... ok
test near_dup_stats_roundtrip ... ok
test ratio_row_roundtrip ... ok
test polyglot_report_roundtrip ... ok
test schema_version_is_valid ... ok
test reading_time_report_roundtrip ... ok
test near_dup_pair_row_roundtrip ... ok
test test_density_report_roundtrip ... ok
test todo_report_roundtrip ... ok
test trend_class_roundtrip ... ok
test trend_class_snake_case ... ok
test topic_term_roundtrip ... ok
test near_dup_cluster_roundtrip ... ok

test result: ok. 35 passed; 0 failed; 0 ignored; 0 measured; 0 filtered out; finished in 0.34s

     Running tests/proptest_w69.rs (target/debug/deps/proptest_w69-ec35f1897e99aeb9)

running 20 tests
test analysis_schema_version_value ... ok
test analysis_preset_names_valid ... ok
test baseline_metrics_default_zeroed ... ok
test baseline_version_value ... ok
test commit_intent_counts_increment ... ok
test commit_intent_counts_total_equals_sum ... ok
test complexity_baseline_default_version ... ok
test complexity_risk_roundtrip ... ok
test analysis_receipt_minimal_roundtrip ... ok
test entropy_class_roundtrip ... ok
test analysis_receipt_archetype_roundtrip ... ok
test eco_label_roundtrip ... ok
test near_dup_scope_roundtrip ... ok
test license_source_kind_roundtrip ... ok
test technical_debt_level_roundtrip ... ok
test domain_stat_roundtrip ... ok
test trend_class_roundtrip ... ok
test ratio_row_serde_roundtrip ... ok
test topic_term_serde_roundtrip ... ok
test ratio_row_bounded ... ok

test result: ok. 20 passed; 0 failed; 0 ignored; 0 measured; 0 filtered out; finished in 0.16s

     Running tests/schema_compliance_w53.rs (target/debug/deps/schema_compliance_w53-2ec222c0bf462849)

running 14 tests
test analysis_receipt_json_has_required_fields ... ok
test analysis_receipt_schema_version_in_json ... ok
test analysis_schema_version_matches_documented_value ... ok
test analysis_schema_version_is_positive ... ok
test analysis_source_structure ... ok
test archetype_serializes_correctly ... ok
test entropy_report_serializes_correctly ... ok
test fun_report_serializes_correctly ... ok
test missing_enrichments_serialize_as_null ... ok
test preset_metadata_in_args ... ok
test topic_clouds_serializes_correctly ... ok
test complexity_risk_serde_roundtrip ... ok
test analysis_receipt_roundtrip ... ok
test analysis_receipt_with_enrichments_roundtrip ... ok

test result: ok. 14 passed; 0 failed; 0 ignored; 0 measured; 0 filtered out; finished in 0.07s

     Running tests/schema_contract.rs (target/debug/deps/schema_contract-de0638f946378ff9)

running 13 tests
test analysis_schema_version_pinned ... ok
test analysis_schema_version_is_positive ... ok
test baseline_version_pinned ... ok
test entropy_report_serializable ... ok
test archetype_serializable ... ok
test fun_report_serializable ... ok
test import_report_serializable ... ok
test analysis_receipt_json_roundtrip ... ok
test analysis_receipt_with_all_none_enrichers_roundtrips ... ok
test schema_version_field_in_json ... ok
test unknown_fields_in_json_are_tolerated ... ok
test preset_names_stable ... ok
test properties::analysis_receipt_roundtrip ... ok

test result: ok. 13 passed; 0 failed; 0 ignored; 0 measured; 0 filtered out; finished in 0.06s

     Running tests/schema_contract_w66.rs (target/debug/deps/schema_contract_w66-605660c5ab484679)

running 20 tests
test analysis_args_meta_field_names_stable ... ok
test analysis_receipt_envelope_has_schema_version ... ok
test analysis_receipt_required_fields_present ... ok
test analysis_receipt_missing_optional_sections_ok ... ok
test analysis_receipt_ignores_extra_fields ... ok
test analysis_receipt_json_roundtrip ... ok
test analysis_schema_version_value ... ok
test analysis_schema_version_is_positive ... ok
test baseline_version_is_positive ... ok
test commit_intent_kind_all_variants_roundtrip ... ok
test complexity_risk_serializes_snake_case ... ok
test entropy_class_serializes_snake_case ... ok
test license_source_kind_serializes_snake_case ... ok
test analysis_receipt_with_all_optional_sections_roundtrip ... ok
test near_dup_scope_serializes_kebab_case ... ok
test complexity_baseline_json_roundtrip ... ok
test near_duplicate_report_json_roundtrip ... ok
test technical_debt_level_serializes_snake_case ... ok
test trend_class_serializes_snake_case ... ok
test topic_clouds_json_roundtrip ... ok

test result: ok. 20 passed; 0 failed; 0 ignored; 0 measured; 0 filtered out; finished in 0.19s

     Running tests/schema_validation.rs (target/debug/deps/schema_validation-d1f29b82a7564a4a)

running 15 tests
test analysis_args_meta_optional_fields_null_when_none ... ok
test analysis_receipt_json_contains_source_fields ... ok
test analysis_receipt_json_contains_required_envelope_fields ... ok
test analysis_receipt_json_contains_args_fields ... ok
test analysis_receipt_optional_sections_serialize_as_null ... ok
test analysis_receipt_schema_version_field_matches_constant ... ok
test analysis_receipt_top_level_keys_are_known ... ok
test analysis_schema_version_matches_expected ... ok
test analysis_source_optional_fields_absent_when_none ... ok
test analysis_source_roundtrip ... ok
test baseline_version_matches_expected ... ok
test analysis_args_meta_roundtrip ... ok
test scan_status_values_in_analysis_context ... ok
test analysis_receipt_roundtrip_preserves_null_optional_fields ... ok
test analysis_receipt_roundtrip ... ok

test result: ok. 15 passed; 0 failed; 0 ignored; 0 measured; 0 filtered out; finished in 0.02s

     Running tests/serde_compat_v2.rs (target/debug/deps/serde_compat_v2-6d35ccb90a4fbef0)

running 22 tests
test artifact_type_field_serializes_as_type ... ok
test churn_trend_roundtrip_with_classification ... ok
test artifact_type_field_deserializes_from_type_key ... ok
test artifact_roundtrip_preserves_type_rename ... ok
test code_age_distribution_uses_trend_class ... ok
test complexity_risk_all_variants_snake_case ... ok
test entropy_class_all_variants_snake_case ... ok
test entropy_finding_roundtrip ... ok
test envelope_capability_state_all_variants_lowercase ... ok
test envelope_re_export_aliases_are_same_type ... ok
test file_complexity_roundtrip_with_risk_level ... ok
test finding_severity_all_variants_lowercase ... ok
test near_dup_scope_all_variants_kebab_case ... ok
test license_source_kind_all_variants_snake_case ... ok
test near_dup_scope_default_is_module ... ok
test near_dup_params_roundtrip_with_scope ... ok
test sensor_report_roundtrip_with_verdict_and_severity ... ok
test technical_debt_ratio_roundtrip ... ok
test technical_debt_level_all_variants_snake_case ... ok
test trend_class_all_variants_snake_case ... ok
test verdict_all_variants_lowercase ... ok
test verdict_default_is_pass ... ok

test result: ok. 22 passed; 0 failed; 0 ignored; 0 measured; 0 filtered out; finished in 0.03s

     Running unittests src/lib.rs (target/debug/deps/tokmd_analysis_util-dd1012586a51c2e8)

running 11 tests
test tests::is_infra_lang_case_insensitive ... ok
test tests::is_infra_lang_known_infra_detected ... ok
test tests::is_infra_lang_code_langs_not_infra ... ok
test tests::normalize_path_is_deterministic ... ok
test tests::normalize_path_replaces_backslashes_and_leading_dot_slash ... ok
test tests::is_test_path_known_test_dirs_detected ... ok
test tests::is_test_path_file_patterns_detected ... ok
test tests::is_test_path_case_insensitive_for_dirs ... ok
test tests::path_depth_ignores_empty_segments ... ok
test tests::path_depth_always_at_least_one ... ok
test tests::path_depth_counts_segments ... ok

test result: ok. 11 passed; 0 failed; 0 ignored; 0 measured; 0 filtered out; finished in 0.15s

     Running tests/bdd.rs (target/debug/deps/bdd-552b52d016552cdb)

running 52 tests
test analysis_limits_clone_produces_equal_copy ... ok
test empty_file_row_all_zeros_and_empty ... ok
test gini_coefficient_all_zeros ... ok
test analysis_limits_default_has_all_none ... ok
test gini_coefficient_empty ... ok
test analysis_limits_can_be_constructed_with_values ... ok
test gini_coefficient_single_element ... ok
test gini_coefficient_skewed ... ok
test gini_coefficient_uniform ... ok
test is_infra_lang_case_insensitive ... ok
test is_infra_lang_detects_all_known_infra_languages ... ok
test is_infra_lang_empty_string ... ok
test is_infra_lang_rejects_code_languages ... ok
test is_test_path_case_insensitive ... ok
test is_test_path_detects_dot_spec_dot ... ok
test is_test_path_detects_dot_test_dot ... ok
test is_test_path_detects_dunder_tests ... ok
test is_test_path_detects_prefix_test_underscore ... ok
test is_test_path_detects_spec_directory ... ok
test is_test_path_detects_specs_directory ... ok
test is_test_path_detects_suffix_test_rs ... ok
test is_test_path_detects_test_directory ... ok
test is_test_path_detects_tests_directory ... ok
test is_test_path_empty_string ... ok
test is_test_path_rejects_normal_source ... ok
test normalize_path_empty_input ... ok
test is_test_path_rejects_partial_match_in_filename ... ok
test normalize_path_leaves_clean_path_unchanged ... ok
test normalize_path_just_dot_slash ... ok
test normalize_path_strips_both_backslash_and_dot ... ok
test normalize_path_strips_leading_dot_slash ... ok
test normalize_path_replaces_backslashes ... ok
test normalize_path_strips_root_prefix ... ok
test normalize_root_returns_canonical_for_existing_dir ... ok
test normalize_root_returns_path_for_nonexistent_dir ... ok
test now_ms_is_monotonically_non_decreasing ... ok
test now_ms_returns_positive_timestamp ... ok
test path_depth_deeply_nested ... ok
test path_depth_double_slashes_ignored ... ok
test path_depth_empty_string_returns_one ... ok
test path_depth_leading_slash_ignored ... ok
test path_depth_nested_path ... ok
test path_depth_single_file_is_one ... ok
test path_depth_trailing_slash_ignored ... ok
test percentile_empty_slice ... ok
test percentile_single_element ... ok
test percentile_sorted_values ... ok
test round_f64_basic ... ok
test round_f64_zero_decimals ... ok
test safe_ratio_identity ... ok
test safe_ratio_normal ... ok
test safe_ratio_zero_denominator ... ok

test result: ok. 52 passed; 0 failed; 0 ignored; 0 measured; 0 filtered out; finished in 0.00s

     Running tests/bdd_expansion.rs (target/debug/deps/bdd_expansion-07d5668556e13dda)

running 27 tests
test empty_file_row_scenarios::given_empty_file_row_then_tokens_and_bytes_are_zero ... ok
test empty_file_row_scenarios::given_empty_file_row_then_all_numeric_fields_sum_to_zero ... ok
test is_infra_lang_edge_cases::given_lang_with_leading_or_trailing_whitespace_then_not_detected ... ok
test is_infra_lang_edge_cases::given_all_uppercase_infra_lang_then_detected ... ok
test is_infra_lang_edge_cases::given_shell_scripting_lang_then_not_infra ... ok
test is_infra_lang_edge_cases::given_similar_but_non_matching_lang_then_not_detected ... ok
test is_test_path_edge_cases::given_deeply_nested_spec_dir_then_detected ... ok
test is_test_path_edge_cases::given_dunder_tests_in_python_project_then_detected ... ok
test is_test_path_edge_cases::given_file_ending_with_test_dot_rs_then_detected ... ok
test is_test_path_edge_cases::given_file_named_test_without_underscore_then_not_detected_as_file_pattern ... ok
test is_test_path_edge_cases::given_file_with_test_in_directory_name_but_not_test_dir_then_not_detected ... ok
test is_test_path_edge_cases::given_path_with_test_only_in_middle_segment_then_detected ... ok
test math_edge_cases::given_gini_with_single_nonzero_in_many_zeros_then_high_inequality ... ok
test math_edge_cases::given_gini_with_two_equal_values_then_zero ... ok
test math_edge_cases::given_percentile_with_two_elements_at_median_then_interpolated ... ok
test math_edge_cases::given_round_f64_with_very_small_number_then_rounds_correctly ... ok
test math_edge_cases::given_safe_ratio_with_numerator_larger_than_denominator_then_exceeds_one ... ok
test normalize_path_boundaries::given_double_dot_slash_prefix_then_not_stripped ... ok
test normalize_path_boundaries::given_only_dot_then_returns_dot_or_empty ... ok
test normalize_path_boundaries::given_path_equal_to_root_then_empty_string ... ok
test normalize_path_boundaries::given_path_with_consecutive_backslashes_then_normalized_to_forward ... ok
test normalize_path_boundaries::given_unicode_path_then_normalized_without_crash ... ok
test path_depth_boundaries::given_path_with_mixed_separators_then_only_forward_slash_counted ... ok
test path_depth_boundaries::given_path_with_only_dots_then_counts_as_segments ... ok
test path_depth_boundaries::given_path_with_spaces_then_counted_correctly ... ok
test path_depth_boundaries::given_single_slash_then_depth_is_one ... ok
test path_depth_boundaries::given_very_deep_path_then_correct_count ... ok

test result: ok. 27 passed; 0 failed; 0 ignored; 0 measured; 0 filtered out; finished in 0.00s

     Running tests/deep.rs (target/debug/deps/deep-1b0837eb0e9bcc9e)

running 59 tests
test analysis_limits_clone_is_equal_to_original ... ok
test analysis_limits_debug_format_contains_field_names ... ok
test analysis_limits_max_values ... ok
test analysis_limits_default_then_override_single_field ... ok
test empty_file_row_depth_matches_path_depth_for_empty ... ok
test empty_file_row_clone_is_independent ... ok
test empty_file_row_lines_equal_code_plus_comments_plus_blanks ... ok
test gini_coefficient_linear_increase ... ok
test gini_coefficient_single_large_with_many_small ... ok
test empty_file_row_multiple_calls_independent ... ok
test gini_coefficient_symmetric_around_middle ... ok
test gini_coefficient_two_values_half ... ok
test is_infra_lang_all_case_variants_of_every_infra_lang ... ok
test is_infra_lang_rejects_near_matches ... ok
test is_infra_lang_rejects_numeric_and_special_strings ... ok
test is_infra_lang_rejects_prefixed_langs ... ok
test is_test_path_detects_dot_test_pattern_in_nested_path ... ok
test is_test_path_detects_test_prefix_various_extensions ... ok
test is_test_path_detects_test_suffix_various_extensions ... ok
test is_test_path_dunder_tests_case_insensitive ... ok
test is_test_path_rejects_attest_in_dirname ... ok
test is_test_path_no_extension ... ok
test is_test_path_rejects_contest_in_dirname ... ok
test is_test_path_rejects_testimony ... ok
test is_test_path_test_at_end_of_path_as_dir ... ok
test is_test_path_rejects_latest_in_dirname ... ok
test is_test_path_uppercase_spec_dir ... ok
test normalize_path_dot_slash_combined_with_root_no_double_strip ... ok
test normalize_path_double_dot_prefix_not_stripped ... ok
test normalize_path_multiple_dot_slash_only_strips_leading ... ok
test normalize_path_root_match_leaves_nested_relative ... ok
test normalize_path_single_filename_no_change ... ok
test normalize_path_root_match_with_backslash_input ... ok
test normalize_path_then_is_test_path_detects_test_dir ... ok
test normalize_path_then_is_test_path_rejects_non_test ... ok
test normalize_path_then_path_depth_consistent ... ok
test normalize_path_whitespace_preserved ... ok
test normalize_root_empty_path_fallback ... ok
test normalize_root_relative_dot_resolves_to_cwd ... ok
test now_ms_monotonic_across_loop ... ok
test now_ms_within_reasonable_range ... ok
test path_depth_backslash_not_treated_as_separator ... ok
test path_depth_dot_dot_segments ... ok
test path_depth_matches_forward_slash_count_plus_one ... ok
test path_depth_single_dot_is_one_segment ... ok
test path_depth_unicode_segments ... ok
test percentile_all_same_values ... ok
test percentile_large_sorted_input ... ok
test percentile_p0_is_minimum_p100_is_maximum ... ok
test percentile_two_elements_boundaries ... ok
test round_f64_half_rounds_to_even_behavior ... ok
test round_f64_infinity_stays_infinity ... ok
test round_f64_nan_stays_nan ... ok
test round_f64_preserves_exact_values ... ok
test round_f64_high_precision ... ok
test safe_ratio_one_to_large_denominator ... ok
test safe_ratio_result_matches_manual_round ... ok
test safe_ratio_very_large_numerator ... ok
test safe_ratio_rounds_to_four_decimals ... ok

test result: ok. 59 passed; 0 failed; 0 ignored; 0 measured; 0 filtered out; finished in 0.00s

     Running tests/deep_analysisutil_w48.rs (target/debug/deps/deep_analysisutil_w48-a3c25dbe5aeb34bf)

running 37 tests
test analysis_limits_default_all_none ... ok
test gini_perfect_equality ... ok
test empty_file_row_all_numeric_fields_zero ... ok
test empty_file_row_string_fields_empty ... ok
test gini_range_is_zero_to_one ... ok
test gini_single_element_is_zero ... ok
test gini_two_elements_equal_is_zero ... ok
test is_infra_lang_case_insensitive ... ok
test is_infra_lang_rejects_code_langs ... ok
test is_test_path_detects_dot_test_pattern ... ok
test is_infra_lang_detects_common_infra ... ok
test is_test_path_detects_spec_dir ... ok
test is_test_path_detects_tests_dir ... ok
test is_test_path_detects_test_dir ... ok
test is_test_path_rejects_production_code ... ok
test normalize_path_converts_all_backslashes ... ok
test normalize_path_empty_input_returns_empty ... ok
test normalize_path_deeply_nested_with_root_strip ... ok
test normalize_path_only_dot_slash ... ok
test normalize_path_strips_root_prefix_when_matching ... ok
test normalize_root_nonexistent_returns_input ... ok
test path_depth_deeply_nested ... ok
test path_depth_empty_string_returns_one ... ok
test path_depth_single_file ... ok
test now_ms_returns_nonzero ... ok
test percentile_p25_and_p75 ... ok
test path_depth_two_segments ... ok
test percentile_p50_of_even_count ... ok
test percentile_single_element ... ok
test round_f64_negative_value ... ok
test round_f64_two_decimals ... ok
test round_f64_zero_decimals ... ok
test safe_ratio_equal_values_returns_one ... ok
test safe_ratio_known_fraction ... ok
test safe_ratio_rounds_to_four_decimal_places ... ok
test safe_ratio_zero_denominator_returns_zero ... ok
test safe_ratio_zero_numerator_returns_zero ... ok

test result: ok. 37 passed; 0 failed; 0 ignored; 0 measured; 0 filtered out; finished in 0.00s

     Running tests/deep_w42.rs (target/debug/deps/deep_w42-1d2e50b57b2ee20e)

running 13 tests
test empty_file_row_zeroed ... ok
test is_infra_lang_rejects_code ... ok
test is_infra_lang_all_known ... ok
test is_infra_lang_case_insensitive ... ok
test is_test_path_directory_variants ... ok
test is_test_path_file_patterns ... ok
test is_test_path_rejects_non_test ... ok
test normalize_path_backslashes ... ok
test normalize_path_strips_root ... ok
test path_depth_counts_nested_segments ... ok
test path_depth_double_slashes_ignored ... ok
test path_depth_minimum_one_for_empty ... ok
test path_depth_trailing_slash ... ok

test result: ok. 13 passed; 0 failed; 0 ignored; 0 measured; 0 filtered out; finished in 0.00s

     Running tests/deep_w70.rs (target/debug/deps/deep_w70-55244b76ed3e67bd)

running 28 tests
test analysis_limits_default_all_none ... ok
test gini_maximum_inequality ... ok
test infra_lang_case_insensitive ... ok
test infra_lang_recognises_all_known ... ok
test gini_uniform_distribution_is_zero ... ok
test empty_file_row_all_zeros_and_empty_strings ... ok
test normalize_path_backslash_then_root_strip ... ok
test normalize_path_deterministic ... ok
test normalize_path_multiple_leading_dot_slash ... ok
test infra_lang_rejects_code_languages ... ok
test normalize_path_no_match_root_passthrough ... ok
test normalize_path_strips_root_prefix ... ok
test path_depth_deterministic ... ok
test path_depth_empty_string_returns_one ... ok
test path_depth_nested ... ok
test path_depth_trailing_slash_ignored ... ok
test path_depth_single_segment ... ok
test percentile_empty_returns_zero ... ok
test percentile_median_of_five ... ok
test round_f64_basic ... ok
test round_f64_zero_decimals ... ok
test safe_ratio_normal ... ok
test safe_ratio_zero_denominator ... ok
test test_path_detects_dunder_tests ... ok
test test_path_detects_spec_dir ... ok
test test_path_detects_test_suffix ... ok
test test_path_detects_tests_dir ... ok
test test_path_non_test_returns_false ... ok

test result: ok. 28 passed; 0 failed; 0 ignored; 0 measured; 0 filtered out; finished in 0.00s

     Running tests/properties.rs (target/debug/deps/properties-0b29b6ef7e2d6571)

running 27 tests
test gini_coefficient_empty_is_zero ... ok
test gini_coefficient_all_zeros_is_zero ... ok
test gini_coefficient_uniform_near_zero ... ok
test gini_coefficient_bounded ... ok
test is_infra_lang_code_langs_never_infra ... ok
test is_infra_lang_case_insensitive ... ok
test is_test_path_known_file_patterns_always_detected ... ok
test is_test_path_known_dirs_always_detected ... ok
test is_test_path_case_insensitive_for_test_dir ... ok
test normalize_path_deterministic ... ok
test normalize_path_never_contains_backslash ... ok
test path_depth_always_at_least_one ... ok
test normalize_path_never_starts_with_dot_slash ... ok
test normalize_path_result_has_no_backslash_no_dot_slash ... ok
test path_depth_unaffected_by_double_slashes ... ok
test percentile_empty_always_zero ... ok
test percentile_result_within_bounds ... ok
test path_depth_equals_segment_count ... ok
test percentile_single_returns_that_element ... ok
test path_depth_unaffected_by_leading_slash ... ok
test round_f64_result_is_finite ... ok
test round_f64_zero_is_zero ... ok
test safe_ratio_identity_when_equal ... ok
test safe_ratio_result_is_non_negative ... ok
test safe_ratio_bounded_when_numer_leq_denom ... ok
test path_depth_unaffected_by_trailing_slash ... ok
test safe_ratio_zero_denom_always_zero ... ok

test result: ok. 27 passed; 0 failed; 0 ignored; 0 measured; 0 filtered out; finished in 0.24s

     Running tests/unit.rs (target/debug/deps/unit-9cfabb433ca99936)

running 36 tests
test analysis_limits_partial_construction ... ok
test empty_file_row_has_empty_strings ... ok
test analysis_limits_debug_is_non_empty ... ok
test empty_file_row_has_zero_metrics ... ok
test empty_file_row_optional_fields_are_none ... ok
test gini_coefficient_increasing_sequence ... ok
test gini_coefficient_two_elements_extreme ... ok
test is_infra_lang_all_known_detected ... ok
test is_infra_lang_empty_and_whitespace ... ok
test is_infra_lang_mixed_case ... ok
test is_infra_lang_rejects_programming_languages ... ok
test is_test_path_ends_with_test_rs ... ok
test is_test_path_false_for_production_code ... ok
test is_test_path_nested_test_dir ... ok
test is_test_path_spec_file_pattern ... ok
test is_test_path_starts_with_test_underscore ... ok
test is_test_path_test_file_pattern_js ... ok
test normalize_path_dot_slash_only_strips_prefix ... ok
test normalize_path_handles_only_backslashes ... ok
test normalize_path_mixed_separators ... ok
test normalize_path_root_no_match_leaves_unchanged ... ok
test normalize_path_root_prefix_stripped ... ok
test normalize_root_cwd_returns_absolute ... ok
test normalize_root_nonexistent_returns_input ... ok
test now_ms_returns_reasonable_epoch_millis ... ok
test now_ms_two_calls_non_decreasing ... ok
test path_depth_root_slash_only ... ok
test path_depth_many_slashes ... ok
test path_depth_single_segment_no_slash ... ok
test path_depth_three_segments ... ok
test percentile_median_of_odd_count ... ok
test percentile_boundary_values ... ok
test round_f64_large_decimals ... ok
test round_f64_negative_values ... ok
test safe_ratio_both_zero ... ok
test safe_ratio_large_values ... ok

test result: ok. 36 passed; 0 failed; 0 ignored; 0 measured; 0 filtered out; finished in 0.00s

     Running tests/util_depth_w57.rs (target/debug/deps/util_depth_w57-177fc4ad5da9bf04)

running 33 tests
test analysis_limits_default_all_none ... ok
test analysis_limits_clone_preserves_values ... ok
test analysis_limits_override_individual_fields ... ok
test is_infra_lang_negative ... ok
test is_test_path_not_test ... ok
test is_infra_lang_positive ... ok
test is_test_path_spec_dir ... ok
test is_test_path_test_suffix ... ok
test is_test_path_test_prefix ... ok
test is_test_path_tests_dir ... ok
test empty_file_row_all_zeroes ... ok
test normalize_path_backslash_dot_prefix ... ok
test normalize_path_converts_backslashes ... ok
test normalize_path_deeply_nested_dot_slash ... ok
test normalize_path_empty_string ... ok
test normalize_path_just_dot_slash ... ok
test normalize_path_no_leading_dot_slash ... ok
test normalize_path_special_chars ... ok
test normalize_path_strips_single_leading_dot_slash ... ok
test normalize_path_strips_multiple_dot_slash ... ok
test normalize_path_very_long_path ... ok
test normalize_path_with_unicode ... ok
test path_depth_double_slash ... ok
test path_depth_empty_returns_one ... ok
test now_ms_returns_positive ... ok
test path_depth_multi_segment ... ok
test path_depth_single_segment ... ok
test path_depth_trailing_slash ... ok
test normalize_root_returns_something ... ok
test prop::normalize_path_is_deterministic ... ok
test prop::normalize_path_never_has_backslash ... ok
test prop::normalize_path_never_starts_with_dot_slash ... ok
test prop::path_depth_always_ge_one ... ok

test result: ok. 33 passed; 0 failed; 0 ignored; 0 measured; 0 filtered out; finished in 0.14s

     Running tests/util_depth_w61.rs (target/debug/deps/util_depth_w61-10ef1eb6e324e738)

running 59 tests
test analysis_limits_can_be_partially_set ... ok
test code_langs_are_not_infra ... ok
test analysis_limits_default_all_none ... ok
test empty_file_row_deterministic ... ok
test empty_file_row_has_empty_strings ... ok
test empty_file_row_has_all_zeroes ... ok
test empty_file_row_has_none_optionals ... ok
test empty_string_is_not_infra ... ok
test gini_coefficient_maximal_inequality ... ok
test gini_coefficient_single_element_is_zero ... ok
test gini_coefficient_empty_is_zero ... ok
test infra_langs_detected_lowercase ... ok
test infra_langs_detected_uppercase ... ok
test gini_coefficient_uniform_is_zero ... ok
test is_test_path_case_insensitive ... ok
test is_test_path_deterministic ... ok
test is_test_path_regular_source_is_false ... ok
test is_test_path_with_dot_spec_ts ... ok
test is_test_path_with_dot_test_js ... ok
test is_test_path_with_dunder_tests ... ok
test is_test_path_with_spec_dir ... ok
test is_test_path_with_specs_dir ... ok
test is_test_path_with_test_dir ... ok
test is_test_path_with_test_prefix_file ... ok
test is_test_path_with_test_suffix_rs ... ok
test is_test_path_with_tests_dir ... ok
test normalize_path_converts_backslashes ... ok
test normalize_path_deterministic ... ok
test normalize_path_mixed_separators ... ok
test normalize_path_empty_string_returns_empty ... ok
test normalize_path_only_dot_slash_returns_empty ... ok
test normalize_path_plain_filename_unchanged ... ok
test normalize_path_strips_multiple_leading_dot_slashes ... ok
test path_depth_deep_path ... ok
test normalize_root_nonexistent_returns_original ... ok
test path_depth_double_slashes_ignored ... ok
test path_depth_deterministic ... ok
test path_depth_empty_string_returns_one ... ok
test path_depth_leading_slash_ignored ... ok
test path_depth_only_slashes_returns_one ... ok
test path_depth_single_file_is_one ... ok
test path_depth_trailing_slash_ignored ... ok
test percentile_median_of_sorted_list ... ok
test percentile_p0_is_minimum ... ok
test percentile_p100_is_maximum ... ok
test properties::normalize_path_no_backslashes ... ok
test properties::normalize_path_no_leading_dot_slash ... ok
test properties::round_f64_idempotent ... ok
test properties::safe_ratio_non_negative ... ok
test round_f64_exact_value_unchanged ... ok
test round_f64_negative_value ... ok
test round_f64_two_decimals ... ok
test round_f64_zero_decimals ... ok
test safe_ratio_equal_values_returns_one ... ok
test safe_ratio_normal_case ... ok
test safe_ratio_zero_denominator_returns_zero ... ok
test properties::is_infra_lang_does_not_panic ... ok
test properties::is_test_path_does_not_panic ... ok
test properties::path_depth_at_least_one ... ok

test result: ok. 59 passed; 0 failed; 0 ignored; 0 measured; 0 filtered out; finished in 0.17s

     Running tests/util_w73.rs (target/debug/deps/util_w73-7b68d86dd873a41a)

running 35 tests
test analysis_limits_default_all_none ... ok
test empty_file_row_all_numeric_fields_zero ... ok
test analysis_limits_partial_override_preserves_others ... ok
test empty_file_row_all_string_fields_empty ... ok
test empty_file_row_optional_fields_none ... ok
test gini_coefficient_single_element_is_zero ... ok
test gini_coefficient_perfect_equality ... ok
test is_infra_lang_rejects_empty_string ... ok
test is_infra_lang_accepts_all_known_infra_langs ... ok
test is_infra_lang_rejects_programming_langs ... ok
test is_infra_lang_rejects_whitespace ... ok
test is_test_path_detects_nested_tests_dir ... ok
test is_test_path_detects_spec_dir_case_insensitive ... ok
test is_test_path_file_ending_with_test_dot_rs ... ok
test is_test_path_rejects_protestant ... ok
test is_test_path_rejects_testimony_file ... ok
test normalize_path_deeply_nested_backslashes ... ok
test normalize_path_empty_input ... ok
test normalize_path_just_dot_slash ... ok
test normalize_path_only_backslashes ... ok
test normalize_path_strips_root_then_dot_slash ... ok
test normalize_root_existing_dir_is_absolute ... ok
test normalize_root_nonexistent_returns_original ... ok
test now_ms_returns_positive ... ok
test path_depth_deeply_nested ... ok
test path_depth_empty_string_returns_one ... ok
test path_depth_only_slashes ... ok
test path_depth_single_segment_no_slash ... ok
test path_depth_trailing_slash_ignored ... ok
test percentile_single_element ... ok
test round_f64_negative_values ... ok
test round_f64_zero_decimals ... ok
test safe_ratio_equal_values_returns_one ... ok
test safe_ratio_zero_denominator_returns_zero ... ok
test safe_ratio_zero_numerator_returns_zero ... ok

test result: ok. 35 passed; 0 failed; 0 ignored; 0 measured; 0 filtered out; finished in 0.00s

     Running unittests src/lib.rs (target/debug/deps/tokmd_badge-233bc26641f86678)

running 6 tests
test tests::badge_svg_is_valid_svg ... ok
test tests::badge_svg_escapes_xml_text_nodes ... ok
test tests::badge_svg_dimensions_calculated_correctly ... ok
test tests::badge_svg_contains_label_and_value ... ok
test tests::badge_svg_positions_are_centered ... ok
test tests::badge_svg_width_scales_with_text ... ok

test result: ok. 6 passed; 0 failed; 0 ignored; 0 measured; 0 filtered out; finished in 0.01s

     Running tests/badge_contract_w64.rs (target/debug/deps/badge_contract_w64-a798aeca11ebc620)

running 49 tests
test badge_contains_label_text ... ok
test badge_contains_value_text ... ok
test badge_contains_role_img ... ok
test badge_contains_xmlns ... ok
test badge_empty_label ... ok
test badge_empty_value ... ok
test badge_ends_with_closing_svg ... ok
test badge_escapes_all_special_chars ... ok
test badge_escapes_ampersand ... ok
test badge_escapes_double_quote ... ok
test badge_escapes_greater_than ... ok
test badge_escapes_less_than ... ok
test badge_escapes_single_quote ... ok
test badge_has_font_family_verdana ... ok
test badge_has_font_size_11 ... ok
test badge_has_two_rects ... ok
test badge_has_two_text_elements ... ok
test badge_deterministic_same_input ... ok
test badge_deterministic_repeated_calls ... ok
test badge_label_background_is_grey ... ok
test badge_large_numeric_value ... ok
test badge_negative_value_text ... ok
test badge_starts_with_svg_tag ... ok
test badge_text_anchor_is_middle ... ok
test badge_text_fill_is_white ... ok
test badge_utf8_arabic ... ok
test badge_utf8_cyrillic ... ok
test badge_utf8_label_cjk ... ok
test badge_utf8_mixed ... ok
test badge_utf8_value_emoji ... ok
test badge_value_background_is_blue ... ok
test badge_both_empty ... ok
test badge_height_is_24 ... ok
test badge_utf8_width_uses_char_count ... ok
test badge_width_label_half_value_half ... ok
test badge_width_long_label_only ... ok
test badge_width_long_value_only ... ok
test badge_width_minimum_120 ... ok
test badge_width_scales_with_text ... ok
test badge_zero_value ... ok
test property_badge_always_valid_svg_structure ... ok
test property_badge_width_always_positive ... ok
test badge_various_labels ... ok
test badge_various_values ... ok
test property_badge_no_raw_xml_special_in_text ... ok
test snapshot_badge_xml_escape ... ok
test snapshot_badge_empty ... ok
test snapshot_badge_unicode ... ok
test snapshot_badge_basic ... ok

test result: ok. 49 passed; 0 failed; 0 ignored; 0 measured; 0 filtered out; finished in 0.31s

     Running tests/badge_deep.rs (target/debug/deps/badge_deep-ec066122f04e7131)

running 32 tests
test badge_is_deterministic_for_various_inputs ... ok
test svg_contains_exactly_two_rect_elements ... ok
test svg_decimal_value ... ok
test svg_contains_exactly_two_text_elements ... ok
test svg_does_not_double_escape ... ok
test svg_fraction_value ... ok
test svg_escapes_all_xml_special_chars ... ok
test svg_height_is_always_24 ... ok
test svg_label_rect_fill_is_dark_gray ... ok
test svg_label_segment_min_width_60 ... ok
test svg_large_number ... ok
test svg_label_text_x_is_half_of_label_width ... ok
test svg_is_well_formed_xml_structure ... ok
test svg_long_label_increases_width ... ok
test svg_long_value_increases_width ... ok
test svg_minimum_total_width_is_120 ... ok
test svg_minimum_width_with_empty_strings ... ok
test svg_negative_number ... ok
test svg_no_unclosed_tags ... ok
test svg_preserves_normal_text_unescaped ... ok
test svg_text_anchor_is_middle ... ok
test svg_text_fill_is_white ... ok
test svg_text_font_is_verdana ... ok
test svg_text_font_size_is_11 ... ok
test svg_text_y_position_is_16 ... ok
test svg_total_width_equals_label_width_plus_value_width ... ok
test svg_value_rect_fill_is_blue ... ok
test svg_value_segment_min_width_60 ... ok
test svg_value_text_x_is_label_width_plus_half_value_width ... ok
test svg_very_long_text_still_valid ... ok
test svg_width_formula_matches_char_count_heuristic ... ok
test svg_zero_value ... ok

test result: ok. 32 passed; 0 failed; 0 ignored; 0 measured; 0 filtered out; finished in 0.00s

     Running tests/badge_deep_w74.rs (target/debug/deps/badge_deep_w74-82b8026966f80fc4)

running 15 tests
test w74_ampersand_escaped_in_label ... ok
test w74_badge_height_is_24 ... ok
test w74_badge_has_role_img ... ok
test w74_angle_brackets_escaped ... ok
test w74_basic_badge_contains_label_and_value ... ok
test w74_basic_badge_is_wellformed_svg ... ok
test w74_empty_label_and_value_still_wellformed ... ok
test w74_label_segment_has_grey_fill ... ok
test w74_minimum_width_enforced ... ok
test w74_quotes_escaped ... ok
test w74_large_number_rendered ... ok
test w74_value_segment_has_blue_fill ... ok
test w74_very_long_label_still_wellformed ... ok
test w74_width_scales_with_text_length ... ok
test w74_zero_value_rendered ... ok

test result: ok. 15 passed; 0 failed; 0 ignored; 0 measured; 0 filtered out; finished in 0.00s

     Running tests/badge_depth_w62.rs (target/debug/deps/badge_depth_w62-0269a2246588a55b)

running 57 tests
test properties::w62_always_starts_with_svg_header ... ok
test properties::w62_always_ends_with_svg_close ... ok
test properties::w62_always_has_xmlns ... ok
test properties::w62_always_has_two_rects ... ok
test w62_both_empty_produces_valid_svg ... ok
test w62_determinism_100_iterations ... ok
test w62_determinism_same_input_same_output ... ok
test w62_different_inputs_produce_different_svg ... ok
test w62_emoji_in_value ... ok
test w62_empty_label_produces_valid_svg ... ok
test w62_empty_value_produces_valid_svg ... ok
test w62_escapes_all_special_chars_together ... ok
test w62_escapes_ampersand ... ok
test w62_escapes_double_quote ... ok
test w62_escapes_greater_than ... ok
test w62_escapes_less_than ... ok
test w62_escapes_single_quote ... ok
test w62_font_family_is_verdana ... ok
test w62_font_size_is_11 ... ok
test w62_label_rect_fill_is_grey ... ok
test w62_label_swap_produces_different_svg ... ok
test w62_label_text_appears_in_svg ... ok
test w62_long_unicode_label ... ok
test w62_minimum_width_is_120 ... ok
test w62_plain_text_not_escaped ... ok
test w62_single_char_each_uses_minimum ... ok
test properties::w62_deterministic ... ok
test properties::w62_no_raw_ampersand_in_svg ... ok
test properties::w62_width_is_at_least_120 ... ok
test w62_snapshot_escaped_badge ... ok
test w62_snapshot_long_badge ... ok
test w62_snapshot_empty_badge ... ok
test w62_snapshot_basic_badge ... ok
test w62_svg_contains_xmlns ... ok
test w62_svg_ends_with_closing_tag ... ok
test w62_snapshot_unicode_badge ... ok
test w62_svg_first_rect_starts_at_origin ... ok
test w62_svg_has_exactly_two_rects ... ok
test w62_svg_has_role_img ... ok
test w62_svg_has_exactly_two_text_elements ... ok
test w62_svg_second_rect_has_x_offset ... ok
test w62_svg_height_is_24 ... ok
test w62_svg_starts_with_svg_tag ... ok
test w62_text_anchor_is_middle ... ok
test w62_text_fill_is_white ... ok
test w62_text_y_is_16 ... ok
test w62_unicode_label_renders ... ok
test w62_unicode_width_uses_char_count ... ok
test w62_value_rect_fill_is_blue ... ok
test w62_value_text_appears_in_svg ... ok
test w62_very_long_label_still_valid_svg ... ok
test w62_very_long_text_width_scales ... ok
test w62_very_long_value_still_valid_svg ... ok
test w62_width_formula_both_10_chars ... ok
test w62_width_formula_label_10_chars ... ok
test w62_width_grows_with_label_length ... ok
test w62_width_grows_with_value_length ... ok

test result: ok. 57 passed; 0 failed; 0 ignored; 0 measured; 0 filtered out; finished in 0.27s

     Running tests/badge_snapshot_w54.rs (target/debug/deps/badge_snapshot_w54-7408591af1c771a7)

running 14 tests
test w54_badge_empty_label ... ok
test w54_badge_empty_value ... ok
test w54_badge_both_empty ... ok
test w54_badge_code_metric ... ok
test w54_badge_languages_metric ... ok
test w54_badge_lines_metric ... ok
test w54_badge_files_metric ... ok
test w54_badge_tokens_metric ... ok
test w54_badge_unicode_label ... ok
test w54_badge_xml_special_chars ... ok
test w54_badge_very_large_value ... ok
test w54_badge_very_long_label ... ok
test w54_badge_zero_files ... ok
test w54_badge_zero_lines ... ok

test result: ok. 14 passed; 0 failed; 0 ignored; 0 measured; 0 filtered out; finished in 0.33s

     Running tests/badge_snapshot_w58.rs (target/debug/deps/badge_snapshot_w58-0caedaa17f9cc9d2)

running 10 tests
test w58_badge_coverage_metric ... ok
test w58_badge_huge_tokens ... ok
test w58_badge_complexity_metric ... ok
test w58_badge_doc_density ... ok
test w58_badge_loc_metric ... ok
test w58_badge_million_loc ... ok
test w58_badge_tech_debt ... ok
test w58_badge_single_char_label ... ok
test w58_badge_zero_complexity ... ok
test w58_badge_zero_loc ... ok

test result: ok. 10 passed; 0 failed; 0 ignored; 0 measured; 0 filtered out; finished in 0.35s

     Running tests/bdd.rs (target/debug/deps/bdd-a2f1b2222b299db8)

running 33 tests
test given_100_char_label_when_badge_rendered_then_width_exceeds_minimum_greatly ... ok
test given_any_badge_when_rendered_then_height_is_24 ... ok
test given_any_badge_when_rendered_then_font_is_verdana_11 ... ok
test given_all_xml_special_chars_when_badge_rendered_then_all_escaped ... ok
test given_any_badge_when_rendered_then_text_y_is_16 ... ok
test given_any_badge_when_rendered_then_text_is_center_anchored ... ok
test given_any_badge_when_rendered_then_total_width_equals_sum_of_segments ... ok
test given_any_input_when_badge_rendered_then_svg_envelope_is_valid ... ok
test given_any_input_when_badge_rendered_then_two_rects_are_present ... ok
test given_any_input_when_badge_rendered_then_two_text_elements_exist ... ok
test given_badge_when_rendered_then_label_rect_has_gray_fill ... ok
test given_badge_when_rendered_then_text_is_white ... ok
test given_badge_when_rendered_then_value_rect_has_blue_fill ... ok
test given_both_empty_when_badge_rendered_then_svg_is_still_valid ... ok
test given_emoji_value_when_badge_rendered_then_svg_is_valid ... ok
test given_empty_label_when_badge_rendered_then_svg_is_still_valid ... ok
test given_empty_value_when_badge_rendered_then_svg_is_still_valid ... ok
test given_identical_label_and_value_when_badge_rendered_then_both_text_elements_present ... ok
test given_label_with_ampersand_when_rendered_then_it_is_escaped ... ok
test given_label_with_quotes_when_rendered_then_they_are_escaped ... ok
test given_language_metric_when_badge_rendered_then_both_segments_present ... ok
test given_lines_metric_when_badge_rendered_then_label_and_value_appear ... ok
test given_long_text_when_badge_rendered_then_width_exceeds_minimum ... ok
test given_longer_label_when_compared_to_shorter_then_width_is_larger ... ok
test given_newline_in_label_when_badge_rendered_then_svg_is_valid ... ok
test given_numeric_label_when_badge_rendered_then_both_numbers_appear ... ok
test given_short_text_when_badge_rendered_then_minimum_width_is_applied ... ok
test given_single_char_inputs_when_badge_rendered_then_each_segment_at_least_60 ... ok
test given_spaces_in_label_when_badge_rendered_then_text_preserved ... ok
test given_unicode_label_when_badge_rendered_then_text_appears ... ok
test given_value_with_angle_brackets_when_rendered_then_they_are_escaped ... ok
test given_very_large_number_when_badge_rendered_then_svg_is_valid ... ok
test given_zero_value_when_badge_rendered_then_svg_is_valid ... ok

test result: ok. 33 passed; 0 failed; 0 ignored; 0 measured; 0 filtered out; finished in 0.00s

     Running tests/coverage.rs (target/debug/deps/coverage-371dc08c5778a3a4)

running 11 tests
test given_any_input_when_badge_rendered_then_exactly_one_svg_open_tag ... ok
test given_any_input_when_badge_rendered_then_result_is_non_empty ... ok
test given_long_label_short_value_when_badge_rendered_then_width_grows ... ok
test given_badge_when_rendered_then_second_rect_x_equals_first_rect_width ... ok
test given_null_byte_in_label_when_badge_rendered_then_svg_is_valid ... ok
test given_same_inputs_when_badge_called_twice_then_output_is_byte_identical ... ok
test given_same_special_char_inputs_when_called_twice_then_output_identical ... ok
test given_same_unicode_inputs_when_called_twice_then_output_identical ... ok
test given_short_label_long_value_when_badge_rendered_then_width_grows ... ok
test given_tab_in_label_when_badge_rendered_then_svg_is_valid ... ok
test given_whitespace_only_label_when_badge_rendered_then_svg_is_valid ... ok

test result: ok. 11 passed; 0 failed; 0 ignored; 0 measured; 0 filtered out; finished in 0.00s

     Running tests/deep.rs (target/debug/deps/deep-003884d955271035)

running 40 tests
test badge_deterministic_with_unicode ... ok
test badge_contains_rect_elements ... ok
test badge_contains_svg_tag ... ok
test badge_contains_text_elements ... ok
test badge_escapes_ampersand ... ok
test badge_escapes_angle_brackets ... ok
test badge_has_font_size ... ok
test badge_escapes_quotes ... ok
test badge_has_font_family ... ok
test badge_has_role_img ... ok
test badge_has_xmlns_attribute ... ok
test badge_height_is_24 ... ok
test badge_label_background_is_grey ... ok
test badge_label_text_centered_in_label_rect ... ok
test badge_output_is_deterministic ... ok
test badge_segment_widths_for_known_inputs ... ok
test badge_minimum_width_is_120 ... ok
test badge_text_anchor_middle ... ok
test badge_text_fill_is_white ... ok
test badge_unicode_width_uses_char_count ... ok
test badge_value_background_is_blue ... ok
test badge_value_text_positioned_after_label ... ok
test badge_width_increases_with_longer_label ... ok
test badge_width_increases_with_longer_value ... ok
test badge_width_is_sum_of_segments ... ok
test badge_with_both_empty ... ok
test badge_with_custom_label_and_value ... ok
test badge_with_emoji ... ok
test badge_with_empty_label ... ok
test badge_with_empty_value ... ok
test badge_with_unicode_text ... ok
test badge_with_very_long_label ... ok
test badge_with_very_long_value ... ok
test default_badge_generation ... ok
test properties::always_valid_svg ... ok
test properties::deterministic ... ok
test properties::width_never_negative ... ok
test properties::no_unescaped_ampersand_in_text ... ok
test badge_snapshot_basic ... ok
test badge_snapshot_unicode ... ok

test result: ok. 40 passed; 0 failed; 0 ignored; 0 measured; 0 filtered out; finished in 0.18s

     Running tests/deep_badge_w47.rs (target/debug/deps/deep_badge_w47-37af631e1472d9a2)

running 28 tests
test all_text_elements_centered ... ok
test determinism_with_unicode_100_iterations ... ok
test color_scheme_unchanged_across_inputs ... ok
test determinism_100_iterations ... ok
test escapes_html_tags ... ok
test escapes_mixed_special_chars ... ok
test escapes_query_string_ampersand ... ok
test escapes_url_like_characters ... ok
test formula_both_above_min ... ok
test formula_both_below_min ... ok
test formula_empty_strings_use_min ... ok
test formula_boundary_at_6_chars ... ok
test formula_label_above_value_below ... ok
test height_always_24 ... ok
test label_text_x_is_half_label_width ... ok
test large_label_500_chars ... ok
test large_value_500_chars ... ok
test mixed_ascii_unicode_formula ... ok
test negative_value_displayed ... ok
test percentage_value_displayed ... ok
test unicode_cjk_width_uses_char_count ... ok
test unicode_emoji_produces_valid_svg ... ok
test value_rect_x_equals_label_width ... ok
test value_text_x_is_label_w_plus_half_value_w ... ok
test whitespace_only_inputs ... ok
test width_monotonically_increases_with_label_length ... ok
test width_proportional_to_label_char_count ... ok
test width_proportional_to_value_char_count ... ok

test result: ok. 28 passed; 0 failed; 0 ignored; 0 measured; 0 filtered out; finished in 0.00s

     Running tests/deep_w38.rs (target/debug/deps/deep_w38-466933f43df4db0a)

running 20 tests
test badge_handles_newline_in_label ... ok
test badge_handles_whitespace_only_label ... ok
test badge_handles_numeric_only_inputs ... ok
test badge_handles_tab_in_value ... ok
test both_texts_share_fill_white ... ok
test deterministic_with_special_chars ... ok
test exactly_two_rect_elements ... ok
test different_inputs_produce_different_svgs ... ok
test exactly_one_svg_open_and_close ... ok
test exactly_two_text_open_and_close_tags ... ok
test label_rect_starts_at_zero ... ok
test text_y_coordinate_is_16 ... ok
test label_x_centered_when_above_min ... ok
test value_x_centered_when_both_above_min ... ok
test value_rect_x_equals_label_width ... ok
test width_formula_below_min_threshold ... ok
test width_formula_both_segments_above_min ... ok
test width_formula_just_above_min_threshold ... ok
test width_formula_exactly_at_min_threshold ... ok
test width_formula_long_value_dominates ... ok

test result: ok. 20 passed; 0 failed; 0 ignored; 0 measured; 0 filtered out; finished in 0.00s

     Running tests/deep_w67.rs (target/debug/deps/deep_w67-d91bef59719f9aa4)

running 35 tests
test w67_all_five_xml_special_chars ... ok
test w67_both_texts_are_white ... ok
test w67_both_empty_valid_svg ... ok
test w67_emoji_value_appears_in_output ... ok
test w67_empty_label_valid_svg ... ok
test w67_empty_value_valid_svg ... ok
test w67_escapes_ampersand_in_label_and_value ... ok
test w67_escapes_angle_brackets ... ok
test w67_escapes_quotes ... ok
test w67_font_family_verdana ... ok
test w67_font_size_eleven ... ok
test w67_deterministic_same_input_same_output ... ok
test w67_different_label_different_output ... ok
test w67_different_value_different_output ... ok
test w67_label_rect_is_grey ... ok
test w67_height_always_24 ... ok
test w67_minimum_total_width_is_120 ... ok
test w67_snapshot_empty_badge ... ok
test w67_snapshot_xml_escape ... ok
test w67_snapshot_unicode_badge ... ok
test w67_svg_closes_properly ... ok
test w67_svg_contains_role_img ... ok
test w67_snapshot_lines_metric ... ok
test w67_svg_has_two_rects_and_two_texts ... ok
test w67_svg_contains_xmlns_declaration ... ok
test w67_svg_opens_with_svg_element ... ok
test w67_text_anchor_middle_for_both ... ok
test w67_text_baseline_y_is_16 ... ok
test w67_unicode_label_appears_in_output ... ok
test w67_unicode_width_uses_char_count_not_byte_len ... ok
test w67_value_rect_is_blue ... ok
test w67_very_long_label_renders ... ok
test w67_width_formula_explicit ... ok
test w67_width_grows_with_longer_label ... ok
test w67_width_grows_with_longer_value ... ok

test result: ok. 35 passed; 0 failed; 0 ignored; 0 measured; 0 filtered out; finished in 0.24s

     Running tests/properties.rs (target/debug/deps/properties-73e8a9f9b0879054)

running 9 tests
test badge_svg_monotonicity ... ok
test badge_svg_deterministic ... ok
test badge_svg_escaping ... ok
test badge_svg_height ... ok
test badge_svg_rects ... ok
test badge_svg_texts ... ok
test badge_svg_width ... ok
test badge_svg_xmlns ... ok
test badge_svg_well_formed ... ok

test result: ok. 9 passed; 0 failed; 0 ignored; 0 measured; 0 filtered out; finished in 0.08s

     Running tests/proptest_deep.rs (target/debug/deps/proptest_deep-256d013cd8d785f4)

running 11 tests
test longer_label_wider_badge ... ok
test longer_value_wider_badge ... ok
test svg_always_has_two_rects ... ok
test badge_is_deterministic ... ok
test svg_escapes_angle_brackets ... ok
test svg_escapes_ampersand ... ok
test svg_always_has_two_texts ... ok
test svg_always_well_formed ... ok
test svg_height_always_24 ... ok
test total_width_at_least_120 ... ok
test width_matches_char_count_formula ... ok

test result: ok. 11 passed; 0 failed; 0 ignored; 0 measured; 0 filtered out; finished in 0.06s

     Running tests/proptest_w40.rs (target/debug/deps/proptest_w40-b7f67d968a956e99)

running 8 tests
test badge_contains_formatted_number ... ok
test badge_output_never_empty ... ok
test empty_label_produces_valid_svg ... ok
test badge_width_always_positive ... ok
test empty_value_produces_valid_svg ... ok
test badge_contains_label_text ... ok
test badge_contains_value_text ... ok
test width_is_sum_of_segments ... ok

test result: ok. 8 passed; 0 failed; 0 ignored; 0 measured; 0 filtered out; finished in 0.04s

     Running tests/proptest_w53.rs (target/debug/deps/proptest_w53-272862c8a0e46137)

running 12 tests
test empty_strings_valid ... ok
test contains_two_rects ... ok
test contains_two_texts ... ok
test minimum_width_120 ... ok
test positive_width ... ok
test has_role_img ... ok
test deterministic_output ... ok
test width_monotonic_label ... ok
test svg_fixed_height ... ok
test svg_has_xmlns ... ok
test well_formed_svg_structure ... ok
test xml_special_chars_escaped ... ok

test result: ok. 12 passed; 0 failed; 0 ignored; 0 measured; 0 filtered out; finished in 0.18s

     Running tests/proptest_w59.rs (target/debug/deps/proptest_w59-7d8729949feb279a)

running 15 tests
test always_has_value_colour ... ok
test always_has_label_colour ... ok
test longer_label_means_wider_or_equal ... ok
test longer_value_means_wider_or_equal ... ok
test no_raw_ampersand_in_text ... ok
test no_raw_angle_brackets_in_text_content ... ok
test svg_always_contains_role_img ... ok
test svg_always_contains_xmlns ... ok
test svg_always_has_two_rects ... ok
test svg_always_has_two_texts ... ok
test height_is_always_24 ... ok
test width_is_positive ... ok
test svg_is_deterministic ... ok
test width_is_at_least_120 ... ok
test svg_always_opens_and_closes ... ok

test result: ok. 15 passed; 0 failed; 0 ignored; 0 measured; 0 filtered out; finished in 0.65s

     Running tests/proptest_w72.rs (target/debug/deps/proptest_w72-9e16365f1cd50321)

running 13 tests
test longer_label_wider_badge ... ok
test height_is_24 ... ok
test label_appears_in_svg ... ok
test badge_is_deterministic ... ok
test longer_value_wider_badge ... ok
test minimum_width_120 ... ok
test svg_contains_xmlns ... ok
test svg_has_two_rects ... ok
test svg_has_two_texts ... ok
test svg_starts_and_ends_correctly ... ok
test xml_special_chars_are_escaped ... ok
test value_appears_in_svg ... ok
test width_is_positive ... ok

test result: ok. 13 passed; 0 failed; 0 ignored; 0 measured; 0 filtered out; finished in 0.17s

     Running tests/snapshot_badge_w50.rs (target/debug/deps/snapshot_badge_w50-9f3c9d6096e0a6a7)

running 8 tests
test snapshot_badge_code_lines ... ok
test snapshot_badge_empty_value ... ok
test snapshot_badge_doc_density ... ok
test snapshot_badge_empty_label ... ok
test snapshot_badge_languages ... ok
test snapshot_badge_single_char ... ok
test snapshot_badge_unicode ... ok
test snapshot_badge_xml_special ... ok

test result: ok. 8 passed; 0 failed; 0 ignored; 0 measured; 0 filtered out; finished in 0.34s

     Running tests/snapshot_badges.rs (target/debug/deps/snapshot_badges-0965b831d506b8cc)

running 12 tests
test snapshot_coverage_badge ... ok
test snapshot_complexity_badge ... ok
test snapshot_comment_ratio_low ... ok
test snapshot_comment_ratio_high ... ok
test snapshot_lang_python ... ok
test snapshot_lang_rust ... ok
test snapshot_lang_javascript ... ok
test snapshot_loc_large_project ... ok
test snapshot_loc_medium_project ... ok
test snapshot_loc_small_project ... ok
test snapshot_multiword_label_value ... ok
test snapshot_special_chars_ampersand ... ok

test result: ok. 12 passed; 0 failed; 0 ignored; 0 measured; 0 filtered out; finished in 0.37s

     Running tests/snapshot_w40.rs (target/debug/deps/snapshot_w40-a8b12f97cee0b272)

running 4 tests
test snapshot_badge_small_project ... ok
test snapshot_badge_medium_project ... ok
test snapshot_badge_large_project ... ok
test snapshot_badge_xml_escape ... ok

test result: ok. 4 passed; 0 failed; 0 ignored; 0 measured; 0 filtered out; finished in 0.32s

     Running tests/snapshot_w42.rs (target/debug/deps/snapshot_w42-c4404bde38db40f1)

running 14 tests
test badge_svg_different_inputs_differ ... ok
test badge_svg_deterministic ... ok
test snapshot_badge_lang_csharp ... ok
test snapshot_badge_hundreds ... ok
test snapshot_badge_empty_strings ... ok
test snapshot_badge_lang_cpp ... ok
test snapshot_badge_max_value ... ok
test snapshot_badge_lang_with_ampersand ... ok
test snapshot_badge_single_digit ... ok
test snapshot_badge_millions ... ok
test snapshot_badge_thousands ... ok
test snapshot_badge_zero_lines ... ok
test snapshot_badge_unicode_label ... ok
test snapshot_badge_value_with_angle_brackets ... ok

test result: ok. 14 passed; 0 failed; 0 ignored; 0 measured; 0 filtered out; finished in 0.23s

     Running tests/snapshot_w45.rs (target/debug/deps/snapshot_w45-7886b0c68e2e4788)

running 14 tests
test snapshot_badge_hundred_percent ... ok
test snapshot_badge_formatted_number ... ok
test snapshot_badge_decimal_value ... ok
test snapshot_badge_internal_whitespace ... ok
test snapshot_badge_leading_spaces ... ok
test snapshot_badge_fifty_percent ... ok
test snapshot_badge_negative_value ... ok
test snapshot_badge_status_na ... ok
test snapshot_badge_status_fail ... ok
test snapshot_badge_status_pass ... ok
test snapshot_badge_trailing_spaces ... ok
test snapshot_badge_very_long_label ... ok
test snapshot_badge_zero_percent ... ok
test snapshot_badge_very_long_value ... ok

test result: ok. 14 passed; 0 failed; 0 ignored; 0 measured; 0 filtered out; finished in 0.32s

     Running tests/snapshot_w70.rs (target/debug/deps/snapshot_w70-41cc9894099fa723)

running 10 tests
test w70_badge_doc_density ... ok
test w70_badge_large_number ... ok
test w70_badge_empty_both ... ok
test w70_badge_languages_metric ... ok
test w70_badge_lines_metric ... ok
test w70_badge_long_text ... ok
test w70_badge_single_char ... ok
test w70_badge_tokens_metric ... ok
test w70_badge_xml_special_chars ... ok
test w70_badge_zero_value ... ok

test result: ok. 10 passed; 0 failed; 0 ignored; 0 measured; 0 filtered out; finished in 0.33s

     Running tests/snapshots.rs (target/debug/deps/snapshots-63f2d9911f5b5ea3)

running 19 tests
test properties::badge_always_has_two_text_elements ... ok
test properties::badge_always_has_two_rects ... ok
test properties::badge_always_contains_xmlns ... ok
test properties::badge_always_starts_with_svg_tag ... ok
test properties::badge_never_contains_raw_xml_specials_in_text_nodes ... ok
test properties::badge_width_is_positive ... ok
test snapshot_emoji_badge ... ok
test snapshot_empty_value_badge ... ok
test snapshot_empty_label_badge ... ok
test snapshot_both_empty_badge ... ok
test snapshot_language_pct_badge ... ok
test snapshot_large_number_badge ... ok
test snapshot_lines_badge ... ok
test snapshot_long_text_badge ... ok
test snapshot_minimum_width_badge ... ok
test snapshot_numeric_label_badge ... ok
test snapshot_unicode_badge ... ok
test snapshot_xml_escape_badge ... ok
test snapshot_zero_value_badge ... ok

test result: ok. 19 passed; 0 failed; 0 ignored; 0 measured; 0 filtered out; finished in 0.33s

     Running tests/svg_rendering_w59.rs (target/debug/deps/svg_rendering_w59-038b3d8c54f949c1)

running 37 tests
test all_special_chars_escaped_together ... ok
test double_quote_is_escaped ... ok
test ampersand_is_escaped ... ok
test emoji_in_badge ... ok
test label_rect_is_grey ... ok
test empty_strings_still_reach_minimum_width ... ok
test label_text_is_centered_in_label_rect ... ok
test less_than_is_escaped ... ok
test minimum_width_is_120 ... ok
test newlines_in_input ... ok
test plain_text_is_not_escaped ... ok
test single_quote_is_escaped ... ok
test svg_contains_exactly_two_rects ... ok
test same_input_produces_identical_output ... ok
test svg_contains_exactly_two_text_elements ... ok
test svg_has_xmlns ... ok
test svg_height_is_always_24 ... ok
test svg_has_role_img ... ok
test svg_is_single_line ... ok
test svg_opens_and_closes ... ok
test tab_in_input ... ok
test text_anchor_is_middle ... ok
test text_is_white ... ok
test deterministic_across_1000_calls ... ok
test text_size_is_11 ... ok
test text_uses_verdana ... ok
test unicode_label_renders ... ok
test unicode_value_renders ... ok
test unicode_width_uses_char_count ... ok
test value_rect_is_blue ... ok
test value_text_is_centered_in_value_rect ... ok
test very_long_label ... ok
test very_long_value ... ok
test whitespace_only_strings ... ok
test width_formula_longer_text ... ok
test width_formula_spot_check ... ok
test width_grows_monotonically ... ok

test result: ok. 37 passed; 0 failed; 0 ignored; 0 measured; 0 filtered out; finished in 0.00s

     Running tests/unit.rs (target/debug/deps/unit-a4dd033d3d87f8ab)

running 16 tests
test svg_contains_xmlns_attribute ... ok
test svg_contains_label_and_value_text ... ok
test svg_escapes_ampersand_in_label ... ok
test svg_empty_strings_produce_valid_output ... ok
test svg_contains_role_img ... ok
test svg_escapes_angle_brackets ... ok
test svg_escapes_quotes ... ok
test svg_height_is_24 ... ok
test svg_label_segment_uses_dark_fill ... ok
test svg_starts_and_ends_with_svg_tags ... ok
test svg_minimum_width_enforced ... ok
test svg_text_is_white ... ok
test svg_unicode_label_and_value ... ok
test svg_text_uses_verdana_font ... ok
test svg_value_segment_uses_blue_fill ... ok
test svg_width_grows_with_longer_text ... ok

test result: ok. 16 passed; 0 failed; 0 ignored; 0 measured; 0 filtered out; finished in 0.00s

     Running unittests src/lib.rs (target/debug/deps/tokmd_cockpit-7149ad4720ab31b2)

running 53 tests
test determinism::tests::test_hash_cargo_lock_absent ... ok
test determinism::tests::test_hash_cargo_lock_present ... ok
test determinism::tests::test_hash_files_deterministic ... ok
test determinism::tests::test_hash_files_order_independent ... ok
test determinism::tests::test_hash_files_changes_on_modification ... ok
test determinism::tests::test_walk_excludes_specified_paths ... ok
test determinism::tests::test_walk_and_paths_produce_same_hash ... ok
test determinism::tests::test_walk_excludes_tokmd_directory ... ok
test determinism::tests::test_hash_files_from_walk_deterministic ... ok
test tests::test_code_health_breaking_changes_penalty ... ok
test tests::test_code_health_complexity_indicators ... ok
test tests::test_code_health_empty_stats ... ok
test tests::test_code_health_large_file_penalty ... ok
test tests::test_composition_mixed_files ... ok
test tests::test_code_health_perfect_score ... ok
test tests::test_composition_empty_input ... ok
test tests::test_composition_only_code ... ok
test tests::test_composition_only_tests ... ok
test tests::test_composition_test_ratio ... ok
test tests::test_detect_contracts_all ... ok
test tests::test_detect_contracts_api ... ok
test tests::test_detect_contracts_cli ... ok
test tests::test_detect_contracts_none ... ok
test tests::test_detect_contracts_schema ... ok
test tests::test_filestat_as_ref ... ok
test tests::test_flush_uncovered_hunks_empty ... ok
test tests::test_flush_uncovered_hunks_consecutive ... ok
test tests::test_flush_uncovered_hunks_empty_file ... ok
test tests::test_flush_uncovered_hunks_single_line ... ok
test tests::test_format_signed_negative ... ok
test tests::test_format_signed_positive ... ok
test tests::test_format_signed_zero ... ok
test tests::test_metric_trend_both_zero ... ok
test tests::test_metric_trend_degrading_higher_is_better ... ok
test tests::test_metric_trend_degrading_lower_is_better ... ok
test tests::test_metric_trend_from_zero ... ok
test tests::test_metric_trend_improving_higher_is_better ... ok
test tests::test_metric_trend_improving_lower_is_better ... ok
test tests::test_metric_trend_stable ... ok
test tests::test_review_plan_complexity_scores ... ok
test tests::test_review_plan_empty ... ok
test tests::test_review_plan_sorted_by_priority ... ok
test tests::test_risk_no_hotspots ... ok
test tests::test_risk_with_hotspots ... ok
test tests::test_round_pct_basic ... ok
test tests::test_round_pct_negative ... ok
test tests::test_round_pct_rounding_up ... ok
test tests::test_sparkline_empty ... ok
test tests::test_sparkline_single_value ... ok
test tests::test_trend_direction_labels ... ok
test tests::test_now_iso8601_format ... ok
test tests::test_sparkline_constant_values ... ok
test tests::test_sparkline_ascending ... ok

test result: ok. 53 passed; 0 failed; 0 ignored; 0 measured; 0 filtered out; finished in 0.01s

     Running tests/accuracy_deep.rs (target/debug/deps/accuracy_deep-31d34724d287a5d3)

running 60 tests
test change_surface_large_file_threshold_exact ... ok
test change_surface_deletions_only ... ok
test change_surface_config_and_docs_only ... ok
test change_surface_javascript_files ... ok
test change_surface_many_small_files_no_penalty ... ok
test change_surface_modifications_mixed ... ok
test change_surface_python_files ... ok
test change_surface_renames_same_content ... ok
test change_surface_rust_files_additions_only ... ok
test complexity_trend_degrading_with_gates ... ok
test complexity_trend_improving_with_gates ... ok
test evidence_all_fail_overall_fail ... ok
test complexity_trend_no_complexity_gates ... ok
test evidence_complexity_gate_pass_no_high_files ... ok
test evidence_complexity_gate_fail_many_high_files ... ok
test evidence_complexity_gate_warn_few_high_files ... ok
test evidence_contract_gate_cli_pass ... ok
test evidence_contract_gate_schema_warn ... ok
test evidence_contract_gate_semver_fail ... ok
test evidence_determinism_gate_pass_hashes_match ... ok
test evidence_commit_match_variants ... ok
test evidence_determinism_gate_warn_hash_mismatch ... ok
test evidence_diff_coverage_gate_fail_low_coverage ... ok
test evidence_diff_coverage_gate_pass_high_coverage ... ok
test evidence_diff_coverage_gate_warn_medium_coverage ... ok
test evidence_mutation_gate_fail_with_survivors ... ok
test evidence_missing_optional_gates_skipped ... ok
test evidence_mutation_gate_pass_with_all_killed ... ok
test evidence_mutation_gate_skipped_no_relevant_files ... ok
test evidence_scope_coverage_partial_ratio ... ok
test evidence_source_variants_serde ... ok
test evidence_supply_chain_gate_fail_critical_vuln ... ok
test evidence_supply_chain_gate_pass_no_vulns ... ok
test evidence_supply_chain_gate_warn_medium_vuln ... ok
test review_plan_all_priority_1 ... ok
test evidence_overall_some_fail_serde_roundtrip ... ok
test review_plan_all_priority_3 ... ok
test evidence_overall_all_pass_serde_roundtrip ... ok
test review_plan_complexity_boundary_101_lines ... ok
test review_plan_complexity_boundary_100_lines ... ok
test review_plan_complexity_boundary_300_lines ... ok
test review_plan_complexity_boundary_301_lines ... ok
test review_plan_empty_stats ... ok
test review_plan_hotspot_files_get_risk ... ok
test review_plan_lines_changed_tracked ... ok
test review_plan_mixed_priorities_sorted ... ok
test review_plan_reason_contains_line_count ... ok
test sparkline_all_zeros ... ok
test sparkline_descending ... ok
test sparkline_infinity_returns_empty ... ok
test sparkline_nan_returns_empty ... ok
test sparkline_negative_values ... ok
test sparkline_spiky_pattern ... ok
test sparkline_two_values ... ok
test sparkline_very_small_range ... ok
test trend_large_improvement ... ok
test trend_load_nonexistent_baseline_graceful ... ok
test trend_near_stable_boundary ... ok
test trend_risk_large_decrease_is_improving ... ok
test trend_load_cockpit_receipt_as_baseline ... ok

test result: ok. 60 passed; 0 failed; 0 ignored; 0 measured; 0 filtered out; finished in 0.01s

     Running tests/bdd.rs (target/debug/deps/bdd-4e97c2c0ef1d68af)

running 45 tests
test scenario_complexity_trend_stable ... ok
test scenario_detect_api_contract_changes ... ok
test scenario_complexity_trend_degrading ... ok
test scenario_breaking_changes_penalize_health ... ok
test scenario_detect_cli_contract_changes ... ok
test scenario_empty_file_list_yields_zero_composition ... ok
test scenario_detect_schema_contract_changes ... ok
test scenario_format_signed_negative ... ok
test scenario_format_signed_positive ... ok
test scenario_format_signed_zero ... ok
test scenario_empty_stats_empty_review_plan ... ok
test scenario_hash_cargo_lock_absent ... ok
test scenario_hash_cargo_lock_present ... ok
test scenario_hash_skips_git_and_target_dirs ... ok
test scenario_hash_missing_file_skipped ... ok
test scenario_hash_files_from_paths_deterministic ... ok
test scenario_healthy_small_pr ... ok
test scenario_hotspot_files_increase_risk ... ok
test scenario_large_files_degrade_health ... ok
test scenario_low_risk_small_pr ... ok
test scenario_mixed_file_composition ... ok
test scenario_load_trend_missing_baseline ... ok
test scenario_no_contract_changes ... ok
test scenario_load_trend_invalid_json ... ok
test scenario_now_iso8601_format ... ok
test scenario_overall_gate_all_pass ... ok
test scenario_only_code_files ... ok
test scenario_render_comment_md_summary ... ok
test scenario_load_trend_valid_baseline ... ok
test scenario_render_sections_contains_markers ... ok
test scenario_render_markdown_sections ... ok
test scenario_render_json_roundtrip ... ok
test scenario_review_plan_priority_ordering ... ok
test scenario_risk_trend_higher_is_worse ... ok
test scenario_risk_trend_lower_is_better ... ok
test scenario_round_pct ... ok
test scenario_sparkline_empty_input ... ok
test scenario_sparkline_equal_values ... ok
test scenario_sparkline_single_value ... ok
test scenario_sparkline_two_values ... ok
test scenario_trend_degrading_health ... ok
test scenario_trend_direction_labels ... ok
test scenario_trend_improving_health ... ok
test scenario_trend_stable_within_threshold ... ok
test scenario_write_artifacts_creates_files ... ok

test result: ok. 45 passed; 0 failed; 0 ignored; 0 measured; 0 filtered out; finished in 0.01s

     Running tests/cockpit_deep.rs (target/debug/deps/cockpit_deep-ea2e73e0de4fbb01)

running 54 tests
test change_surface_files_changed_counts_all_stats ... ok
test change_surface_net_lines_positive_when_more_insertions ... ok
test change_surface_net_lines_negative_when_more_deletions ... ok
test cockpit_receipt_empty_files_produces_valid_receipt ... ok
test cockpit_receipt_mode_field_is_cockpit ... ok
test cockpit_receipt_schema_version_matches_constant ... ok
test cockpit_receipt_json_has_required_envelope_keys ... ok
test code_health_empty_stats_max_score ... ok
test code_health_large_file_detected ... ok
test cockpit_receipt_serialized_twice_is_deterministic ... ok
test code_health_small_change_high_score ... ok
test composition_all_code_files ... ok
test composition_config_detected ... ok
test composition_docs_detected ... ok
test composition_empty_files_all_zero ... ok
test composition_test_files_detected ... ok
test contracts_api_change_detected_for_lib_rs ... ok
test contracts_cli_change_detected_for_commands ... ok
test contracts_no_changes_for_normal_files ... ok
test contracts_schema_change_detected ... ok
test evidence_complexity_gate_threshold ... ok
test evidence_all_optional_gates_serialized_when_present ... ok
test evidence_mutation_gate_survivors_accessible ... ok
test evidence_optional_gates_omitted_when_none ... ok
test format_signed_f64_negative ... ok
test format_signed_f64_positive ... ok
test format_signed_f64_zero ... ok
test render_comment_md_contains_summary ... ok
test render_json_produces_valid_json ... ok
test render_markdown_contains_change_surface_section ... ok
test render_markdown_contains_glass_cockpit_header ... ok
test render_sections_contains_section_markers ... ok
test gate_status_all_variants_roundtrip ... ok
test review_plan_complexity_increases_with_size ... ok
test evidence_diff_coverage_roundtrip ... ok
test review_plan_large_file_gets_priority_one ... ok
test cockpit_receipt_json_roundtrip_preserves_all_fields ... ok
test review_plan_medium_file_gets_priority_two ... ok
test review_plan_small_file_gets_priority_three ... ok
test review_plan_sorted_by_priority ... ok
test risk_hotspot_detected_for_large_file ... ok
test risk_level_all_variants_display ... ok
test risk_low_for_small_change ... ok
test round_pct_rounds_correctly ... ok
test sparkline_ascending_values ... ok
test sparkline_empty_returns_empty_string ... ok
test sparkline_single_value_returns_middle_bar ... ok
test sparkline_equal_values_all_same_char ... ok
test sparkline_two_values_shows_direction ... ok
test trend_comparison_default_is_unavailable ... ok
test trend_direction_labels_correct ... ok
test trend_metric_degrading_has_negative_delta ... ok
test trend_metric_improving_has_positive_delta ... ok
test trend_comparison_with_all_metrics_roundtrips ... ok

test result: ok. 54 passed; 0 failed; 0 ignored; 0 measured; 0 filtered out; finished in 0.01s

     Running tests/cockpit_depth_w57.rs (target/debug/deps/cockpit_depth_w57-5456967d40d83ba6)

running 46 tests
test code_health_breaking_contracts_reduce_score ... ok
test code_health_large_files_degrade_score ... ok
test code_health_empty_stats ... ok
test complexity_indicator_serde_variants ... ok
test code_health_perfect ... ok
test complexity_trend_degrading_when_increased ... ok
test complexity_trend_stable_when_equal ... ok
test composition_config_detected ... ok
test composition_deterministic ... ok
test composition_docs_detected ... ok
test composition_mixed ... ok
test composition_empty_files ... ok
test cockpit_receipt_serde_roundtrip ... ok
test composition_pure_code ... ok
test composition_test_files_detected ... ok
test contracts_api_change ... ok
test contracts_cli_change ... ok
test contracts_deterministic ... ok
test contracts_none_detected ... ok
test contracts_schema_change ... ok
test evidence_no_optional_gates ... ok
test format_signed_negative ... ok
test format_signed_zero ... ok
test evidence_serde_roundtrip ... ok
test format_signed_positive ... ok
test gate_status_serde_variants ... ok
test review_plan_empty_stats ... ok
test review_plan_priority_ordering ... ok
test receipt_no_trend ... ok
test risk_increases_with_hotspots ... ok
test risk_level_serde_variants ... ok
test risk_low_for_small_changes ... ok
test round_pct_basic ... ok
test schema_version_is_current ... ok
test receipt_with_all_optional_evidence_roundtrips ... ok
test sparkline_ascending ... ok
test sparkline_empty ... ok
test sparkline_single_value ... ok
test trend_both_zero ... ok
test trend_degrading_higher_is_better ... ok
test trend_direction_labels ... ok
test trend_direction_serde_variants ... ok
test trend_improving_higher_is_better ... ok
test trend_improving_lower_is_better ... ok
test trend_stable_small_delta ... ok
test trend_zero_previous ... ok

test result: ok. 46 passed; 0 failed; 0 ignored; 0 measured; 0 filtered out; finished in 0.01s

     Running tests/cockpit_depth_w60.rs (target/debug/deps/cockpit_depth_w60-4fac7a3542c0e059)

running 99 tests
test bdd_receipt_default_health_is_perfect ... ok
test bdd_minimal_receipt_has_correct_schema_version ... ok
test bdd_receipt_preserves_ref_names ... ok
test bdd_receipt_default_risk_is_low ... ok
test bdd_receipt_with_zero_change_surface ... ok
test change_surface_empty_files_all_zero ... ok
test change_surface_only_config ... ok
test change_surface_net_lines_negative ... ok
test change_surface_massive_diff_many_files ... ok
test change_surface_all_files_above_500_lines ... ok
test change_surface_only_docs ... ok
test change_surface_only_test_files ... ok
test change_surface_single_code_file ... ok
test change_surface_unrecognized_extensions_ignored ... ok
test complexity_threshold_value ... ok
test complexity_trend_degrading ... ok
test complexity_trend_improving ... ok
test complexity_trend_stable_no_complexity ... ok
test contracts_api_and_schema_both_changed ... ok
test contracts_cli_changed_via_commands ... ok
test contracts_cli_changed_via_config ... ok
test contracts_mod_rs_triggers_api ... ok
test contracts_no_contract_files ... ok
test contracts_schema_md_triggers_schema ... ok
test determinism_same_inputs_same_composition ... ok
test determinism_same_inputs_same_contracts ... ok
test determinism_same_inputs_same_review_plan ... ok
test determinism_same_inputs_same_health ... ok
test determinism_same_inputs_same_risk ... ok
test file_stat_as_ref_str ... ok
test format_signed_negative ... ok
test format_signed_positive ... ok
test format_signed_zero ... ok
test gate_all_skipped_yields_skipped_overall ... ok
test gate_complexity_pass_no_high_files ... ok
test gate_complexity_warn_with_high_files ... ok
test gate_determinism_pass_hashes_match ... ok
test gate_contracts_with_semver_failure ... ok
test gate_determinism_warn_hashes_differ ... ok
test gate_diff_coverage_fail_below_50_pct ... ok
test gate_diff_coverage_pass_at_80_pct ... ok
test gate_diff_coverage_warn_at_50_pct ... ok
test gate_mutation_pass_with_no_optional_gates ... ok
test gate_mutation_survivors_listed ... ok
test gate_supply_chain_with_vulnerabilities ... ok
test hash_cargo_lock_absent ... ok
test hash_cargo_lock_present ... ok
test hash_files_content_change_changes_hash ... ok
test hash_files_deterministic_same_content ... ok
test hash_files_order_independent ... ok
test hash_skips_target_and_git_dirs ... ok
test health_breaking_indicators_subtract_20 ... ok
test health_complexity_indicator_critical ... ok
test health_empty_stats_perfect_score ... ok
test health_many_large_files_cap_at_zero ... ok
test health_warnings_for_each_large_file ... ok
test determinism_receipt_json_roundtrip ... ok
test determinism_json_roundtrip_with_all_gates ... ok
test now_iso8601_format ... ok
test prop_review_plan_sorted_by_priority ... ok
test prop_composition_deterministic ... ok
test prop_health_score_in_range ... ok
test prop_round_pct_finite ... ok
test prop_sparkline_length_matches_input ... ok
test prop_trend_direction_consistent ... ok
test render_comment_md_basic ... ok
test render_comment_md_shows_contract_changes ... ok
test render_comment_md_shows_priority_review_items ... ok
test render_json_valid_json ... ok
test render_markdown_with_trend ... ok
test render_markdown_contains_sections ... ok
test render_sections_contains_markers ... ok
test review_plan_empty_stats_empty_plan ... ok
test review_plan_complexity_thresholds ... ok
test review_plan_large_file_priority_1 ... ok
test review_plan_medium_file_priority_2 ... ok
test review_plan_reason_contains_lines_changed ... ok
test review_plan_single_small_file ... ok
test review_plan_sorted_by_priority ... ok
test risk_hotspot_above_300_lines ... ok
test risk_many_hotspots_high_or_critical ... ok
test risk_no_hotspots_low ... ok
test round_pct_basic ... ok
test risk_score_capped_at_100 ... ok
test sparkline_ascending ... ok
test sparkline_empty ... ok
test sparkline_equal_values_same_bars ... ok
test sparkline_single ... ok
test trend_both_zero_stable ... ok
test trend_degrading_health ... ok
test trend_improving_health_higher_is_better ... ok
test trend_label_all_directions ... ok
test trend_risk_lower_is_better_degrading ... ok
test trend_risk_lower_is_better_improving ... ok
test trend_stable_small_delta ... ok
test trend_zero_previous_nonzero_current ... ok
test write_artifacts_creates_files ... ok
test prop_composition_pcts_sum_leq_one ... ok
test prop_risk_score_capped ... ok

test result: ok. 99 passed; 0 failed; 0 ignored; 0 measured; 0 filtered out; finished in 0.50s

     Running tests/cockpit_error_handling_w54.rs (target/debug/deps/cockpit_error_handling_w54-85f77c66db901eeb)

running 39 tests
test code_health_empty_file_stats ... ok
test composition_empty_files ... ok
test code_health_with_breaking_contracts ... ok
test code_health_with_large_files ... ok
test composition_mixed_files ... ok
test composition_only_docs ... ok
test composition_unrecognized_extensions ... ok
test composition_only_test_files ... ok
test contracts_all_changes ... ok
test contracts_api_change_detected ... ok
test contracts_cli_change_detected ... ok
test contracts_empty_files ... ok
test contracts_schema_change_detected ... ok
test format_signed_f64_negative ... ok
test format_signed_f64_positive ... ok
test format_signed_f64_zero ... ok
test hash_cargo_lock_absent ... ok
test hash_empty_file_list ... ok
test hash_cargo_lock_present ... ok
test hash_deduplicates_paths ... ok
test hash_excludes_git_directory ... ok
test hash_excludes_target_directory ... ok
test hash_excludes_tokmd_directory ... ok
test hash_missing_file_skipped ... ok
test review_plan_empty_stats ... ok
test review_plan_sorted_by_priority ... ok
test risk_empty_stats ... ok
test risk_with_hotspots ... ok
test round_pct_basic ... ok
test sparkline_constant_values ... ok
test sparkline_empty ... ok
test sparkline_single_value ... ok
test trend_both_zero ... ok
test trend_degrading_when_higher_is_better_and_decreases ... ok
test trend_direction_labels ... ok
test trend_from_zero_previous ... ok
test trend_improving_when_higher_is_better_and_increases ... ok
test trend_improving_when_lower_is_better_and_decreases ... ok
test trend_stable_when_no_change ... ok

test result: ok. 39 passed; 0 failed; 0 ignored; 0 measured; 0 filtered out; finished in 0.00s

     Running tests/cockpit_w68.rs (target/debug/deps/cockpit_w68-3c08891ab4e2aead)

running 28 tests
test composition_code_only ... ok
test composition_deterministic ... ok
test composition_empty_files ... ok
test composition_docs_and_config ... ok
test composition_test_ratio_with_only_tests ... ok
test composition_with_tests ... ok
test contracts_detects_cli_change ... ok
test contracts_detects_api_change ... ok
test contracts_detects_schema_change ... ok
test contracts_no_changes ... ok
test health_degrades_with_large_files ... ok
test health_penalizes_breaking_contracts ... ok
test health_perfect_for_small_changes ... ok
test review_plan_assigns_complexity ... ok
test format_signed_positive_and_negative ... ok
test review_plan_sorted_by_priority ... ok
test risk_increases_with_hotspots ... ok
test review_plan_empty_for_no_files ... ok
test risk_low_for_small_changes ... ok
test round_pct_two_decimals ... ok
test sparkline_empty ... ok
test sparkline_multiple_values ... ok
test trend_degrading_when_lower_is_better ... ok
test trend_improving_when_higher_is_better ... ok
test sparkline_single_value ... ok
test trend_stable_when_small_delta ... ok
test trend_labels ... ok
test trend_zero_previous ... ok

test result: ok. 28 passed; 0 failed; 0 ignored; 0 measured; 0 filtered out; finished in 0.00s

     Running tests/deep_cockpit_round2_w51.rs (target/debug/deps/deep_cockpit_round2_w51-528cd373436b676e)

running 42 tests
test composition_empty_input_all_zero ... ok
test composition_all_code ... ok
test composition_all_tests ... ok
test composition_percentages_sum_to_one ... ok
test composition_test_ratio_computed ... ok
test detect_contracts_api_changed ... ok
test determinism_composition_stable ... ok
test complexity_trend_stable_when_same ... ok
test health_score_decreases_with_large_files ... ok
test evidence_optional_gates_none_serialize_cleanly ... ok
test health_score_never_below_zero ... ok
test health_score_penalized_for_breaking_changes ... ok
test health_score_perfect_no_large_files ... ok
test overall_status_all_pass ... ok
test receipt_contract_gate_sub_gates ... ok
test determinism_same_input_same_output ... ok
test receipt_diff_coverage_fields ... ok
test receipt_mutation_survivors_preserved ... ok
test receipt_supply_chain_vulnerability ... ok
test review_plan_complexity_scores ... ok
test review_plan_empty_input ... ok
test receipt_without_trend_serializes_cleanly ... ok
test review_plan_lines_changed_recorded ... ok
test review_plan_priority_ordering ... ok
test risk_score_capped_at_100 ... ok
test risk_score_high_for_many_hotspots ... ok
test risk_score_low_for_small_changes ... ok
test schema_version_constant_is_3 ... ok
test sparkline_empty_input ... ok
test schema_version_in_json ... ok
test sparkline_non_empty ... ok
test trend_both_zero_stable ... ok
test trend_degrading_when_health_decreases ... ok
test trend_delta_pct_from_zero_baseline ... ok
test gate_status_serde_roundtrip ... ok
test trend_improving_when_health_increases ... ok
test trend_risk_lower_is_better ... ok
test trend_stable_when_delta_small ... ok
test utility_format_signed_f64 ... ok
test utility_trend_direction_label ... ok
test utility_round_pct ... ok
test receipt_all_gates_present_roundtrip ... ok

test result: ok. 42 passed; 0 failed; 0 ignored; 0 measured; 0 filtered out; finished in 0.00s

     Running tests/deep_cockpit_w47.rs (target/debug/deps/deep_cockpit_w47-504f5ead9b144fc3)

running 40 tests
test determinism_same_stats_same_receipt ... ok
test empty_diff_has_empty_review_plan ... ok
test empty_diff_has_perfect_health ... ok
test determinism_markdown_output_stable ... ok
test empty_diff_has_low_risk ... ok
test empty_diff_has_zero_composition ... ok
test empty_diff_produces_zero_surface ... ok
test evidence_complexity_gate_serializes ... ok
test determinism_json_output_stable ... ok
test evidence_overall_status_serializes_correctly ... ok
test evidence_mutation_survivors_tracked ... ok
test format_signed_negative ... ok
test evidence_fail_status_roundtrips ... ok
test evidence_skipped_status_serializes ... ok
test format_signed_zero ... ok
test format_signed_positive ... ok
test health_breaking_contracts_deduct_20 ... ok
test health_grade_boundaries ... ok
test metric_trend_higher_is_better_improving ... ok
test metric_trend_both_zero ... ok
test metric_trend_lower_is_better_improving ... ok
test evidence_all_gate_statuses_representable ... ok
test metric_trend_stable_within_threshold ... ok
test metric_trend_zero_baseline ... ok
test prop_health_score_bounded_0_100 ... ok
test prop_risk_score_bounded_0_100 ... ok
test prop_review_plan_sorted_by_priority ... ok
test prop_composition_percentages_sum_to_one_or_zero ... ok
test receipt_base_and_head_refs_preserved ... ok
test receipt_schema_version_matches_constant ... ok
test receipt_mode_is_cockpit ... ok
test risk_hotspot_threshold_at_300_lines ... ok
test risk_level_increases_with_hotspots ... ok
test round_pct_rounds_to_two_decimals ... ok
test receipt_json_roundtrip_preserves_all_fields ... ok
test sparkline_ascending ... ok
test sparkline_empty ... ok
test sparkline_single_value ... ok
test trend_direction_labels ... ok
test prop_round_pct_is_idempotent ... ok

test result: ok. 40 passed; 0 failed; 0 ignored; 0 measured; 0 filtered out; finished in 0.02s

     Running tests/deep_w38.rs (target/debug/deps/deep_w38-b2b8dab1adafddc1)

running 44 tests
test code_health_breaking_changes_reduce_score ... ok
test code_health_critical_complexity ... ok
test code_health_large_file_penalty ... ok
test code_health_perfect_no_large_files ... ok
test composition_all_code ... ok
test composition_all_tests ... ok
test composition_empty ... ok
test composition_mixed ... ok
test composition_unrecognized_extensions ... ok
test contracts_all_types ... ok
test contracts_api_from_lib_rs ... ok
test contracts_cli_from_commands ... ok
test contracts_none ... ok
test contracts_schema_from_schema_json ... ok
test cockpit_receipt_json_roundtrip ... ok
test contracts_schema_md ... ok
test cockpit_receipt_trend_serializes_when_present ... ok
test filestat_as_ref_returns_path ... ok
test format_signed_negative ... ok
test format_signed_positive ... ok
test format_signed_zero ... ok
test now_iso8601_format ... ok
test review_plan_complexity_scores ... ok
test review_plan_empty_input ... ok
test review_plan_sorted_by_priority ... ok
test risk_hotspot_detection ... ok
test risk_low_for_small_changes ... ok
test risk_score_bounded_at_100 ... ok
test round_pct_basic ... ok
test round_pct_negative ... ok
test sparkline_all_infinity_returns_empty ... ok
test sparkline_ascending_has_low_to_high ... ok
test sparkline_constant_values_uniform ... ok
test sparkline_empty_returns_empty ... ok
test sparkline_negative_values ... ok
test sparkline_single_value ... ok
test trend_both_zero ... ok
test trend_degrading_higher_is_better ... ok
test trend_degrading_lower_is_better ... ok
test trend_from_zero_pct ... ok
test trend_improving_higher_is_better ... ok
test trend_improving_lower_is_better ... ok
test trend_labels ... ok
test trend_stable_within_threshold ... ok

test result: ok. 44 passed; 0 failed; 0 ignored; 0 measured; 0 filtered out; finished in 0.00s

     Running tests/deep_w42.rs (target/debug/deps/deep_w42-1b48a3a17a6452f7)

running 43 tests
test cockpit_schema_version_is_current ... ok
test complexity_threshold_is_fifteen ... ok
test complexity_trend_improving ... ok
test complexity_trend_degrading ... ok
test code_health_deterministic ... ok
test complexity_trend_stable_below_threshold ... ok
test composition_all_categories ... ok
test composition_deterministic ... ok
test composition_docs_folder_path ... ok
test composition_js_and_ts_counted_as_code ... ok
test composition_json_as_config ... ok
test composition_py_test_files ... ok
test composition_spec_files_counted_as_test ... ok
test composition_unrecognized_files_ignored ... ok
test composition_yaml_config ... ok
test contracts_breaking_indicators_count_api_plus_schema ... ok
test contracts_mod_rs_is_api ... ok
test contracts_config_crate_is_cli ... ok
test contracts_schema_md_detected ... ok
test file_stat_as_ref_str ... ok
test format_signed_f64_positive_negative_zero ... ok
test gate_status_json_serde ... ok
test health_avg_file_size ... ok
test cockpit_receipt_json_roundtrip ... ok
test health_complexity_high_with_three_large_files ... ok
test health_complexity_critical_with_six_large_files ... ok
test health_grade_boundaries ... ok
test health_saturating_sub_does_not_underflow ... ok
test now_iso8601_valid_format ... ok
test review_plan_lines_changed_populated ... ok
test review_plan_priority_and_complexity_assignment ... ok
test review_plan_reason_contains_line_count ... ok
test review_plan_deterministic ... ok
test risk_hotspots_over_300_lines ... ok
test risk_low_with_small_changes ... ok
test risk_score_capped_at_100 ... ok
test round_pct_precision ... ok
test sparkline_all_same_values ... ok
test sparkline_two_values_min_max ... ok
test trend_direction_label_all_variants ... ok
test trend_lower_is_better_degrading ... ok
test trend_lower_is_better_improving ... ok
test trend_stable_within_one_unit ... ok

test result: ok. 43 passed; 0 failed; 0 ignored; 0 measured; 0 filtered out; finished in 0.00s

     Running tests/deep_w66.rs (target/debug/deps/deep_w66-cf77091fc9769a3f)

running 39 tests
test composition_mixed_four_categories ... ok
test composition_docs_in_nested_docs_subdir ... ok
test composition_docs_via_md_extension ... ok
test composition_empty_input ... ok
test composition_pure_code ... ok
test composition_pure_tests ... ok
test composition_unrecognised_files_ignored ... ok
test contracts_all_flags ... ok
test contracts_api_changed_from_lib_rs ... ok
test contracts_cli_changed_from_commands ... ok
test contracts_none_when_no_relevant_files ... ok
test contracts_schema_changed ... ok
test format_signed_positive_negative_zero ... ok
test health_breaking_contracts_reduce_score ... ok
test health_empty_stats ... ok
test health_many_large_files_caps ... ok
test health_no_large_files_score_100 ... ok
test health_one_large_file_deducts ... ok
test git_tests::hash_cargo_lock_absent_returns_none ... ok
test metric_trend_degrading_higher_is_better ... ok
test metric_trend_improving_higher_is_better ... ok
test metric_trend_improving_lower_is_better ... ok
test metric_trend_stable_when_small_delta ... ok
test metric_trend_zero_previous ... ok
test git_tests::hash_cargo_lock_present_returns_hex ... ok
test git_tests::hash_files_from_paths_deterministic ... ok
test review_plan_complexity_scales_with_lines ... ok
test review_plan_empty_input ... ok
test review_plan_sorted_by_priority ... ok
test risk_low_when_small_changes ... ok
test risk_medium_with_hotspot ... ok
test risk_score_capped_at_100 ... ok
test round_pct_various ... ok
test sparkline_ascending_bars ... ok
test sparkline_constant_all_same ... ok
test sparkline_empty ... ok
test trend_direction_labels_all ... ok
test properties::review_plan_deterministic ... ok
test properties::composition_deterministic ... ok

test result: ok. 39 passed; 0 failed; 0 ignored; 0 measured; 0 filtered out; finished in 0.02s

     Running tests/integration.rs (target/debug/deps/integration-27fbb0a2c43f06bf)

running 18 tests
test integration_comment_md_no_contracts ... ok
test integration_comment_md_contract_section ... ok
test integration_determinism_not_found_is_skipped ... ok
test integration_file_stat_as_ref ... ok
test integration_evidence_gates_in_markdown ... ok
test integration_large_file_pr ... ok
test integration_determinism_hashing_workflow ... ok
test integration_empty_pr_workflow ... ok
test integration_full_render_pipeline ... ok
test integration_many_large_files_critical_complexity ... ok
test integration_markdown_with_trend ... ok
test integration_multi_file_mixed_pr ... ok
test integration_single_file_pr ... ok
test integration_schema_version_in_json ... ok
test integration_markdown_without_trend ... ok
test integration_trend_comparison_e2e ... ok
test integration_write_and_read_artifacts ... ok
test integration_write_artifacts_nested_dir ... ok

test result: ok. 18 passed; 0 failed; 0 ignored; 0 measured; 0 filtered out; finished in 0.01s

     Running tests/integration_deep.rs (target/debug/deps/integration_deep-82068b8451bfa298)

running 106 tests
test composition_config_extensions ... ok
test composition_docs_directory ... ok
test composition_empty_files ... ok
test composition_mixed_types ... ok
test composition_only_code ... ok
test composition_only_tests ... ok
test composition_python_and_typescript ... ok
test composition_spec_files_are_tests ... ok
test composition_unrecognized_extensions_ignored ... ok
test contracts_all_changes ... ok
test contracts_api_change_lib_rs ... ok
test contracts_api_change_mod_rs ... ok
test contracts_cli_change_commands ... ok
test contracts_cli_change_config ... ok
test contracts_no_changes ... ok
test contracts_schema_change ... ok
test contracts_schema_md_change ... ok
test e2e_file_stat_as_ref ... ok
test complexity_trend_with_complexity_gate ... ok
test complexity_trend_stable ... ok
test edge_exact_300_lines_not_hotspot ... ok
test edge_exact_301_lines_is_hotspot ... ok
test edge_exact_500_lines_not_large ... ok
test edge_exact_501_lines_is_large ... ok
test edge_many_small_files ... ok
test edge_zero_line_files ... ok
test e2e_schema_version_in_json ... ok
test format_signed_positive ... ok
test format_signed_negative ... ok
test e2e_empty_pr ... ok
test e2e_large_mixed_pr ... ok
test format_signed_zero ... ok
test hash_cargo_lock_absent ... ok
test hash_cargo_lock_present ... ok
test hash_hex_length_64 ... ok
test hash_dedup ... ok
test hash_changes_on_modification ... ok
test hash_missing_file_skipped ... ok
test hash_order_independent ... ok
test hash_skips_tokmd_dir ... ok
test health_avg_file_size ... ok
test health_breaking_contract_penalty ... ok
test health_breaking_plus_large_file ... ok
test health_grade_boundary_d ... ok
test health_grade_f ... ok
test health_no_files ... ok
test health_one_large_file_penalty ... ok
test health_score_saturates_at_zero ... ok
test health_six_large_files_critical ... ok
test health_small_files_perfect_score ... ok
test health_three_large_files_high_complexity ... ok
test health_two_large_files ... ok
test health_warnings_for_large_files ... ok
test now_iso8601_format ... ok
test render_comment_md_summary ... ok
test render_comment_no_contracts ... ok
test render_comment_with_contracts ... ok
test render_evidence_gates_in_markdown ... ok
test render_markdown_contains_sections ... ok
test render_markdown_no_trend ... ok
test render_markdown_with_trend ... ok
test render_json_roundtrip ... ok
test render_sections_contains_review_plan ... ok
test review_plan_boundary_200_lines ... ok
test review_plan_boundary_201_lines ... ok
test review_plan_boundary_50_lines ... ok
test review_plan_boundary_51_lines ... ok
test review_plan_complexity_scores ... ok
test render_report_json_envelope ... ok
test render_write_artifacts ... ok
test review_plan_empty ... ok
test review_plan_priority_p1 ... ok
test review_plan_priority_p2 ... ok
test review_plan_priority_p3 ... ok
test render_write_artifacts_nested ... ok
test review_plan_reason_contains_lines ... ok
test review_plan_sorted_by_priority ... ok
test risk_critical_level ... ok
test risk_high_level ... ok
test risk_medium_level ... ok
test risk_hotspot_detection ... ok
test risk_no_files ... ok
test risk_score_capped_at_100 ... ok
test risk_score_formula ... ok
test risk_small_files_low ... ok
test round_pct_basic ... ok
test round_pct_negative ... ok
test round_pct_zero ... ok
test sparkline_all_equal ... ok
test sparkline_ascending ... ok
test sparkline_empty ... ok
test sparkline_single_value ... ok
test trend_label_degrading ... ok
test trend_label_improving ... ok
test trend_label_stable ... ok
test trend_load_missing_baseline ... ok
test trend_metric_both_zero ... ok
test trend_metric_degrading_lower_is_better ... ok
test trend_metric_degrading_higher_is_better ... ok
test trend_load_invalid_json ... ok
test trend_metric_improving_higher_is_better ... ok
test trend_metric_improving_lower_is_better ... ok
test trend_metric_stable_exact_equal ... ok
test trend_metric_pct_from_zero ... ok
test trend_metric_stable_small_delta ... ok
test trend_load_valid_baseline ... ok

test result: ok. 106 passed; 0 failed; 0 ignored; 0 measured; 0 filtered out; finished in 0.01s

     Running tests/properties.rs (target/debug/deps/properties-59413b89291f0547)

running 23 tests
test change_surface_net_lines ... ok
test prop_empty_stats_baseline ... ok
test prop_format_signed_negative_has_minus ... ok
test prop_format_signed_positive_has_plus ... ok
test prop_hash_is_64_hex ... ok
test prop_hash_order_independent ... ok
test prop_contracts_detection_pure ... ok
test composition_percentages ... ok
test prop_health_score_bounded ... ok
test prop_review_plan_priorities_valid ... ok
test prop_review_plan_has_entry_per_file ... ok
test prop_round_pct_idempotent ... ok
test prop_sparkline_length_matches_input ... ok
test prop_composition_percentages_sum_to_one_or_less ... ok
test prop_trend_delta_is_current_minus_previous ... ok
test prop_trend_direction_consistent_higher_better ... ok
test prop_trend_direction_consistent_lower_better ... ok
test round_pct_bounded ... ok
test sparkline_chars ... ok
test sparkline_length ... ok
test prop_review_plan_sorted_by_priority ... ok
test prop_risk_score_bounded ... ok
test prop_test_ratio_non_negative ... ok

test result: ok. 23 passed; 0 failed; 0 ignored; 0 measured; 0 filtered out; finished in 1.68s

     Running tests/proptest_deep.rs (target/debug/deps/proptest_deep-1888c789cf421728)

running 14 tests
test composition_empty_input ... ok
test detect_contracts_breaking_count_bounded ... ok
test format_signed_zero_has_plus ... ok
test detect_contracts_deterministic ... ok
test round_pct_bounded ... ok
test round_pct_preserves_sign ... ok
test sparkline_chars_are_block_elements ... ok
test sparkline_constant_values_all_same_char ... ok
test sparkline_empty_input_empty_output ... ok
test trend_delta_negation ... ok
test trend_direction_reversal ... ok
test health_worsens_with_more_breaking ... ok
test composition_is_deterministic ... ok
test composition_individual_pct_bounded ... ok

test result: ok. 14 passed; 0 failed; 0 ignored; 0 measured; 0 filtered out; finished in 0.09s

     Running tests/proptest_expansion_w50.rs (target/debug/deps/proptest_expansion_w50-f836f62a2b25ade8)

running 21 tests
test composition_empty_is_zero ... ok
test code_health_grade_valid ... ok
test code_health_score_bounded ... ok
test code_health_never_panics ... ok
test composition_never_panics ... ok
test detect_contracts_breaking_bounded ... ok
test empty_stats_perfect_health ... ok
test composition_test_ratio_non_negative ... ok
test composition_percentages_sum_to_one_or_zero ... ok
test equal_values_are_stable ... ok
test higher_is_better_direction ... ok
test lower_is_better_direction ... ok
test metric_trend_never_panics ... ok
test lib_rs_triggers_api_changed ... ok
test detect_contracts_never_panics ... ok
test review_plan_never_panics ... ok
test review_plan_same_count_as_inputs ... ok
test review_plan_sorted_by_priority ... ok
test trend_delta_is_current_minus_previous ... ok
test risk_never_panics ... ok
test risk_score_bounded ... ok

test result: ok. 21 passed; 0 failed; 0 ignored; 0 measured; 0 filtered out; finished in 0.91s

     Running tests/serde_w70.rs (target/debug/deps/serde_w70-fb732ed19f193cdc)

running 18 tests
test complexity_indicator_all_variants_roundtrip ... ok
test commit_match_all_variants_roundtrip ... ok
test cockpit_receipt_with_trend_roundtrip ... ok
test cockpit_receipt_full_roundtrip ... ok
test deterministic_cockpit_json ... ok
test evidence_source_all_variants_roundtrip ... ok
test gate_status_all_variants_roundtrip ... ok
test optional_evidence_fields_omitted_when_none ... ok
test evidence_full_roundtrip ... ok
test review_item_roundtrip ... ok
test risk_level_all_variants_roundtrip ... ok
test schema_version_in_json_output ... ok
test trend_comparison_full_roundtrip ... ok
test trend_direction_all_variants_roundtrip ... ok
test warning_type_all_variants_roundtrip ... ok
test prop_risk_score_roundtrip ... ok
test prop_health_score_roundtrip ... ok
test prop_change_surface_roundtrip ... ok

test result: ok. 18 passed; 0 failed; 0 ignored; 0 measured; 0 filtered out; finished in 0.02s

     Running tests/snapshot_w45.rs (target/debug/deps/snapshot_w45-48ee00a127b01b8a)

running 11 tests
test snapshot_cockpit_comment_empty_pr ... ok
test snapshot_cockpit_json_empty_pr ... ok
test snapshot_cockpit_json_single_file ... ok
test snapshot_cockpit_comment_with_contracts ... ok
test snapshot_cockpit_md_empty_pr ... ok
test snapshot_cockpit_md_large_files ... ok
test snapshot_cockpit_md_multi_file ... ok
test snapshot_cockpit_md_with_failed_gates ... ok
test snapshot_cockpit_md_single_file ... ok
test snapshot_cockpit_md_with_trend ... ok
test snapshot_cockpit_sections_multi_file ... ok

test result: ok. 11 passed; 0 failed; 0 ignored; 0 measured; 0 filtered out; finished in 0.18s

     Running unittests src/lib.rs (target/debug/deps/tokmd_config-088f52b68acd9686)

running 23 tests
test tests::cockpit_format_default_is_json ... ok
test tests::cli_lang_args_default ... ok
test tests::color_mode_default_is_auto ... ok
test tests::analysis_preset_uses_kebab_case ... ok
test tests::context_output_default_is_list ... ok
test tests::context_strategy_uses_kebab_case ... ok
test tests::context_strategy_default_is_greedy ... ok
test tests::diff_format_default_is_md ... ok
test tests::diff_range_mode_default_is_two_dot ... ok
test tests::gate_format_default_is_text ... ok
test tests::global_args_default ... ok
test tests::diff_format_serde_roundtrip ... ok
test tests::global_args_owned_to_scan_options ... ok
test tests::global_args_to_scan_options ... ok
test tests::analysis_preset_serde_roundtrip ... ok
test tests::handoff_preset_default_is_risk ... ok
test tests::near_dup_scope_default_is_module ... ok
test tests::profile_default_all_none ... ok
test tests::sensor_format_default_is_json ... ok
test tests::user_config_default_is_empty ... ok
test tests::value_metric_default_is_code ... ok
test tests::value_metric_uses_kebab_case ... ok
test tests::user_config_serde_roundtrip ... ok

test result: ok. 23 passed; 0 failed; 0 ignored; 0 measured; 0 filtered out; finished in 0.02s

     Running tests/bdd.rs (target/debug/deps/bdd-aa3636cbcf1ae4e7)

running 27 tests
test given_config_enums::when_analysis_preset_variants_checked_then_all_exist ... ok
test given_config_enums::when_children_mode_variants_checked_then_all_exist ... ok
test given_config_enums::when_color_mode_variants_checked_then_all_exist ... ok
test given_config_enums::when_badge_metric_variants_checked_then_all_exist ... ok
test given_config_enums::when_config_mode_variants_checked_then_all_exist ... ok
test given_config_enums::when_diff_format_variants_checked_then_all_exist ... ok
test given_config_enums::when_export_format_variants_checked_then_all_exist ... ok
test given_config_enums::when_init_profile_variants_checked_then_all_exist ... ok
test given_config_enums::when_redact_mode_variants_checked_then_all_exist ... ok
test given_config_enums::when_table_format_variants_checked_then_all_exist ... ok
test given_global_args::when_defaults_then_scan_options_are_all_false ... ok
test given_global_args::when_all_flags_set_then_all_options_propagated ... ok
test given_user_config::when_profile_exists_then_lookup_returns_it ... ok
test given_invalid_toml::when_malformed_syntax_then_parse_returns_error ... ok
test given_user_config::when_profile_missing_then_lookup_returns_none ... ok
test given_user_config::when_repo_mapped_to_profile_then_mapping_is_retrievable ... ok
test given_invalid_toml::when_wrong_type_for_number_then_parse_returns_error ... ok
test given_invalid_toml::when_wrong_type_for_boolean_then_parse_returns_error ... ok
test given_valid_toml::when_context_section_present_then_budget_and_strategy_loaded ... ok
test given_valid_toml::when_empty_string_parsed_then_all_defaults_applied ... ok
test given_valid_toml::when_analyze_section_present_then_preset_and_window_loaded ... ok
test given_valid_toml::when_gate_section_present_then_fail_fast_loaded ... ok
test given_valid_toml::when_export_section_present_then_all_fields_loaded ... ok
test given_valid_toml::when_module_section_present_then_roots_and_depth_loaded ... ok
test given_view_profile::when_default_then_all_fields_are_none ... ok
test given_valid_toml::when_scan_section_present_then_scan_fields_populated ... ok
test given_valid_toml::when_view_profiles_present_then_multiple_profiles_loaded ... ok

test result: ok. 27 passed; 0 failed; 0 ignored; 0 measured; 0 filtered out; finished in 0.01s

     Running tests/config_deep_w64.rs (target/debug/deps/config_deep_w64-aeb1ce64e030681d)

running 66 tests
test analyze_settings_default ... ok
test badge_metric_roundtrip ... ok
test analysis_preset_all_variants_roundtrip ... ok
test cli_lang_args_defaults ... ok
test analyze_settings_json_roundtrip ... ok
test cockpit_format_default_json ... ok
test color_mode_default_auto ... ok
test context_output_default_list ... ok
test color_mode_roundtrip ... ok
test context_output_roundtrip ... ok
test context_strategy_default_greedy ... ok
test context_strategy_roundtrip ... ok
test diff_format_default_md ... ok
test diff_format_roundtrip ... ok
test diff_range_mode_default_two_dot ... ok
test diff_settings_json_roundtrip ... ok
test badge_section ... ok
test empty_arrays_in_config ... ok
test context_section_all_fields ... ok
test analyze_section_all_fields ... ok
test empty_view_profiles_section ... ok
test empty_toml_parses_to_defaults ... ok
test export_settings_default ... ok
test export_section_all_fields ... ok
test export_settings_json_roundtrip ... ok
test gate_format_default_text ... ok
test extra_fields_in_scan_ignored ... ok
test given_empty_toml_when_load_then_all_defaults ... ok
test gate_rule_toml_roundtrip ... ok
test gate_section_with_ratchet ... ok
test gate_section_with_rules ... ok
test global_args_default_config_auto ... ok
test global_args_default_flags_false ... ok
test given_full_config_when_load_then_all_sections_present ... ok
test global_args_default_verbose_zero ... ok
test global_args_default_excluded_empty ... ok
test global_args_to_scan_options_preserves_fields ... ok
test global_args_owned_conversion ... ok
test handoff_preset_default_risk ... ok
test import_granularity_roundtrip ... ok
test init_profile_roundtrip ... ok
test lang_settings_default ... ok
test lang_settings_json_roundtrip ... ok
test minimal_scan_section ... ok
test module_settings_default ... ok
test module_section_roots_and_depth ... ok
test near_dup_scope_default_module ... ok
test multiple_view_profiles ... ok
test profile_default_all_none ... ok
test module_settings_json_roundtrip ... ok
test ratchet_rule_toml_roundtrip ... ok
test scan_settings_for_paths ... ok
test scan_settings_current_dir ... ok
test scan_settings_default ... ok
test scan_settings_json_roundtrip ... ok
test sensor_format_default_json ... ok
test scan_with_boolean_flags ... ok
test scan_with_exclude ... ok
test shell_variants_roundtrip ... ok
test value_metric_default_code ... ok
test user_config_json_roundtrip ... ok
test toml_config_json_roundtrip ... ok
test toml_config_toml_roundtrip ... ok
test view_profile_default_is_empty ... ok
test view_profile_parsed ... ok
test value_metric_roundtrip ... ok

test result: ok. 66 passed; 0 failed; 0 ignored; 0 measured; 0 filtered out; finished in 0.04s

     Running tests/config_deep_w75.rs (target/debug/deps/config_deep_w75-ef7c26481707e644)

running 22 tests
test cli_lang_args_default_values ... ok
test enum_defaults_all_correct ... ok
test global_args_defaults_complete ... ok
test global_args_to_scan_options_all_true ... ok
test handoff_preset_serde_roundtrip ... ok
test analysis_preset_all_variants_kebab_case ... ok
test global_args_owned_conversion_preserves_values ... ok
test profile_all_fields_none_by_default ... ok
test toml_from_file_invalid_content_returns_error ... ok
test toml_from_file_nonexistent_returns_error ... ok
test toml_empty_string_gives_defaults ... ok
test toml_from_file_loads_correctly ... ok
test toml_gate_inline_ratchet_rules ... ok
test toml_full_config_all_sections ... ok
test toml_config_json_roundtrip ... ok
test toml_parse_malformed_returns_error ... ok
test toml_gate_inline_rules ... ok
test toml_partial_sections_others_default ... ok
test user_config_empty_roundtrip ... ok
test toml_multiple_view_profiles ... ok
test user_config_multiple_profiles_roundtrip ... ok
test view_profile_all_fields ... ok

test result: ok. 22 passed; 0 failed; 0 ignored; 0 measured; 0 filtered out; finished in 0.12s

     Running tests/config_depth_w60.rs (target/debug/deps/config_depth_w60-431870a22b0afe9e)

running 55 tests
test cockpit_format_default_json ... ok
test analysis_preset_uses_kebab_case ... ok
test color_mode_default_auto ... ok
test context_output_default_list ... ok
test analysis_preset_all_variants_roundtrip ... ok
test context_strategy_all_variants_roundtrip ... ok
test color_mode_all_variants_roundtrip ... ok
test badge_metric_all_variants_roundtrip ... ok
test context_strategy_default_greedy ... ok
test context_strategy_uses_kebab_case ... ok
test diff_format_all_variants_roundtrip ... ok
test diff_format_default_md ... ok
test diff_range_mode_default_two_dot ... ok
test gate_format_default_text ... ok
test given_default_user_config_then_empty ... ok
test given_empty_toml_when_parsed_then_all_defaults ... ok
test given_badge_section_when_parsed_then_metric_set ... ok
test given_analyze_section_when_parsed_then_all_fields_set ... ok
test given_context_section_when_parsed_then_strategy_and_budget_set ... ok
test given_empty_view_profile_when_parsed_then_all_fields_none ... ok
test given_export_section_when_parsed_then_limits_set ... ok
test given_gate_section_when_parsed_then_policy_fields_set ... ok
test given_gate_with_inline_rules_when_parsed_then_rules_available ... ok
test given_gate_with_ratchet_rules_when_parsed_then_ratchet_available ... ok
test given_global_args_with_custom_values_when_converted_then_all_propagated ... ok
test given_global_args_with_defaults_when_converted_then_scan_options_defaults ... ok
test given_global_args_owned_when_converted_then_same_as_borrowed ... ok
test given_invalid_toml_syntax_when_parsed_then_error ... ok
test given_profile_default_then_all_fields_none ... ok
test given_module_section_when_parsed_then_roots_and_depth_loaded ... ok
test given_multiple_view_profiles_when_parsed_then_all_accessible ... ok
test given_scan_section_when_parsed_then_fields_populated ... ok
test given_profile_with_all_fields_then_serde_roundtrip ... ok
test given_user_config_with_profiles_then_profiles_accessible ... ok
test given_unknown_top_level_keys_when_parsed_then_no_error ... ok
test given_wrong_type_for_depth_when_parsed_then_error ... ok
test handoff_preset_all_variants_roundtrip ... ok
test given_view_profile_when_parsed_then_all_fields_available ... ok
test given_wrong_type_for_field_when_parsed_then_error ... ok
test handoff_preset_default_risk ... ok
test import_granularity_all_variants_roundtrip ... ok
test near_dup_scope_default_module ... ok
test handoff_preset_uses_kebab_case ... ok
test properties::global_args_scan_options_conversion_deterministic ... ok
test properties::view_profile_default_always_empty ... ok
test sensor_format_default_json ... ok
test user_config_full_roundtrip ... ok
test value_metric_all_variants_roundtrip ... ok
test value_metric_default_code ... ok
test value_metric_uses_kebab_case ... ok
test toml_config_full_json_roundtrip ... ok
test view_profile_default_all_none ... ok
test view_profile_serde_roundtrip ... ok
test properties::user_config_json_roundtrip_deterministic ... ok
test properties::toml_parse_empty_always_succeeds ... ok

test result: ok. 55 passed; 0 failed; 0 ignored; 0 measured; 0 filtered out; finished in 0.05s

     Running tests/config_error_handling_w54.rs (target/debug/deps/config_error_handling_w54-2562e6647105c34c)

running 26 tests
test color_mode_default_is_auto ... ok
test context_strategy_default_is_greedy ... ok
test default_cli_lang_args ... ok
test context_output_serde_roundtrip ... ok
test badge_metric_serde_roundtrip ... ok
test analysis_preset_serde_roundtrip_all_variants ... ok
test default_user_config_is_empty ... ok
test default_global_args ... ok
test diff_format_default_is_md ... ok
test diff_range_mode_default_is_two_dot ... ok
test default_profile_all_none ... ok
test gate_format_serde_roundtrip ... ok
test import_granularity_serde_roundtrip ... ok
test init_profile_serde_roundtrip ... ok
test near_dup_scope_default_is_module ... ok
test parse_empty_toml_string ... ok
test parse_empty_scan_section ... ok
test parse_config_with_unknown_top_level_key_is_ignored ... ok
test parse_invalid_toml_bad_value_type ... ok
test parse_invalid_toml_syntax ... ok
test parse_full_config_with_all_sections ... ok
test parse_config_known_sections_only ... ok
test parse_invalid_toml_unclosed_bracket ... ok
test toml_config_from_file_nonexistent ... ok
test value_metric_serde_roundtrip ... ok
test toml_config_from_file_invalid_content ... ok

test result: ok. 26 passed; 0 failed; 0 ignored; 0 measured; 0 filtered out; finished in 0.01s

     Running tests/config_integration.rs (target/debug/deps/config_integration-db01432d09ea109d)

running 27 tests
test from_file_errors::given_empty_file_then_returns_default_config ... ok
test from_file_errors::given_file_with_invalid_toml_then_returns_error ... ok
test from_file_errors::given_file_with_only_comments_then_returns_default_config ... ok
test from_file_errors::given_file_with_only_whitespace_then_returns_default_config ... ok
test from_file_errors::given_nonexistent_path_then_returns_error ... ok
test gate_boundary_values::given_many_rules_then_all_parsed_in_order ... ok
test gate_boundary_values::given_ratchet_with_100_pct_then_parsed ... ok
test gate_boundary_values::given_ratchet_with_zero_pct_then_parsed ... ok
test gate_boundary_values::given_rule_with_value_zero_then_parsed ... ok
test profile_name_edge_cases::given_many_profiles_then_btreemap_maintains_sorted_order ... ok
test profile_name_edge_cases::given_profile_name_with_dots_quoted_then_parsed_correctly ... ok
test cli_toml_interaction::given_toml_config_when_cli_specifies_nonexistent_profile_then_lookup_returns_none ... ok
test cli_toml_interaction::given_toml_with_view_profile_when_cli_uses_profile_flag_then_name_captured ... ok
test profile_name_edge_cases::given_profile_name_with_hyphens_then_parsed_correctly ... ok
test profile_name_edge_cases::given_profile_name_with_unicode_then_parsed_correctly ... ok
test profile_name_edge_cases::given_profile_name_with_numbers_then_parsed_correctly ... ok
test cli_toml_interaction::given_toml_with_multiple_profiles_when_cli_selects_one_then_correct_profile_used ... ok
test section_interactions::given_all_sections_present_then_each_parsed_independently ... ok
test toml_type_strictness::given_boolean_where_array_expected_then_error ... ok
test toml_type_strictness::given_boolean_where_string_expected_then_error ... ok
test toml_type_strictness::given_float_where_boolean_expected_then_error ... ok
test toml_determinism::given_toml_from_file_when_loaded_twice_then_identical ... ok
test section_interactions::given_all_sections_when_roundtripped_through_json_then_values_preserved ... ok
test toml_type_strictness::given_integer_where_string_expected_then_error ... ok
test toml_type_strictness::given_object_where_string_expected_then_error ... ok
test toml_type_strictness::given_integer_where_boolean_expected_then_error ... ok
test toml_determinism::given_same_toml_when_parsed_ten_times_then_json_identical ... ok

test result: ok. 27 passed; 0 failed; 0 ignored; 0 measured; 0 filtered out; finished in 0.02s

     Running tests/config_w68.rs (target/debug/deps/config_w68-bf3763ad02aeffb9)

running 22 tests
test defaults_for_enums ... ok
test context_strategy_kebab_case ... ok
test diff_format_serde_roundtrip ... ok
test badge_metric_serde_roundtrip ... ok
test analysis_preset_serde_roundtrip ... ok
test init_profile_serde_roundtrip ... ok
test global_args_default ... ok
test global_args_to_scan_options ... ok
test parse_minimal_toml ... ok
test parse_gate_config_with_ratchet_rules ... ok
test parse_full_toml_config ... ok
test parse_gate_config_with_inline_rules ... ok
test parse_view_profiles ... ok
test profile_default_all_none ... ok
test toml_config_serialization_deterministic ... ok
test user_config_default_is_empty ... ok
test toml_config_from_file ... ok
test user_config_serde_roundtrip ... ok
test user_config_serialization_deterministic ... ok
test view_profile_btreemap_maintains_order ... ok
test proptests::user_config_json_roundtrip ... ok
test proptests::toml_parse_deterministic ... ok

test result: ok. 22 passed; 0 failed; 0 ignored; 0 measured; 0 filtered out; finished in 0.02s

     Running tests/deep.rs (target/debug/deps/deep-7fca59b557206859)

running 81 tests
test analysis_preset_kebab_names ... ok
test all_export_formats_roundtrip ... ok
test all_analysis_presets_roundtrip ... ok
test analyze_git_omitted ... ok
test analyze_git_false ... ok
test analyze_format_variants_accepted ... ok
test all_fields_populated_config ... ok
test analyze_git_true ... ok
test analyze_preset_set_when_provided ... ok
test analyze_preset_none_when_omitted ... ok
test badge_metric_kebab_names ... ok
test analyze_preset_variants_accepted ... ok
test children_mode_variants_accepted ... ok
test context_output_variants_accepted ... ok
test context_rank_by_variants_accepted ... ok
test dotted_key_syntax ... ok
test empty_arrays_accepted ... ok
test cli_lang_args_default_all_none ... ok
test context_strategy_variants_accepted ... ok
test empty_string_produces_default_toml_config ... ok
test enum_defaults ... ok
test empty_string_values_accepted ... ok
test explicit_false_stored_as_some_false ... ok
test export_format_variants_accepted ... ok
test from_file_empty_file_yields_defaults ... ok
test from_file_invalid_content_returns_error ... ok
test from_file_valid_content ... ok
test gate_only_config ... ok
test gate_rule_negate_default_false ... ok
test gate_rule_value_bool ... ok
test gate_rule_no_value_no_values ... ok
test gate_rule_value_float ... ok
test gate_rule_value_string ... ok
test gate_rule_value_integer ... ok
test gate_rule_values_array_of_strings ... ok
test global_args_defaults ... ok
test gate_rules_mixed_value_types_in_same_config ... ok
test global_args_to_scan_options_all_fields ... ok
test granularity_variants_accepted ... ok
test import_granularity_kebab_names ... ok
test handoff_preset_kebab_names ... ok
test invalid_toml_array_for_string ... ok
test init_profile_kebab_names ... ok
test invalid_toml_duplicate_keys ... ok
test invalid_toml_float_for_usize ... ok
test invalid_toml_missing_bracket ... ok
test invalid_toml_negative_unsigned ... ok
test invalid_toml_string_for_array ... ok
test invalid_toml_wrong_type_bool_for_usize ... ok
test invalid_toml_wrong_type_string_for_bool ... ok
test large_values_accepted ... ok
test minimal_config_single_scan_field ... ok
test minimal_config_single_view_profile ... ok
test missing_file_returns_io_error ... ok
test many_gate_rules_preserved_in_order ... ok
test multiline_array_syntax ... ok
test module_roots_with_slashes ... ok
test multiple_sections_coexist ... ok
test paths_with_forward_slashes ... ok
test ratchet_rule_minimal_only_pointer ... ok
test redact_mode_variants_accepted ... ok
test ratchet_rule_all_fields ... ok
test scan_config_field_accepts_strings ... ok
test shell_kebab_names ... ok
test three_profiles_independent ... ok
test toml_comments_ignored ... ok
test unicode_in_paths ... ok
test unicode_in_view_profile_name ... ok
test toml_config_json_roundtrip_empty ... ok
test toml_serialize_roundtrip ... ok
test unknown_field_in_view_profile_ignored ... ok
test toml_config_json_roundtrip_populated ... ok
test unknown_section_ignored ... ok
test unknown_field_inside_section_ignored ... ok
test user_config_default_empty ... ok
test unknown_top_level_key_ignored ... ok
test user_config_json_roundtrip ... ok
test whitespace_only_toml_yields_defaults ... ok
test view_profiles_sorted_by_name ... ok
test zero_values_accepted ... ok
test view_profile_default_all_none ... ok

test result: ok. 81 passed; 0 failed; 0 ignored; 0 measured; 0 filtered out; finished in 0.08s

     Running tests/deep_config_round2_w52.rs (target/debug/deps/deep_config_round2_w52-97c4558e829c2aaf)

running 27 tests
test default_profile_selection_all_none ... ok
test analyze_settings_preset_validation ... ok
test empty_toml_uses_all_defaults ... ok
test export_settings_format_validation ... ok
test custom_analysis_presets_parsed ... ok
test exclude_patterns_parsed_correctly ... ok
test defaults_applied_for_missing_optional_fields ... ok
test gate_rules_inline_toml_parsing ... ok
test global_args_to_scan_options_conversion ... ok
test numerical_setting_bounds ... ok
test named_profile_selection_overrides_defaults ... ok
test malformed_toml_errors_gracefully ... ok
test parse_minimal_toml_single_section ... ok
test parse_toml_with_custom_profile_definitions ... ok
test path_normalization_in_exclude_patterns ... ok
test profile_inheritance_view_profiles_from_toml ... ok
test scan_options_builder_combinations ... ok
test profile_settings_override_global_settings ... ok
test profile_with_format_overrides ... ok
test parse_valid_toml_with_all_fields_populated ... ok
test scan_settings_serde_roundtrip_with_options ... ok
test toml_from_file_nonexistent_path_errors ... ok
test serde_roundtrip_full_toml_config ... ok
test unknown_profile_name_returns_none ... ok
test toml_from_file_loads_correctly ... ok
test user_config_repo_to_profile_mapping ... ok
test view_profile_all_fields_populated ... ok

test result: ok. 27 passed; 0 failed; 0 ignored; 0 measured; 0 filtered out; finished in 0.01s

     Running tests/deep_config_w47.rs (target/debug/deps/deep_config_w47-be5b806bf17686e6)

running 61 tests
test child_include_mode_variants ... ok
test analysis_format_serde_roundtrip ... ok
test children_mode_in_view_profile ... ok
test children_mode_collapse_and_separate ... ok
test children_mode_in_export_section ... ok
test all_analyze_presets_accepted_in_toml ... ok
test config_mode_variants_serde ... ok
test config_mode_in_scan_section ... ok
test config_with_only_view_section ... ok
test config_with_empty_sections_all_none ... ok
test config_only_gate_rules_section ... ok
test context_output_variants ... ok
test context_rank_by_variants ... ok
test context_strategy_variants ... ok
test empty_config_string_produces_defaults ... ok
test empty_arrays_and_strings ... ok
test export_format_serde_roundtrip_all_variants ... ok
test deterministic_parse_same_toml ... ok
test export_format_strings_in_toml_config ... ok
test five_profiles_no_cross_contamination ... ok
test empty_file_on_disk_parses_ok ... ok
test from_file_invalid_content_gives_invalid_data ... ok
test from_file_in_nested_directory ... ok
test from_file_missing_file_gives_not_found ... ok
test from_file_loads_valid_toml ... ok
test gate_rule_values_array_for_in_operator ... ok
test gate_rule_negate_and_message ... ok
test granularity_module_and_file ... ok
test inline_and_full_line_comments ... ok
test full_config_all_sections_populated ... ok
test invalid_toml_duplicate_key_is_error ... ok
test invalid_toml_missing_bracket_gives_error ... ok
test invalid_toml_bool_for_string_field ... ok
test invalid_toml_wrong_type_gives_descriptive_error ... ok
test invalid_toml_negative_for_usize ... ok
test missing_optional_fields_are_none ... ok
test profile_children_field_accepted ... ok
test multiple_ratchet_rules ... ok
test quoted_unicode_view_profile_name ... ok
test redact_mode_enum_serde ... ok
test scan_config_default_all_none ... ok
test redact_mode_variants_in_export_and_view ... ok
test table_format_serde_roundtrip_all_variants ... ok
test deterministic_parse_hundred_iterations ... ok
test toml_config_json_roundtrip_with_all_sections ... ok
test toml_serialize_then_parse_roundtrip ... ok
test unicode_in_scan_paths_and_excludes ... ok
test unknown_fields_inside_sections_ignored ... ok
test unknown_top_level_keys_silently_ignored ... ok
test scan_options_json_roundtrip ... ok
test user_config_profile_selection_by_name ... ok
test user_config_repo_to_profile_mapping ... ok
test very_large_u64_values ... ok
test view_profile_every_field_populated ... ok
test view_profile_json_roundtrip ... ok
test view_profile_keys_always_sorted ... ok
test view_profile_merging_partial_overrides ... ok
test zero_values_everywhere ... ok
test toml_config_json_roundtrip_prop ... ok
test profile_name_preserved_in_btreemap ... ok
test user_config_profile_name_roundtrip ... ok

test result: ok. 61 passed; 0 failed; 0 ignored; 0 measured; 0 filtered out; finished in 0.13s

     Running tests/deep_w39.rs (target/debug/deps/deep_w39-5e961f2b00168e84)

running 20 tests
test all_analysis_presets_serialize_lowercase ... ok
test invalid_toml_syntax_is_err ... ok
test negative_usize_field_is_err ... ok
test parse_analyze_section ... ok
test full_config_toml_roundtrip ... ok
test gate_rule_negate_defaults_false ... ok
test parse_context_section ... ok
test parse_export_section ... ok
test parse_gate_ratchet_rules ... ok
test parse_badge_section ... ok
test parse_minimal_toml ... ok
test parse_module_section ... ok
test parse_gate_section_with_rules ... ok
test parse_scan_section ... ok
test scan_config_default_all_none ... ok
test parse_view_profiles ... ok
test toml_config_default_all_sections_empty ... ok
test view_profile_fields_all_optional ... ok
test wrong_type_for_field_is_err ... ok
test unknown_section_is_silently_ignored ... ok

test result: ok. 20 passed; 0 failed; 0 ignored; 0 measured; 0 filtered out; finished in 0.01s

     Running tests/deep_w43.rs (target/debug/deps/deep_w43-d83357a62b88c57c)

running 43 tests
test cockpit_format_default_json ... ok
test cli_lang_args_default_all_none ... ok
test color_mode_default_auto ... ok
test context_output_default_list ... ok
test context_strategy_default_greedy ... ok
test diff_format_default_md ... ok
test diff_range_mode_uses_kebab_case ... ok
test diff_range_mode_serde_roundtrip ... ok
test analysis_preset_all_variants_roundtrip ... ok
test badge_metric_serde_roundtrip ... ok
test gate_format_default_text ... ok
test global_args_default_booleans_false ... ok
test global_args_default_config_is_auto ... ok
test global_args_default_excluded_empty ... ok
test global_args_default_verbose_zero ... ok
test handoff_preset_default_risk ... ok
test global_args_conversion_drops_verbose_and_no_progress ... ok
test global_args_to_scan_options_ref_conversion ... ok
test global_args_to_scan_options_owned_conversion ... ok
test handoff_preset_uses_kebab_case ... ok
test import_granularity_serde_roundtrip ... ok
test init_profile_serde_roundtrip ... ok
test near_dup_scope_serde_roundtrip ... ok
test profile_default_all_none ... ok
test sensor_format_serde_roundtrip ... ok
test shell_enum_serde_roundtrip ... ok
test toml_config_from_missing_file_is_error ... ok
test toml_config_invalid_toml_is_error ... ok
test toml_config_empty_string_all_defaults ... ok
test toml_config_scan_section_parses ... ok
test toml_config_module_section_parses ... ok
test toml_config_analyze_section_all_fields ... ok
test toml_config_from_file_reads ... ok
test user_config_default_empty ... ok
test toml_config_view_profiles_multiple ... ok
test toml_gate_inline_rules_parse ... ok
test toml_gate_ratchet_rules_parse ... ok
test user_config_profiles_btreemap_sorted ... ok
test user_config_repos_btreemap_sorted ... ok
test value_metric_default_code ... ok
test user_config_serde_roundtrip_multiple_profiles ... ok
test view_profile_default_all_none ... ok
test view_profile_full_serde_roundtrip ... ok

test result: ok. 43 passed; 0 failed; 0 ignored; 0 measured; 0 filtered out; finished in 0.01s

     Running tests/deep_w66.rs (target/debug/deps/deep_w66-ce6f9420e1e0d717)

running 21 tests
test global_args_default_values ... ok
test parse_empty_string ... ok
test parse_badge_section ... ok
test parse_context_section ... ok
test parse_analyze_section ... ok
test parse_export_section ... ok
test parse_only_scan_section ... ok
test parse_module_section ... ok
test parse_scan_section_full ... ok
test parse_gate_section_with_inline_rules ... ok
test parse_view_profiles ... ok
test profile_default_all_none ... ok
test toml_config_default_all_none ... ok
test profile_serde_roundtrip ... ok
test toml_config_from_file ... ok
test toml_config_serde_roundtrip ... ok
test user_config_default_empty ... ok
test user_config_serde_roundtrip_with_profiles ... ok
test view_profile_default_all_none ... ok
test properties::profile_serde_roundtrip_prop ... ok
test properties::toml_parse_deterministic ... ok

test result: ok. 21 passed; 0 failed; 0 ignored; 0 measured; 0 filtered out; finished in 0.03s

     Running tests/determinism.rs (target/debug/deps/determinism-65aa2b35bde5e393)

running 1 test
test test_user_config_determinism ... ok

test result: ok. 1 passed; 0 failed; 0 ignored; 0 measured; 0 filtered out; finished in 0.00s

     Running tests/edge_cases.rs (target/debug/deps/edge_cases-65ad069ae77d27e8)

running 29 tests
test cli_parsing::baseline_subcommand_parses_with_defaults ... ok
test cli_parsing::cockpit_subcommand_with_sensor_mode ... ok
test cli_parsing::analyze_subcommand_with_near_dup_options ... ok
test cli_parsing::context_subcommand_with_advanced_options ... ok
test cli_parsing::gate_subcommand_parses_with_defaults ... ok
test cli_parsing::gate_subcommand_with_all_options ... ok
test cli_parsing::handoff_subcommand_parses_with_defaults ... ok
test cli_parsing::handoff_subcommand_with_custom_flags ... ok
test cli_parsing::sensor_subcommand_with_custom_refs ... ok
test cli_parsing::sensor_subcommand_parses_with_defaults ... ok
test newer_enum_roundtrips::color_mode_roundtrip ... ok
test newer_enum_roundtrips::context_strategy_roundtrip ... ok
test newer_enum_roundtrips::cockpit_format_roundtrip ... ok
test newer_enum_roundtrips::context_output_roundtrip ... ok
test newer_enum_roundtrips::diff_format_roundtrip ... ok
test newer_enum_roundtrips::diff_range_mode_roundtrip ... ok
test newer_enum_roundtrips::gate_format_roundtrip ... ok
test newer_enum_roundtrips::handoff_preset_roundtrip ... ok
test newer_enum_roundtrips::near_dup_scope_roundtrip ... ok
test newer_enum_roundtrips::newer_enums_use_kebab_case ... ok
test newer_enum_roundtrips::sensor_format_roundtrip ... ok
test newer_enum_roundtrips::value_metric_roundtrip ... ok
test toml_gate_config::gate_config_with_allow_missing_baseline ... ok
test toml_gate_config::gate_config_with_preset_and_policy ... ok
test toml_gate_config::gate_config_defaults_are_none_when_absent ... ok
test toml_gate_config::gate_config_with_both_allow_missing_true ... ok
test view_profile_coverage::view_profile_default_is_all_none ... ok
test view_profile_coverage::view_profile_json_roundtrip_with_all_fields ... ok
test view_profile_coverage::view_profile_with_all_fields_set ... ok

test result: ok. 29 passed; 0 failed; 0 ignored; 0 measured; 0 filtered out; finished in 0.10s

     Running tests/error_boundary.rs (target/debug/deps/error_boundary-901f4e879d2b542d)

running 19 tests
test from_file_malformed_content_returns_invalid_data ... ok
test from_file_nonexistent_returns_io_error ... ok
test empty_string_parses_to_defaults ... ok
test export_min_code_string_instead_of_number ... ok
test gate_rule_missing_required_pointer_field ... ok
test analyze_window_boolean_instead_of_number ... ok
test gate_rule_missing_required_name_field ... ok
test malformed_toml_bare_value ... ok
test malformed_toml_duplicate_key ... ok
test malformed_toml_invalid_utf8_sequence ... ok
test malformed_toml_missing_closing_bracket ... ok
test module_depth_float_instead_of_int ... ok
test module_depth_negative_number ... ok
test partial_config_only_scan_section ... ok
test scan_hidden_wrong_type_string_instead_of_bool ... ok
test scan_exclude_wrong_type_string_instead_of_array ... ok
test unknown_nested_field_is_silently_accepted ... ok
test whitespace_only_parses_to_defaults ... ok
test unknown_top_level_field_is_silently_accepted ... ok

test result: ok. 19 passed; 0 failed; 0 ignored; 0 measured; 0 filtered out; finished in 0.07s

     Running tests/error_cases.rs (target/debug/deps/error_cases-3211c56dc1f5b7aa)

running 26 tests
test from_file_nonexistent_path_returns_error ... ok
test parse_completely_invalid_toml ... ok
test parse_duplicate_table_headers ... ok
test parse_empty_string_succeeds ... ok
test parse_empty_view_profiles ... ok
test parse_extra_section_is_ignored ... ok
test parse_empty_exclude_list ... ok
test parse_export_config ... ok
test from_file_valid_config_round_trips ... ok
test parse_gate_config ... ok
test parse_invalid_nested_type ... ok
test parse_invalid_value_type ... ok
test parse_full_config_all_sections ... ok
test parse_minimal_scan_config ... ok
test parse_module_config ... ok
test parse_only_comments_succeeds ... ok
test parse_negative_depth_is_type_error ... ok
test parse_only_whitespace_succeeds ... ok
test parse_unclosed_bracket ... ok
test parse_scan_with_exclude_patterns ... ok
test parse_unicode_in_string_values ... ok
test parse_unknown_nested_key_is_ignored ... ok
test parse_unknown_top_level_key_is_ignored ... ok
test parse_very_large_depth_value ... ok
test parse_view_profiles ... ok
test parse_zero_values ... ok

test result: ok. 26 passed; 0 failed; 0 ignored; 0 measured; 0 filtered out; finished in 0.09s

     Running tests/error_edge_w73.rs (target/debug/deps/error_edge_w73-308be8c06d245ceb)

running 16 tests
test from_file_nonexistent_path_returns_io_error ... ok
test from_file_directory_instead_of_file_returns_error ... ok
test parse_completely_invalid_toml_returns_error ... ok
test parse_empty_string_returns_all_defaults ... ok
test from_file_empty_file_returns_all_defaults ... ok
test parse_all_sections_explicitly_empty ... ok
test parse_toml_with_duplicate_keys_returns_error ... ok
test parse_full_config_roundtrip ... ok
test parse_toml_with_extra_nested_table_in_known_section ... ok
test parse_toml_with_unclosed_bracket_returns_error ... ok
test parse_toml_with_unknown_top_level_section_succeeds ... ok
test parse_toml_with_invalid_nesting_returns_error ... ok
test parse_toml_with_unknown_field_in_known_section_succeeds ... ok
test profile_deserialize_null_values ... ok
test parse_toml_with_wrong_value_type_returns_error ... ok
test user_config_profile_with_all_none_fields ... ok

test result: ok. 16 passed; 0 failed; 0 ignored; 0 measured; 0 filtered out; finished in 0.01s

     Running tests/error_handling.rs (target/debug/deps/error_handling-52266c40c39bb78b)

running 23 tests
test profile_invalid_redact_variant_returns_error ... ok
test profile_empty_json_object_all_none ... ok
test profile_invalid_files_type_returns_error ... ok
test profile_invalid_top_type_returns_error ... ok
test profile_invalid_module_roots_type_returns_error ... ok
test profile_negative_top_returns_error ... ok
test redact_mode_invalid_string_returns_error ... ok
test toml_config_from_file_nonexistent_path_returns_error ... ok
test redact_mode_valid_variants_roundtrip ... ok
test toml_config_malformed_toml_returns_error ... ok
test toml_config_empty_string_parses_to_defaults ... ok
test toml_config_wrong_type_for_module_depth_returns_error ... ok
test toml_config_unknown_keys_are_accepted_by_default ... ok
test toml_config_wrong_type_for_gate_fail_fast_returns_error ... ok
test toml_config_wrong_type_for_export_min_code_returns_error ... ok
test user_config_empty_json_object_requires_fields ... ok
test user_config_malformed_json_returns_error ... ok
test toml_config_wrong_type_for_scan_hidden_returns_error ... ok
test user_config_profile_with_invalid_nested_field ... ok
test user_config_repos_wrong_value_type ... ok
test user_config_with_empty_maps_succeeds ... ok
test user_config_wrong_type_for_profiles_returns_error ... ok
test user_config_wrong_type_for_repos_returns_error ... ok

test result: ok. 23 passed; 0 failed; 0 ignored; 0 measured; 0 filtered out; finished in 0.01s

     Running tests/properties.rs (target/debug/deps/properties-5c28e10ad568c07c)

running 22 tests
test badge_metric_roundtrip ... ok
test analysis_format_roundtrip ... ok
test analysis_preset_roundtrip ... ok
test analysis_preset_kebab_case ... ok
test children_mode_roundtrip ... ok
test child_include_mode_roundtrip ... ok
test cockpit_format_display ... ok
test cockpit_format_serde_rt ... ok
test config_mode_serde_roundtrip ... ok
test config_mode_roundtrip ... ok
test export_format_roundtrip ... ok
test handoff_preset_debug ... ok
test handoff_preset_serde_rt ... ok
test init_profile_roundtrip ... ok
test import_granularity_roundtrip ... ok
test redact_mode_kebab_case ... ok
test redact_mode_roundtrip ... ok
test shell_roundtrip ... ok
test table_format_roundtrip ... ok
test table_format_kebab_case ... ok
test unknown_table_format_fails ... ok
test unknown_analysis_preset_fails ... ok

test result: ok. 22 passed; 0 failed; 0 ignored; 0 measured; 0 filtered out; finished in 0.13s

     Running tests/proptest_deep.rs (target/debug/deps/proptest_deep-000f7f5aae0ff325)

running 20 tests
test all_shells_lowercase ... ok
test all_init_profiles_lowercase ... ok
test all_badge_metrics_lowercase ... ok
test all_export_formats_lowercase ... ok
test badge_metric_double_rt ... ok
test analysis_format_double_rt ... ok
test analysis_preset_double_rt ... ok
test child_include_mode_double_rt ... ok
test export_format_double_rt ... ok
test config_mode_double_rt ... ok
test children_mode_double_rt ... ok
test import_granularity_double_rt ... ok
test init_profile_double_rt ... ok
test shell_double_rt ... ok
test redact_mode_double_rt ... ok
test table_format_double_rt ... ok
test unknown_config_mode_rejected ... ok
test unknown_redact_mode_rejected ... ok
test unknown_export_format_rejected ... ok
test unknown_shell_rejected ... ok

test result: ok. 20 passed; 0 failed; 0 ignored; 0 measured; 0 filtered out; finished in 0.03s

     Running tests/proptest_expansion_w50.rs (target/debug/deps/proptest_expansion_w50-8c9c33b5e026f2f7)

running 10 tests
test empty_config_has_no_profiles ... ok
test default_profile_all_none ... ok
test profile_serialization_skips_none ... ok
test profile_json_roundtrip ... ok
test profile_toml_roundtrip ... ok
test repo_mapping_lookups ... ok
test profiles_are_independent ... ok
test profile_count_matches_inserts ... ok
test user_config_json_roundtrip ... ok
test user_config_toml_roundtrip ... ok

test result: ok. 10 passed; 0 failed; 0 ignored; 0 measured; 0 filtered out; finished in 0.21s

     Running tests/scenarios.rs (target/debug/deps/scenarios-1c7ddfea87107d62)

running 47 tests
test cli_parsing::config_mode_none_flag ... ok
test cli_parsing::bare_invocation_has_no_subcommand ... ok
test cli_parsing::cockpit_subcommand_defaults ... ok
test cli_parsing::analyze_subcommand_with_preset_and_window ... ok
test cli_parsing::diff_subcommand_with_refs ... ok
test cli_parsing::gate_subcommand_fail_fast ... ok
test cli_parsing::export_subcommand_with_all_options ... ok
test cli_parsing::context_subcommand_defaults ... ok
test cli_parsing::global_exclude_flag_is_repeatable ... ok
test cli_parsing::handoff_subcommand_defaults ... ok
test cli_parsing::global_hidden_and_no_ignore_flags ... ok
test cli_parsing::lang_subcommand_with_format ... ok
test cli_parsing::module_subcommand_with_roots_and_depth ... ok
test cli_parsing::no_progress_flag ... ok
test cli_parsing::profile_flag_is_parsed ... ok
test cli_parsing::invalid_flag_fails ... ok
test profile_defaults::default_cli_lang_args_has_none_paths ... ok
test cli_parsing::sensor_subcommand_defaults ... ok
test cli_parsing::view_alias_works_for_profile ... ok
test cli_parsing::verbose_flag_counts ... ok
test profile_defaults::default_profile_has_all_none ... ok
test profile_merging::both_none_yields_none ... ok
test profile_defaults::default_view_profile_has_all_none ... ok
test profile_merging::profile_none_preserves_base ... ok
test profile_merging::profile_overrides_base_when_some ... ok
test profile_merging::profile_overrides_none_base ... ok
test profile_merging::profile_partially_overrides ... ok
test scan_options_conversion::all_boolean_flags_are_forwarded ... ok
test scan_options_conversion::config_mode_is_forwarded ... ok
test scan_options_conversion::default_global_args_produce_default_scan_options ... ok
test scan_options_conversion::excluded_patterns_are_forwarded ... ok
test scan_options_conversion::owned_conversion_matches_borrowed ... ok
test toml_type_errors::float_where_usize_expected_fails ... ok
test toml_type_errors::negative_number_where_usize_expected_fails ... ok
test toml_type_errors::array_where_string_expected_fails ... ok
test toml_type_errors::bool_where_usize_expected_fails ... ok
test toml_type_errors::string_where_array_expected_fails ... ok
test toml_type_errors::string_where_bool_expected_fails ... ok
test toml_view_roundtrip::missing_profile_name_yields_none ... ok
test user_config_profiles::lookup_existing_profile ... ok
test user_config_profiles::lookup_missing_profile_returns_none ... ok
test user_config_profiles::multiple_profiles_are_independent ... ok
test toml_view_roundtrip::profile_loaded_from_toml_can_be_used_for_merging ... ok
test user_config_profiles::repo_to_profile_mapping ... ok
test user_config_serialization::empty_user_config_serializes_to_empty_maps ... ok
test user_config_serialization::profile_with_module_roots_roundtrips ... ok
test user_config_serialization::user_config_roundtrips_through_json ... ok

test result: ok. 47 passed; 0 failed; 0 ignored; 0 measured; 0 filtered out; finished in 0.13s

     Running tests/serde_w70.rs (target/debug/deps/serde_w70-46db00f6cfd8504d)

running 19 tests
test analysis_preset_all_variants_roundtrip ... ok
test cockpit_format_roundtrip ... ok
test color_mode_roundtrip ... ok
test btreemap_ordering_in_views ... ok
test context_enums_roundtrip ... ok
test btreemap_ordering_in_user_config_profiles ... ok
test deterministic_json_output ... ok
test diff_format_roundtrip ... ok
test deterministic_toml_output ... ok
test misc_enums_roundtrip ... ok
test profile_default_roundtrip ... ok
test gate_config_with_rules_roundtrip ... ok
test toml_config_json_roundtrip ... ok
test user_config_empty_roundtrip ... ok
test user_config_with_profiles_roundtrip ... ok
test view_profile_roundtrip ... ok
test toml_config_toml_roundtrip ... ok
test prop_toml_config_json_roundtrip ... ok
test prop_user_config_roundtrip ... ok

test result: ok. 19 passed; 0 failed; 0 ignored; 0 measured; 0 filtered out; finished in 0.12s

     Running tests/toml_config.rs (target/debug/deps/toml_config-5bdf6a13b0e8569c)

running 32 tests
test test_from_file_nonexistent_returns_error ... ok
test test_from_file_invalid_toml_returns_error ... ok
test test_from_file_empty_file_yields_defaults ... ok
test test_parse_analyze_all_fields ... ok
test test_parse_context_all_fields ... ok
test test_from_file_utf8_content ... ok
test test_from_file_returns_correct_values ... ok
test test_parse_empty_arrays ... ok
test test_parse_empty_string_yields_defaults ... ok
test test_parse_empty_sections ... ok
test test_parse_empty_strings ... ok
test test_parse_export_all_fields ... ok
test test_parse_gate_ratchet_rules ... ok
test test_parse_gate_combined_rules_and_ratchet ... ok
test test_parse_full_realistic_config ... ok
test test_parse_gate_rules ... ok
test test_parse_invalid_toml_returns_error ... ok
test test_parse_gate_rules_with_negate_and_values ... ok
test test_parse_large_values ... ok
test test_parse_module_all_fields ... ok
test test_parse_multiple_view_profiles_sorted ... ok
test test_parse_scan_doc_comments ... ok
test test_parse_scan_all_ignore_flags ... ok
test test_parse_returns_correct_values ... ok
test test_parse_scan_exclude_patterns ... ok
test test_parse_scan_partial_only_hidden ... ok
test test_parse_unknown_top_level_key_is_silently_ignored ... ok
test test_parse_view_profile_all_fields ... ok
test test_parse_view_profile_empty ... ok
test test_parse_zero_values ... ok
test test_parse_view_profiles ... ok
test test_toml_roundtrip_via_json ... ok

test result: ok. 32 passed; 0 failed; 0 ignored; 0 measured; 0 filtered out; finished in 0.01s

     Running tests/toml_parsing.rs (target/debug/deps/toml_parsing-0718a14cc1262edb)

running 15 tests
test from_file_nonexistent_path_returns_error ... ok
test from_file_invalid_toml_returns_error ... ok
test empty_toml_yields_all_none_defaults ... ok
test invalid_toml_syntax_returns_error ... ok
test gate_rules_with_all_fields_are_parsed_correctly ... ok
test from_file_parses_valid_toml ... ok
test full_kitchen_sink_config_parses ... ok
test multiple_view_profiles_are_independent ... ok
test ratchet_rules_with_mixed_constraints ... ok
test type_mismatches_return_errors ... ok
test unknown_keys_are_silently_ignored ... ok
test view_profile_fields_override_section_defaults_independently ... ok
test view_profiles_are_stored_in_sorted_order ... ok
test toml_config_roundtrips_through_json ... ok
test zero_and_large_values_are_accepted ... ok

test result: ok. 15 passed; 0 failed; 0 ignored; 0 measured; 0 filtered out; finished in 0.03s

     Running unittests src/lib.rs (target/debug/deps/tokmd_content-f524db559b4b88d5)

running 108 tests
test complexity::tests::case_insensitive_language ... ok
test complexity::tests::cc_comments_ignored ... ok
test complexity::tests::avg_function_length_calculation ... ok
test complexity::tests::cc_average_complexity ... ok
test complexity::tests::cc_empty_content ... ok
test complexity::tests::cc_extracts_function_names ... ok
test complexity::tests::cc_high_complexity_function ... ok
test complexity::tests::cc_go_if_else ... ok
test complexity::tests::cc_go_switch_case ... ok
test complexity::tests::cc_go_simple_function ... ok
test complexity::tests::cc_js_if_else_if ... ok
test complexity::tests::cc_js_logical_operators ... ok
test complexity::tests::cc_js_switch_case ... ok
test complexity::tests::cc_js_simple_function ... ok
test complexity::tests::cc_js_ternary_operator ... ok
test complexity::tests::cc_js_try_catch ... ok
test complexity::tests::cc_no_functions ... ok
test complexity::tests::cc_python_exception_handling ... ok
test complexity::tests::cc_python_if_elif ... ok
test complexity::tests::cc_python_async_def ... ok
test complexity::tests::cc_language_aliases ... ok
test complexity::tests::cc_rust_if_else_if ... ok
test complexity::tests::cc_python_logical_operators ... ok
test complexity::tests::cc_rust_if_statement ... ok
test complexity::tests::cc_python_loops ... ok
test complexity::tests::cc_python_simple_function ... ok
test complexity::tests::cc_rust_logical_operators ... ok
test complexity::tests::cc_rust_match_statement ... ok
test complexity::tests::cc_rust_loops ... ok
test complexity::tests::cc_rust_multiple_functions ... ok
test complexity::tests::cc_rust_try_operator ... ok
test complexity::tests::cc_rust_pub_async_fn ... ok
test complexity::tests::cc_unsupported_language ... ok
test complexity::tests::cognitive_empty_content ... ok
test complexity::tests::cc_rust_simple_function ... ok
test complexity::tests::cognitive_multiple_functions ... ok
test complexity::tests::cc_typescript_same_as_js ... ok
test complexity::tests::cognitive_rust_labeled_break ... ok
test complexity::tests::cognitive_js_nested ... ok
test complexity::tests::cognitive_high_complexity_detection ... ok
test complexity::tests::cognitive_python_nested ... ok
test complexity::tests::cognitive_rust_logical_sequence ... ok
test complexity::tests::cognitive_rust_loops_with_nesting ... ok
test complexity::tests::cognitive_rust_nested_if ... ok
test complexity::tests::cognitive_rust_simple_function ... ok
test complexity::tests::empty_content ... ok
test complexity::tests::cognitive_unsupported_language ... ok
test complexity::tests::functions_over_threshold ... ok
test complexity::tests::go_nested_braces ... ok
test complexity::tests::go_multiple_functions ... ok
test complexity::tests::go_simple_function ... ok
test complexity::tests::js_async_function ... ok
test complexity::tests::js_arrow_function ... ok
test complexity::tests::js_async_arrow_function ... ok
test complexity::tests::js_export_function ... ok
test complexity::tests::js_language_aliases ... ok
test complexity::tests::js_function_declaration ... ok
test complexity::tests::mixed_function_lengths ... ok
test complexity::tests::nesting_average_calculation ... ok
test complexity::tests::nesting_go_nested ... ok
test complexity::tests::nesting_js_nested ... ok
test complexity::tests::nesting_empty_content ... ok
test complexity::tests::nesting_max_depth_lines_tracked ... ok
test complexity::tests::nesting_python_nested ... ok
test complexity::tests::nesting_python_simple ... ok
test complexity::tests::js_method_syntax ... ok
test complexity::tests::nesting_rust_deeply_nested ... ok
test complexity::tests::nesting_rust_nested_blocks ... ok
test complexity::tests::nesting_rust_no_braces ... ok
test complexity::tests::nesting_rust_simple_function ... ok
test complexity::tests::python_async_function ... ok
test complexity::tests::python_language_alias ... ok
test complexity::tests::python_function_with_comments ... ok
test complexity::tests::python_multiple_functions ... ok
test complexity::tests::python_simple_function ... ok
test complexity::tests::python_nested_blocks ... ok
test complexity::tests::no_functions ... ok
test complexity::tests::rust_async_function ... ok
test complexity::tests::rust_language_alias ... ok
test complexity::tests::rust_leading_underscore_function_name ... ok
test complexity::tests::rust_extern_c_function ... ok
test complexity::tests::rust_multiple_functions ... ok
test complexity::tests::rust_nested_braces ... ok
test complexity::tests::rust_pub_crate_unsafe_async_function ... ok
test complexity::tests::rust_pub_in_path_function ... ok
test complexity::tests::rust_simple_function ... ok
test complexity::tests::rust_raw_identifier_function ... ok
test complexity::tests::rust_pub_super_const_function ... ok
test complexity::tests::unknown_language ... ok
test complexity::tests::rust_unicode_function_name ... ok
test tests::test_hash_file_returns_correct_blake3_hash ... ok
test tests::test_hash_file_deterministic ... ok
test tests::test_hash_file_different_content_different_hash ... ok
test tests::test_hash_file_respects_max_bytes ... ok
test tests::test_read_head_empty ... ok
test tests::test_read_head_limit ... ok
test tests::test_read_head_small ... ok
test tests::test_read_head_tail_large ... ok
test tests::test_read_head_tail_small ... ok
test tests::test_read_head_tail_odd ... ok
test tests::test_read_lines_bytes_accumulate_correctly ... ok
test tests::test_read_lines_bytes_limit_stops_after_reaching_threshold ... ok
test tests::test_read_lines_respects_max_lines_limit ... ok
test tests::test_read_lines_returns_actual_content ... ok
test tests::test_read_lines_respects_max_bytes_limit ... ok
test tests::test_read_lines_single_line_at_limit ... ok
test tests::test_read_text_capped_respects_limit ... ok
test tests::test_read_text_capped_returns_actual_content ... ok

test result: ok. 108 passed; 0 failed; 0 ignored; 0 measured; 0 filtered out; finished in 0.08s

     Running tests/bdd.rs (target/debug/deps/bdd-c8a153dbb54910ad)

running 64 tests
test complexity_scenarios::scenario_cyclomatic_complexity_empty_code ... ok
test complexity_scenarios::scenario_empty_code_yields_zero_functions ... ok
test complexity_scenarios::scenario_go_func_detected ... ok
test complexity_scenarios::scenario_cyclomatic_complexity_simple_function ... ok
test complexity_scenarios::scenario_cyclomatic_complexity_with_branch ... ok
test complexity_scenarios::scenario_cognitive_complexity_nested_ifs ... ok
test complexity_scenarios::scenario_high_complexity_function_flagged ... ok
test complexity_scenarios::scenario_nesting_analysis_empty_code ... ok
test complexity_scenarios::scenario_nesting_depth_increases_with_braces ... ok
test complexity_scenarios::scenario_python_nesting_by_indentation ... ok
test complexity_scenarios::scenario_multiple_functions_avg_length ... ok
test complexity_scenarios::scenario_unsupported_language_yields_zero ... ok
test entropy::scenario_empty_input_yields_zero_entropy ... ok
test complexity_scenarios::scenario_single_rust_function_detected ... ok
test entropy::scenario_entropy_is_non_negative_for_any_input ... ok
test entropy::scenario_full_byte_range_yields_eight_bits ... ok
test entropy::scenario_four_equally_distributed_values_yield_two_bits ... ok
test entropy::scenario_natural_text_has_moderate_entropy ... ok
test entropy::scenario_single_byte_input_yields_zero_entropy ... ok
test entropy::scenario_single_repeated_byte_yields_zero_entropy ... ok
test entropy::scenario_skewed_distribution_yields_low_entropy ... ok
test entropy_edge_cases::scenario_entropy_all_0xff_bytes_yields_zero ... ok
test entropy::scenario_two_equally_distributed_values_yield_one_bit ... ok
test entropy_edge_cases::scenario_entropy_bounded_by_eight_bits ... ok
test entropy_edge_cases::scenario_entropy_increases_with_byte_diversity ... ok
test file_reading::scenario_read_head_returns_first_n_bytes ... ok
test file_reading::scenario_read_head_tail_captures_boundaries ... ok
test file_reading::scenario_read_head_tail_file_smaller_than_limit ... ok
test file_reading::scenario_read_head_tail_zero_bytes_returns_empty ... ok
test file_reading::scenario_read_text_capped_handles_truncation_gracefully ... ok
test file_reading::scenario_read_lines_limits_by_count ... ok
test file_reading_edge_cases::scenario_read_head_missing_file_returns_error ... ok
test file_reading_edge_cases::scenario_read_head_tail_single_byte_max ... ok
test file_reading_edge_cases::scenario_read_lines_empty_file_returns_no_lines ... ok
test hashing::scenario_different_content_produces_different_hash ... ok
test hashing::scenario_empty_input_produces_valid_hash ... ok
test hashing::scenario_hash_file_matches_hash_bytes ... ok
test hashing::scenario_hash_file_respects_max_bytes ... ok
test hashing::scenario_hash_is_64_hex_characters ... ok
test hashing::scenario_one_bit_flip_changes_hash ... ok
test hashing::scenario_same_content_produces_same_hash ... ok
test hashing_edge_cases::scenario_hash_bytes_single_byte_is_valid_hex ... ok
test tag_counting::scenario_case_insensitive_matching ... ok
test tag_counting::scenario_counts_todo_tags ... ok
test hashing_edge_cases::scenario_hash_file_empty_file_matches_empty_bytes ... ok
test tag_counting::scenario_empty_text_yields_zero_counts ... ok
test tag_counting::scenario_multiple_tags_counted_independently ... ok
test tag_counting::scenario_no_tags_yields_empty_results ... ok
test tag_counting::scenario_tag_not_present_yields_zero ... ok
test tag_counting::scenario_preserves_tag_order_in_results ... ok
test tag_counting_edge_cases::scenario_count_tags_adjacent_occurrences ... ok
test tag_counting_edge_cases::scenario_count_tags_hack_note_xxx_detected ... ok
test tag_counting_edge_cases::scenario_count_tags_in_multiline_text ... ok
test text_detection::scenario_empty_input_is_text_like ... ok
test text_detection::scenario_invalid_utf8_without_nulls_not_text_like ... ok
test text_detection::scenario_newlines_and_tabs_are_text_like ... ok
test text_detection::scenario_null_byte_makes_it_not_text_like ... ok
test text_detection::scenario_pure_binary_with_nulls_not_text_like ... ok
test text_detection::scenario_valid_ascii_is_text_like ... ok
test text_detection::scenario_valid_utf8_is_text_like ... ok
test text_detection_edge_cases::scenario_high_bytes_without_null_detected_as_binary ... ok
test text_detection_edge_cases::scenario_latin1_superset_without_null_not_text_like ... ok
test complexity_scenarios::scenario_python_def_detected ... ok
test complexity_scenarios::scenario_javascript_function_detected ... ok

test result: ok. 64 passed; 0 failed; 0 ignored; 0 measured; 0 filtered out; finished in 0.03s

     Running tests/bdd_extended.rs (target/debug/deps/bdd_extended-e1daef2ca7a39285)

running 37 tests
test test_given_adjacent_tags_when_counted_then_all_found ... ok
test test_given_any_input_when_hashed_then_lowercase_hex ... ok
test test_given_elf_header_when_checked_then_not_text_like ... ok
test test_given_all_same_byte_when_entropy_computed_then_zero ... ok
test test_given_empty_file_when_read_head_tail_then_empty ... ok
test test_given_deeply_nested_python_when_nesting_analyzed_then_high_depth ... ok
test test_given_empty_file_when_hashed_then_matches_empty_bytes_hash ... ok
test test_given_empty_file_when_read_head_then_empty_vec ... ok
test test_given_empty_file_when_read_lines_then_empty_vec ... ok
test test_given_entropy_always_bounded_0_to_8 ... ok
test test_given_empty_file_when_read_text_capped_then_empty_string ... ok
test test_given_file_equal_to_limit_when_read_head_tail_then_full_content ... ok
test test_given_file_when_read_head_tail_one_byte_then_single_byte ... ok
test test_given_file_when_read_head_zero_then_empty ... ok
test test_given_file_when_read_lines_zero_max_then_empty ... ok
test test_given_known_input_when_hashed_then_deterministic_across_calls ... ok
test test_given_long_ascii_text_when_checked_then_text_like ... ok
test test_given_flat_function_when_cognitive_estimated_then_low ... ok
test test_given_match_arms_when_cc_estimated_then_counted ... ok
test test_given_function_with_loop_when_cc_estimated_then_incremented ... ok
test test_given_logical_operators_when_cc_estimated_then_incremented ... ok
test test_given_nonexistent_file_when_hashed_then_error ... ok
test test_given_only_whitespace_when_checked_then_text_like ... ok
test test_given_overlapping_tags_when_counted_then_independent ... ok
test test_given_png_header_when_checked_then_not_text_like ... ok
test test_given_same_input_when_entropy_computed_twice_then_identical ... ok
test test_given_single_byte_difference_when_hashed_then_different ... ok
test test_given_single_null_byte_when_checked_then_not_text_like ... ok
test test_given_single_printable_byte_when_checked_then_text_like ... ok
test test_given_tag_at_start_and_end_when_counted_then_both_found ... ok
test test_given_single_line_no_newline_when_read_lines_then_one_line ... ok
test test_given_three_equally_distributed_values_when_entropy_computed_then_log2_3 ... ok
test test_given_uniform_256_values_when_entropy_computed_then_eight_bits ... ok
test test_given_zero_cap_when_read_text_capped_then_empty_string ... ok
test test_given_three_rust_functions_when_analyzed_then_count_is_three ... ok
test test_given_zip_header_when_checked_then_not_text_like ... ok
test test_given_typescript_function_when_analyzed_then_detected ... ok

test result: ok. 37 passed; 0 failed; 0 ignored; 0 measured; 0 filtered out; finished in 0.11s

     Running tests/boundary_w53.rs (target/debug/deps/boundary_w53-e119f2075b9880a6)

running 0 tests

test result: ok. 0 passed; 0 failed; 0 ignored; 0 measured; 0 filtered out; finished in 0.00s

     Running tests/content_contract_w64.rs (target/debug/deps/content_contract_w64-c1eadc7fb01bbbcc)

running 84 tests
test bdd_given_clean_code_when_scanning_then_no_tags ... ok
test bdd_given_source_with_todos_when_scanning_then_count_correct ... ok
test boundary_hash_single_byte_change ... ok
test bdd_given_file_when_hashing_then_deterministic ... ok
test boundary_entropy_monotonic_with_diversity ... ok
test boundary_read_head_max_bytes_one ... ok
test boundary_zero_entropy_constant ... ok
test boundary_read_head_tail_max_one ... ok
test cognitive_empty ... ok
test boundary_max_entropy_uniform ... ok
test cyclomatic_empty ... ok
test cyclomatic_python ... ok
test bdd_given_rust_code_when_analyzing_then_functions_found ... ok
test cyclomatic_simple_function ... ok
test cognitive_nested_is_higher ... ok
test cognitive_simple_is_low ... ok
test deterministic_count_tags ... ok
test deterministic_entropy ... ok
test deterministic_hash_bytes ... ok
test edge_binary_entropy ... ok
test cyclomatic_with_if ... ok
test deterministic_analyze_functions ... ok
test edge_binary_not_text ... ok
test edge_binary_hash ... ok
test deterministic_cyclomatic ... ok
test edge_cyclomatic_empty_string ... ok
test edge_functions_empty_string ... ok
test edge_entropy_empty_file ... ok
test edge_hash_empty_file ... ok
test edge_tags_empty_file ... ok
test edge_large_hash ... ok
test entropy_ascii_text_moderate ... ok
test entropy_empty_bytes_is_zero ... ok
test entropy_four_values_is_two_bits ... ok
test entropy_single_byte_input ... ok
test entropy_single_value_is_zero ... ok
test entropy_full_byte_range_is_eight ... ok
test entropy_sixteen_values_is_four ... ok
test functions_empty_code ... ok
test entropy_two_values_is_one_bit ... ok
test edge_large_tag_count ... ok
test edge_large_entropy ... ok
test functions_rust_basic ... ok
test functions_rust_pub_async ... ok
test functions_max_length_tracks_longest ... ok
test functions_python_basic ... ok
test functions_unsupported_language ... ok
test hash_bytes_deterministic ... ok
test hash_bytes_different_input ... ok
test hash_bytes_hex_chars_only ... ok
test hash_bytes_empty ... ok
test hash_bytes_length_is_64 ... ok
test nesting_deep_code ... ok
test nesting_empty ... ok
test hash_file_matches_bytes ... ok
test nesting_flat_code ... ok
test hash_file_respects_max_bytes ... ok
test nesting_python_indentation ... ok
test property_entropy_bounded ... ok
test property_entropy_deterministic ... ok
test read_head_empty_file ... ok
test read_head_exact_content ... ok
test read_head_tail_combines_head_and_tail ... ok
test read_head_tail_small_file ... ok
test read_head_truncates ... ok
test read_head_tail_zero_max ... ok
test functions_go_basic ... ok
test read_lines_basic ... ok
test read_lines_max_bytes_zero ... ok
test read_lines_max_zero ... ok
test tags_empty_tags_list ... ok
test read_text_capped_content ... ok
test tags_case_insensitive ... ok
test read_text_capped_limit ... ok
test tags_empty_text ... ok
test tags_fixme_count ... ok
test tags_multiple_types ... ok
test tags_no_matches ... ok
test tags_todo_count ... ok
test text_like_empty ... ok
test text_like_ascii ... ok
test text_like_binary_null_byte ... ok
test text_like_pure_binary ... ok
test text_like_utf8 ... ok

test result: ok. 84 passed; 0 failed; 0 ignored; 0 measured; 0 filtered out; finished in 0.03s

     Running tests/content_depth_w55.rs (target/debug/deps/content_depth_w55-c591157391950e84)

running 61 tests
test analyze_functions_empty ... ok
test analyze_functions_go ... ok
test analyze_functions_python ... ok
test analyze_functions_unsupported_lang ... ok
test binary_file_not_text ... ok
test cognitive_empty ... ok
test analyze_functions_avg_length ... ok
test analyze_functions_rust_multiple ... ok
test analyze_functions_rust_single ... ok
test cognitive_nested_ifs_higher ... ok
test count_tags_basic ... ok
test count_tags_case_insensitive ... ok
test cognitive_simple_function ... ok
test count_tags_empty_tags_list ... ok
test count_tags_empty_text ... ok
test count_tags_multiple_on_one_line ... ok
test count_tags_none_found ... ok
test cyclomatic_empty ... ok
test cyclomatic_unsupported_lang ... ok
test entropy_deterministic ... ok
test entropy_empty_bytes ... ok
test empty_file_entropy ... ok
test entropy_max_eight_bits ... ok
test entropy_single_byte_is_zero ... ok
test entropy_non_negative ... ok
test cyclomatic_simple_function ... ok
test cyclomatic_with_if ... ok
test entropy_two_equally_likely ... ok
test hash_bytes_deterministic ... ok
test hash_bytes_different_inputs_different_hashes ... ok
test hash_bytes_empty ... ok
test hash_bytes_hex_chars_only ... ok
test hash_file_empty_file ... ok
test hash_file_matches_hash_bytes ... ok
test hash_file_respects_limit ... ok
test entropy_uniform_256 ... ok
test nesting_flat_code ... ok
test nesting_deep_braces ... ok
test nesting_python_indentation ... ok
test not_text_binary_blob ... ok
test nonexistent_file_errors ... ok
test nesting_empty ... ok
test not_text_with_null_byte ... ok
test large_file_hash ... ok
test properties::hash_length_always_64 ... ok
test properties::hash_deterministic ... ok
test read_head_exact_size ... ok
test read_head_tail_exact_size ... ok
test read_head_tail_split ... ok
test read_head_tail_zero_limit ... ok
test read_head_zero_limit ... ok
test read_lines_zero_bytes ... ok
test read_lines_zero_lines ... ok
test read_text_capped_short_file ... ok
test read_text_capped_truncates ... ok
test text_like_ascii ... ok
test text_like_empty ... ok
test text_like_utf8 ... ok
test properties::entropy_always_in_range ... ok
test properties::is_text_like_no_null_implies_utf8_check ... ok
test properties::count_tags_count_non_negative ... ok

test result: ok. 61 passed; 0 failed; 0 ignored; 0 measured; 0 filtered out; finished in 0.08s

     Running tests/content_depth_w58.rs (target/debug/deps/content_depth_w58-d2f6f3c30716f534)

running 32 tests
test count_tags_case_insensitive ... ok
test count_tags_no_matches ... ok
test count_tags_finds_todo_and_fixme ... ok
test count_tags_empty_text ... ok
test count_tags_preserves_tag_order ... ok
test entropy_empty_is_zero ... ok
test entropy_single_repeated_byte_is_zero ... ok
test entropy_four_values_is_two_bits ... ok
test entropy_full_byte_range_is_eight_bits ... ok
test entropy_monotonically_increases_with_diversity ... ok
test hash_bytes_different_inputs_differ ... ok
test hash_bytes_deterministic ... ok
test entropy_two_values_is_one_bit ... ok
test hash_bytes_is_64_hex_chars ... ok
test is_text_like_on_ascii ... ok
test hash_empty_file ... ok
test hash_file_respects_max_bytes ... ok
test hash_file_matches_hash_bytes ... ok
test is_text_like_on_utf8 ... ok
test is_text_like_on_empty ... ok
test is_text_like_rejects_binary_blob ... ok
test is_text_like_rejects_null_bytes ... ok
test read_head_on_binary_file ... ok
test read_head_tail_on_small_file ... ok
test read_head_tail_splits_large_file ... ok
test read_lines_empty_file ... ok
test read_lines_respects_max_lines ... ok
test read_lines_zero_max_returns_empty ... ok
test read_text_capped_binary_content_uses_lossy ... ok
test read_text_capped_empty_file ... ok
test read_text_capped_truncates_at_limit ... ok
test read_text_capped_returns_full_content_when_under_limit ... ok

test result: ok. 32 passed; 0 failed; 0 ignored; 0 measured; 0 filtered out; finished in 0.00s

     Running tests/content_depth_w60.rs (target/debug/deps/content_depth_w60-191b3ef91cf18ccf)

running 90 tests
test binary_handling::binary_exe_header_is_not_text_like ... ok
test binary_handling::null_byte_means_not_text ... ok
test binary_handling::empty_bytes_are_text_like ... ok
test binary_handling::invalid_utf8_without_null_is_not_text_like ... ok
test binary_handling::pure_ascii_is_text_like ... ok
test binary_handling::valid_utf8_multibyte_is_text_like ... ok
test binary_handling::all_printable_ascii_is_text ... ok
test complexity_tests::cognitive_complexity_empty_code ... ok
test complexity_tests::empty_code_yields_default_metrics ... ok
test complexity_tests::go_func_detected ... ok
test complexity_tests::cognitive_complexity_nested_ifs ... ok
test complexity_tests::cyclomatic_complexity_with_branches ... ok
test complexity_tests::cyclomatic_complexity_simple_function ... ok
test complexity_tests::nesting_depth_empty ... ok
test complexity_tests::nesting_depth_one_level ... ok
test complexity_tests::nesting_depth_flat_code ... ok
test complexity_tests::nesting_depth_python_indentation ... ok
test complexity_tests::multiple_rust_functions_counted ... ok
test complexity_tests::javascript_function_detected ... ok
test complexity_tests::unknown_language_returns_zero_functions ... ok
test entropy_edge_cases::eight_equal_values_yield_three_bits ... ok
test entropy_edge_cases::empty_slice_returns_zero ... ok
test entropy_edge_cases::entropy_finite_for_all_byte_value_255 ... ok
test complexity_tests::single_rust_function_detected ... ok
test entropy_edge_cases::four_equal_values_yield_two_bits ... ok
test entropy_edge_cases::random_like_data_has_high_entropy ... ok
test entropy_edge_cases::single_byte_returns_zero ... ok
test entropy_edge_cases::entropy_monotonically_increases_with_distinct_values ... ok
test entropy_edge_cases::full_byte_range_yields_eight_bits ... ok
test entropy_edge_cases::uniform_buffer_returns_zero ... ok
test entropy_edge_cases::two_equal_values_yield_one_bit ... ok
test entropy_edge_cases::skewed_distribution_lower_than_uniform ... ok
test complexity_tests::python_def_detected ... ok
test file_sizes::large_file_head_tail_selects_extremes ... ok
test file_sizes::hash_file_large_content ... ok
test file_sizes::read_head_on_zero_byte_file ... ok
test file_sizes::entropy_large_uniform_buffer ... ok
test file_sizes::read_head_with_zero_max ... ok
test file_sizes::read_head_tail_zero_max_bytes ... ok
test hashing::hash_bytes_64_hex_chars ... ok
test hashing::hash_bytes_deterministic ... ok
test file_sizes::read_lines_zero_max_lines ... ok
test hashing::hash_bytes_different_inputs_differ ... ok
test file_sizes::read_lines_zero_max_bytes ... ok
test hashing::hash_bytes_lowercase ... ok
test hashing::hash_empty_is_well_defined ... ok
test import_extraction::go_import_keyword ... ok
test import_extraction::java_import_statements ... ok
test hashing::hash_file_empty_file ... ok
test import_extraction::javascript_require ... ok
test hashing::hash_file_respects_max_bytes ... ok
test import_extraction::mixed_language_imports ... ok
test hashing::hash_file_matches_hash_bytes ... ok
test import_extraction::no_imports_in_plain_text ... ok
test import_extraction::python_import_and_from ... ok
test import_extraction::rust_use_statements ... ok
test prop_analyze_functions_empty_any_lang ... ok
test prop_count_tags_known_repetition ... ok
test prop_entropy_single_value_is_zero ... ok
test prop_entropy_more_values_at_least_as_high ... ok
test prop_hash_different_data_different_hash ... ok
test prop_hash_hex_only ... ok
test prop_hash_deterministic ... ok
test prop_count_tags_returns_correct_length ... ok
test prop_nesting_depth_non_negative ... ok
test prop_null_byte_makes_not_text ... ok
test prop_is_text_like_no_null_implies_utf8_check ... ok
test prop_hash_length_always_64 ... ok
test read_head_tail_tests::exact_size_returns_all ... ok
test read_head_tail_tests::max_bytes_one_returns_head_only ... ok
test read_head_tail_tests::odd_max_bytes_splits_correctly ... ok
test read_head_tail_tests::small_file_returns_all_content ... ok
test read_lines_tests::empty_file_returns_no_lines ... ok
test read_lines_tests::respects_max_lines_limit ... ok
test tag_detection::adjacent_tags_all_counted ... ok
test tag_detection::case_insensitive_matching ... ok
test read_lines_tests::single_line_no_newline ... ok
test tag_detection::detects_todo_fixme_hack ... ok
test tag_detection::empty_tag_list_returns_empty_results ... ok
test tag_detection::no_tags_in_empty_text ... ok
test tag_detection::overlapping_tags_counted_by_matches ... ok
test tag_detection::tags_in_multiline_rust_code ... ok
test tag_detection::tags_in_python_comments ... ok
test tag_detection::tags_preserves_input_order ... ok
test utf8_edges::entropy_of_utf8_text ... ok
test utf8_edges::hash_utf8_string_deterministic ... ok
test utf8_edges::read_text_capped_handles_multibyte_utf8 ... ok
test utf8_edges::read_text_capped_lossy_on_truncated_multibyte ... ok
test prop_entropy_bounded ... ok
test prop_read_text_capped_length_bounded ... ok

test result: ok. 90 passed; 0 failed; 0 ignored; 0 measured; 0 filtered out; finished in 0.27s

     Running tests/content_depth_w63.rs (target/debug/deps/content_depth_w63-86a5e1d97939ab88)

running 75 tests
test complexity_empty_code ... ok
test cognitive_empty ... ok
test complexity_python_def ... ok
test complexity_no_functions ... ok
test complexity_unsupported_language ... ok
test complexity_multiple_rust_fns ... ok
test cognitive_nested_ifs_higher_than_flat ... ok
test complexity_single_rust_fn ... ok
test count_tags_basic ... ok
test count_tags_case_insensitive ... ok
test count_tags_custom_markers ... ok
test count_tags_empty_tag_list ... ok
test count_tags_multiple_on_same_line ... ok
test count_tags_empty_text ... ok
test count_tags_no_matches ... ok
test count_tags_partial_match_counted ... ok
test cyclomatic_empty ... ok
test count_tags_tag_in_string_literal ... ok
test entropy_ascii_text_typical_range ... ok
test entropy_empty_file_content ... ok
test entropy_empty_is_zero ... ok
test entropy_four_values_equally_distributed ... ok
test cyclomatic_if_branch ... ok
test cyclomatic_simple_function ... ok
test entropy_single_byte_input ... ok
test entropy_two_distinct_bytes ... ok
test entropy_skewed_distribution ... ok
test entropy_two_values_equally_distributed ... ok
test entropy_monotonically_nondecreasing_with_more_values ... ok
test entropy_uniform_single_byte_is_zero ... ok
test entropy_large_uniform_data ... ok
test hash_bytes_always_64_hex_chars ... ok
test hash_bytes_deterministic ... ok
test hash_bytes_different_inputs_different_hashes ... ok
test hash_bytes_empty_input ... ok
test entropy_uniform_256_near_eight ... ok
test hash_file_empty_file ... ok
test hash_file_matches_hash_bytes ... ok
test hash_file_nonexistent_errors ... ok
test is_text_like_binary_header ... ok
test is_text_like_ascii ... ok
test is_text_like_empty_is_text ... ok
test hash_file_respects_max_bytes ... ok
test is_text_like_invalid_utf8_without_null ... ok
test is_text_like_just_null ... ok
test is_text_like_newlines_and_tabs ... ok
test is_text_like_null_byte_makes_binary ... ok
test is_text_like_utf8 ... ok
test nesting_depth_deep_nesting ... ok
test nesting_depth_empty ... ok
test nesting_depth_single_level ... ok
test hash_file_large_with_limit ... ok
test properties::entropy_uniform_single_byte_zero ... ok
test properties::hash_deterministic ... ok
test properties::hash_is_hex_only ... ok
test properties::is_text_like_consistent ... ok
test properties::entropy_in_range ... ok
test properties::count_tags_non_negative ... ok
test read_head_empty_file ... ok
test read_head_large_file_capped ... ok
test read_head_tail_empty_file ... ok
test read_head_tail_exact_file_size ... ok
test read_head_tail_large_file ... ok
test read_head_tail_larger_than_file ... ok
test read_head_tail_max_one ... ok
test read_head_tail_zero_max_returns_empty ... ok
test read_lines_empty_file ... ok
test read_lines_preserves_blank_lines ... ok
test read_lines_single_line_no_newline ... ok
test read_lines_zero_max_bytes ... ok
test read_lines_zero_max_lines ... ok
test read_text_capped_empty_file ... ok
test properties::hash_length_always_64 ... ok
test properties::read_head_never_exceeds_max ... ok
test properties::read_head_tail_never_exceeds_max ... ok

test result: ok. 75 passed; 0 failed; 0 ignored; 0 measured; 0 filtered out; finished in 0.12s

     Running tests/deep.rs (target/debug/deps/deep-a8062b140ace7f09)

running 68 tests
test complexity_empty_code_all_defaults ... ok
test adjacent_tags_counted ... ok
test count_tags_empty_text ... ok
test count_tags_deterministic ... ok
test count_tags_in_unicode_text ... ok
test elf_header_not_text ... ok
test empty_bytes_is_text ... ok
test empty_tag_list_returns_empty ... ok
test entropy_empty_bytes ... ok
test entropy_empty_is_zero ... ok
test entropy_deterministic ... ok
test entropy_full_byte_range_is_eight_bits ... ok
test entropy_is_always_non_negative_and_bounded ... ok
test entropy_roundtrip_consistency ... ok
test entropy_single_byte_is_zero ... ok
test entropy_sixteen_values_is_four_bits ... ok
test entropy_unicode_text ... ok
test entropy_uniform_four_is_two_bits ... ok
test entropy_uniform_pair_is_one_bit ... ok
test es6_import_detected ... ok
test go_import_detected ... ok
test hash_bytes_deterministic ... ok
test hash_bytes_empty_input ... ok
test hash_bytes_is_64_hex_lowercase ... ok
test hash_bytes_unicode_deterministic ... ok
test hash_file_deterministic ... ok
test hash_file_empty ... ok
test hash_file_large_with_cap ... ok
test hash_file_matches_hash_bytes ... ok
test hash_file_respects_max_bytes ... ok
test hash_roundtrip_file_to_bytes_to_file ... ok
test hash_single_bit_flip_differs ... ok
test high_entropy_random_like_data ... ok
test high_entropy_vs_low_entropy_ordering ... ok
test invalid_utf8_without_null_not_text ... ok
test is_text_like_deterministic ... ok
test is_text_like_valid_utf8_multibyte ... ok
test js_require_detected ... ok
test low_entropy_repeated_ascii ... ok
test mixed_lang_imports ... ok
test moderate_entropy_english_text ... ok
test multiple_import_styles_counted_together ... ok
test nesting_depth_tracks_max_depth_lines ... ok
test no_tags_in_clean_code ... ok
test nonexistent_file_errors ... ok
test null_byte_makes_non_text ... ok
test png_header_not_text ... ok
test pure_binary_bytes_not_text ... ok
test python_import_statements_detected ... ok
test read_head_empty_file ... ok
test read_head_large_file_truncated ... ok
test read_head_tail_empty_file ... ok
test read_head_tail_large_file ... ok
test read_head_tail_max_bytes_zero ... ok
test read_lines_empty_file ... ok
test read_lines_zero_max_lines_reads_none ... ok
test read_text_capped_empty_file ... ok
test read_text_capped_unicode_lossy ... ok
test rust_use_statements_detected ... ok
test tag_count_roundtrip ... ok
test tag_order_preserved_in_results ... ok
test tags_case_insensitive ... ok
test tags_in_multiline_code ... ok
test todo_fixme_hack_scanned ... ok
test valid_ascii_is_text ... ok
test entropy_large_uniform ... ok
test complexity_deterministic ... ok
test complexity_multiple_languages_detect_functions ... ok

test result: ok. 68 passed; 0 failed; 0 ignored; 0 measured; 0 filtered out; finished in 0.03s

     Running tests/deep_content_w48.rs (target/debug/deps/deep_content_w48-952e166646d864ac)

running 49 tests
test count_tags_adjacent_occurrences ... ok
test count_tags_finds_fixme_and_hack ... ok
test count_tags_case_insensitive ... ok
test count_tags_empty_text ... ok
test count_tags_finds_todo_in_code ... ok
test count_tags_no_false_positives_on_clean_code ... ok
test edge_entropy_empty_file_content ... ok
test count_tags_preserves_order_and_names ... ok
test edge_entropy_large_uniform_content ... ok
test edge_is_text_like_binary_with_nulls ... ok
test edge_is_text_like_empty ... ok
test edge_is_text_like_mixed_binary ... ok
test edge_is_text_like_valid_utf8 ... ok
test edge_read_head_large_file_capped ... ok
test edge_read_head_empty_file ... ok
test edge_read_head_tail_empty_file ... ok
test edge_hash_file_empty ... ok
test edge_hash_file_all_zeros ... ok
test edge_read_lines_bytes_limit_on_long_line ... ok
test edge_read_lines_empty_file ... ok
test edge_read_head_tail_large_file ... ok
test entropy_ascii_english_text_moderate ... ok
test entropy_compressed_data_high ... ok
test entropy_empty_bytes_is_zero ... ok
test edge_read_text_capped_large_file ... ok
test entropy_four_equal_values_is_two_bits ... ok
test entropy_single_byte_input ... ok
test entropy_single_repeated_byte_is_zero ... ok
test edge_read_lines_single_long_line ... ok
test entropy_full_byte_range_near_eight ... ok
test entropy_two_equal_values_is_one_bit ... ok
test hash_bytes_deterministic ... ok
test hash_bytes_different_content_different_hash ... ok
test hash_bytes_empty_is_valid ... ok
test hash_bytes_lowercase_hex ... ok
test hash_bytes_returns_64_hex_chars ... ok
test high_entropy_base64_like_content ... ok
test hash_file_binary_content ... ok
test hash_file_matches_hash_bytes ... ok
test hash_file_respects_max_bytes ... ok
test high_entropy_random_looking_bytes ... ok
test low_entropy_typical_source_code ... ok
test properties::entropy_empty_always_zero ... ok
test properties::entropy_uniform_single_byte_always_zero ... ok
test properties::hash_always_64_hex ... ok
test properties::hash_different_inputs_differ ... ok
test properties::entropy_is_finite ... ok
test properties::hash_same_content_always_identical ... ok
test properties::entropy_always_between_zero_and_eight ... ok

test result: ok. 49 passed; 0 failed; 0 ignored; 0 measured; 0 filtered out; finished in 0.15s

     Running tests/deep_w43.rs (target/debug/deps/deep_w43-0f5f7048120628a4)

running 28 tests
test count_tags_hack_and_safety ... ok
test count_tags_multiple_occurrences_per_line ... ok
test count_tags_mixed_case_matching ... ok
test count_tags_empty_text_all_zeros ... ok
test count_tags_no_matches_returns_zeros ... ok
test count_tags_preserves_tag_name_in_output ... ok
test count_tags_with_custom_tags ... ok
test entropy_all_same_byte_is_zero ... ok
test entropy_ascii_text_moderate ... ok
test entropy_two_values_equal_frequency_is_one ... ok
test hash_bytes_single_bit_difference ... ok
test hash_bytes_empty_is_valid_hex ... ok
test entropy_increases_with_distinct_values ... ok
test is_text_like_null_in_middle ... ok
test is_text_like_only_whitespace ... ok
test is_text_like_utf8_emoji ... ok
test hash_file_cap_smaller_than_file ... ok
test hash_file_binary_content ... ok
test read_head_max_bytes_zero_returns_empty ... ok
test read_head_tail_exact_file_size ... ok
test read_head_tail_max_bytes_one ... ok
test read_lines_max_bytes_zero_returns_empty ... ok
test read_lines_empty_lines_counted ... ok
test read_text_capped_nonexistent_file_errors ... ok
test read_lines_max_one_line ... ok
test read_lines_preserves_leading_whitespace ... ok
test read_lines_preserves_trailing_spaces ... ok
test read_text_capped_zero_returns_empty ... ok

test result: ok. 28 passed; 0 failed; 0 ignored; 0 measured; 0 filtered out; finished in 0.00s

     Running tests/deep_w69.rs (target/debug/deps/deep_w69-52ea5dd40fc83879)

running 22 tests
test analyze_functions_empty_content ... ok
test cognitive_empty_content ... ok
test count_tags_case_insensitive ... ok
test count_tags_empty_text_and_empty_tags ... ok
test count_tags_multiple_occurrences ... ok
test count_tags_basic_detection ... ok
test entropy_deterministic ... ok
test entropy_empty_is_zero ... ok
test entropy_max_is_eight_bits ... ok
test entropy_two_equal_frequencies_is_one ... ok
test entropy_uniform_single_byte_is_zero ... ok
test hash_bytes_deterministic_and_hex ... ok
test hash_bytes_different_input_different_hash ... ok
test hash_file_matches_hash_bytes ... ok
test is_text_like_detects_text_and_binary ... ok
test nesting_empty_and_simple ... ok
test read_head_respects_limit ... ok
test read_head_tail_small_file_returns_all ... ok
test read_lines_max_zero_returns_empty ... ok
test analyze_functions_python_defs ... ok
test analyze_functions_rust_single_fn ... ok
test cyclomatic_empty_and_simple ... ok

test result: ok. 22 passed; 0 failed; 0 ignored; 0 measured; 0 filtered out; finished in 0.21s

     Running tests/error_edge_w73.rs (target/debug/deps/error_edge_w73-21cc4b626895ccbc)

running 29 tests
test analyze_functions_empty_string_returns_defaults ... ok
test cognitive_complexity_empty_string_returns_defaults ... ok
test analyze_functions_unknown_language_returns_defaults ... ok
test count_tags_empty_tag_list_returns_empty ... ok
test cyclomatic_complexity_empty_string_returns_defaults ... ok
test count_tags_case_insensitive ... ok
test count_tags_empty_text_returns_all_zeros ... ok
test entropy_empty_input_returns_zero ... ok
test entropy_single_byte_returns_zero ... ok
test entropy_all_same_bytes_returns_zero ... ok
test hash_file_nonexistent_returns_error ... ok
test hash_file_on_empty_file_returns_blake3_of_empty ... ok
test is_text_like_accepts_valid_utf8 ... ok
test entropy_maximum_for_uniform_256_values ... ok
test is_text_like_detects_binary_with_null_bytes ... ok
test is_text_like_empty_input_is_text ... ok
test nesting_depth_empty_string_returns_defaults ... ok
test read_head_nonexistent_file_returns_error ... ok
test read_head_on_empty_file_returns_empty_vec ... ok
test read_head_tail_on_empty_file_returns_empty_vec ... ok
test read_head_on_binary_file_returns_raw_bytes ... ok
test read_head_with_zero_max_bytes_returns_empty ... ok
test read_lines_on_empty_file_returns_empty_vec ... ok
test read_head_tail_with_zero_max_bytes_returns_empty ... ok
test read_lines_with_very_long_line_respects_byte_limit ... ok
test read_text_capped_on_binary_file_uses_lossy_conversion ... ok
test read_lines_with_zero_max_lines_returns_empty ... ok
test read_text_capped_on_empty_file_returns_empty_string ... ok
test complexity_on_plain_text_returns_no_functions ... ok

test result: ok. 29 passed; 0 failed; 0 ignored; 0 measured; 0 filtered out; finished in 0.14s

     Running tests/properties.rs (target/debug/deps/properties-3b49dc9814d1c632)

running 30 tests
test ascii_printable_is_text_like ... ok
test count_tags_disjoint_tags_independent ... ok
test analyze_functions_count_never_negative ... ok
test cognitive_complexity_non_negative ... ok
test count_tags_known_counts ... ok
test count_tags_case_insensitive ... ok
test count_tags_substring_counted ... ok
test empty_code_yields_default_metrics ... ok
test count_tags_empty_text_zero_counts ... ok
test entropy_empty_is_zero ... ok
test entropy_increases_with_more_distinct_values ... ok
test cyclomatic_complexity_at_least_one_per_function ... ok
test entropy_random_bytes_high ... ok
test entropy_two_values_max_one_bit ... ok
test entropy_uniform_single_byte_is_zero ... ok
test entropy_always_in_bounds ... ok
test hash_deterministic ... ok
test count_tags_returns_all_tags ... ok
test hash_empty_is_deterministic ... ok
test hash_different_inputs_differ ... ok
test hash_is_lowercase_hex ... ok
test hash_prefix_differs_for_appended_bytes ... ok
test is_text_like_empty_is_true ... ok
test hash_is_64_hex_chars ... ok
test is_text_like_idempotent ... ok
test entropy_is_finite ... ok
test is_text_like_with_null_is_false ... ok
test is_text_like_no_nulls ... ok
test nesting_depth_non_negative_for_any_language ... ok
test is_text_like_valid_utf8_strings ... ok

test result: ok. 30 passed; 0 failed; 0 ignored; 0 measured; 0 filtered out; finished in 0.28s

     Running tests/proptest_w56.rs (target/debug/deps/proptest_w56-fbb451c71914e019)

running 12 tests
test count_tags_case_insensitive ... ok
test count_tags_is_deterministic ... ok
test entropy_of_empty_is_zero ... ok
test entropy_of_uniform_bytes_is_zero ... ok
test entropy_in_valid_range ... ok
test entropy_is_deterministic ... ok
test hash_bytes_is_deterministic ... ok
test hash_bytes_different_inputs_differ ... ok
test is_text_like_rejects_null_bytes ... ok
test hash_bytes_is_64_hex_chars ... ok
test count_tags_nonnegative ... ok
test is_text_like_accepts_ascii ... ok

test result: ok. 12 passed; 0 failed; 0 ignored; 0 measured; 0 filtered out; finished in 0.17s

     Running unittests src/lib.rs (target/debug/deps/tokmd_context_git-c8c3dbc4df0eb31e)

running 19 tests
test tests::test_compute_git_scores_commit_counts ... ok
test tests::test_compute_git_scores_filters_children ... ok
test tests::test_commit_count_increment ... ok
test tests::test_compute_git_scores_hotspots ... ok
test tests::test_compute_git_scores_non_repo_returns_none ... ok
test tests::test_filter_only_parent_files ... ok
test tests::test_compute_git_scores_returns_some ... ok
test tests::test_normalize_path_backslash ... ok
test tests::test_normalize_path_dot_slash ... ok
test tests::test_normalize_path_not_empty ... ok
test tests::test_normalize_path_not_xyzzy ... ok
test tests_no_feature::git_scores_btreemap_is_sorted ... ok
test tests_no_feature::git_scores_can_be_constructed ... ok
test tests_no_git::test_git_scores_btreemap_ordering ... ok
test tests_no_git::test_git_scores_struct_default ... ok
test tests_no_git::test_git_scores_struct_with_data ... ok
test tests::test_hotspot_multiplication ... ok
test tests::test_compute_git_scores_not_default ... ok
test tests::test_path_matching_with_normalization ... ok

test result: ok. 19 passed; 0 failed; 0 ignored; 0 measured; 0 filtered out; finished in 0.18s

     Running tests/bdd.rs (target/debug/deps/bdd-0452b655073007ab)

running 13 tests
test with_git::given_empty_commit_history_when_scores_computed_then_empty_maps_returned ... ok
test with_git::given_file_in_subdirectory_when_scores_computed_then_path_normalised ... ok
test with_git::given_any_repo_when_scores_computed_then_hotspot_keys_are_subset_of_commit_count_keys ... ok
test with_git::given_empty_file_rows_when_scores_computed_then_empty_maps_returned ... ok
test with_git::given_child_file_rows_when_scores_computed_then_children_are_excluded ... ok
test with_git::given_file_not_in_git_when_scores_computed_then_file_is_absent_from_results ... ok
test with_git::given_git_scores_struct_when_accessed_then_both_fields_are_btreemaps ... ok
test with_git::given_file_with_zero_lines_when_scores_computed_then_hotspot_is_zero ... ok
test with_git::given_files_with_varying_commits_when_scores_computed_then_commit_counts_are_correct ... ok
test with_git::given_files_with_git_history_when_context_is_selected_then_recently_changed_files_are_prioritised ... ok
test with_git::given_non_git_directory_when_scores_computed_then_none_is_returned ... ok
test with_git::given_known_line_counts_when_scores_computed_then_hotspot_equals_lines_times_commits ... ok
test with_git::given_max_commits_of_two_when_scores_computed_then_older_commits_excluded ... ok

test result: ok. 13 passed; 0 failed; 0 ignored; 0 measured; 0 filtered out; finished in 0.17s

     Running tests/context_git_depth_w55.rs (target/debug/deps/context_git_depth_w55-5c6f0b2d1c01bdc0)

running 25 tests
test all_hotspots_non_negative ... ok
test commit_counts_sorted_ascending ... ok
test deeply_nested_paths ... ok
test deterministic_across_reconstructions ... ok
test empty_git_scores ... ok
test forward_slash_normalized_paths ... ok
test hotspot_equals_lines_times_commits_manually ... ok
test hotspot_value_large ... ok
test hotspot_value_zero ... ok
test hotspots_and_counts_same_keys_when_well_formed ... ok
test hotspots_sorted_ascending ... ok
test insertion_order_does_not_affect_iteration ... ok
test many_entries_scores ... ok
test missing_key_returns_none ... ok
test overwrite_value ... ok
test paths_with_special_chars ... ok
test compute_scores_no_git_feature ... ok
test compute_scores_empty_rows_is_none ... ok
test compute_scores_non_repo_is_none ... ok
test properties::hotspot_product_commutative ... ok
test single_entry_scores ... ok
test unicode_paths ... ok
test properties::git_scores_construction_never_panics ... ok
test properties::btreemap_always_sorted ... ok
test properties::compute_no_feature_always_none ... ok

test result: ok. 25 passed; 0 failed; 0 ignored; 0 measured; 0 filtered out; finished in 0.75s

     Running tests/context_git_w60.rs (target/debug/deps/context_git_w60-0c43261aedbd3e99)

running 45 tests
test given_different_insertion_order_when_scores_built_then_same_key_order ... ok
test commit_count_sum_equals_total_file_touches ... ok
test given_duplicate_paths_when_inserted_then_last_wins ... ok
test given_empty_data_when_scores_built_then_maps_are_empty ... ok
test given_empty_path_string_when_used_as_key_then_still_valid ... ok
test given_equal_commits_when_ranked_then_more_lines_means_higher_hotspot ... ok
test given_equal_lines_when_ranked_then_more_commits_means_higher_hotspot ... ok
test given_file_not_in_scores_when_queried_then_none_returned ... ok
test given_file_with_zero_commits_when_scores_built_then_hotspot_is_zero ... ok
test given_file_with_zero_lines_when_scores_built_then_hotspot_is_zero ... ok
test given_files_with_varying_scores_when_sorted_by_hotspot_then_descending_order ... ok
test given_known_commit_counts_when_queried_then_counts_are_exact ... ok
test given_many_files_when_change_frequency_summed_then_total_is_correct ... ok
test given_multiple_files_when_scores_built_then_all_files_present ... ok
test given_path_prefixes_when_keys_sorted_then_lexicographic ... ok
test given_path_with_special_chars_when_used_as_key_then_still_valid ... ok
test given_same_inputs_when_scores_built_twice_then_identical_results ... ok
test given_scores_when_filtered_by_threshold_then_low_scores_excluded ... ok
test given_scores_when_hotspot_keys_checked_then_subset_of_commit_count_keys ... ok
test given_scores_when_normalized_hotspot_computed_then_values_between_zero_and_one ... ok
test given_scores_when_top_n_selected_then_correct_count_returned ... ok
test given_single_file_when_scores_built_then_hotspot_equals_lines_times_commits ... ok
test given_single_file_with_one_commit_when_scored_then_hotspot_equals_lines ... ok
test given_two_files_when_ranked_by_hotspot_then_higher_hotspot_file_wins ... ok
test given_very_large_values_when_scored_then_no_overflow_with_reasonable_input ... ok
test given_unordered_inserts_when_keys_collected_then_alphabetical_order ... ok
test hotspot_commutative_property ... ok
test build_scores_deterministic_property ... ok
test hotspot_sum_equals_weighted_commit_touches ... ok
test hotspot_values_are_never_negative ... ok
test more_commits_means_higher_hotspot_property ... ok
test more_lines_means_higher_hotspot_property ... ok
test btreemap_keys_always_sorted_property ... ok
test hotspot_keys_subset_of_commit_counts_property ... ok
test with_git::given_child_rows_when_scores_computed_then_children_excluded ... ok
test with_git::given_empty_rows_when_scores_computed_then_maps_empty ... ok
test with_git::given_non_repo_dir_when_scores_computed_then_none_returned ... ok
test hotspot_equals_lines_times_commits_property ... ok
test with_git::given_file_not_in_git_when_scored_then_absent_from_results ... ok
test with_git::given_max_commits_when_scores_computed_then_limited ... ok
test zero_commits_always_zero_hotspot_property ... ok
test zero_lines_always_zero_hotspot_property ... ok
test with_git::given_repo_when_scores_computed_then_hotspot_equals_lines_times_commits ... ok
test with_git::given_repo_when_scores_computed_twice_then_results_identical ... ok
test with_git::given_repo_with_history_when_scores_computed_then_commit_counts_match ... ok

test result: ok. 45 passed; 0 failed; 0 ignored; 0 measured; 0 filtered out; finished in 0.28s

     Running tests/deep.rs (target/debug/deps/deep-58c7008b0090f75c)

running 15 tests
test btreemap_preserves_insert_order_independence ... ok
test btreemap_iteration_order_is_lexicographic ... ok
test empty_commit_counts_produces_empty_hotspots ... ok
test empty_file_lines_produces_empty_hotspots ... ok
test forward_slash_paths_are_consistent_keys ... ok
test git_scores_empty_struct_has_empty_maps ... ok
test hotspot_is_commutative ... ok
test hotspot_ranking_respects_both_dimensions ... ok
test large_values_do_not_overflow_in_reasonable_range ... ok
test single_file_single_commit_hotspot_equals_lines ... ok
test zero_commits_produces_zero_hotspot ... ok
test zero_lines_produces_zero_hotspot ... ok
test files_not_in_commit_history_have_no_hotspot ... ok
test git_scores_construction_is_deterministic ... ok
test git_scores_hotspot_keys_always_subset_of_commit_count_keys ... ok

test result: ok. 15 passed; 0 failed; 0 ignored; 0 measured; 0 filtered out; finished in 0.00s

     Running tests/deep_contextgit_w49.rs (target/debug/deps/deep_contextgit_w49-8e8a4c1a35e883d7)

running 29 tests
test git_feature_tests::w49_file_not_in_git_absent_from_scores ... ok
test git_feature_tests::w49_empty_rows_empty_scores ... ok
test git_feature_tests::w49_child_rows_filtered_out ... ok
test git_feature_tests::w49_no_git_history_returns_none ... ok
test w49_btreemap_keys_are_sorted ... ok
test w49_commit_counts_reflect_change_frequency ... ok
test w49_disjoint_files_produce_empty_hotspots ... ok
test w49_empty_commit_counts_empty_hotspots ... ok
test w49_empty_file_lines_empty_hotspots ... ok
test w49_files_not_in_history_absent_from_commit_counts ... ok
test w49_git_scores_empty_is_valid ... ok
test w49_hotspot_is_commutative ... ok
test w49_hotspot_keys_are_subset_of_commit_counts ... ok
test w49_hotspot_ranking_considers_both_lines_and_commits ... ok
test w49_insert_order_does_not_affect_iteration ... ok
test w49_large_realistic_values_no_overflow ... ok
test git_feature_tests::w49_multiple_commits_accumulate ... ok
test git_feature_tests::w49_single_commit_single_file ... ok
test git_feature_tests::w49_multiple_files_independent_scores ... ok
test w49_prop_monotonic_in_commits ... ok
test w49_recently_changed_files_rank_higher ... ok
test w49_scores_can_be_sorted_by_hotspot_descending ... ok
test w49_single_commit_hotspot_equals_lines ... ok
test w49_single_file_single_commit_scores ... ok
test w49_zero_commits_gives_zero_hotspot ... ok
test w49_zero_lines_gives_zero_hotspot ... ok
test w49_prop_hotspot_keys_subset ... ok
test w49_prop_hotspot_paths_are_valid ... ok
test w49_prop_hotspot_equals_lines_times_commits ... ok

test result: ok. 29 passed; 0 failed; 0 ignored; 0 measured; 0 filtered out; finished in 0.24s

     Running tests/deep_integration.rs (target/debug/deps/deep_integration-11796aeee8c80230)

running 29 tests
test no_feature_required::git_scores_both_empty ... ok
test no_feature_required::git_scores_duplicate_insert_overwrites ... ok
test no_feature_required::git_scores_large_values ... ok
test no_feature_required::git_scores_keys_are_sorted ... ok
test no_feature_required::git_scores_many_files ... ok
test with_git::child_rows_excluded_from_scoring ... ok
test with_git::file_not_in_git_absent_from_results ... ok
test with_git::git_scores_struct_with_realistic_data ... ok
test with_git::git_scores_empty_hotspots_nonempty_commits ... ok
test with_git::all_child_rows_produces_empty_maps ... ok
test with_git::empty_rows_with_valid_repo ... ok
test with_git::hotspot_keys_subset_of_commit_count_keys ... ok
test with_git::max_commits_one_limits_history_depth ... ok
test with_git::many_commits_commit_count_for_hot_file ... ok
test with_git::many_commits_hot_file_ranks_higher ... ok
test with_git::non_git_directory_empty_rows_returns_none ... ok
test with_git::non_git_directory_returns_none ... ok
test with_git::mix_of_tracked_and_untracked ... ok
test with_git::nested_repo_hotspot_calculation ... ok
test with_git::nested_repo_subdirectory_paths ... ok
test with_git::results_keys_are_lexicographically_sorted ... ok
test with_git::same_commits_different_lines_produces_different_hotspots ... ok
test with_git::scores_are_deterministic ... ok
test with_git::standard_repo_commit_counts ... ok
test with_git::standard_repo_hotspot_ranking ... ok
test with_git::standard_repo_hotspots ... ok
test with_git::valid_repo_returns_nonempty_scores ... ok
test with_git::valid_repo_with_data_returns_some ... ok
test with_git::zero_lines_produces_zero_hotspot ... ok

test result: ok. 29 passed; 0 failed; 0 ignored; 0 measured; 0 filtered out; finished in 0.32s

     Running tests/deep_w39.rs (target/debug/deps/deep_w39-4da3c573d6d657ee)

running 12 tests
test commit_count_zero ... ok
test commit_counts_sorted_lexicographically ... ok
test hotspot_zero_score ... ok
test empty_scores ... ok
test hotspot_large_score ... ok
test forward_slash_paths ... ok
test missing_path_returns_none ... ok
test hotspots_sorted_lexicographically ... ok
test hotspots_and_counts_can_differ ... ok
test overwrite_existing_key ... ok
test scores_with_single_file ... ok
test scores_with_many_files ... ok

test result: ok. 12 passed; 0 failed; 0 ignored; 0 measured; 0 filtered out; finished in 0.00s

     Running tests/deep_w43.rs (target/debug/deps/deep_w43-aff6d323b2f8f43d)

running 13 tests
test git_feature_tests::compute_scores_child_rows_excluded ... ok
test git_feature_tests::compute_scores_empty_rows_empty_scores ... ok
test git_feature_tests::compute_scores_non_repo_returns_none ... ok
test git_scores_empty_maps ... ok
test git_scores_with_data_accessible ... ok
test hotspot_formula_is_multiplication ... ok
test hotspot_keys_subset_of_commit_counts ... ok
test scores_deterministic_across_builds ... ok
test scores_keys_in_lexicographic_order ... ok
test zero_lines_gives_zero_hotspot ... ok
test git_feature_tests::compute_scores_commit_counts_correct ... ok
test git_feature_tests::compute_scores_hotspot_value ... ok
test git_feature_tests::compute_scores_returns_some_for_valid_repo ... ok

test result: ok. 13 passed; 0 failed; 0 ignored; 0 measured; 0 filtered out; finished in 0.07s

     Running tests/deep_w67.rs (target/debug/deps/deep_w67-d456dc4fe53ba0ae)

running 19 tests
test empty_git_scores_both_maps_empty ... ok
test empty_file_lines_means_empty_hotspots ... ok
test commit_counts_keys_sorted ... ok
test git_integration::commit_counts_match_expected ... ok
test git_integration::empty_rows_returns_empty_scores ... ok
test git_integration::hotspot_equals_lines_times_commits ... ok
test git_integration::non_repo_returns_none ... ok
test git_integration::child_rows_are_filtered_out ... ok
test git_scores_multiple_entries ... ok
test git_scores_with_single_entry ... ok
test hotspot_formula_lines_times_commits ... ok
test hotspot_keys_subset_of_commit_counts ... ok
test hotspot_ordering_highest_first ... ok
test hotspots_keys_sorted_alphabetically ... ok
test large_values_no_overflow_panic ... ok
test zero_commits_produces_zero_hotspot ... ok
test zero_lines_produces_zero_hotspot ... ok
test git_integration::valid_repo_returns_some ... ok
test git_integration::untracked_file_not_in_scores ... ok

test result: ok. 19 passed; 0 failed; 0 ignored; 0 measured; 0 filtered out; finished in 0.11s

     Running tests/properties.rs (target/debug/deps/properties-847b6d0ba84857db)

running 8 tests
test hotspot_is_commutative ... ok
test more_commits_means_higher_or_equal_hotspot ... ok
test more_lines_means_higher_or_equal_hotspot ... ok
test single_commit_hotspot_equals_lines ... ok
test zero_commits_always_produces_zero_hotspot ... ok
test zero_lines_always_produces_zero_hotspot ... ok
test hotspot_keys_subset_of_commit_counts_after_simulated_compute ... ok
test hotspot_equals_lines_times_commits ... ok

test result: ok. 8 passed; 0 failed; 0 ignored; 0 measured; 0 filtered out; finished in 0.27s

     Running unittests src/lib.rs (target/debug/deps/tokmd_context_policy-628b70c9a20263fd)

running 4 tests
test tests::smart_exclude_reason_detects_lockfiles_and_sourcemaps ... ok
test tests::is_spine_file_matches_basename_and_document_paths ... ok
test tests::assign_policy_skips_oversized_generated_files ... ok
test tests::classify_file_detects_generated_and_dense_blob ... ok

test result: ok. 4 passed; 0 failed; 0 ignored; 0 measured; 0 filtered out; finished in 0.00s

     Running tests/bdd.rs (target/debug/deps/bdd-564a154aefbd12cb)

running 48 tests
test given_all_lockfile_variants_when_checking_smart_exclude_then_lockfile_reason_is_returned ... ok
test given_all_spine_file_patterns_when_matching_then_all_are_detected ... ok
test given_budget_and_cap_settings_when_computing_cap_then_minimum_rule_is_applied ... ok
test given_dart_freezed_file_when_classifying_then_generated_classification_is_returned ... ok
test given_css_sourcemap_when_classifying_then_sourcemap_classification_is_returned ... ok
test given_dart_generated_file_when_classifying_then_generated_classification_is_returned ... ok
test given_deeply_nested_lockfile_when_checking_smart_exclude_then_lockfile_reason_is_returned ... ok
test given_docs_design_spine_pattern_when_matching_then_detected ... ok
test given_docs_roadmap_spine_pattern_when_matching_then_detected ... ok
test given_empty_path_when_checking_smart_exclude_then_none_is_returned ... ok
test given_file_exactly_at_cap_when_assigning_policy_then_full_is_selected ... ok
test given_file_one_token_over_cap_when_assigning_policy_then_head_tail_is_selected ... ok
test given_full_budget_percentage_when_computing_then_hard_cap_still_limits ... ok
test given_fixture_path_when_classifying_then_fixture_classification_is_returned ... ok
test given_generated_marker_in_name_when_classifying_then_generated_classification_is_returned ... ok
test given_js_sourcemap_when_checking_smart_exclude_then_sourcemap_reason_is_returned ... ok
test given_lockfile_path_when_checking_smart_exclude_then_lockfile_reason_is_returned ... ok
test given_lockfile_path_when_classifying_then_lockfile_classification_is_returned ... ok
test given_minified_and_sourcemap_files_when_checking_smart_exclude_then_expected_reason_is_returned ... ok
test given_minified_css_when_checking_smart_exclude_then_minified_reason_is_returned ... ok
test given_minified_css_when_classifying_then_minified_classification_is_returned ... ok
test given_minified_js_when_classifying_then_minified_classification_is_returned ... ok
test given_no_hard_cap_when_computing_then_default_hard_cap_used ... ok
test given_non_lockfile_with_lock_in_name_when_checking_smart_exclude_then_none_is_returned ... ok
test given_non_spine_file_when_matching_then_not_detected ... ok
test given_normal_file_when_classifying_then_no_classifications_returned ... ok
test given_oversized_data_blob_file_when_assigning_policy_then_skip_is_selected ... ok
test given_oversized_file_with_mixed_skip_and_non_skip_classes_when_assigning_then_skip_wins ... ok
test given_oversized_fixture_file_when_assigning_policy_then_head_tail_not_skip ... ok
test given_oversized_generated_file_when_assigning_policy_then_skip_is_selected ... ok
test given_oversized_lockfile_when_assigning_policy_then_head_tail_not_skip ... ok
test given_oversized_minified_file_when_assigning_policy_then_head_tail_not_skip ... ok
test given_oversized_sourcemap_file_when_assigning_policy_then_head_tail_not_skip ... ok
test given_oversized_vendored_file_when_assigning_policy_then_skip_is_selected ... ok
test given_pct_cap_smaller_than_hard_cap_when_computing_then_pct_cap_wins ... ok
test given_protobuf_go_file_when_classifying_then_generated_classification_is_returned ... ok
test given_protobuf_python_file_when_classifying_then_generated_classification_is_returned ... ok
test given_regular_oversized_file_when_assigning_policy_then_head_tail_is_selected ... ok
test given_repository_spine_files_when_matching_then_patterns_are_detected ... ok
test given_small_budget_with_no_hard_cap_when_computing_then_pct_dominates ... ok
test given_sourcemap_when_classifying_then_sourcemap_classification_is_returned ... ok
test given_spine_file_with_deep_nesting_when_matching_then_detected ... ok
test given_vendored_minified_dense_file_when_classifying_then_multiple_classifications_returned ... ok
test given_vendored_path_when_classifying_then_vendored_classification_is_returned ... ok
test given_windows_style_spine_path_when_matching_then_detected_after_normalization ... ok
test given_zero_budget_when_computing_cap_then_zero_is_returned ... ok
test given_zero_lines_file_when_classifying_then_dense_blob_detected_when_tokens_exceed_threshold ... ok
test given_zero_tokens_file_when_assigning_policy_then_full_is_selected ... ok

test result: ok. 48 passed; 0 failed; 0 ignored; 0 measured; 0 filtered out; finished in 0.00s

     Running tests/bdd_expansion.rs (target/debug/deps/bdd_expansion-edbbe32568743801)

running 34 tests
test budget_constraints::given_budget_of_one_then_cap_is_zero_with_default_pct ... ok
test budget_constraints::given_budget_where_pct_equals_hard_cap_then_returns_either ... ok
test budget_constraints::given_hard_cap_of_zero_then_cap_is_zero ... ok
test budget_constraints::given_usize_max_budget_with_no_hard_cap_then_returns_usize_max ... ok
test budget_constraints::given_very_large_pct_over_one_then_hard_cap_limits ... ok
test budget_constraints::given_zero_pct_then_cap_is_zero ... ok
test classification_path_normalization::given_node_modules_with_mixed_separators_then_vendored_detected ... ok
test classification_path_normalization::given_windows_path_to_fixture_then_fixture_detected ... ok
test classification_path_normalization::given_protobuf_rs_file_then_generated_detected ... ok
test classification_path_normalization::given_windows_path_to_lockfile_then_lockfile_detected ... ok
test classification_path_normalization::given_windows_path_to_vendored_file_then_vendored_detected ... ok
test dense_blob_boundaries::given_custom_threshold_then_respected ... ok
test dense_blob_boundaries::given_many_lines_with_few_tokens_then_not_dense ... ok
test dense_blob_boundaries::given_tokens_per_line_exactly_at_threshold_then_not_dense ... ok
test dense_blob_boundaries::given_tokens_per_line_just_above_threshold_then_dense ... ok
test dense_blob_boundaries::given_tokens_per_line_just_below_threshold_then_not_dense ... ok
test policy_multi_classification::given_data_blob_oversized_then_skip ... ok
test policy_multi_classification::given_empty_classifications_under_cap_then_full ... ok
test policy_multi_classification::given_fixture_and_lockfile_oversized_then_head_tail ... ok
test policy_multi_classification::given_generated_and_vendored_oversized_then_skip_with_both_in_reason ... ok
test policy_multi_classification::given_skip_class_but_under_cap_then_full ... ok
test smart_exclude_edge_cases::given_file_ending_with_map_but_not_sourcemap_then_not_detected ... ok
test smart_exclude_edge_cases::given_file_named_like_lockfile_but_different_then_not_detected ... ok
test smart_exclude_edge_cases::given_lockfile_in_monorepo_subdirectory_then_detected ... ok
test smart_exclude_edge_cases::given_minified_css_nested_deeply_then_detected ... ok
test smart_exclude_edge_cases::given_minified_js_at_root_then_detected ... ok
test smart_exclude_edge_cases::given_normal_js_file_then_not_excluded ... ok
test smart_exclude_edge_cases::given_sourcemap_at_root_then_detected ... ok
test spine_file_edge_cases::given_architecture_md_without_docs_prefix_then_not_detected ... ok
test spine_file_edge_cases::given_docs_architecture_at_various_nesting_levels_then_detected ... ok
test spine_file_edge_cases::given_empty_path_then_not_spine ... ok
test spine_file_edge_cases::given_lowercase_readme_then_not_detected ... ok
test spine_file_edge_cases::given_readme_variants_then_all_detected ... ok
test spine_file_edge_cases::given_readme_with_wrong_extension_then_not_detected ... ok

test result: ok. 34 passed; 0 failed; 0 ignored; 0 measured; 0 filtered out; finished in 0.00s

     Running tests/deep.rs (target/debug/deps/deep-e24d1188565af5a7)

running 42 tests
test assign_policy_is_deterministic_across_calls ... ok
test all_files_excluded_by_classification_policy ... ok
test all_files_excluded_by_smart_exclude ... ok
test assign_policy_at_exact_cap_boundary ... ok
test btreemap_based_module_grouping_is_deterministic ... ok
test classification_order_is_stable_and_sorted ... ok
test classify_dense_blob_threshold_boundary ... ok
test classify_detects_all_fixture_directories ... ok
test classify_detects_all_generated_patterns ... ok
test classify_detects_all_vendored_directories ... ok
test classify_file_is_deterministic_across_calls ... ok
test classify_file_with_zero_tokens_and_zero_lines ... ok
test classify_returns_empty_for_normal_source_file ... ok
test classify_multiple_classes_on_same_file ... ok
test empty_file_list_produces_empty_selection ... ok
test file_cap_respects_percentage_and_hard_cap ... ok
test file_cap_tiny_budget_pct_dominates ... ok
test file_cap_with_usize_max_budget_returns_max ... ok
test file_cap_with_zero_budget_is_zero ... ok
test file_cap_without_hard_cap_uses_default ... ok
test full_pipeline_head_tails_oversized_fixture_without_blob ... ok
test full_pipeline_head_tails_oversized_regular_files ... ok
test full_pipeline_includes_small_source_files ... ok
test full_pipeline_skips_vendored_dense_blobs ... ok
test full_pipeline_skips_generated_files_exceeding_cap ... ok
test greedy_pack_excludes_generated_oversized_files ... ok
test greedy_pack_includes_head_tailed_files_at_capped_cost ... ok
test greedy_pack_selection_is_deterministic ... ok
test greedy_pack_selects_largest_files_first ... ok
test greedy_pack_respects_budget_limit ... ok
test head_tail_reason_includes_token_counts ... ok
test single_file_exceeds_budget ... ok
test single_file_fits_within_budget ... ok
test skip_reason_includes_classification_names ... ok
test smart_exclude_returns_none_for_normal_source_files ... ok
test smart_excludes_cover_all_lockfile_ecosystems ... ok
test smart_excludes_detect_minified_and_sourcemaps_at_any_depth ... ok
test spine_file_detection_covers_all_patterns ... ok
test spine_file_detection_with_deep_nesting ... ok
test spine_file_handles_backslash_normalization ... ok
test spine_file_rejects_non_spine_paths ... ok
test zero_budget_selects_nothing ... ok

test result: ok. 42 passed; 0 failed; 0 ignored; 0 measured; 0 filtered out; finished in 0.00s

     Running tests/deep2.rs (target/debug/deps/deep2-9c18d09c37d5b943)

running 67 tests
test assign_policy_empty_classifications_under_cap_is_full ... ok
test assign_policy_fixture_plus_data_blob_over_cap_skips ... ok
test assign_policy_data_blob_alone_over_cap_skips ... ok
test assign_policy_generated_alone_over_cap_skips ... ok
test assign_policy_head_tail_reason_format ... ok
test assign_policy_lockfile_plus_minified_over_cap_head_tails ... ok
test assign_policy_reason_contains_token_counts ... ok
test assign_policy_tokens_equal_one_cap_zero_generated_skips ... ok
test assign_policy_usize_max_cap_always_full ... ok
test assign_policy_vendored_alone_over_cap_skips ... ok
test classify_fixture_plus_dense_blob ... ok
test classify_generated_inside_golden_dir ... ok
test classify_lockfile_and_sourcemap_simultaneously ... ok
test classify_file_deterministic_10_iterations ... ok
test classify_minified_in_vendor ... ok
test classify_no_duplicates_in_output ... ok
test classify_node_modules_lockfile ... ok
test classify_output_always_sorted ... ok
test classify_output_no_duplicates ... ok
test classify_vendored_plus_lockfile ... ok
test default_dense_threshold_is_positive ... ok
test classify_snapshot_directory ... ok
test classify_sourcemap_in_fixtures ... ok
test default_max_file_pct_between_zero_and_one ... ok
test default_max_file_tokens_reasonable ... ok
test dense_blob_exact_ratio_boundary_with_many_lines ... ok
test dense_blob_large_file_normal_density ... ok
test dense_blob_one_above_with_many_lines ... ok
test dense_blob_single_line_file ... ok
test dense_blob_with_very_high_threshold ... ok
test dense_blob_with_very_low_threshold ... ok
test file_cap_both_zero ... ok
test file_cap_default_constants_produce_expected_cap_at_128k ... ok
test file_cap_exact_pct_equals_hard_cap ... ok
test file_cap_hard_cap_zero_always_zero ... ok
test file_cap_large_hard_cap_pct_dominates ... ok
test file_cap_pct_zero_returns_zero ... ok
test file_cap_small_budget_100_tokens ... ok
test file_cap_usize_max_budget_short_circuits ... ok
test pipeline_fixture_over_cap_head_tail ... ok
test full_pipeline_deterministic_across_invocations ... ok
test pipeline_generated_under_cap_full ... ok
test pipeline_generated_over_cap_skip ... ok
test pipeline_large_normal_file_head_tail ... ok
test pipeline_normal_file_under_budget_full ... ok
test pipeline_vendored_dense_blob_skip ... ok
test pipeline_zero_budget_zero_tokens_full ... ok
test smart_exclude_case_sensitivity_lockfile ... ok
test smart_exclude_composer_lock_detected ... ok
test smart_exclude_deterministic_all_lockfiles ... ok
test smart_exclude_dot_min_in_directory_name_not_matched ... ok
test smart_exclude_gemfile_lock_detected ... ok
test smart_exclude_go_sum_detected ... ok
test smart_exclude_lockfile_in_deep_monorepo_path ... ok
test smart_exclude_minified_js_deep_path ... ok
test smart_exclude_non_map_extension_not_matched ... ok
test smart_exclude_path_with_only_slashes ... ok
test smart_exclude_pipfile_lock_detected ... ok
test smart_exclude_poetry_lock_detected ... ok
test spine_file_contributing_md ... ok
test spine_file_docs_design_nested ... ok
test spine_file_package_json_deeply_nested ... ok
test spine_file_rejects_similar_but_different_names ... ok
test spine_file_roadmap_at_root ... ok
test spine_file_tokmd_toml_at_root ... ok
test spine_file_tokmd_toml_nested ... ok
test spine_file_windows_backslash_normalization ... ok

test result: ok. 67 passed; 0 failed; 0 ignored; 0 measured; 0 filtered out; finished in 0.00s

     Running tests/deep_policy_round2_w51.rs (target/debug/deps/deep_policy_round2_w51-dd4dfce9cac63d1c)

running 33 tests
test classify_docs_file_has_no_special_class ... ok
test classify_config_lockfile ... ok
test classify_generated_node_types ... ok
test classify_empty_path ... ok
test classify_generated_protobuf ... ok
test classify_test_fixture_dir ... ok
test classify_source_file_returns_empty ... ok
test classify_snapshots_fixture ... ok
test classify_testdata_fixture ... ok
test classify_vendored_node_modules ... ok
test file_cap_defaults_match_constants ... ok
test classify_vendored_third_party ... ok
test file_cap_respects_hard_cap ... ok
test file_cap_respects_percentage_limit ... ok
test file_cap_unlimited_budget_returns_max ... ok
test file_cap_zero_budget_returns_zero ... ok
test multiple_classifications_sorted_and_deduped ... ok
test policy_skip_for_data_blob_over_cap ... ok
test policy_head_tail_when_over_cap_plain_file ... ok
test policy_full_when_under_cap ... ok
test policy_skip_for_vendored_over_cap ... ok
test policy_skip_for_generated_over_cap ... ok
test smart_exclude_detects_all_lockfile_variants ... ok
test policy_with_empty_classifications_under_cap ... ok
test smart_exclude_detects_minified ... ok
test smart_exclude_detects_sourcemaps ... ok
test smart_exclude_ignores_regular_files ... ok
test smart_exclude_lockfile_in_nested_path ... ok
test spine_detects_config_manifests ... ok
test spine_detects_docs_architecture ... ok
test spine_rejects_random_source ... ok
test spine_detects_readme_variants ... ok
test spine_with_backslash_paths_normalized ... ok

test result: ok. 33 passed; 0 failed; 0 ignored; 0 measured; 0 filtered out; finished in 0.00s

     Running tests/deep_policy_w47.rs (target/debug/deps/deep_policy_w47-c92d8ff212f1ebef)

running 49 tests
test assign_policy_tokens_equal_cap_is_full ... ok
test assign_policy_zero_cap_everything_oversized ... ok
test assign_policy_zero_tokens_always_full ... ok
test budget_large_enough_for_file ... ok
test classify_data_blob_high_token_density ... ok
test classify_empty_path ... ok
test budget_exactly_one_file ... ok
test classify_generated_protobuf ... ok
test classify_fixture_directories ... ok
test classify_generated_dart_freezed ... ok
test classify_lockfile_detected ... ok
test classify_minified_detected ... ok
test classify_multiple_classifications_on_one_file ... ok
test classify_no_data_blob_normal_density ... ok
test classify_results_sorted_and_deduped ... ok
test classify_source_file_no_classifications ... ok
test classify_sourcemap_detected ... ok
test classify_vendored_node_modules ... ok
test classify_vendored_vendor_dir ... ok
test classify_zero_tokens_zero_lines ... ok
test compute_file_cap_small_budget_uses_pct ... ok
test compute_file_cap_default_values ... ok
test compute_file_cap_with_explicit_hard_cap ... ok
test compute_file_cap_unbounded_budget ... ok
test non_spine_files_rejected ... ok
test policy_full_for_small_source_file ... ok
test policy_full_has_no_reason ... ok
test policy_head_tail_for_fixture_exceeding_cap ... ok
test policy_head_tail_for_oversized_regular_file ... ok
test policy_skip_for_data_blob_exceeding_cap ... ok
test policy_head_tail_reason_mentions_cap ... ok
test policy_skip_for_generated_exceeding_cap ... ok
test policy_skip_for_vendored_exceeding_cap ... ok
test policy_skip_reason_mentions_classification ... ok
test smart_exclude_all_lockfiles ... ok
test smart_exclude_lockfiles_nested_in_directories ... ok
test smart_exclude_minified_js_and_css ... ok
test smart_exclude_none_for_normal_source_files ... ok
test smart_exclude_sourcemaps ... ok
test spine_config_files_detected ... ok
test excluded_files_never_get_full_policy ... ok
test spine_docs_architecture_detected ... ok
test spine_project_manifests_detected ... ok
test spine_readme_detected ... ok
test classify_is_always_sorted_deduped ... ok
test zero_budget_yields_zero_cap ... ok
test total_tokens_capped_by_budget ... ok
test spine_detection_is_deterministic ... ok
test smart_exclude_deterministic ... ok

test result: ok. 49 passed; 0 failed; 0 ignored; 0 measured; 0 filtered out; finished in 0.07s

     Running tests/deep_w42.rs (target/debug/deps/deep_w42-01e19bd390d381c0)

running 59 tests
test classify_empty_path ... ok
test classify_dense_blob ... ok
test classify_backslash_paths_normalized ... ok
test classify_classes_are_sorted_and_deduped ... ok
test classify_generated_node_types_json ... ok
test classify_fixture_dir ... ok
test classify_generated_protobuf_go ... ok
test classify_generated_protobuf_rs ... ok
test classify_generated_python_pb2 ... ok
test classify_lockfile ... ok
test classify_minified_js ... ok
test classify_multiple_labels_generated_and_blob ... ok
test classify_node_modules ... ok
test classify_normal_file_returns_empty ... ok
test classify_snapshots_dir ... ok
test classify_sourcemap ... ok
test classify_testdata_dir ... ok
test classify_third_party_dir ... ok
test classify_vendored_dir ... ok
test classify_zero_lines_avoids_division_by_zero ... ok
test file_cap_custom_hard_cap ... ok
test file_cap_respects_hard_cap ... ok
test file_cap_respects_percentage ... ok
test file_cap_small_budget ... ok
test file_cap_unlimited_budget_returns_max ... ok
test file_cap_zero_budget ... ok
test policy_full_when_exactly_at_cap ... ok
test policy_full_when_under_cap ... ok
test policy_head_tail_fixture_over_cap ... ok
test policy_head_tail_lockfile_over_cap ... ok
test policy_head_tail_when_over_cap_normal_file ... ok
test policy_multiple_classifications_combined_in_reason ... ok
test policy_skip_generated_over_cap ... ok
test policy_skip_data_blob_over_cap ... ok
test policy_skip_reason_contains_token_counts ... ok
test policy_skip_vendored_over_cap ... ok
test policy_zero_tokens_under_any_cap ... ok
test smart_exclude_detects_cargo_lock ... ok
test smart_exclude_detects_css_sourcemap ... ok
test smart_exclude_detects_go_sum ... ok
test smart_exclude_detects_js_sourcemap ... ok
test smart_exclude_detects_lockfile_in_nested_path ... ok
test smart_exclude_detects_minified_css ... ok
test smart_exclude_detects_minified_js ... ok
test smart_exclude_detects_package_lock_json ... ok
test smart_exclude_detects_yarn_lock ... ok
test smart_exclude_detects_poetry_lock ... ok
test smart_exclude_empty_string ... ok
test smart_exclude_returns_none_for_normal_file ... ok
test smart_exclude_returns_none_for_regular_js ... ok
test spine_backslash_path_normalized ... ok
test spine_does_not_match_partial_name ... ok
test spine_does_not_match_random_source_file ... ok
test spine_matches_cargo_toml ... ok
test spine_matches_nested_architecture_doc ... ok
test spine_matches_package_json ... ok
test spine_matches_pyproject_toml ... ok
test spine_matches_readme_md ... ok
test spine_matches_readme_plain ... ok

test result: ok. 59 passed; 0 failed; 0 ignored; 0 measured; 0 filtered out; finished in 0.00s

     Running tests/deep_w67.rs (target/debug/deps/deep_w67-6b4ef970bb7f4143)

running 49 tests
test assign_full_at_exact_cap ... ok
test assign_head_tail_when_over_cap_plain ... ok
test assign_head_tail_lockfile_over_cap ... ok
test assign_full_when_under_cap ... ok
test assign_skip_data_blob_over_cap ... ok
test assign_skip_vendored_over_cap ... ok
test assign_skip_generated_over_cap ... ok
test classify_data_blob_high_density ... ok
test classify_generated_node_types_json ... ok
test classify_generated_protobuf_go ... ok
test classify_generated_protobuf_rs ... ok
test classify_generated_python_pb2 ... ok
test classify_lockfile ... ok
test classify_fixture_directory ... ok
test classify_minified ... ok
test classify_node_modules_vendored ... ok
test classify_no_data_blob_low_density ... ok
test classify_plain_source_file_empty ... ok
test classify_sorted_and_deduped ... ok
test classify_sourcemap ... ok
test classify_testdata_fixture ... ok
test classify_vendored_directory ... ok
test file_cap_custom_hard_cap ... ok
test file_cap_respects_hard_cap ... ok
test file_cap_respects_pct ... ok
test file_cap_usize_max_budget ... ok
test file_cap_zero_budget ... ok
test pipeline_large_generated_skipped ... ok
test pipeline_large_plain_head_tail ... ok
test pipeline_small_source_included ... ok
test property_tests::assign_policy_deterministic ... ok
test property_tests::compute_file_cap_deterministic ... ok
test smart_exclude_lockfile_cargo ... ok
test smart_exclude_lockfile_nested_path ... ok
test smart_exclude_lockfile_npm ... ok
test smart_exclude_lockfile_yarn ... ok
test smart_exclude_minified_css ... ok
test smart_exclude_minified_js ... ok
test smart_exclude_none_for_source ... ok
test smart_exclude_sourcemap_css ... ok
test smart_exclude_sourcemap_js ... ok
test spine_cargo_toml ... ok
test spine_docs_architecture ... ok
test spine_nested_docs_architecture ... ok
test spine_not_random_source ... ok
test spine_package_json ... ok
test spine_readme_md ... ok
test property_tests::classify_always_sorted ... ok
test property_tests::classify_is_deterministic ... ok

test result: ok. 49 passed; 0 failed; 0 ignored; 0 measured; 0 filtered out; finished in 0.13s

     Running tests/handoff_context_deep.rs (target/debug/deps/handoff_context_deep-fabc6389ff805d95)

running 30 tests
test assign_policy_full_when_under_cap ... ok
test assign_policy_head_tail_when_over_cap_no_skip_class ... ok
test assign_policy_full_at_exact_cap ... ok
test assign_policy_head_tail_when_over_cap_fixture ... ok
test assign_policy_skip_when_over_cap_generated ... ok
test assign_policy_skip_when_over_cap_data_blob ... ok
test assign_policy_skip_when_over_cap_vendored ... ok
test classify_dense_blob ... ok
test classify_fixture_dirs ... ok
test classify_generated_files ... ok
test classify_lockfile ... ok
test classify_minified ... ok
test classify_multiple_classes_sorted_deduped ... ok
test classify_normal_density_not_blob ... ok
test classify_vendored_dirs ... ok
test classify_sourcemap ... ok
test compute_file_cap_custom_hard_cap ... ok
test compute_file_cap_default_values ... ok
test compute_file_cap_hard_cap_dominates_when_large_budget ... ok
test compute_file_cap_pct_dominates_when_small_budget ... ok
test compute_file_cap_unlimited_budget ... ok
test smart_exclude_all_lockfiles ... ok
test smart_exclude_lockfile_with_dir_prefix ... ok
test smart_exclude_minified_js_and_css ... ok
test smart_exclude_normal_files_return_none ... ok
test smart_exclude_sourcemaps ... ok
test spine_file_docs_paths ... ok
test spine_file_non_spine_returns_false ... ok
test spine_file_project_manifests ... ok
test spine_file_readme_variants ... ok

test result: ok. 30 passed; 0 failed; 0 ignored; 0 measured; 0 filtered out; finished in 0.00s

     Running tests/integration.rs (target/debug/deps/integration-cc501b6c56c13c03)

running 16 tests
test compute_file_cap_pct_equals_hard_cap ... ok
test compute_file_cap_with_tiny_budget_and_no_hard_cap ... ok
test compute_file_cap_supports_unbounded_budget ... ok
test compute_file_cap_with_zero_pct_returns_zero ... ok
test policy_pipeline_classifies_snapshot_directory_as_fixture ... ok
test policy_pipeline_classifies_golden_directory_as_fixture ... ok
test policy_pipeline_head_tails_oversized_fixture_file ... ok
test policy_pipeline_keeps_normal_source_file_full ... ok
test policy_pipeline_marks_vendored_dense_files_as_skip_when_over_cap ... ok
test policy_pipeline_skips_dense_fixture_blob ... ok
test policy_pipeline_skips_large_protobuf_generated_file ... ok
test policy_pipeline_keeps_small_spine_files_full ... ok
test policy_pipeline_skips_oversized_node_modules_minified_js ... ok
test policy_pipeline_skips_oversized_third_party_file ... ok
test policy_pipeline_treats_oversized_lockfile_as_head_tail ... ok
test policy_pipeline_treats_small_lockfile_as_full ... ok

test result: ok. 16 passed; 0 failed; 0 ignored; 0 measured; 0 filtered out; finished in 0.00s

     Running tests/policy_deep.rs (target/debug/deps/policy_deep-eb59b185e59319fd)

running 56 tests
test assign_policy_fixture_alone_never_skips ... ok
test assign_policy_lockfile_alone_never_skips ... ok
test assign_policy_multiple_skip_classes_all_named_in_reason ... ok
test assign_policy_minified_alone_never_skips ... ok
test assign_policy_sourcemap_alone_never_skips ... ok
test assign_policy_zero_tokens_always_full ... ok
test assign_policy_zero_cap_nonzero_tokens_with_skip_class ... ok
test assign_policy_zero_cap_nonzero_tokens_without_skip_class ... ok
test assign_policy_zero_tokens_with_generated_class_full ... ok
test classify_fixture_and_generated_simultaneously ... ok
test classify_freezed_dart ... ok
test classify_g_dart ... ok
test classify_generated_dot_pattern_in_middle ... ok
test classify_lockfile_at_any_depth ... ok
test classify_minified_css ... ok
test classify_normal_rs_file_empty ... ok
test classify_node_modules_deeply_nested ... ok
test classify_sourcemap_extension ... ok
test classify_python_protobuf ... ok
test classify_test_data_underscore ... ok
test classify_third_party_hyphen ... ok
test classify_testdata_no_separator ... ok
test classify_vendored_and_generated_simultaneously ... ok
test default_budget_128k_allows_typical_source_file ... ok
test default_budget_128k_head_tails_large_source_file ... ok
test dense_blob_just_above_threshold_flagged ... ok
test dense_blob_just_below_threshold_not_flagged ... ok
test dense_blob_with_custom_threshold ... ok
test dense_blob_zero_lines_uses_max_one ... ok
test file_cap_budget_one ... ok
test dense_blob_zero_tokens_zero_lines_not_flagged ... ok
test file_cap_default_constants_consistent ... ok
test file_cap_large_budget_capped_by_hard_cap ... ok
test file_cap_very_small_pct ... ok
test file_cap_with_one_hundred_pct ... ok
test file_cap_with_one_hundred_pct_no_hard_cap ... ok
test smart_exclude_and_classify_agree_on_lockfiles ... ok
test smart_exclude_and_classify_agree_on_minified ... ok
test smart_exclude_and_classify_agree_on_sourcemaps ... ok
test smart_exclude_css_map_at_root ... ok
test smart_exclude_empty_path_returns_none ... ok
test smart_exclude_lockfile_partial_name_not_matched ... ok
test smart_exclude_min_css_at_root ... ok
test smart_exclude_nested_lockfile_is_detected ... ok
test smart_exclude_non_minified_js_not_matched ... ok
test smart_exclude_pnpm_lock_is_lockfile ... ok
test spine_file_cockpit_toml ... ok
test spine_file_docs_roadmap ... ok
test spine_file_empty_path_is_not_spine ... ok
test spine_file_go_mod ... ok
test spine_file_not_random_md_in_docs ... ok
test spine_file_not_random_toml ... ok
test spine_file_plain_readme_no_extension ... ok
test spine_file_pyproject_toml ... ok
test spine_file_readme_rst ... ok
test spine_file_readme_txt ... ok

test result: ok. 56 passed; 0 failed; 0 ignored; 0 measured; 0 filtered out; finished in 0.00s

     Running tests/policy_w73.rs (target/debug/deps/policy_w73-c46313de3d57607d)

running 32 tests
test assign_policy_fixture_not_skip_class ... ok
test assign_policy_head_tail_when_over_cap_normal_file ... ok
test assign_policy_skip_data_blob_over_cap ... ok
test assign_policy_full_when_under_cap ... ok
test assign_policy_skip_generated_over_cap ... ok
test assign_policy_skip_vendored_over_cap ... ok
test classify_data_blob_below_threshold ... ok
test classify_data_blob_high_density ... ok
test classify_deduplicates_and_sorts ... ok
test classify_fixture_dirs ... ok
test classify_lockfile ... ok
test classify_minified ... ok
test classify_generated_patterns ... ok
test classify_regular_source_file_empty ... ok
test classify_sourcemap ... ok
test classify_vendored_dirs ... ok
test compute_file_cap_default_budget ... ok
test compute_file_cap_explicit_hard_cap ... ok
test compute_file_cap_small_budget ... ok
test compute_file_cap_unlimited_budget ... ok
test smart_exclude_all_lockfiles ... ok
test smart_exclude_cargo_lock ... ok
test smart_exclude_minified_css ... ok
test smart_exclude_minified_js ... ok
test smart_exclude_nested_lockfile ... ok
test smart_exclude_regular_file_none ... ok
test smart_exclude_sourcemap_css ... ok
test spine_manifest_files ... ok
test spine_non_spine_files ... ok
test spine_readme_variants ... ok
test spine_nested_docs ... ok
test smart_exclude_sourcemap_js ... ok

test result: ok. 32 passed; 0 failed; 0 ignored; 0 measured; 0 filtered out; finished in 0.00s

     Running tests/properties.rs (target/debug/deps/properties-d2d0e5b64c4a5815)

running 26 tests
test assign_policy_generated_oversized_always_skip ... ok
test assign_policy_datablob_oversized_always_skip ... ok
test assign_policy_full_implies_no_reason ... ok
test assign_policy_fixture_oversized_never_skip ... ok
test assign_policy_under_cap ... ok
test assign_policy_skip_or_headtail_implies_reason ... ok
test assign_policy_lockfile_oversized_never_skip ... ok
test assign_policy_never_returns_full_above_cap_with_skip_class ... ok
test assign_policy_vendored_oversized_always_skip ... ok
test assign_policy_without_skip_classes_behaves_as_size_gate ... ok
test classify_file_zero_lines_with_tokens_always_dense ... ok
test compute_file_cap_at_most_budget_for_valid_pct ... ok
test classify_lockfile ... ok
test compute_file_cap_bounded ... ok
test compute_file_cap_is_bounded_by_hard_cap_when_provided ... ok
test compute_file_cap_never_exceeds_budget ... ok
test compute_file_cap_unbounded_returns_max ... ok
test file_cap_positive ... ok
test smart_exclude_always_catches_known_lockfiles ... ok
test smart_exclude_always_catches_known_minified ... ok
test classify_file_results_are_sorted_and_unique ... ok
test classify_file_is_deterministic ... ok
test smart_exclude_and_classify_agree_on_lockfiles ... ok
test smart_exclude_reason_is_always_known_reason ... ok
test smart_exclude_reason_is_deterministic ... ok
test spine_classification_is_deterministic ... ok

test result: ok. 26 passed; 0 failed; 0 ignored; 0 measured; 0 filtered out; finished in 0.39s

     Running tests/proptest_deep.rs (target/debug/deps/proptest_deep-43452a011db66e32)

running 11 tests
test file_cap_monotonic_with_budget ... ok
test file_cap_hard_cap_respected ... ok
test non_skip_classes_never_skip_when_oversized ... ok
test css_sourcemap_detected ... ok
test classify_and_exclude_agree_on_minified ... ok
test file_cap_monotonic_with_pct ... ok
test policy_monotonic_with_tokens ... ok
test skip_classes_always_skip_when_oversized ... ok
test regular_files_not_excluded ... ok
test sourcemap_files_detected ... ok
test spine_file_is_deterministic_and_consistent ... ok

test result: ok. 11 passed; 0 failed; 0 ignored; 0 measured; 0 filtered out; finished in 0.03s

     Running tests/proptest_w53.rs (target/debug/deps/proptest_w53-50efd1968beed8ea)

running 12 tests
test file_cap_at_most_hard_cap ... ok
test file_cap_default_bounded ... ok
test full_policy_no_reason ... ok
test generated_pattern_classified ... ok
test known_spine_files ... ok
test non_full_policy_has_reason ... ok
test classify_zero_lines_no_panic ... ok
test classify_idempotent ... ok
test umax_budget_returns_umax ... ok
test vendored_dir_classified ... ok
test is_spine_no_panic ... ok
test smart_exclude_no_panic ... ok

test result: ok. 12 passed; 0 failed; 0 ignored; 0 measured; 0 filtered out; finished in 0.20s

     Running tests/selection_deep.rs (target/debug/deps/selection_deep-556cba537fe1aaa7)

running 26 tests
test classifications_maintain_enum_discriminant_order ... ok
test classify_generated_file_inside_vendored_dir_yields_both ... ok
test classify_minified_lockfile_impossible_but_handles_gracefully ... ok
test classify_lockfile_inside_node_modules_yields_lockfile_and_vendored ... ok
test classify_returns_sorted_vec_for_complex_multi_classification ... ok
test classify_sourcemap_inside_testdata_yields_sourcemap_and_fixture ... ok
test classify_vendor_inside_fixture_directory_yields_both ... ok
test dense_threshold_negative_marks_everything ... ok
test dense_threshold_very_high_never_marks_as_blob ... ok
test dense_threshold_zero_marks_any_file_with_tokens_as_blob ... ok
test file_matching_multiple_generated_patterns_yields_single_generated ... ok
test node_types_json_in_fixture_dir_is_both_generated_and_fixture ... ok
test pack_plan_utilization_near_100_pct_when_files_fill_budget ... ok
test pipeline_data_blob_under_cap_is_full ... ok
test pack_plan_with_all_head_tail_files ... ok
test pipeline_generated_file_under_cap_is_full ... ok
test pipeline_budget_one_excludes_everything ... ok
test pipeline_max_budget_includes_everything ... ok
test spine_and_smart_exclude_are_disjoint_for_all_lockfiles ... ok
test spine_file_that_is_also_generated_is_not_affected_by_spine ... ok
test spine_files_never_have_smart_exclude_reason ... ok
test spine_priority_pack_multiple_spine_files_before_sources ... ok
test spine_priority_pack_selects_readme_before_larger_files ... ok
test tie_breaking_by_path_when_tokens_equal ... ok
test spine_priority_pack_spine_file_alone_when_generated_skipped ... ok
test tie_breaking_stable_across_multiple_runs ... ok

test result: ok. 26 passed; 0 failed; 0 ignored; 0 measured; 0 filtered out; finished in 0.00s

     Running unittests src/lib.rs (target/debug/deps/tokmd_core-e9e9ea31038e5a4f)

running 42 tests
test error::tests::error_response_has_error_true ... ok
test error::tests::error_display_includes_code ... ok
test error::tests::invalid_field_error ... ok
test error::tests::error_with_suggestions ... ok
test error::tests::error_with_details_and_suggestions ... ok
test error::tests::response_envelope_success ... ok
test error::tests::error_codes_serialize_to_snake_case ... ok
test ffi::tests::array_element_error_includes_index ... ok
test ffi::tests::diff_missing_from_returns_error ... ok
test ffi::tests::analyze_without_feature_returns_not_implemented ... ok
test ffi::tests::cockpit_without_feature_returns_not_implemented ... ok
test ffi::tests::diff_wrong_type_from_returns_error ... ok
test ffi::tests::nested_lang_object_invalid_top_returns_error ... ok
test ffi::tests::nested_scan_object_invalid_bool_returns_error ... ok
test ffi::tests::parse_cockpit_settings_defaults ... ok
test ffi::tests::parse_cockpit_settings_with_values ... ok
test ffi::tests::null_paths_uses_default ... ok
test ffi::tests::null_values_use_defaults ... ok
test ffi::tests::parse_lang_settings_defaults ... ok
test ffi::tests::parse_module_settings_defaults ... ok
test ffi::tests::parse_scan_settings_defaults ... ok
test ffi::tests::parse_scan_settings_with_paths ... ok
test ffi::tests::run_json_invalid_json ... ok
test ffi::tests::run_json_unknown_mode ... ok
test ffi::tests::run_json_invalid_format_returns_error_envelope ... ok
test ffi::tests::run_json_invalid_children_returns_error_envelope ... ok
test ffi::tests::run_json_version ... ok
test ffi::tests::schema_version_returns_current ... ok
test ffi::tests::strict_parsing_invalid_bool ... ok
test ffi::tests::strict_parsing_invalid_child_include_mode ... ok
test ffi::tests::strict_parsing_invalid_children_mode ... ok
test ffi::tests::strict_parsing_invalid_format ... ok
test ffi::tests::strict_parsing_invalid_config_mode ... ok
test ffi::tests::strict_parsing_invalid_redact_mode ... ok
test ffi::tests::strict_parsing_invalid_string_array ... ok
test ffi::tests::version_returns_valid_string ... ok
test tests::scan_settings_current_dir ... ok
test ffi::tests::strict_parsing_invalid_usize ... ok
test tests::scan_settings_for_paths ... ok
test tests::settings_to_scan_options_preserves_values ... ok
test tests::version_not_empty ... ok
test ffi::tests::run_json_always_returns_valid_json ... ok

test result: ok. 42 passed; 0 failed; 0 ignored; 0 measured; 0 filtered out; finished in 0.29s

     Running tests/bindings_parity.rs (target/debug/deps/bindings_parity-fe02eff1f2e4af36)

running 18 tests
test error_envelope_has_ok_and_error ... ok
test error_envelope_invalid_json_code ... ok
test run_json_analyze_mode_returns_not_implemented ... ok
test run_json_diff_mode_succeeds ... ok
test lang_workflow_is_accessible ... ok
test export_workflow_is_accessible ... ok
test module_workflow_is_accessible ... ok
test run_json_export_mode_succeeds ... ok
test run_json_unknown_mode_returns_error ... ok
test run_json_lang_mode_succeeds ... ok
test run_json_module_mode_succeeds ... ok
test run_json_version_mode_succeeds ... ok
test success_envelope_has_ok_and_data ... ok
test schema_version_is_positive ... ok
test version_function_returns_semver ... ok
test version_mode_matches_function ... ok
test run_json_never_panics ... ok
test run_json_valid_json_never_panics ... ok

test result: ok. 18 passed; 0 failed; 0 ignored; 0 measured; 0 filtered out; finished in 4.57s

     Running tests/core_deep_w64.rs (target/debug/deps/core_deep_w64-9f2263a21a557bbb)

running 66 tests
test diff_settings_default_values ... ok
test export_settings_default_values ... ok
test export_workflow_default_settings_produces_receipt ... ok
test export_receipt_serializes_to_json ... ok
test export_workflow_args_meta_reflects_settings ... ok
test export_workflow_deterministic_rows ... ok
test ffi_empty_mode_string_error ... ok
test export_workflow_has_file_rows ... ok
test ffi_export_nonexistent_path_returns_json ... ok
test export_workflow_min_code_filters ... ok
test export_workflow_max_rows_limits ... ok
test ffi_invalid_children_value ... ok
test ffi_invalid_json_error ... ok
test ffi_invalid_type_for_files_field ... ok
test ffi_invalid_type_for_top_field ... ok
test ffi_export_with_min_code ... ok
test ffi_lang_default_args ... ok
test ffi_export_default_args ... ok
test ffi_lang_multiple_paths ... ok
test ffi_lang_with_files_true ... ok
test ffi_lang_with_top ... ok
test ffi_module_nonexistent_path_returns_json ... ok
test ffi_nonexistent_path_still_returns_valid_json ... ok
test ffi_paths_wrong_type_error ... ok
test ffi_unknown_mode_error ... ok
test ffi_version_has_schema_version_key ... ok
test ffi_version_has_version_key ... ok
test ffi_lang_deterministic_json ... ok
test ffi_version_ok_field ... ok
test ffi_version_schema_matches_constant ... ok
test ffi_version_with_extra_args_still_works ... ok
test given_ffi_json_when_version_then_envelope_ok ... ok
test ffi_module_default_args ... ok
test ffi_module_custom_depth ... ok
test given_scan_settings_when_export_then_receipt_has_correct_mode ... ok
test given_scan_settings_when_lang_then_receipt_has_correct_mode ... ok
test lang_settings_default_values ... ok
test given_top_n_when_lang_then_args_meta_matches ... ok
test given_scan_settings_when_module_then_receipt_has_correct_mode ... ok
test lang_receipt_serializes_to_json ... ok
test lang_workflow_default_settings_produces_receipt ... ok
test lang_workflow_generated_at_ms_nonzero ... ok
test lang_workflow_multiple_paths ... ok
test lang_workflow_receipt_has_rows ... ok
test lang_workflow_deterministic_rows ... ok
test lang_workflow_tool_info_populated ... ok
test lang_workflow_top_zero_shows_all ... ok
test lang_workflow_status_is_complete ... ok
test lang_workflow_warnings_empty_for_normal_scan ... ok
test module_settings_default_values ... ok
test lang_workflow_with_files_flag ... ok
test lang_workflow_with_top_limits_rows ... ok
test module_receipt_serializes_to_json ... ok
test module_workflow_args_meta_captures_settings ... ok
test module_workflow_default_settings_produces_receipt ... ok
test response_envelope_error_shape ... ok
test response_envelope_success_shape ... ok
test response_envelope_to_json_valid ... ok
test scan_settings_current_dir_path ... ok
test tokmd_error_display_contains_code ... ok
test tokmd_error_to_json_roundtrip ... ok
test tokmd_error_with_details_serializes ... ok
test tokmd_error_with_suggestions_serializes ... ok
test module_workflow_has_rows ... ok
test module_workflow_schema_version_matches ... ok
test module_workflow_deterministic_rows ... ok

test result: ok. 66 passed; 0 failed; 0 ignored; 0 measured; 0 filtered out; finished in 1.73s

     Running tests/core_depth_w57.rs (target/debug/deps/core_depth_w57-15f4125047670abb)

running 24 tests
test error_code_display ... ok
test error_envelope_has_ok_and_error ... ok
test empty_mode_returns_error ... ok
test empty_json_string_returns_error ... ok
test invalid_paths_type_returns_error ... ok
test invalid_top_field_type_returns_error ... ok
test lang_mode_with_current_dir ... ok
test export_mode_with_current_dir ... ok
test lang_workflow_current_dir ... ok
test malformed_json_returns_error ... ok
test lang_receipt_has_schema_version ... ok
test module_receipt_has_schema_version ... ok
test response_envelope_error_roundtrip ... ok
test response_envelope_success_roundtrip ... ok
test success_envelope_has_ok_and_data ... ok
test truncated_json_returns_error ... ok
test unknown_mode_returns_error ... ok
test version_mode_contains_schema_version ... ok
test version_mode_contains_version_string ... ok
test version_mode_returns_ok ... ok
test module_mode_with_current_dir ... ok
test version_output_deterministic ... ok
test module_workflow_current_dir ... ok
test lang_workflow_with_top_limit ... ok

test result: ok. 24 passed; 0 failed; 0 ignored; 0 measured; 0 filtered out; finished in 0.46s

     Running tests/core_determinism_w53.rs (target/debug/deps/core_determinism_w53-aed25f9d47c2b437)

running 15 tests
test export_schema_version_present_and_nonzero ... ok
test ffi_lang_deterministic ... ok
test export_workflow_deterministic ... ok
test ffi_lang_timestamp_in_json ... ok
test ffi_version_schema_version_nonzero ... ok
test ffi_version_deterministic ... ok
test all_receipts_share_same_schema_version ... ok
test lang_schema_version_present_and_nonzero ... ok
test lang_json_key_order_stable ... ok
test ffi_module_key_order_stable ... ok
test lang_timestamp_is_millis_since_epoch ... ok
test module_schema_version_present_and_nonzero ... ok
test lang_workflow_deterministic ... ok
test module_timestamp_is_millis_since_epoch ... ok
test module_workflow_deterministic ... ok

test result: ok. 15 passed; 0 failed; 0 ignored; 0 measured; 0 filtered out; finished in 0.35s

     Running tests/cross_crate_pipeline.rs (target/debug/deps/cross_crate_pipeline-e1e54f0f98e37dd2)

running 23 tests
test export_as_csv_via_format_should_have_header_and_data_rows ... ok
test diff_workflow_self_diff_should_have_zero_deltas ... ok
test diff_receipt_should_have_correct_structure ... ok
test diff_workflow_should_detect_changes_between_two_dirs ... ok
test export_as_jsonl_should_produce_valid_json_lines ... ok
test export_receipt_json_should_have_correct_data_shape ... ok
test export_paths_should_use_forward_slashes ... ok
test export_workflow_should_produce_file_rows_for_known_files ... ok
test ffi_invalid_mode_should_return_error_envelope ... ok
test export_should_be_deterministic ... ok
test ffi_export_with_tempdir_should_find_known_files ... ok
test ffi_diff_with_two_tempdirs_should_detect_changes ... ok
test ffi_lang_with_tempdir_should_return_valid_receipt ... ok
test ffi_version_should_return_version_info ... ok
test ffi_module_with_tempdir_should_return_valid_receipt ... ok
test lang_receipt_json_should_contain_all_envelope_fields ... ok
test ffi_roundtrip_should_match_workflow_output ... ok
test module_pipeline_should_find_nested_modules ... ok
test scan_model_format_should_have_correct_envelope_metadata ... ok
test module_pipeline_should_be_deterministic ... ok
test scan_model_format_should_find_known_languages ... ok
test scan_model_format_should_be_deterministic ... ok
test scan_model_format_should_produce_valid_json_receipt ... ok

test result: ok. 23 passed; 0 failed; 0 ignored; 0 measured; 0 filtered out; finished in 0.10s

     Running tests/deep_core_round2_w51.rs (target/debug/deps/deep_core_round2_w51-379471c559845861)

running 39 tests
test cross_export_workflow_and_ffi_consistent_row_count ... ok
test cross_all_workflows_include_timing_metadata ... ok
test cross_all_workflows_have_tool_info ... ok
test cross_all_receipts_schema_version_matches_constant ... ok
test cross_lang_workflow_and_ffi_consistent_rows ... ok
test ffi_bad_field_type_returns_error ... ok
test cross_module_workflow_and_ffi_consistent_rows ... ok
test cross_ffi_receipts_schema_version_matches_constant ... ok
test ffi_error_has_error_no_data ... ok
test ffi_error_has_meaningful_message ... ok
test ffi_envelope_always_has_ok_field ... ok
test ffi_all_responses_are_valid_json ... ok
test ffi_invalid_json_returns_error ... ok
test ffi_invalid_mode_returns_error ... ok
test ffi_export_ok_with_receipt ... ok
test ffi_export_empty_args_uses_defaults ... ok
test ffi_export_with_csv_format ... ok
test ffi_lang_empty_args_uses_defaults ... ok
test ffi_lang_ok_with_receipt ... ok
test ffi_lang_with_top_parameter ... ok
test ffi_version_ok_with_version_string ... ok
test ffi_success_has_data_no_error ... ok
test ffi_version_schema_version_matches_constant ... ok
test ffi_module_empty_args_uses_defaults ... ok
test wf_export_csv_format_produces_valid_receipt ... ok
test ffi_module_ok_with_receipt ... ok
test wf_export_json_format_produces_valid_receipt ... ok
test wf_export_deterministic_on_same_input ... ok
test wf_export_jsonl_format_produces_valid_receipt ... ok
test wf_export_receipt_has_schema_version ... ok
test wf_lang_receipt_has_schema_version ... ok
test wf_lang_top_1_single_primary_row ... ok
test wf_lang_default_produces_valid_receipt ... ok
test wf_lang_top_n_limits_rows ... ok
test wf_module_default_produces_valid_receipt ... ok
test wf_module_depth_limit_recorded ... ok
test wf_lang_deterministic_on_same_input ... ok
test wf_module_receipt_has_schema_version ... ok
test wf_module_deterministic_on_same_input ... ok

test result: ok. 39 passed; 0 failed; 0 ignored; 0 measured; 0 filtered out; finished in 0.62s

     Running tests/deep_w38.rs (target/debug/deps/deep_w38-336cd0c7e571237a)

running 23 tests
test core_schema_version_matches_types ... ok
test error_code_display_snake_case ... ok
test export_workflow_current_dir ... ok
test export_workflow_json_format ... ok
test ffi_invalid_json_error ... ok
test export_workflow_with_min_code_filter ... ok
test ffi_unknown_mode_error ... ok
test ffi_version_mode ... ok
test ffi_export_mode_success ... ok
test lang_workflow_nonexistent_path_errors ... ok
test lang_workflow_current_dir ... ok
test ffi_lang_mode_success ... ok
test ffi_module_mode_success ... ok
test lang_workflow_separate_children ... ok
test lang_workflow_with_files ... ok
test lang_workflow_with_top ... ok
test response_envelope_error_roundtrip ... ok
test response_envelope_success_roundtrip ... ok
test tokmd_error_to_json ... ok
test version_not_empty ... ok
test module_workflow_with_depth ... ok
test module_workflow_current_dir ... ok
test module_workflow_with_top_limit ... ok

test result: ok. 23 passed; 0 failed; 0 ignored; 0 measured; 0 filtered out; finished in 0.61s

     Running tests/deep_w67.rs (target/debug/deps/deep_w67-2607e1bfd36defa1)

running 24 tests
test export_workflow_file_rows ... ok
test export_workflow_schema_version ... ok
test export_workflow_returns_receipt ... ok
test ffi_error_envelope_has_ok_false_and_error ... ok
test ffi_invalid_children_value_returns_error ... ok
test ffi_invalid_json_returns_error ... ok
test ffi_invalid_field_type_returns_error ... ok
test export_workflow_deterministic ... ok
test ffi_success_envelope_has_ok_true_and_data ... ok
test ffi_export_with_fixture ... ok
test ffi_unknown_mode_returns_error ... ok
test ffi_version_ok ... ok
test ffi_version_schema_matches_constant ... ok
test ffi_lang_with_fixture ... ok
test ffi_module_with_fixture ... ok
test lang_workflow_mode_is_lang ... ok
test lang_workflow_multi_language ... ok
test lang_workflow_returns_receipt_with_rows ... ok
test lang_workflow_deterministic ... ok
test lang_workflow_schema_version_matches ... ok
test module_workflow_has_rows ... ok
test lang_workflow_top_limits_rows ... ok
test module_workflow_schema_version ... ok
test module_workflow_returns_receipt ... ok

test result: ok. 24 passed; 0 failed; 0 ignored; 0 measured; 0 filtered out; finished in 0.10s

     Running tests/error_boundary.rs (target/debug/deps/error_boundary-b40836788ed73bdd)

running 17 tests
test ffi_error_never_has_data_field ... ok
test ffi_invalid_json_returns_error ... ok
test ffi_empty_mode_string_returns_unknown_mode ... ok
test ffi_lang_files_as_string_returns_error ... ok
test ffi_lang_top_as_negative_returns_error ... ok
test ffi_lang_top_as_string_returns_error ... ok
test ffi_lang_nonexistent_path_returns_error ... ok
test ffi_mode_with_wrong_case_returns_error ... ok
test ffi_lang_with_empty_object_scans_current_dir ... ok
test ffi_module_with_empty_object_scans_current_dir ... ok
test ffi_success_never_has_error_field ... ok
test ffi_unknown_mode_returns_error ... ok
test ffi_version_mode_ignores_extra_args ... ok
test ffi_version_mode_returns_version ... ok
test ffi_truncated_json_returns_error ... ok
test ffi_export_with_empty_object_scans_current_dir ... ok
test ffi_json_array_instead_of_object ... ok

test result: ok. 17 passed; 0 failed; 0 ignored; 0 measured; 0 filtered out; finished in 0.31s

     Running tests/error_types.rs (target/debug/deps/error_types-b66efbf0eb9ab3b9)

running 39 tests
test constants::core_schema_version_matches_types ... ok
test constants::core_schema_version_is_positive ... ok
test constants::version_is_valid_semver ... ok
test error_code_serde::error_code_display_matches_serde ... ok
test error_code_serde::all_error_codes_roundtrip_through_json ... ok
test error_code_serde::all_error_codes_serialize_to_snake_case ... ok
test error_conversions::error_display_with_details ... ok
test error_conversions::error_display_without_details ... ok
test error_conversions::error_implements_std_error ... ok
test error_conversions::from_anyhow_error ... ok
test error_conversions::from_io_error ... ok
test error_factory_methods::analysis_error ... ok
test error_factory_methods::config_invalid_includes_reason ... ok
test error_conversions::from_serde_json_error ... ok
test error_factory_methods::config_not_found_has_suggestions ... ok
test error_factory_methods::git_not_available_has_suggestions ... ok
test error_factory_methods::git_operation_failed_includes_details ... ok
test error_factory_methods::internal_error ... ok
test error_factory_methods::invalid_field_error ... ok
test error_factory_methods::invalid_json_error ... ok
test error_factory_methods::io_error ... ok
test error_factory_methods::not_git_repository_includes_path ... ok
test error_factory_methods::not_implemented_error ... ok
test error_factory_methods::path_not_found_error ... ok
test error_factory_methods::path_not_found_with_suggestions_error ... ok
test error_factory_methods::scan_error ... ok
test error_factory_methods::unknown_mode_error ... ok
test error_json_serialization::to_json_includes_code_and_message ... ok
test error_json_serialization::to_json_includes_details_when_present ... ok
test error_json_serialization::to_json_includes_suggestions_when_present ... ok
test error_json_serialization::to_json_skips_none_details ... ok
test response_envelope::error_details_from_tokmd_error ... ok
test response_envelope::error_envelope_has_correct_shape ... ok
test response_envelope::envelope_roundtrip_through_json ... ok
test response_envelope::error_response_from_tokmd_error ... ok
test response_envelope::error_response_to_json_is_valid ... ok
test response_envelope::error_envelope_to_json_is_valid ... ok
test response_envelope::success_envelope_has_correct_shape ... ok
test response_envelope::success_envelope_to_json_is_valid ... ok

test result: ok. 39 passed; 0 failed; 0 ignored; 0 measured; 0 filtered out; finished in 0.00s

     Running tests/error_w70.rs (target/debug/deps/error_w70-f9b0186fea3da4cb)

running 20 tests
test error_envelope_always_has_ok_field ... ok
test error_message_is_nonempty_string ... ok
test error_envelope_has_error_object_with_code_and_message ... ok
test run_json_empty_string_json_returns_error ... ok
test run_json_empty_mode_returns_error_envelope ... ok
test run_json_lang_with_non_array_paths_returns_error ... ok
test run_json_export_with_invalid_format_returns_error ... ok
test run_json_lang_with_invalid_children_mode_returns_error ... ok
test run_json_lang_with_non_boolean_hidden_returns_error ... ok
test run_json_lang_with_non_string_in_paths_array_returns_error ... ok
test run_json_lang_with_non_integer_top_returns_error ... ok
test run_json_malformed_json_returns_invalid_json_error ... ok
test run_json_mode_with_special_chars_returns_error ... ok
test run_json_mode_with_unicode_returns_error ... ok
test run_json_truncated_json_returns_error ... ok
test success_envelope_has_no_error_field ... ok
test run_json_unknown_mode_returns_error_envelope ... ok
test version_mode_ignores_malformed_extra_fields ... ok
test version_mode_with_empty_object_succeeds ... ok
test run_json_json_array_instead_of_object_returns_error ... ok

test result: ok. 20 passed; 0 failed; 0 ignored; 0 measured; 0 filtered out; finished in 0.19s

     Running tests/ffi_contract.rs (target/debug/deps/ffi_contract-fab3c238d5813303)

running 14 tests
test error_envelope_has_message ... ok
test error_envelope_never_has_data_field ... ok
test invalid_field_type_returns_error ... ok
test invalid_json_returns_error ... ok
test lang_mode_returns_ok_with_receipt ... ok
test lang_mode_receipt_is_parseable_json ... ok
test export_mode_returns_ok_with_receipt ... ok
test success_envelope_never_has_error_field ... ok
test unknown_mode_returns_error ... ok
test version_contains_schema_version ... ok
test version_contains_version_string ... ok
test version_returns_ok_envelope ... ok
test module_mode_returns_ok_with_receipt ... ok
test all_modes_return_valid_json ... ok

test result: ok. 14 passed; 0 failed; 0 ignored; 0 measured; 0 filtered out; finished in 0.24s

     Running tests/ffi_deep.rs (target/debug/deps/ffi_deep-fe06325c6bef85fb)

running 48 tests
test bare_json_string_still_produces_valid_envelope ... ok
test deterministic_export_output ... ok
test deterministic_version_output ... ok
test envelope_error_has_error_no_data ... ok
test deterministic_lang_output ... ok
test envelope_success_has_data_no_error ... ok
test envelope_ok_is_always_boolean ... ok
test deterministic_module_output ... ok
test error_config_invalid_value ... ok
test error_diff_missing_both ... ok
test error_diff_missing_from ... ok
test error_diff_missing_to ... ok
test error_empty_mode ... ok
test error_hidden_wrong_type ... ok
test error_invalid_children_mode ... ok
test error_invalid_json_empty_string ... ok
test error_invalid_export_format ... ok
test error_invalid_json_garbage ... ok
test error_negative_top ... ok
test error_paths_wrong_type ... ok
test error_redact_invalid_value ... ok
test error_top_wrong_type ... ok
test ffi_analyze_mode_not_implemented_without_feature ... ok
test error_unknown_mode ... ok
test deterministic_diff_output ... ok
test ffi_export_mode_receipt_structure ... ok
test ffi_lang_mode_receipt_structure ... ok
test ffi_version_mode_returns_ok_with_version_and_schema ... ok
test ffi_diff_mode_self_diff ... ok
test ffi_module_mode_receipt_structure ... ok
test schema_version_present_in_lang_receipt ... ok
test schema_version_present_in_export_receipt ... ok
test schema_version_present_in_version_mode ... ok
test envelope_totality_all_edge_cases ... ok
test schema_version_present_in_module_receipt ... ok
test schema_version_present_in_diff_receipt ... ok
test workflow_export_basic ... ok
test workflow_export_max_rows ... ok
test workflow_export_paths_normalized ... ok
test workflow_export_serializable_roundtrip ... ok
test workflow_lang_basic ... ok
test workflow_export_min_code_filter ... ok
test workflow_lang_serializable_roundtrip ... ok
test workflow_module_basic ... ok
test workflow_lang_deterministic ... ok
test workflow_module_custom_depth ... ok
test workflow_lang_top_limits_rows ... ok
test workflow_module_serializable_roundtrip ... ok

test result: ok. 48 passed; 0 failed; 0 ignored; 0 measured; 0 filtered out; finished in 0.73s

     Running tests/ffi_expansion.rs (target/debug/deps/ffi_expansion-8c82ae44139d275e)

running 18 tests
test core_schema_version_equals_types_schema_version ... ok
test core_schema_version_is_positive ... ok
test envelope_error_has_error_xor_data ... ok
test error_codes_are_snake_case ... ok
test ffi_version_matches_lib_version ... ok
test ffi_version_matches_run_json_version_data ... ok
test export_workflow_nonexistent_path_returns_error ... ok
test lang_workflow_nonexistent_path_returns_error ... ok
test export_receipt_rows_have_required_fields ... ok
test module_workflow_nonexistent_path_returns_error ... ok
test module_workflow_deterministic_row_order ... ok
test run_json_lang_receipt_has_all_required_fields ... ok
test lang_workflow_deterministic_row_order ... ok
test run_json_version_idempotent ... ok
test run_json_nonexistent_path_produces_valid_envelope ... ok
test version_returns_valid_semver_format ... ok
test run_json_lang_rows_sorted_by_code_descending ... ok
test envelope_success_has_data_xor_error ... ok

test result: ok. 18 passed; 0 failed; 0 ignored; 0 measured; 0 filtered out; finished in 0.22s

     Running tests/ffi_fixture_deep.rs (target/debug/deps/ffi_fixture_deep-99baa6f26abc1e79)

running 35 tests
test cross_mode_lang_vs_export_total_code ... ok
test determinism_lang_fixture ... ok
test determinism_export_fixture ... ok
test envelope_error_shape ... ok
test cross_mode_schema_versions_match ... ok
test envelope_success_shape ... ok
test ffi_empty_json_returns_error ... ok
test determinism_module_fixture ... ok
test ffi_export_fixture_empty_dir ... ok
test ffi_diff_self_fixture_zero_deltas ... ok
test envelope_ok_always_boolean_across_modes ... ok
test ffi_export_fixture_paths_forward_slashes ... ok
test ffi_export_fixture_returns_file_rows ... ok
test ffi_export_fixture_with_max_rows ... ok
test ffi_export_fixture_with_min_code ... ok
test ffi_export_null_format_is_error ... ok
test ffi_invalid_json_returns_error ... ok
test ffi_export_fixture_with_redact_all ... ok
test ffi_export_fixture_with_redact_paths ... ok
test ffi_lang_fixture_empty_dir_returns_empty_rows ... ok
test ffi_lang_fixture_multi_lang ... ok
test ffi_lang_fixture_rust_code_count ... ok
test ffi_lang_fixture_rust_finds_rust ... ok
test ffi_lang_fixture_with_children_collapse ... ok
test ffi_lang_nonexistent_path_returns_error ... ok
test ffi_lang_fixture_with_children_separate ... ok
test ffi_lang_fixture_with_top ... ok
test ffi_lang_null_top_uses_default ... ok
test ffi_module_fixture_empty_dir ... ok
test ffi_unknown_mode_returns_error ... ok
test ffi_lang_zero_top_returns_all ... ok
test ffi_version_ignores_extra_fields ... ok
test ffi_version_returns_ok_with_semver ... ok
test ffi_module_fixture_returns_receipt ... ok
test ffi_module_fixture_with_depth ... ok

test result: ok. 35 passed; 0 failed; 0 ignored; 0 measured; 0 filtered out; finished in 0.19s

     Running tests/ffi_parity_w53.rs (target/debug/deps/ffi_parity_w53-14bb1866f1e23eae)

running 31 tests
test diff_mode_nonexistent_from_returns_error ... ok
test diff_mode_nonexistent_to_returns_error ... ok
test export_mode_data_has_file_level_rows ... ok
test empty_object_args_defaults_to_cwd ... ok
test export_mode_rows_have_lang_field ... ok
test export_mode_has_correct_mode_field ... ok
test invalid_json_args_returns_error ... ok
test invalid_mode_has_error_message ... ok
test invalid_mode_has_unknown_mode_code ... ok
test export_mode_has_ok_true ... ok
test invalid_mode_returns_ok_false ... ok
test diff_mode_self_diff_succeeds ... ok
test lang_mode_data_has_rows ... ok
test lang_mode_data_has_schema_version ... ok
test lang_mode_data_has_total ... ok
test lang_mode_data_has_tool_info ... ok
test lang_mode_with_tempdir ... ok
test lang_mode_has_ok_true ... ok
test lang_mode_with_files_flag ... ok
test module_mode_data_has_rows ... ok
test lang_mode_respects_top_parameter ... ok
test truncated_json_returns_error ... ok
test version_mode_has_ok_true ... ok
test version_mode_matches_cargo_pkg_version ... ok
test version_mode_returns_semver_string ... ok
test version_mode_schema_version_matches_constant ... ok
test wrong_type_for_files_returns_error ... ok
test wrong_type_for_top_returns_error ... ok
test module_mode_has_ok_true ... ok
test module_mode_has_correct_mode_field ... ok
test module_mode_with_depth ... ok

test result: ok. 31 passed; 0 failed; 0 ignored; 0 measured; 0 filtered out; finished in 0.36s

     Running tests/ffi_w43.rs (target/debug/deps/ffi_w43-28660811493b74a7)

running 58 tests
test w43_cockpit_without_feature_returns_not_implemented ... ok
test w43_analyze_without_feature_returns_not_implemented ... ok
test w43_case_sensitive_mode ... ok
test w43_diff_missing_both_returns_error ... ok
test w43_diff_missing_from_returns_error ... ok
test w43_empty_mode_is_unknown ... ok
test w43_empty_string_input_returns_error ... ok
test w43_error_codes_are_snake_case ... ok
test w43_diff_missing_to_returns_error ... ok
test w43_error_envelope_has_error_not_data ... ok
test w43_error_envelope_has_code_and_message ... ok
test w43_error_messages_are_non_empty ... ok
test w43_export_default_args_returns_ok ... ok
test w43_export_invalid_format_returns_error ... ok
test w43_export_invalid_redact_returns_error ... ok
test w43_all_responses_are_valid_json ... ok
test w43_diff_self_returns_zero_deltas ... ok
test w43_export_receipt_has_mode ... ok
test w43_export_receipt_has_rows ... ok
test w43_invalid_json_returns_error_envelope ... ok
test w43_invalid_mode_message_includes_mode_name ... ok
test w43_invalid_mode_returns_error_envelope ... ok
test w43_export_receipt_has_schema_version ... ok
test w43_every_response_has_ok_boolean ... ok
test w43_export_rows_have_path_and_lang ... ok
test w43_lang_invalid_children_returns_error ... ok
test w43_lang_invalid_files_type_returns_error ... ok
test w43_lang_invalid_top_type_returns_error ... ok
test w43_lang_default_args_returns_ok ... ok
test w43_json_array_is_parseable_but_may_succeed_or_fail ... ok
test w43_lang_receipt_has_args_metadata ... ok
test w43_lang_receipt_has_generated_at_ms ... ok
test w43_lang_receipt_has_schema_version ... ok
test w43_lang_receipt_has_scan_metadata ... ok
test w43_lang_receipt_has_mode_field ... ok
test w43_lang_receipt_has_rows_array ... ok
test w43_mode_with_spaces ... ok
test w43_lang_receipt_has_tool_info ... ok
test w43_lang_with_top_parameter ... ok
test w43_lang_with_files_parameter ... ok
test w43_module_default_args_returns_ok ... ok
test w43_nested_scan_invalid_field_returns_error ... ok
test w43_module_receipt_has_mode ... ok
test w43_module_receipt_has_schema_version ... ok
test w43_module_receipt_has_rows ... ok
test w43_scan_invalid_hidden_type_returns_error ... ok
test w43_scan_invalid_config_returns_error ... ok
test w43_scan_invalid_paths_type_returns_error ... ok
test w43_success_envelope_has_data_not_error ... ok
test w43_truncated_json_returns_error ... ok
test w43_unicode_in_mode_returns_error ... ok
test w43_version_has_schema_version ... ok
test w43_version_has_version_string ... ok
test w43_version_ignores_extra_fields ... ok
test w43_version_idempotent ... ok
test w43_version_returns_ok ... ok
test w43_nested_scan_object_works ... ok
test w43_null_args_json_produces_valid_json ... ok

test result: ok. 58 passed; 0 failed; 0 ignored; 0 measured; 0 filtered out; finished in 1.17s

     Running tests/integration_pipeline.rs (target/debug/deps/integration_pipeline-4257d1ff5a749cc6)

running 31 tests
test diff_receipt_schema_version_matches_constant ... ok
test diff_receipt_json_roundtrip_is_idempotent ... ok
test diff_receipt_has_all_required_fields ... ok
test export_jsonl_lines_match_export_receipt_rows ... ok
test export_csv_pipeline_produces_valid_csv ... ok
test export_jsonl_pipeline_each_line_is_valid_json ... ok
test export_receipt_has_all_required_fields ... ok
test export_receipt_json_roundtrip_is_idempotent ... ok
test export_receipt_schema_version_matches_constant ... ok
test all_receipt_modes_have_correct_mode_string ... ok
test ffi_error_envelope_has_ok_false_and_error_key ... ok
test export_workflow_nonexistent_path_returns_error ... ok
test export_workflow_empty_dir_produces_empty_rows ... ok
test ffi_nonexistent_path_returns_error_envelope ... ok
test ffi_envelope_has_ok_and_data_keys ... ok
test ffi_module_envelope_has_correct_schema_version ... ok
test ffi_export_envelope_matches_workflow_row_count ... ok
test lang_json_pipeline_scan_model_format_parse_verify ... ok
test lang_and_export_total_code_consistent ... ok
test lang_receipt_json_roundtrip_is_idempotent ... ok
test lang_receipt_has_all_required_fields ... ok
test lang_workflow_nonexistent_path_returns_error ... ok
test lang_workflow_empty_dir_produces_empty_rows ... ok
test lang_receipt_schema_version_matches_constant ... ok
test module_markdown_pipeline_produces_valid_table ... ok
test module_receipt_has_all_required_fields ... ok
test module_workflow_nonexistent_path_returns_error ... ok
test module_receipt_json_roundtrip_is_idempotent ... ok
test module_receipt_schema_version_matches_constant ... ok
test module_workflow_empty_dir_graceful ... ok
test tool_info_consistent_across_receipts ... ok

test result: ok. 31 passed; 0 failed; 0 ignored; 0 measured; 0 filtered out; finished in 0.22s

     Running tests/integration_w73.rs (target/debug/deps/integration_w73-c0440118d31640b6)

running 33 tests
test export_code_sum_matches_lang_total ... ok
test export_file_count_matches_lang_total ... ok
test all_workflows_agree_on_total_files ... ok
test all_workflows_agree_on_total_code ... ok
test export_workflow_receipt_file_paths ... ok
test export_workflow_receipt_has_file_rows ... ok
test export_workflow_receipt_metadata ... ok
test ffi_error_envelope_has_ok_false ... ok
test ffi_error_envelope_has_error_object ... ok
test ffi_error_envelope_no_data ... ok
test ffi_invalid_mode_returns_error ... ok
test ffi_invalid_mode_code_is_unknown_mode ... ok
test export_workflow_rows_have_code_lines ... ok
test export_workflow_rows_have_lang ... ok
test ffi_success_envelope_has_data ... ok
test ffi_success_envelope_has_ok_true ... ok
test ffi_version_returns_valid_json ... ok
test ffi_success_envelope_no_error ... ok
test ffi_version_schema_version_matches_constant ... ok
test ffi_lang_receipt_has_schema_version ... ok
test ffi_lang_returns_receipt ... ok
test lang_workflow_receipt_has_rows ... ok
test lang_workflow_finds_rust_and_python ... ok
test lang_workflow_receipt_has_totals ... ok
test lang_workflow_receipt_metadata ... ok
test lang_workflow_receipt_scan_args_populated ... ok
test lang_workflow_receipt_serializable_roundtrip ... ok
test lang_workflow_top_limits_rows ... ok
test lang_workflow_receipt_status_complete ... ok
test module_workflow_custom_depth ... ok
test module_workflow_receipt_has_modules ... ok
test module_workflow_receipt_metadata ... ok
test module_workflow_receipt_totals ... ok

test result: ok. 33 passed; 0 failed; 0 ignored; 0 measured; 0 filtered out; finished in 0.06s

     Running tests/json_api.rs (target/debug/deps/json_api-6a17dbc98abce89d)

running 67 tests
test diff_mode_missing_from_returns_error ... ok
test analyze_without_feature_returns_not_implemented ... ok
test diff_mode_both_missing_returns_error ... ok
test cockpit_without_feature_returns_not_implemented ... ok
test diff_mode_non_string_from_returns_error ... ok
test diff_mode_non_string_to_returns_error ... ok
test error_envelope_has_error_no_data ... ok
test diff_mode_missing_to_returns_error ... ok
test export_mode_with_format_csv ... ok
test export_mode_has_file_rows ... ok
test export_mode_success ... ok
test export_mode_with_format_json ... ok
test export_mode_with_max_rows_limit ... ok
test export_mode_with_format_jsonl ... ok
test diff_mode_with_directory_paths ... ok
test lang_mode_finds_rust ... ok
test export_mode_with_redact_paths ... ok
test lang_mode_default_paths_uses_dot ... ok
test lang_mode_generated_at_ms_is_recent ... ok
test lang_mode_receipt_has_tool_info ... ok
test export_mode_with_min_code_filter ... ok
test lang_mode_status_is_complete ... ok
test lang_mode_with_children_collapse ... ok
test lang_mode_with_top_limits_rows ... ok
test lang_mode_with_children_separate ... ok
test module_mode_with_custom_depth ... ok
test lang_mode_with_files_flag ... ok
test nested_scan_invalid_returns_error ... ok
test nested_lang_object_works ... ok
test module_mode_with_custom_roots ... ok
test nested_scan_object_works ... ok
test module_mode_with_top_setting ... ok
test properties::invalid_json_always_produces_invalid_json_error ... ok
test properties::unknown_modes_always_produce_error_envelope ... ok
test properties::run_json_always_returns_valid_json_for_any_mode ... ok
test null_values_use_defaults ... ok
test properties::version_mode_ignores_arbitrary_json_args ... ok
test run_json_empty_mode_returns_error ... ok
test run_json_empty_string_args_returns_error ... ok
test run_json_hidden_as_string_returns_error ... ok
test run_json_invalid_children_mode_returns_error ... ok
test run_json_invalid_config_mode_returns_error ... ok
test run_json_invalid_format_returns_error ... ok
test run_json_invalid_json_returns_error ... ok
test run_json_invalid_redact_returns_error ... ok
test properties::run_json_always_returns_valid_json_for_any_args ... ok
test run_json_mode_is_case_sensitive ... ok
test run_json_mode_with_whitespace ... ok
test run_json_lang_mode ... ok
test run_json_array_as_args_returns_error_or_processes ... ok
test run_json_module_mode ... ok
test run_json_paths_as_string_returns_error ... ok
test run_json_paths_with_non_string_element_returns_error ... ok
test run_json_top_as_negative_returns_error ... ok
test run_json_top_as_string_returns_error ... ok
test run_json_unknown_mode_returns_error ... ok
test run_json_version_mode ... ok
test run_json_null_as_args_returns_error_or_processes ... ok
test schema_version_matches_types ... ok
test success_envelope_has_data_no_error ... ok
test version_data_contains_semver ... ok
test version_ignores_extra_args ... ok
test version_returns_cargo_version ... ok
test version_schema_version_is_positive ... ok
test run_json_number_as_args_returns_error_or_processes ... ok
test run_json_with_settings ... ok
test run_json_always_returns_valid_json_for_known_edge_cases ... ok

test result: ok. 67 passed; 0 failed; 0 ignored; 0 measured; 0 filtered out; finished in 0.87s

     Running tests/pipeline_integration.rs (target/debug/deps/pipeline_integration-f54db1d3bfc5a2f0)

running 15 tests
test export_workflow_nonexistent_path_handles_gracefully ... ok
test export_workflow_produces_nonempty_rows ... ok
test export_workflow_rows_have_required_fields ... ok
test export_workflow_json_round_trips ... ok
test lang_workflow_nonexistent_path_returns_error ... ok
test lang_workflow_schema_version_matches_constant ... ok
test lang_workflow_mode_is_lang ... ok
test lang_workflow_finds_rust ... ok
test module_workflow_nonexistent_path_handles_gracefully ... ok
test module_workflow_mode_is_module ... ok
test lang_workflow_deterministic_across_two_runs ... ok
test module_workflow_rows_sorted_descending_by_code ... ok
test scan_exclusion_filters_files ... ok
test top_setting_limits_lang_rows ... ok
test module_workflow_schema_version_matches ... ok

test result: ok. 15 passed; 0 failed; 0 ignored; 0 measured; 0 filtered out; finished in 0.31s

     Running tests/pipeline_w40.rs (target/debug/deps/pipeline_w40-9d31422623676892)

running 25 tests
test export_forward_slash_paths ... ok
test export_max_rows_limits_output ... ok
test diff_detects_changes ... ok
test diff_self_has_zero_deltas ... ok
test export_receipt_contains_all_fixture_files ... ok
test ffi_version_returns_semver ... ok
test export_rows_serializable_as_jsonl ... ok
test ffi_lang_returns_ok_envelope ... ok
test export_min_code_filter_reduces_rows ... ok
test lang_receipt_has_all_envelope_fields ... ok
test lang_receipt_rows_have_positive_metrics ... ok
test lang_and_export_totals_consistent ... ok
test lang_and_module_totals_consistent ... ok
test lang_receipt_status_complete ... ok
test lang_receipt_timestamp_reasonable ... ok
test lang_receipt_tool_info_populated ... ok
test module_receipt_has_valid_envelope ... ok
test module_receipt_respects_depth_1 ... ok
test module_receipt_respects_depth_3 ... ok
test pipeline_lang_finds_known_languages ... ok
test pipeline_lang_json_round_trips ... ok
test pipeline_export_json_round_trips ... ok
test pipeline_lang_produces_valid_receipt ... ok
test pipeline_module_json_round_trips ... ok
test two_lang_runs_identical ... ok

test result: ok. 25 passed; 0 failed; 0 ignored; 0 measured; 0 filtered out; finished in 0.20s

     Running tests/proptest_expansion_w50.rs (target/debug/deps/proptest_expansion_w50-ab4b2baffb741f62)

running 13 tests
test error_envelope_json_roundtrip ... ok
test invalid_field_types_return_error ... ok
test error_response_has_error_details ... ok
test response_envelope_json_roundtrip ... ok
test response_always_has_ok_field ... ok
test malformed_json_returns_valid_response ... ok
test run_json_never_panics_on_arbitrary_mode ... ok
test run_json_never_panics_on_arbitrary_json ... ok
test unknown_mode_returns_error ... ok
test version_mode_always_succeeds ... ok
test run_json_never_panics_on_both_arbitrary ... ok
test null_values_handled_gracefully ... ok
test run_json_empty_object_never_panics ... ok

test result: ok. 13 passed; 0 failed; 0 ignored; 0 measured; 0 filtered out; finished in 5.77s

     Running tests/workflow_deep.rs (target/debug/deps/workflow_deep-a89ba48bae31e129)

running 40 tests
test cross_workflow_lang_export_code_totals_match ... ok
test diff_fixture_different_dirs ... ok
test cross_workflow_all_modes_complete_status ... ok
test cross_workflow_all_modes_same_schema_version ... ok
test export_fixture_basic ... ok
test diff_fixture_populated_to_empty ... ok
test diff_fixture_empty_to_populated ... ok
test diff_fixture_self_diff_zero_deltas ... ok
test export_fixture_empty_dir ... ok
test export_fixture_file_has_correct_lang ... ok
test export_fixture_max_rows ... ok
test export_fixture_deterministic ... ok
test export_fixture_multi_lang_files ... ok
test export_fixture_min_code_filter ... ok
test export_fixture_paths_forward_slashes ... ok
test export_fixture_redact_all ... ok
test export_nonexistent_dir_is_error ... ok
test export_fixture_redact_none_preserves_paths ... ok
test export_fixture_redact_paths ... ok
test export_fixture_serializable_roundtrip ... ok
test lang_fixture_children_separate ... ok
test lang_fixture_children_collapse ... ok
test lang_fixture_empty_dir_returns_empty_rows ... ok
test lang_fixture_multi_lang_detects_all ... ok
test lang_fixture_deterministic ... ok
test lang_fixture_receipt_has_tool_info ... ok
test lang_fixture_receipt_has_valid_timestamp ... ok
test lang_fixture_rust_detects_language ... ok
test lang_fixture_top_limits_rows ... ok
test lang_fixture_serializable_roundtrip ... ok
test lang_fixture_top_zero_returns_all ... ok
test lang_nonexistent_dir_is_error ... ok
test lang_fixture_with_files_enabled ... ok
test module_fixture_basic ... ok
test module_fixture_custom_depth ... ok
test module_fixture_empty_dir ... ok
test module_nonexistent_dir_is_error ... ok
test module_fixture_deterministic ... ok
test module_fixture_nested_detects_modules ... ok
test module_fixture_serializable_roundtrip ... ok

test result: ok. 40 passed; 0 failed; 0 ignored; 0 measured; 0 filtered out; finished in 0.18s

     Running tests/workflow_robustness_w53.rs (target/debug/deps/workflow_robustness_w53-661579e2c8415c00)

running 24 tests
test export_empty_dir_returns_no_rows ... ok
test export_nonexistent_path_returns_error ... ok
test export_default_succeeds ... ok
test export_paths_forward_slashes ... ok
test export_max_rows_limit ... ok
test export_tempdir_scan_has_path ... ok
test lang_empty_dir_returns_no_rows ... ok
test export_rows_have_paths ... ok
test lang_nonexistent_path_returns_error ... ok
test lang_default_settings_succeeds ... ok
test export_min_code_filter ... ok
test lang_finds_rust_in_this_crate ... ok
test lang_tempdir_scan_finds_rust ... ok
test lang_receipt_has_all_metadata ... ok
test lang_top_zero_returns_all ... ok
test lang_top_one_limits_rows ... ok
test module_default_depth_succeeds ... ok
test module_custom_roots ... ok
test module_empty_dir_returns_no_rows ... ok
test module_nonexistent_path_returns_error ... ok
test module_depth_0_succeeds ... ok
test module_depth_1 ... ok
test module_depth_5 ... ok
test module_top_setting ... ok

test result: ok. 24 passed; 0 failed; 0 ignored; 0 measured; 0 filtered out; finished in 0.24s

     Running tests/workflow_v2.rs (target/debug/deps/workflow_v2-e496b7aac2afac69)

running 57 tests
test child_include_mode_recorded_in_module_args ... ok
test children_collapse_vs_separate_same_total_code ... ok
test all_workflow_receipts_have_tool_info ... ok
test all_workflow_receipts_have_valid_timestamps ... ok
test children_mode_recorded_in_args ... ok
test concurrent_lang_workflows_produce_same_results ... ok
test concurrent_mixed_workflows_all_succeed ... ok
test cross_workflow_polyglot_export_blanks_and_comments_nonnegative ... ok
test cross_workflow_lang_file_count_matches_export_rows ... ok
test cross_workflow_module_total_code_matches_lang_total ... ok
test cross_workflow_polyglot_lang_export_code_totals_match ... ok
test diff_workflow_from_receipt_file ... ok
test cross_workflow_polyglot_lang_export_lines_match ... ok
test export_format_csv_recorded_in_args ... ok
test export_format_json_recorded_in_args ... ok
test diff_workflow_receipt_has_mode_and_sources ... ok
test export_format_jsonl_recorded_in_args ... ok
test export_min_code_very_high_filters_all ... ok
test export_min_code_zero_includes_all ... ok
test export_format_does_not_affect_data ... ok
test export_max_rows_zero_means_unlimited ... ok
test ffi_error_diff_missing_both_mentions_from ... ok
test export_paths_always_use_forward_slashes ... ok
test ffi_error_invalid_children_mentions_field ... ok
test ffi_error_invalid_json_has_code ... ok
test ffi_error_invalid_redact_mentions_field ... ok
test ffi_error_invalid_format_mentions_field ... ok
test ffi_error_unknown_mode_includes_mode_name ... ok
test ffi_version_idempotent ... ok
test ffi_version_returns_semver ... ok
test ffi_version_schema_version_matches_constant ... ok
test export_strip_prefix_recorded_in_args ... ok
test export_strip_prefix_with_redact_paths_is_redacted ... ok
test lang_workflow_rows_sorted_by_code_descending ... ok
test lang_top_exceeds_total_languages_returns_all ... ok
test many_files_export_max_rows_limits_output ... ok
test many_files_lang_workflow_produces_results ... ok
test module_custom_roots_propagated ... ok
test many_files_export_returns_all_rows ... ok
test many_files_deterministic ... ok
test module_depth_zero ... ok
test module_depth_very_large ... ok
test module_depth_one_vs_default ... ok
test redact_all_hides_filenames_and_modules_in_export ... ok
test redact_paths_hides_filenames_in_export ... ok
test redact_none_preserves_all_paths ... ok
test scan_hidden_files_included_when_enabled ... ok
test redact_paths_vs_none_same_code_totals ... ok
test redact_export_args_meta_reflects_mode ... ok
test schema_version_matches_core_constant ... ok
test scan_without_hidden_excludes_dotfiles ... ok
test scan_excluded_patterns_filter_files ... ok
test workflow_empty_paths_vec_handled ... ok
test workflow_path_with_spaces ... ok
test workflow_unicode_path ... ok
test schema_version_consistent_across_all_workflows ... ok
test workflow_dot_path_succeeds ... ok

test result: ok. 57 passed; 0 failed; 0 ignored; 0 measured; 0 filtered out; finished in 0.35s

     Running tests/workflows.rs (target/debug/deps/workflows-da57bcb96c13daf3)

running 34 tests
test core_schema_version_matches ... ok
test export_workflow_finds_rust_files ... ok
test export_workflow_file_rows_have_paths ... ok
test export_workflow_paths_use_forward_slashes ... ok
test diff_workflow_receipt_has_totals ... ok
test export_workflow_receipt_has_complete_status ... ok
test diff_workflow_same_directory ... ok
test export_workflow_receipt_is_serializable ... ok
test export_workflow_with_max_rows ... ok
test lang_workflow_receipt_has_complete_status ... ok
test export_workflow_scans_current_crate ... ok
test export_workflow_with_min_code_filter ... ok
test lang_workflow_receipt_has_scan_args ... ok
test lang_workflow_receipt_has_valid_timestamp ... ok
test lang_workflow_receipt_has_tool_info ... ok
test lang_workflow_receipt_rows_have_code_lines ... ok
test lang_workflow_scans_current_crate ... ok
test lang_workflow_respects_top_setting ... ok
test lang_workflow_receipt_is_serializable ... ok
test lang_workflow_top_zero_returns_all_languages ... ok
test module_workflow_receipt_has_complete_status ... ok
test module_workflow_receipt_is_serializable ... ok
test lang_workflow_with_files_enabled ... ok
test module_workflow_with_custom_depth ... ok
test module_workflow_with_top_setting ... ok
test module_workflow_scans_current_crate ... ok
test module_workflow_with_custom_roots ... ok
test scan_settings_current_dir ... ok
test scan_settings_excluded_patterns ... ok
test scan_settings_for_multiple_paths ... ok
test version_not_empty ... ok
test properties::export_max_rows_respected ... ok
test properties::lang_workflow_always_produces_complete_status ... ok
test properties::lang_workflow_top_never_exceeds_limit ... ok

test result: ok. 34 passed; 0 failed; 0 ignored; 0 measured; 0 filtered out; finished in 8.33s

     Running unittests src/lib.rs (target/debug/deps/tokmd_envelope-7e5f41e8f7178af6)

running 17 tests
test tests::artifact_builders_cover_variants ... ok
test tests::capability_status_with_reason_builder ... ok
test tests::finding_location_constructors ... ok
test tests::finding_severity_display_matches_serde ... ok
test tests::gate_item_builder_fields ... ok
test tests::capability_status_serde_roundtrip ... ok
test tests::capability_status_with_reason ... ok
test tests::finding_builders_and_fingerprint ... ok
test tests::schema_field_contains_string_identifier ... ok
test tests::sensor_report_with_artifacts_and_data ... ok
test tests::sensor_report_add_capability ... ok
test tests::serde_roundtrip_sensor_report ... ok
test tests::sensor_report_with_capabilities ... ok
test tests::verdict_default_is_pass ... ok
test tests::verdict_display_matches_serde ... ok
test tests::serde_roundtrip_with_findings ... ok
test tests::serde_roundtrip_with_gates_in_data ... ok

test result: ok. 17 passed; 0 failed; 0 ignored; 0 measured; 0 filtered out; finished in 0.00s

     Running tests/bdd.rs (target/debug/deps/bdd-591146704123bfd0)

running 20 tests
test scenario_artifact_constructors_and_builders ... ok
test scenario_add_capability_creates_map_lazily ... ok
test scenario_adding_findings_increments_count ... ok
test scenario_capability_with_reason_builder ... ok
test scenario_finding_constants_non_empty ... ok
test scenario_finding_id_composition ... ok
test scenario_finding_location_optional_fields_skipped ... ok
test scenario_finding_location_constructors ... ok
test scenario_capabilities_no_green_by_omission ... ok
test scenario_finding_builder_chain ... ok
test scenario_finding_optional_fields_skipped_when_none ... ok
test scenario_gate_results_creation ... ok
test scenario_minimal_report_has_correct_defaults ... ok
test scenario_fingerprint_determinism ... ok
test scenario_gate_item_optional_fields_skipped_when_none ... ok
test scenario_optional_fields_skipped_when_none ... ok
test scenario_severity_display_consistency ... ok
test scenario_verdict_display_consistency ... ok
test scenario_verdict_default_is_pass ... ok
test scenario_tool_meta_constructors ... ok

test result: ok. 20 passed; 0 failed; 0 ignored; 0 measured; 0 filtered out; finished in 0.00s

     Running tests/contract_expansion.rs (target/debug/deps/contract_expansion-845393ebd27fcc33)

running 11 tests
test given_finding_with_unicode_path_when_fingerprinted_then_stable ... ok
test given_finding_with_empty_location_path_when_fingerprinted_then_deterministic ... ok
test given_finding_with_all_optional_none_when_roundtripped_then_preserved ... ok
test given_gate_item_with_all_fields_when_roundtripped_then_preserved ... ok
test given_all_verdicts_when_display_then_lowercase_matches_serde ... ok
test given_finding_without_location_when_fingerprinted_then_uses_empty_path ... ok
test given_gate_item_with_all_optional_none_when_serialized_then_omitted ... ok
test given_schema_constant_then_value_is_sensor_report_v1 ... ok
test given_gate_results_with_mixed_verdicts_when_roundtripped_then_preserved ... ok
test given_report_with_all_optional_sections_when_roundtripped_then_preserved ... ok
test prop_report_roundtrip_with_varying_finding_count ... ok

test result: ok. 11 passed; 0 failed; 0 ignored; 0 measured; 0 filtered out; finished in 0.08s

     Running tests/contract_hardening.rs (target/debug/deps/contract_hardening-02a981a741aa1ddf)

running 16 tests
test envelope_has_schema_field ... ok
test envelope_has_tool_fields ... ok
test empty_report_is_valid ... ok
test envelope_has_timestamp ... ok
test envelope_has_verdict ... ok
test finding_ids_are_stable ... ok
test sensor_report_json_roundtrip ... ok
test sensor_report_schema_constant ... ok
test sensor_report_with_artifacts_roundtrip ... ok
test fingerprint_changes_with_tool_name ... ok
test fingerprint_is_deterministic ... ok
test verdict_default_is_pass ... ok
test sensor_report_with_findings_roundtrip ... ok
test sensor_report_with_data_roundtrip ... ok
test verdict_serde_values ... ok
test properties::envelope_json_roundtrip ... ok

test result: ok. 16 passed; 0 failed; 0 ignored; 0 measured; 0 filtered out; finished in 0.25s

     Running tests/deep.rs (target/debug/deps/deep-37a0d4b0908c0d70)

running 44 tests
test capability_constructors_exhaustive ... ok
test constructor_always_sets_schema ... ok
test deserialize_all_capability_states ... ok
test deserialize_all_severity_values ... ok
test deserialize_all_verdict_values ... ok
test double_roundtrip_minimal ... ok
test deterministic_serialization_minimal ... ok
test fingerprint_hex_chars_only ... ok
test fingerprint_clone_stability ... ok
test fingerprint_ignores_severity_and_title ... ok
test deterministic_serialization_full ... ok
test fingerprint_null_byte_separator_prevents_collision ... ok
test double_roundtrip_full ... ok
test forward_compat_extra_artifact_fields_ignored ... ok
test forward_compat_extra_gate_item_fields_ignored ... ok
test forward_compat_extra_finding_fields_ignored ... ok
test forward_compat_extra_tool_meta_fields_ignored ... ok
test forward_compat_extra_top_level_fields_ignored ... ok
test gate_results_empty_items_roundtrip ... ok
test json_artifact_type_rename ... ok
test forward_compat_extra_location_fields_ignored ... ok
test json_finding_nested_keys ... ok
test json_required_keys_all_present_in_full_report ... ok
test json_capabilities_btreemap_sorted ... ok
test json_tool_nested_keys ... ok
test large_data_payload_roundtrip ... ok
test reject_empty_string ... ok
test reject_findings_not_array ... ok
test reject_invalid_capability_state ... ok
test reject_invalid_json ... ok
test reject_invalid_severity_value ... ok
test reject_invalid_verdict_value ... ok
test reject_missing_required_field_findings ... ok
test reject_missing_required_field_schema ... ok
test reject_missing_required_field_tool ... ok
test reject_missing_required_field_verdict ... ok
test reject_verdict_as_integer ... ok
test severity_copy_semantics ... ok
test severity_eq_all_pairs ... ok
test verdict_copy_semantics ... ok
test verdict_eq_all_pairs ... ok
test prop_none_fields_omitted ... ok
test prop_double_roundtrip_stable ... ok
test prop_fingerprint_format ... ok

test result: ok. 44 passed; 0 failed; 0 ignored; 0 measured; 0 filtered out; finished in 0.14s

     Running tests/deep2.rs (target/debug/deps/deep2-2256e98290298332)

running 33 tests
test add_capability_overwrites_same_key ... ok
test artifact_clone_independence ... ok
test all_finding_constants_compose_valid_triples ... ok
test artifact_minimal_serialization ... ok
test capability_state_exhaustive_equality ... ok
test capability_state_rejects_unknown ... ok
test deeply_nested_data_payload_roundtrip ... ok
test finding_id_with_empty_strings ... ok
test empty_artifacts_vec_is_present_in_json ... ok
test data_payload_preserves_all_json_types ... ok
test finding_location_line_zero ... ok
test fingerprint_collision_resistance_different_check_ids ... ok
test findings_order_preserved_through_roundtrip ... ok
test fingerprint_with_empty_tool_name ... ok
test fingerprint_collision_resistance_different_tools ... ok
test gate_item_negative_threshold_roundtrip ... ok
test gate_item_very_large_floats_roundtrip ... ok
test gate_item_zero_threshold_roundtrip ... ok
test gate_results_status_does_not_auto_compute ... ok
test many_capabilities_sorted_in_json ... ok
test none_artifacts_absent_from_json ... ok
test pretty_vs_compact_json_equivalent ... ok
test gate_results_many_items_roundtrip ... ok
test report_with_all_empty_strings ... ok
test report_data_json_null_vs_none ... ok
test sensor_report_clone_is_independent ... ok
test sensor_report_json_key_order_is_struct_declaration_order ... ok
test severity_serde_rejects_uppercase ... ok
test tool_meta_tokmd_always_sets_name_to_tokmd ... ok
test unicode_in_tool_meta ... ok
test unicode_in_all_finding_string_fields ... ok
test verdict_serde_rejects_uppercase ... ok
test finding_with_very_long_strings_roundtrip ... ok

test result: ok. 33 passed; 0 failed; 0 ignored; 0 measured; 0 filtered out; finished in 0.06s

     Running tests/deep_envelope_round2_w52.rs (target/debug/deps/deep_envelope_round2_w52-8bed343989d1eac3)

running 23 tests
test capability_states_roundtrip ... ok
test empty_report_serde_roundtrip ... ok
test empty_envelope_skip_verdict ... ok
test empty_envelope_serializes_with_empty_findings_array ... ok
test envelope_with_warn_verdict_and_findings ... ok
test finding_id_constants_are_non_empty ... ok
test envelope_with_multiple_receipts_in_data ... ok
test finding_id_composition ... ok
test fingerprint_differs_for_different_tools ... ok
test fingerprint_is_deterministic ... ok
test json_contains_required_top_level_keys ... ok
test new_report_has_correct_schema ... ok
test gate_results_roundtrip_via_data ... ok
test new_report_has_no_optional_fields ... ok
test optional_fields_omitted_when_none ... ok
test new_report_has_no_findings ... ok
test severity_serializes_as_lowercase_string ... ok
test report_with_all_optional_fields_roundtrips ... ok
test report_with_findings_serde_roundtrip ... ok
test timestamp_with_offset_roundtrips ... ok
test timestamp_preserved_in_roundtrip ... ok
test tool_meta_tokmd_shorthand ... ok
test verdict_serializes_as_lowercase_string ... ok

test result: ok. 23 passed; 0 failed; 0 ignored; 0 measured; 0 filtered out; finished in 0.01s

     Running tests/deep_envelope_w48.rs (target/debug/deps/deep_envelope_w48-4a6bbc9110b66423)

running 32 tests
test capability_status_constructors ... ok
test construct_minimal_report_optional_fields_none ... ok
test artifact_constructors_and_builders ... ok
test add_capability_creates_map_lazily ... ok
test constructor_stamps_schema_automatically ... ok
test construct_sensor_report_all_fields_populated ... ok
test empty_data_not_in_json ... ok
test empty_capabilities_not_in_json ... ok
test empty_artifacts_not_in_json ... ok
test empty_findings_vec_serializes_as_array ... ok
test finding_fingerprint_deterministic ... ok
test finding_fingerprint_differs_by_tool ... ok
test finding_fingerprint_differs_by_path ... ok
test finding_fingerprint_same_regardless_of_severity_or_title ... ok
test finding_id_composition ... ok
test double_roundtrip_bytes_identical ... ok
test finding_id_with_all_module_constants ... ok
test finding_with_fingerprint_builder ... ok
test gate_item_with_all_optional_fields ... ok
test json_schema_field_present_and_correct ... ok
test gate_results_with_empty_items ... ok
test finding_location_constructors ... ok
test report_with_empty_artifacts_vec ... ok
test schema_constant_is_v1 ... ok
test serde_roundtrip_minimal ... ok
test serde_roundtrip_rich ... ok
test severity_display_all_variants ... ok
test tool_meta_new_and_tokmd_shortcut ... ok
test verdict_default_is_pass ... ok
test verdict_display_all_variants ... ok
test prop_roundtrip_preserves_required_fields ... ok
test prop_fingerprint_always_32_hex ... ok

test result: ok. 32 passed; 0 failed; 0 ignored; 0 measured; 0 filtered out; finished in 0.11s

     Running tests/deep_w39.rs (target/debug/deps/deep_w39-aa3a482735126270)

running 30 tests
test artifact_constructors ... ok
test add_capability_creates_map_lazily ... ok
test capability_available_has_no_reason ... ok
test capability_serde_roundtrip_all_states ... ok
test capability_skipped_has_reason ... ok
test capability_unavailable_has_reason ... ok
test capability_with_reason_builder ... ok
test finding_id_composition ... ok
test finding_id_constants_match_categories ... ok
test finding_id_with_external_tool ... ok
test finding_location_variants ... ok
test finding_severity_display ... ok
test fingerprint_deterministic ... ok
test fingerprint_differs_by_path ... ok
test fingerprint_differs_by_tool_name ... ok
test gate_results_roundtrip ... ok
test optional_fields_omitted_when_none ... ok
test optional_fields_present_when_set ... ok
test schema_constant_is_v1 ... ok
test schema_present_in_serialised_json ... ok
test sensor_report_add_finding_pushes ... ok
test sensor_report_new_has_empty_findings ... ok
test sensor_report_new_sets_schema ... ok
test tool_meta_generic ... ok
test serde_roundtrip_full_report ... ok
test serde_roundtrip_minimal_report ... ok
test tool_meta_tokmd_shorthand ... ok
test with_fingerprint_sets_field ... ok
test verdict_default_is_pass ... ok
test verdict_display_all_variants ... ok

test result: ok. 30 passed; 0 failed; 0 ignored; 0 measured; 0 filtered out; finished in 0.02s

     Running tests/deep_w67.rs (target/debug/deps/deep_w67-8c4695f514da2996)

running 30 tests
test artifact_builders ... ok
test artifact_type_constructors ... ok
test capabilities_sorted_by_key_in_json ... ok
test artifacts_serde_roundtrip ... ok
test finding_fingerprint_deterministic ... ok
test finding_fingerprints_unique_for_different_codes ... ok
test finding_fingerprints_unique_for_different_paths ... ok
test envelope_json_deterministic ... ok
test finding_fingerprints_unique_for_different_tools ... ok
test finding_id_constants_available ... ok
test finding_id_composition ... ok
test gate_results_fail ... ok
test gate_item_all_builders ... ok
test full_report_serde_roundtrip ... ok
test gate_results_pass ... ok
test gate_results_serde_roundtrip ... ok
test many_findings_all_unique_fingerprints ... ok
test new_report_has_no_artifacts ... ok
test new_report_has_empty_findings ... ok
test minimal_report_serde_roundtrip ... ok
test new_report_has_no_capabilities ... ok
test new_report_has_no_data ... ok
test new_report_has_schema_v1 ... ok
test none_fields_omitted_from_json ... ok
test tool_meta_custom ... ok
test tool_meta_serde_roundtrip ... ok
test tool_meta_tokmd_shortcut ... ok
test verdict_default_is_pass ... ok
test verdict_display_all_variants ... ok
test verdict_serde_lowercase ... ok

test result: ok. 30 passed; 0 failed; 0 ignored; 0 measured; 0 filtered out; finished in 0.01s

     Running tests/envelope_depth_w63.rs (target/debug/deps/envelope_depth_w63-3ac37477725e502e)

running 70 tests
test artifact_badge ... ok
test artifact_custom_type ... ok
test add_finding_increments_count ... ok
test artifact_comment ... ok
test artifact_receipt ... ok
test artifact_with_id_and_mime ... ok
test capability_available ... ok
test capability_skipped ... ok
test capability_unavailable ... ok
test capability_with_reason_builder ... ok
test capability_state_serde_all_variants ... ok
test finding_id_all_categories ... ok
test finding_id_all_risk_codes ... ok
test finding_id_composition ... ok
test finding_id_with_constants ... ok
test finding_none_docs_url_absent ... ok
test deterministic_minimal_report ... ok
test deterministic_report_with_findings ... ok
test deterministic_report_with_capabilities ... ok
test finding_none_evidence_absent ... ok
test finding_none_fingerprint_absent ... ok
test finding_optional_fields_default_none ... ok
test finding_none_location_absent ... ok
test finding_severity_error ... ok
test finding_severity_info ... ok
test finding_severity_warn ... ok
test finding_roundtrip_preserves_all_fields ... ok
test finding_with_evidence ... ok
test finding_without_location_has_none ... ok
test fingerprint_deterministic ... ok
test fingerprint_differs_for_different_path ... ok
test finding_with_docs_url ... ok
test finding_with_location ... ok
test fingerprint_length_is_32 ... ok
test fingerprint_differs_for_different_tool ... ok
test gate_item_full_builder ... ok
test gate_item_minimal ... ok
test gate_item_with_threshold ... ok
test full_report_roundtrip ... ok
test gate_results_embedded_in_report_data ... ok
test location_none_column_absent ... ok
test gate_results_roundtrip ... ok
test location_none_line_absent ... ok
test minimal_report_roundtrip ... ok
test none_artifacts_absent_from_json ... ok
test none_capabilities_absent_from_json ... ok
test none_data_absent_from_json ... ok
test properties::severity_roundtrip ... ok
test properties::verdict_roundtrip ... ok
test report_add_capability ... ok
test report_new_findings_empty ... ok
test report_new_optional_fields_none ... ok
test report_new_sets_generated_at ... ok
test report_new_sets_schema ... ok
test report_new_sets_summary ... ok
test report_new_sets_tool_meta ... ok
test report_new_sets_verdict ... ok
test report_with_artifacts ... ok
test report_with_capabilities_bulk ... ok
test schema_constant_is_v1 ... ok
test schema_present_in_json ... ok
test severity_serde_all_variants ... ok
test tool_meta_new_generic ... ok
test tool_meta_tokmd_shortcut ... ok
test verdict_default_is_pass ... ok
test verdict_display_all ... ok
test verdict_serde_all_variants ... ok
test properties::fingerprint_is_always_32_hex ... ok
test properties::finding_always_serializes ... ok
test properties::report_always_serializes ... ok

test result: ok. 70 passed; 0 failed; 0 ignored; 0 measured; 0 filtered out; finished in 0.19s

     Running tests/envelope_integration_w74.rs (target/debug/deps/envelope_integration_w74-a92068983afdffda)

running 10 tests
test finding_location_variants_roundtrip ... ok
test generated_at_is_iso8601 ... ok
test finding_fingerprint_is_deterministic ... ok
test gate_results_roundtrip_via_data ... ok
test findings_check_id_and_code_preserved ... ok
test minimal_report_roundtrip ... ok
test generated_at_preserved_through_roundtrip ... ok
test schema_is_sensor_report_v1 ... ok
test schema_present_in_serialized_json ... ok
test rich_report_roundtrip ... ok

test result: ok. 10 passed; 0 failed; 0 ignored; 0 measured; 0 filtered out; finished in 0.01s

     Running tests/exhaustive_w72.rs (target/debug/deps/exhaustive_w72-3ac72bed756e3081)

running 26 tests
test artifact_factory_methods ... ok
test capability_status_builders ... ok
test capability_state_all_variants ... ok
test artifact_builders_roundtrip ... ok
test finding_fingerprint_deterministic ... ok
test finding_fingerprint_differs_on_path ... ok
test finding_location_constructors ... ok
test finding_new_and_builders ... ok
test finding_id_composition ... ok
test finding_serde_roundtrip ... ok
test finding_severity_all_variants ... ok
test findings_check_ids_non_empty ... ok
test findings_code_constants_non_empty ... ok
test sensor_report_add_capability_incremental ... ok
test gate_results_serde_roundtrip ... ok
test sensor_report_ignores_unknown_fields ... ok
test sensor_report_full_roundtrip ... ok
test sensor_report_new_has_correct_defaults ... ok
test sensor_report_schema_is_v1 ... ok
test tool_meta_ignores_unknown_fields ... ok
test tool_meta_new_and_tokmd ... ok
test sensor_report_with_capabilities ... ok
test tool_meta_serde_roundtrip ... ok
test verdict_all_variants_serde ... ok
test verdict_default_is_pass ... ok
test verdict_display_matches_serde ... ok

test result: ok. 26 passed; 0 failed; 0 ignored; 0 measured; 0 filtered out; finished in 0.00s

     Running tests/feature_stability_w53.rs (target/debug/deps/feature_stability_w53-5e6fb592fd3e1190)

running 11 tests
test artifact_construction ... ok
test sensor_report_new_construction ... ok
test sensor_report_schema_is_accessible ... ok
test finding_severity_serde_roundtrip ... ok
test finding_construction_and_serde ... ok
test gate_results_construction ... ok
test sensor_report_serde_roundtrip ... ok
test sensor_report_with_artifacts ... ok
test sensor_report_with_capabilities ... ok
test verdict_all_variants_serde ... ok
test verdict_default_is_pass ... ok

test result: ok. 11 passed; 0 failed; 0 ignored; 0 measured; 0 filtered out; finished in 0.00s

     Running tests/integration.rs (target/debug/deps/integration-b90e63d0fd16331d)

running 14 tests
test clone_sensor_report ... ok
test debug_impls_do_not_panic ... ok
test artifact_type_field_serializes_as_type ... ok
test deserialize_from_external_json ... ok
test empty_summary_and_timestamp ... ok
test deserialize_external_json_with_all_fields ... ok
test external_tool_report_interop ... ok
test finding_id_all_categories ... ok
test json_structure_has_expected_top_level_keys ... ok
test json_structure_tool_has_expected_keys ... ok
test gate_results_embedded_in_data_roundtrip ... ok
test full_cockpit_report_workflow ... ok
test schema_constant_is_v1 ... ok
test report_with_many_findings ... ok

test result: ok. 14 passed; 0 failed; 0 ignored; 0 measured; 0 filtered out; finished in 0.02s

     Running tests/properties.rs (target/debug/deps/properties-4ce08dbbe7984d50)

running 25 tests
test prop_capability_state_serde_roundtrip ... ok
test prop_finding_id_deterministic ... ok
test prop_capability_status_serde_roundtrip ... ok
test prop_artifact_serde_roundtrip ... ok
test prop_artifact_with_all_fields_roundtrip ... ok
test prop_finding_id_has_two_dots ... ok
test prop_finding_location_serde_roundtrip ... ok
test prop_fingerprint_deterministic ... ok
test prop_finding_serde_roundtrip ... ok
test prop_fingerprint_differs_for_different_codes ... ok
test prop_finding_with_location_roundtrip ... ok
test prop_gate_item_serde_roundtrip ... ok
test prop_fingerprint_length_always_32 ... ok
test prop_gate_item_with_threshold_roundtrip ... ok
test prop_gate_results_roundtrip ... ok
test prop_report_with_capabilities_roundtrip ... ok
test prop_sensor_report_schema_always_set ... ok
test prop_severity_display_matches_serde ... ok
test prop_severity_serde_roundtrip ... ok
test prop_tool_meta_serde_roundtrip ... ok
test prop_verdict_display_matches_serde ... ok
test prop_sensor_report_serialization_deterministic ... ok
test prop_verdict_serde_roundtrip ... ok
test prop_findings_count_preserved ... ok
test prop_sensor_report_serde_roundtrip ... ok

test result: ok. 25 passed; 0 failed; 0 ignored; 0 measured; 0 filtered out; finished in 1.14s

     Running tests/proptest_w40.rs (target/debug/deps/proptest_w40-cb2ef0dad75cf22c)

running 8 tests
test capability_status_roundtrip ... ok
test artifact_roundtrip ... ok
test fingerprint_deterministic ... ok
test finding_id_always_non_empty ... ok
test verdict_display_matches_serde ... ok
test fingerprint_is_32_hex_chars ... ok
test report_with_findings_roundtrip ... ok
test sensor_report_serde_roundtrip ... ok

test result: ok. 8 passed; 0 failed; 0 ignored; 0 measured; 0 filtered out; finished in 0.05s

     Running tests/proptest_w53.rs (target/debug/deps/proptest_w53-a5fb1a7bcaadb650)

running 11 tests
test add_capability_accumulates ... ok
test artifact_optional_fields_roundtrip ... ok
test empty_findings_roundtrip ... ok
test finding_ids_unique_for_distinct_pairs ... ok
test capability_ordering_deterministic ... ok
test gate_results_many_items ... ok
test schema_always_sensor_report_v1 ... ok
test with_data_preserves_payload ... ok
test with_fingerprint_builder_sets_field ... ok
test serialization_deterministic ... ok
test full_report_serde_roundtrip ... ok

test result: ok. 11 passed; 0 failed; 0 ignored; 0 measured; 0 filtered out; finished in 0.33s

     Running tests/schema_compliance_w53.rs (target/debug/deps/schema_compliance_w53-24f8876ae9c3c6c4)

running 13 tests
test finding_json_has_required_fields ... ok
test capability_status_roundtrip ... ok
test finding_optional_fields_absent_when_none ... ok
test finding_with_location_serializes_correctly ... ok
test gate_results_structure ... ok
test sensor_report_json_has_required_fields ... ok
test sensor_report_schema_constant ... ok
test sensor_report_schema_value ... ok
test sensor_report_with_artifacts ... ok
test verdict_default_is_pass ... ok
test sensor_report_with_capabilities_serializes ... ok
test verdict_serde_roundtrip ... ok
test sensor_report_roundtrip ... ok

test result: ok. 13 passed; 0 failed; 0 ignored; 0 measured; 0 filtered out; finished in 0.00s

     Running tests/schema_contract_w66.rs (target/debug/deps/schema_contract_w66-d50ee28a17bd260f)

running 17 tests
test capability_state_serializes_lowercase ... ok
test finding_fingerprint_is_deterministic ... ok
test different_findings_have_different_fingerprints ... ok
test artifact_json_roundtrip ... ok
test finding_severity_serializes_lowercase ... ok
test finding_json_roundtrip ... ok
test sensor_report_envelope_has_required_fields ... ok
test sensor_report_ignores_extra_fields ... ok
test gate_results_json_roundtrip ... ok
test sensor_report_json_roundtrip ... ok
test sensor_report_schema_constant_is_set ... ok
test sensor_report_schema_field_is_correct ... ok
test sensor_report_with_capabilities_roundtrip ... ok
test sensor_report_with_data_payload_roundtrip ... ok
test sensor_report_with_findings_roundtrip ... ok
test tool_meta_json_roundtrip ... ok
test verdict_serializes_lowercase ... ok

test result: ok. 17 passed; 0 failed; 0 ignored; 0 measured; 0 filtered out; finished in 0.01s

     Running tests/serde_w70.rs (target/debug/deps/serde_w70-14ca7ecd64333482)

running 23 tests
test backward_compat_finding_without_optional_fields ... ok
test backward_compat_sensor_report_without_optional_fields ... ok
test capability_state_all_variants_roundtrip ... ok
test artifact_all_types_roundtrip ... ok
test capability_status_all_states_roundtrip ... ok
test deterministic_pretty_json ... ok
test deterministic_sensor_report_json ... ok
test finding_minimal_roundtrip ... ok
test finding_severity_all_variants_roundtrip ... ok
test finding_location_path_only_roundtrip ... ok
test finding_fingerprint_survives_roundtrip ... ok
test gate_item_minimal_roundtrip ... ok
test gate_results_roundtrip ... ok
test finding_location_path_line_roundtrip ... ok
test optional_fields_omitted_when_none ... ok
test finding_with_full_location_roundtrip ... ok
test schema_field_always_present ... ok
test sensor_report_full_roundtrip ... ok
test sensor_report_minimal_roundtrip ... ok
test verdict_all_variants_roundtrip ... ok
test prop_finding_location_roundtrip ... ok
test prop_sensor_report_roundtrip ... ok
test prop_tool_meta_roundtrip ... ok

test result: ok. 23 passed; 0 failed; 0 ignored; 0 measured; 0 filtered out; finished in 0.10s

     Running unittests src/lib.rs (target/debug/deps/tokmd_exclude-ea0880e9a069ea6b)

running 4 tests
test tests::add_exclude_pattern_rejects_empty_patterns ... ok
test tests::normalize_exclude_pattern_strips_root_for_absolute_paths ... ok
test tests::normalize_exclude_pattern_keeps_outside_absolute_paths ... ok
test tests::add_exclude_pattern_dedupes_after_normalization ... ok

test result: ok. 4 passed; 0 failed; 0 ignored; 0 measured; 0 filtered out; finished in 0.00s

     Running tests/bdd.rs (target/debug/deps/bdd-2572e1a3cca381a4)

running 24 tests
test given_absolute_path_under_root_when_normalized_then_root_relative_pattern_is_returned ... ok
test given_deeply_nested_relative_path_when_normalized_then_all_segments_preserved ... ok
test given_dot_backslash_prefix_when_normalized_then_prefix_stripped ... ok
test given_dot_slash_prefix_when_normalized_then_prefix_stripped ... ok
test given_empty_list_when_checking_pattern_then_returns_false ... ok
test given_deeply_nested_windows_path_when_normalized_then_forward_slashes_used ... ok
test given_existing_equivalent_pattern_when_adding_then_pattern_is_not_inserted_twice ... ok
test given_list_with_backslash_variant_when_checking_forward_slash_then_returns_true ... ok
test given_list_with_dot_slash_prefix_when_checking_without_prefix_then_returns_true ... ok
test given_list_without_prefix_when_checking_with_dot_slash_then_returns_true ... ok
test given_path_with_dots_when_normalized_then_dots_preserved ... ok
test given_multiple_distinct_patterns_when_adding_then_all_inserted ... ok
test given_path_with_glob_star_when_normalized_then_star_preserved ... ok
test given_path_with_question_mark_glob_when_normalized_then_glob_preserved ... ok
test given_path_with_hyphens_and_underscores_when_normalized_then_chars_preserved ... ok
test given_path_with_double_star_glob_when_normalized_then_glob_preserved ... ok
test given_path_with_spaces_when_normalized_then_spaces_preserved ... ok
test given_path_with_unicode_when_normalized_then_unicode_preserved ... ok
test given_pattern_already_present_when_adding_with_dot_slash_prefix_then_not_inserted ... ok
test given_similar_but_different_patterns_when_checking_then_returns_false ... ok
test given_relative_windows_style_path_when_normalized_then_forward_slash_pattern_is_returned ... ok
test given_pattern_already_present_when_adding_with_backslash_variant_then_not_inserted ... ok
test given_single_directory_name_when_normalized_then_unchanged ... ok
test given_single_filename_when_normalized_then_unchanged ... ok

test result: ok. 24 passed; 0 failed; 0 ignored; 0 measured; 0 filtered out; finished in 0.00s

     Running tests/bdd_edge_cases.rs (target/debug/deps/bdd_edge_cases-206b0f319f8657f2)

running 15 tests
test given_backslash_stored_forward_slash_query_then_matches ... ok
test given_five_equivalent_forms_when_adding_then_only_first_inserted ... ok
test given_absolute_path_under_root_with_deep_nesting_then_relative_extracted ... ok
test given_empty_path_when_normalized_then_empty_string ... ok
test given_just_dot_when_normalized_then_returns_dot ... ok
test given_list_with_empty_string_when_checking_empty_then_matches ... ok
test given_forward_and_backslash_variants_both_match_existing ... ok
test given_mixed_case_path_when_normalized_then_case_preserved ... ok
test given_multiple_patterns_added_then_insertion_order_preserved ... ok
test given_nonempty_list_when_checking_empty_then_no_false_match ... ok
test given_path_with_embedded_parent_segment_when_normalized_then_structure_preserved ... ok
test given_path_with_parent_segment_when_normalized_then_dots_preserved ... ok
test given_path_with_trailing_slash_when_normalized_then_consistent ... ok
test given_very_long_path_when_normalized_then_all_segments_preserved ... ok
test given_whitespace_pattern_when_adding_then_inserted_since_nonempty ... ok

test result: ok. 15 passed; 0 failed; 0 ignored; 0 measured; 0 filtered out; finished in 0.00s

     Running tests/deep.rs (target/debug/deps/deep-7414afb4e4ed562f)

running 43 tests
test add_accepts_distinct_patterns ... ok
test add_inserts_first_pattern ... ok
test add_rejects_backslash_duplicate ... ok
test add_preserves_insertion_order ... ok
test add_rejects_dot_backslash_duplicate ... ok
test add_rejects_dot_slash_duplicate ... ok
test add_rejects_empty_pattern ... ok
test add_rejects_exact_duplicate ... ok
test batch_add_with_mixed_styles_deduplicates ... ok
test deeply_nested_absolute_path_under_root ... ok
test has_agrees_with_add_rejection ... ok
test has_pattern_does_not_match_substring ... ok
test has_pattern_empty_list_returns_false ... ok
test has_pattern_empty_query_does_not_match_nonempty ... ok
test has_pattern_empty_query_matches_empty_entry ... ok
test has_pattern_matches_backslash_variant ... ok
test has_pattern_matches_dot_backslash_prefix ... ok
test has_pattern_matches_dot_slash_prefix ... ok
test has_pattern_matches_exact ... ok
test multi_artifact_workflow_accumulates_correctly ... ok
test normalize_absolute_outside_root_kept_normalized ... ok
test normalize_absolute_root_itself_yields_empty ... ok
test normalize_backslash_path_converted_to_forward ... ok
test normalize_bare_dot_returns_dot ... ok
test normalize_dot_backslash_prefix_stripped ... ok
test normalize_absolute_under_root_strips_prefix ... ok
test normalize_dot_slash_prefix_stripped ... ok
test normalize_double_dot_slash_prefix_stripped ... ok
test normalize_empty_path_returns_empty ... ok
test normalize_output_always_lacks_backslashes ... ok
test normalize_parent_relative_preserves_dots ... ok
test normalize_plain_relative_path_unchanged ... ok
test normalize_preserves_double_dot_in_filename ... ok
test normalize_preserves_glob_star_pattern ... ok
test normalize_preserves_hidden_dotfiles ... ok
test normalize_preserves_mixed_case ... ok
test normalize_preserves_question_mark_glob ... ok
test normalize_preserves_spaces_in_path ... ok
test normalize_preserves_unicode_characters ... ok
test path_with_extension_chain_preserved ... ok
test single_segment_filename_unchanged ... ok
test whitespace_only_pattern_is_nonempty_and_added ... ok
test batch_100_distinct_then_100_dot_slash_duplicates ... ok

test result: ok. 43 passed; 0 failed; 0 ignored; 0 measured; 0 filtered out; finished in 0.01s

     Running tests/deep_exclude_w48.rs (target/debug/deps/deep_exclude_w48-77009784d7262451)

running 31 tests
test backslash_variant_matches_forward_slash ... ok
test dot_backslash_prefix_matches ... ok
test dot_slash_prefix_matches ... ok
test empty_pattern_rejected ... ok
test empty_query_does_not_match_nonempty ... ok
test empty_query_matches_empty_entry ... ok
test exact_match_found ... ok
test glob_pattern_added_and_deduped ... ok
test glob_question_mark_preserved ... ok
test glob_single_star_preserved ... ok
test glob_star_star_preserved ... ok
test insertion_order_preserved ... ok
test mixed_style_duplicates_rejected ... ok
test has_agrees_with_add_rejection ... ok
test multiple_distinct_patterns_all_added ... ok
test no_match_for_different_path ... ok
test normalize_absolute_outside_root_kept ... ok
test normalize_absolute_under_root_strips_prefix ... ok
test normalize_and_add_workflow ... ok
test normalize_dot_returns_dot ... ok
test normalize_empty_path_returns_empty ... ok
test normalize_preserves_hidden_dotfiles ... ok
test normalize_preserves_unicode ... ok
test partial_path_does_not_match ... ok
test batch_100_patterns_then_duplicates ... ok
test whitespace_only_pattern_accepted ... ok
test wildcard_double_star_accepted ... ok
test wildcard_star_only_pattern_accepted ... ok
test prop_duplicate_forms_rejected ... ok
test prop_normalized_never_has_backslash ... ok
test prop_add_then_has_always_finds ... ok

test result: ok. 31 passed; 0 failed; 0 ignored; 0 measured; 0 filtered out; finished in 0.05s

     Running tests/deep_w39.rs (target/debug/deps/deep_w39-a759b00b96b6ae36)

running 20 tests
test add_allows_distinct_patterns ... ok
test add_deduplicates_normalized_pattern ... ok
test add_inserts_new_pattern ... ok
test add_multiple_then_check_has ... ok
test add_deduplicates_backslash_variant ... ok
test has_pattern_backslash_normalized ... ok
test add_returns_false_for_exact_duplicate ... ok
test has_pattern_empty_existing ... ok
test add_rejects_empty ... ok
test has_pattern_dot_slash_normalized ... ok
test has_pattern_exact_match ... ok
test has_pattern_no_match ... ok
test has_pattern_with_whitespace_paths ... ok
test normalize_converts_backslashes ... ok
test normalize_empty_path ... ok
test normalize_keeps_outside_absolute_paths ... ok
test normalize_nested_relative_path ... ok
test normalize_plain_relative_unchanged ... ok
test normalize_strips_dot_slash_prefix ... ok
test normalize_strips_root_prefix_for_absolute ... ok

test result: ok. 20 passed; 0 failed; 0 ignored; 0 measured; 0 filtered out; finished in 0.00s

     Running tests/deep_w43.rs (target/debug/deps/deep_w43-85f58fee052cfcb3)

running 23 tests
test add_pattern_inserts_new ... ok
test add_pattern_preserves_original_form ... ok
test add_pattern_rejects_backslash_duplicate ... ok
test add_pattern_multiple_unique_patterns ... ok
test add_pattern_rejects_duplicate_after_normalization ... ok
test add_pattern_rejects_duplicate_exact ... ok
test add_pattern_rejects_empty ... ok
test add_rejects_normalized_variant_of_existing ... ok
test has_pattern_empty_existing_returns_false ... ok
test has_pattern_finds_exact_match ... ok
test has_pattern_matches_with_leading_dot_slash ... ok
test has_pattern_no_false_positive ... ok
test has_pattern_normalizes_backslashes ... ok
test has_pattern_normalizes_both_sides ... ok
test normalize_handles_deeply_nested ... ok
test normalize_handles_dotfiles ... ok
test normalize_handles_outside_absolute_path ... ok
test normalize_keeps_relative_path_as_is ... ok
test normalize_root_equals_path_gives_empty ... ok
test normalize_strips_leading_dot_slash ... ok
test normalize_strips_root_prefix_from_absolute_path ... ok
test normalize_strips_root_with_trailing_dirs ... ok
test roundtrip_add_then_has ... ok

test result: ok. 23 passed; 0 failed; 0 ignored; 0 measured; 0 filtered out; finished in 0.00s

     Running tests/exclude_deep_w76.rs (target/debug/deps/exclude_deep_w76-c4d5163e025b01a7)

running 21 tests
test w76_add_backslash_deduped_against_forward_slash ... ok
test w76_add_new_pattern_returns_true ... ok
test w76_add_duplicate_returns_false ... ok
test w76_add_empty_rejected ... ok
test w76_add_normalized_duplicate_returns_false ... ok
test w76_has_exact_match ... ok
test w76_has_match_empty_existing_always_false ... ok
test w76_add_preserves_insertion_order ... ok
test w76_has_match_existing_also_normalized ... ok
test w76_has_match_normalizes_backslash ... ok
test w76_has_no_match_different_path ... ok
test w76_has_match_normalizes_dot_prefix ... ok
test w76_normalize_absolute_outside_root_kept ... ok
test w76_normalize_absolute_single_component_under_root ... ok
test w76_normalize_absolute_under_root_stripped ... ok
test w76_normalize_idempotent ... ok
test w76_normalize_relative_backslash_to_forward ... ok
test w76_normalize_relative_deep_nesting ... ok
test w76_normalize_relative_dot_prefix ... ok
test w76_normalize_relative_mixed_slashes ... ok
test w76_normalize_relative_plain ... ok

test result: ok. 21 passed; 0 failed; 0 ignored; 0 measured; 0 filtered out; finished in 0.00s

     Running tests/exclude_depth_w62.rs (target/debug/deps/exclude_depth_w62-b2af240ca437a301)

running 48 tests
test add_pattern_case_sensitive_treated_different ... ok
test add_pattern_accepts_different_paths ... ok
test add_pattern_dot_prefix_variants_all_dedup ... ok
test add_pattern_inserts_new ... ok
test add_pattern_multiple_sequential ... ok
test add_pattern_preserves_backslash_original ... ok
test add_pattern_preserves_original_string ... ok
test add_pattern_rejects_duplicate_backslash ... ok
test add_pattern_rejects_duplicate_exact ... ok
test add_pattern_rejects_duplicate_normalized ... ok
test add_pattern_rejects_empty ... ok
test has_pattern_case_sensitive ... ok
test has_pattern_backslash_match ... ok
test has_pattern_dot_prefix_match ... ok
test add_many_patterns_dedup_works ... ok
test has_pattern_double_dot_prefix ... ok
test has_pattern_empty_existing ... ok
test has_pattern_exact_match ... ok
test has_pattern_empty_query ... ok
test has_pattern_hidden_directory ... ok
test has_pattern_mixed_normalization ... ok
test has_pattern_multiple_existing ... ok
test has_pattern_no_match ... ok
test has_pattern_normalizes_existing_entries ... ok
test has_pattern_with_extension_dots ... ok
test has_pattern_with_spaces_in_path ... ok
test has_pattern_with_trailing_slash ... ok
test normalize_absolute_nested_under_root ... ok
test normalize_absolute_under_root ... ok
test normalize_path_with_spaces ... ok
test normalize_preserves_deep_nesting ... ok
test normalize_hidden_directory ... ok
test normalize_absolute_outside_root_preserves_path ... ok
test normalize_relative_backslash ... ok
test normalize_relative_dot_prefix ... ok
test normalize_relative_deeply_nested ... ok
test normalize_relative_no_prefix ... ok
test normalize_relative_single_file ... ok
test normalize_relative_mixed_slashes ... ok
test normalize_single_dot_path ... ok
test properties::empty_pattern_never_added ... ok
test properties::add_then_has_returns_true ... ok
test properties::add_twice_only_inserts_once ... ok
test properties::dot_prefix_equivalent ... ok
test properties::has_pattern_is_deterministic ... ok
test properties::normalize_idempotent ... ok
test properties::normalize_strips_dot_prefix ... ok
test properties::normalize_never_contains_backslash ... ok

test result: ok. 48 passed; 0 failed; 0 ignored; 0 measured; 0 filtered out; finished in 0.12s

     Running tests/exclude_edge_cases_w54.rs (target/debug/deps/exclude_edge_cases_w54-01a424f0b1480827)

running 21 tests
test add_allows_distinct_patterns ... ok
test add_deduplicates_cross_platform_variants ... ok
test emoji_pattern_preserved ... ok
test deeply_nested_exclusion ... ok
test empty_pattern_rejected ... ok
test glob_double_star_pattern_preserved ... ok
test glob_bracket_pattern_preserved ... ok
test glob_star_pattern_preserved ... ok
test has_exclude_empty_list ... ok
test has_pattern_finds_backslash_variant ... ok
test has_pattern_finds_dot_slash_variant ... ok
test glob_question_mark_preserved ... ok
test nested_dir_pattern ... ok
test normalize_is_deterministic ... ok
test normalize_is_idempotent ... ok
test path_with_spaces_preserved ... ok
test pattern_with_dollar_sign ... ok
test pattern_with_parentheses ... ok
test pattern_with_plus_and_caret ... ok
test unicode_pattern_preserved ... ok
test whitespace_only_pattern_is_accepted ... ok

test result: ok. 21 passed; 0 failed; 0 ignored; 0 measured; 0 filtered out; finished in 0.00s

     Running tests/integration.rs (target/debug/deps/integration-3bd671c9486d20bf)

running 9 tests
test accumulates_multiple_artifact_paths_from_different_output_dirs ... ok
test dedupes_across_three_equivalent_forms ... ok
test dedupes_equivalent_patterns_across_windows_and_posix_styles ... ok
test has_exclude_pattern_agrees_with_add_exclude_pattern_rejection ... ok
test keeps_outside_root_paths_stable_and_normalized ... ok
test normalizes_paths_with_various_common_extensions ... ok
test normalizes_workspace_output_paths_for_scan_exclusion ... ok
test root_and_path_are_identical_produces_empty_pattern_after_strip ... ok
test large_batch_of_patterns_dedupes_correctly ... ok

test result: ok. 9 passed; 0 failed; 0 ignored; 0 measured; 0 filtered out; finished in 0.00s

     Running tests/pattern_matching_w59.rs (target/debug/deps/pattern_matching_w59-9ad7beea6735f2b5)

running 29 tests
test add_rejects_empty_string ... ok
test add_accumulates_distinct_patterns ... ok
test add_returns_false_for_dot_slash_duplicate ... ok
test add_returns_false_for_backslash_duplicate ... ok
test add_returns_false_for_exact_duplicate ... ok
test add_returns_true_for_new_pattern ... ok
test add_then_has_roundtrip ... ok
test batch_insert_with_mixed_styles_dedupes ... ok
test has_exclude_case_sensitive ... ok
test has_exclude_empty_existing_list ... ok
test has_exclude_finds_backslash_variant ... ok
test has_exclude_empty_pattern_against_nonempty_list ... ok
test has_exclude_finds_dot_slash_variant ... ok
test has_exclude_finds_exact_match ... ok
test has_exclude_returns_false_for_absent_pattern ... ok
test has_exclude_multiple_patterns_finds_second ... ok
test normalize_absolute_under_root_strips_root ... ok
test normalize_deeply_nested_path ... ok
test normalize_absolute_outside_root_keeps_full ... ok
test normalize_converts_backslashes_to_forward_slashes ... ok
test normalize_empty_relative_path ... ok
test normalize_preserves_dotfiles ... ok
test normalize_preserves_double_dot_parent_refs ... ok
test normalize_preserves_hidden_directories ... ok
test normalize_single_segment_file ... ok
test normalize_strips_repeated_dot_slash_prefixes ... ok
test normalize_strips_single_dot_slash_prefix ... ok
test normalize_then_add_dedupes_cross_platform_paths ... ok
test root_equal_to_path_yields_empty ... ok

test result: ok. 29 passed; 0 failed; 0 ignored; 0 measured; 0 filtered out; finished in 0.00s

     Running tests/properties.rs (target/debug/deps/properties-65dae32abe745a7d)

running 13 tests
test add_then_has_always_true ... ok
test add_exclude_pattern_returns_false_on_second_insert ... ok
test add_exclude_pattern_is_set_like ... ok
test add_exclude_pattern_with_dot_slash_and_backslash_variant_dedupes ... ok
test empty_pattern_never_inserted ... ok
test has_exclude_pattern_symmetric_with_dot_slash_prefix ... ok
test has_exclude_pattern_symmetric_with_backslash_variant ... ok
test normalize_exclude_pattern_is_deterministic ... ok
test normalize_exclude_pattern_is_idempotent_for_relative_paths ... ok
test normalize_exclude_pattern_never_contains_backslashes ... ok
test normalize_exclude_pattern_strips_root_prefix ... ok
test normalize_never_starts_with_dot_slash ... ok
test normalize_preserves_path_segments ... ok

test result: ok. 13 passed; 0 failed; 0 ignored; 0 measured; 0 filtered out; finished in 0.21s

     Running tests/properties_extended.rs (target/debug/deps/properties_extended-f98bba5e2a61c0e9)

running 8 tests
test add_then_has_always_true_for_nonempty ... ok
test absolute_path_under_root_gives_relative_result ... ok
test backslash_variant_matches_after_forward_slash_add ... ok
test dot_slash_prefix_and_plain_normalize_equivalently ... ok
test normalize_preserves_case ... ok
test forward_and_backslash_normalize_to_same_result ... ok
test normalize_preserves_segment_count_for_long_paths ... ok
test insertion_count_bounded_by_distinct_patterns ... ok

test result: ok. 8 passed; 0 failed; 0 ignored; 0 measured; 0 filtered out; finished in 0.50s

     Running tests/properties_w59.rs (target/debug/deps/properties_w59-e65a6d9f0f1cee47)

running 8 tests
test add_backslash_variant_never_duplicates ... ok
test normalize_idempotent ... ok
test excluded_stays_excluded_after_re_evaluation ... ok
test add_dot_slash_prefix_never_duplicates ... ok
test normalize_never_produces_backslashes ... ok
test result_never_starts_with_dot_slash ... ok
test segment_count_preserved ... ok
test two_distinct_paths_yield_two_entries ... ok

test result: ok. 8 passed; 0 failed; 0 ignored; 0 measured; 0 filtered out; finished in 0.16s

     Running unittests src/lib.rs (target/debug/deps/tokmd_export_tree-9cd17733d8d0671e)

running 5 tests
test tests::analysis_tree_empty_export_returns_empty ... ok
test tests::analysis_tree_includes_file_leaves ... ok
test tests::handoff_tree_depth_limit_and_no_file_leaves ... ok
test tests::analysis_tree_ignores_child_rows ... ok
test tests::handoff_tree_empty_export_returns_empty ... ok

test result: ok. 5 passed; 0 failed; 0 ignored; 0 measured; 0 filtered out; finished in 0.01s

     Running tests/bdd.rs (target/debug/deps/bdd-56c9d1fcf87628df)

running 13 tests
test given_mixed_depth_files_when_rendering_handoff_tree_then_file_counts_are_correct ... ok
test given_deeply_nested_path_when_rendering_analysis_tree_then_all_segments_appear ... ok
test given_handoff_depth_zero_then_only_root_line_is_emitted ... ok
test given_deeply_nested_path_when_rendering_handoff_tree_with_large_depth_then_all_dirs_appear ... ok
test given_multiple_files_in_same_dir_when_rendering_analysis_tree_then_parent_aggregates ... ok
test given_parent_and_child_rows_when_rendering_analysis_tree_then_only_parent_data_is_counted ... ok
test given_single_root_file_when_rendering_analysis_tree_then_file_appears_at_top_level ... ok
test given_only_child_rows_when_rendering_then_both_trees_are_empty ... ok
test given_nested_paths_when_rendering_handoff_tree_then_depth_limit_hides_deeper_nodes ... ok
test given_single_root_file_when_rendering_handoff_tree_then_root_counts_are_correct ... ok
test given_special_characters_in_paths_when_rendering_handoff_tree_then_dirs_are_preserved ... ok
test given_special_characters_in_paths_when_rendering_analysis_tree_then_names_are_preserved ... ok
test given_unsorted_paths_when_rendering_analysis_tree_then_output_order_is_deterministic ... ok

test result: ok. 13 passed; 0 failed; 0 ignored; 0 measured; 0 filtered out; finished in 0.00s

     Running tests/deep.rs (target/debug/deps/deep-eb035411da2f4fe3)

running 40 tests
test analysis_tree_empty_export ... ok
test analysis_tree_deeply_nested_6_levels ... ok
test analysis_tree_deterministic_across_calls ... ok
test analysis_tree_indentation_per_depth ... ok
test analysis_tree_format_matches_expected_pattern ... ok
test analysis_tree_leading_slash_stripped ... ok
test analysis_tree_mixed_parent_child_only_shows_parent ... ok
test analysis_tree_multi_level_aggregation ... ok
test analysis_tree_many_files_same_directory ... ok
test analysis_tree_multiple_top_level_dirs ... ok
test analysis_tree_nested_dir_aggregates_children ... ok
test analysis_tree_nonempty_output_ends_with_newline ... ok
test analysis_tree_only_child_rows_produces_empty ... ok
test analysis_tree_order_independent ... ok
test analysis_tree_shows_file_leaf_with_exact_counts ... ok
test analysis_tree_shows_file_leaves_handoff_does_not ... ok
test analysis_tree_single_top_level_file ... ok
test analysis_tree_trailing_slash_handled ... ok
test analysis_tree_two_siblings_sorted_lexicographically ... ok
test analysis_tree_zero_lines_zero_tokens ... ok
test analysis_tree_zero_tokens_nonzero_lines ... ok
test both_trees_agree_on_total_lines_and_tokens ... ok
test handoff_tree_aggregates_files_lines_tokens ... ok
test handoff_tree_depth_boundary_exact ... ok
test handoff_tree_depth_one_shows_root_and_first_level ... ok
test handoff_tree_depth_zero_shows_only_root ... ok
test handoff_tree_deterministic_across_calls ... ok
test handoff_tree_empty_export ... ok
test handoff_tree_file_in_dir_shows_root_and_dir ... ok
test handoff_tree_format_dirs_have_trailing_slash ... ok
test handoff_tree_indentation_increases ... ok
test handoff_tree_nested_aggregation ... ok
test handoff_tree_no_file_leaves ... ok
test handoff_tree_many_directories ... ok
test handoff_tree_nonempty_output_ends_with_newline ... ok
test handoff_tree_only_child_rows_produces_empty ... ok
test handoff_tree_order_independent ... ok
test handoff_tree_root_always_says_root ... ok
test handoff_tree_root_files_count_matches_parent_rows ... ok
test handoff_tree_single_file_shows_root_only ... ok

test result: ok. 40 passed; 0 failed; 0 ignored; 0 measured; 0 filtered out; finished in 0.00s

     Running tests/deep_coverage.rs (target/debug/deps/deep_coverage-e5d13022a5665327)

running 25 tests
test analysis_tree_8_levels_deep ... ok
test analysis_tree_aggregates_across_dirs ... ok
test analysis_tree_constructs_directory_nodes_from_paths ... ok
test analysis_tree_aggregation_propagates_upward ... ok
test analysis_tree_empty_rows_returns_empty_string ... ok
test analysis_tree_constructs_from_single_file_row ... ok
test analysis_tree_dirs_sorted_among_dirs ... ok
test analysis_tree_input_order_does_not_affect_output ... ok
test analysis_tree_nonempty_ends_with_newline ... ok
test analysis_tree_only_child_rows_returns_empty ... ok
test analysis_tree_single_top_level_file ... ok
test analysis_tree_single_nested_file ... ok
test analysis_tree_zero_lines_and_tokens ... ok
test handoff_tree_constructs_root_from_file_rows ... ok
test handoff_tree_deep_nesting_respects_depth_limit ... ok
test handoff_tree_dirs_sorted_lexicographically ... ok
test analysis_tree_siblings_sorted_lexicographically ... ok
test handoff_tree_input_order_does_not_affect_output ... ok
test handoff_tree_empty_rows_returns_empty_string ... ok
test handoff_tree_nonempty_ends_with_newline ... ok
test handoff_tree_large_depth_shows_all_dirs ... ok
test handoff_tree_only_child_rows_returns_empty ... ok
test handoff_tree_single_nested_file ... ok
test handoff_tree_single_top_level_file_shows_root_only ... ok
test handoff_tree_zero_lines_and_tokens ... ok

test result: ok. 25 passed; 0 failed; 0 ignored; 0 measured; 0 filtered out; finished in 0.00s

     Running tests/deep_exporttree_w48.rs (target/debug/deps/deep_exporttree_w48-af524795e7ec32dc)

running 30 tests
test analysis_tree_deterministic_across_calls ... ok
test analysis_tree_aggregates_nested_dirs ... ok
test analysis_tree_child_rows_excluded ... ok
test analysis_tree_file_in_directory ... ok
test analysis_tree_empty_export ... ok
test analysis_tree_input_order_independent ... ok
test analysis_tree_leading_slash_handled ... ok
test analysis_tree_multiple_files_same_dir ... ok
test analysis_tree_only_child_rows_empty ... ok
test analysis_tree_multiple_top_dirs ... ok
test analysis_tree_single_file_at_root ... ok
test analysis_tree_zero_lines_and_tokens ... ok
test both_trees_agree_on_totals ... ok
test handoff_tree_aggregates_files_lines_tokens ... ok
test handoff_tree_depth_limit_respected ... ok
test handoff_tree_empty_export ... ok
test handoff_tree_file_in_dir ... ok
test handoff_tree_input_order_independent ... ok
test handoff_tree_many_dirs_root_aggregates ... ok
test analysis_tree_nonempty_ends_with_newline ... ok
test handoff_tree_no_file_leaves ... ok
test handoff_tree_nonempty_ends_with_newline ... ok
test handoff_tree_only_child_rows_empty ... ok
test analysis_tree_deep_nesting ... ok
test handoff_tree_single_file_root_only ... ok
test analysis_tree_siblings_sorted_lexicographically ... ok
test prop_handoff_depth_zero_single_line ... ok
test prop_handoff_root_file_count_matches ... ok
test prop_analysis_tree_contains_all_parent_filenames ... ok
test prop_analysis_deterministic ... ok

test result: ok. 30 passed; 0 failed; 0 ignored; 0 measured; 0 filtered out; finished in 0.47s

     Running tests/deep_w43.rs (target/debug/deps/deep_w43-87398f17bc65a06d)

running 13 tests
test analysis_tree_lexicographic_order ... ok
test analysis_tree_aggregates_across_subtrees ... ok
test analysis_tree_multiple_files_same_dir ... ok
test analysis_tree_nested_dirs ... ok
test analysis_tree_single_file ... ok
test analysis_tree_filters_child_rows ... ok
test handoff_tree_depth_limit_truncates ... ok
test handoff_tree_depth_zero_shows_root_only ... ok
test handoff_tree_filters_child_rows ... ok
test handoff_tree_large_depth_shows_everything ... ok
test handoff_tree_lexicographic_order ... ok
test handoff_tree_single_file_depth_1 ... ok
test handoff_tree_multiple_dirs_aggregated ... ok

test result: ok. 13 passed; 0 failed; 0 ignored; 0 measured; 0 filtered out; finished in 0.00s

     Running tests/export_tree_deep_w76.rs (target/debug/deps/export_tree_deep_w76-3ac49fe29f41701f)

running 13 tests
test w76_analysis_aggregates_sibling_files ... ok
test w76_analysis_deep_nesting_aggregates_upward ... ok
test w76_analysis_empty_export ... ok
test w76_analysis_ignores_child_kind_rows ... ok
test w76_analysis_lexicographic_ordering ... ok
test w76_analysis_single_file_at_root ... ok
test w76_handoff_depth_zero_shows_only_root ... ok
test w76_handoff_depth_one_shows_first_level_only ... ok
test w76_handoff_empty_export ... ok
test w76_handoff_files_count_aggregated ... ok
test w76_handoff_no_file_leaves_rendered ... ok
test w76_handoff_ignores_child_kind_rows ... ok
test w76_handoff_root_sentinel_always_present ... ok

test result: ok. 13 passed; 0 failed; 0 ignored; 0 measured; 0 filtered out; finished in 0.00s

     Running tests/export_tree_depth_w56.rs (target/debug/deps/export_tree_depth_w56-ed70330d96ca9748)

running 25 tests
test analysis_tree_all_child_rows_produces_empty ... ok
test analysis_tree_aggregates_directory_totals ... ok
test analysis_tree_deeply_nested_path ... ok
test analysis_tree_deeply_nested_10_levels ... ok
test analysis_tree_deterministic_across_runs ... ok
test analysis_tree_dir_ordering_is_lexicographic ... ok
test analysis_tree_empty_returns_empty_string ... ok
test analysis_tree_filters_child_rows ... ok
test analysis_tree_indentation_increases_with_depth ... ok
test analysis_tree_flat_repo_no_directories ... ok
test analysis_tree_multiple_directories ... ok
test analysis_tree_single_file_at_root ... ok
test analysis_tree_siblings_sorted_lexicographically ... ok
test analysis_tree_single_file_nested ... ok
test analysis_tree_zero_lines_and_tokens ... ok
test handoff_tree_aggregates_file_counts ... ok
test handoff_tree_depth_0_shows_only_root ... ok
test handoff_tree_depth_limit_respected ... ok
test handoff_tree_empty_export_returns_empty ... ok
test handoff_tree_deterministic ... ok
test handoff_tree_flat_repo ... ok
test handoff_tree_filters_child_rows ... ok
test handoff_tree_lexicographic_directory_order ... ok
test handoff_tree_no_file_leaves ... ok
test handoff_tree_shows_root_line ... ok

test result: ok. 25 passed; 0 failed; 0 ignored; 0 measured; 0 filtered out; finished in 0.00s

     Running tests/export_tree_depth_w61.rs (target/debug/deps/export_tree_depth_w61-b44dd31e98a4b001)

running 40 tests
test w61_analysis_indentation_per_level ... ok
test w61_analysis_double_slash_in_path ... ok
test w61_analysis_aggregation_sums_correctly ... ok
test w61_analysis_diverging_paths_from_shared_root ... ok
test w61_analysis_many_child_rows_all_filtered ... ok
test w61_analysis_leading_slash_stripped ... ok
test w61_analysis_mixed_parent_child_only_counts_parent ... ok
test w61_analysis_output_ends_with_newline ... ok
test w61_analysis_order_independent_three_dirs ... ok
test w61_analysis_shared_prefix_three_levels ... ok
test w61_analysis_shared_prefix_two_files_same_dir ... ok
test w61_analysis_shows_leaves_handoff_does_not ... ok
test w61_analysis_sibling_dirs_isolated_aggregation ... ok
test w61_analysis_single_segment_path ... ok
test w61_analysis_sorting_case_sensitive ... ok
test w61_analysis_sorting_mixed_files_and_dirs ... ok
test w61_analysis_sorting_numeric_names ... ok
test w61_analysis_zero_valued_rows_aggregate_to_zero ... ok
test w61_analysis_trailing_slash_no_phantom_leaf ... ok
test w61_handoff_child_rows_not_counted_in_root ... ok
test w61_handoff_aggregation_across_nested_dirs ... ok
test w61_handoff_depth_0_only_root ... ok
test w61_handoff_depth_1_root_plus_first_level ... ok
test w61_handoff_depth_2_shows_two_levels ... ok
test w61_handoff_depth_3_shows_three_levels ... ok
test w61_determinism_100_iterations_handoff ... ok
test w61_handoff_dirs_have_trailing_slash ... ok
test w61_handoff_files_count_per_dir ... ok
test w61_handoff_order_independent_three_dirs ... ok
test w61_handoff_output_ends_with_newline ... ok
test w61_handoff_root_line_no_trailing_slash ... ok
test w61_determinism_100_iterations_analysis ... ok
test w61_handoff_root_totals_match_sum_of_analysis_roots ... ok
test w61_handoff_single_segment_root_only ... ok
test w61_handoff_sorting_dirs_lexicographic ... ok
test w61_handoff_very_large_depth_shows_all_dirs ... ok
test w61_stress_deep_nesting_15_levels ... ok
test w61_stress_handoff_deep_nesting_capped_by_depth ... ok
test w61_stress_50_files_in_one_dir ... ok
test w61_stress_50_directories ... ok

test result: ok. 40 passed; 0 failed; 0 ignored; 0 measured; 0 filtered out; finished in 0.00s

     Running tests/integration.rs (target/debug/deps/integration-fde2e7521de8375b)

running 8 tests
test analysis_tree_indentation_increases_with_depth ... ok
test handoff_tree_depth_two_shows_intermediate_dirs ... ok
test analysis_tree_deep_workspace_aggregates_correctly ... ok
test handoff_root_counts_match_parent_file_inventory ... ok
test handoff_tree_indentation_increases_with_depth ... ok
test single_file_at_root_produces_minimal_trees ... ok
test renders_workspace_like_layout_for_both_consumers ... ok
test zero_line_zero_token_files_are_rendered ... ok

test result: ok. 8 passed; 0 failed; 0 ignored; 0 measured; 0 filtered out; finished in 0.00s

     Running tests/properties.rs (target/debug/deps/properties-3f1b1a3e5df88a39)

running 8 tests
test analysis_tree_output_ends_with_newline ... ok
test analysis_tree_never_empty_when_parents_exist ... ok
test handoff_depth_zero_emits_single_line ... ok
test handoff_root_file_count_matches_parent_rows ... ok
test handoff_tree_omits_file_leaf_names ... ok
test handoff_tree_output_ends_with_newline ... ok
test renderers_are_deterministic ... ok
test renderers_are_order_independent ... ok

test result: ok. 8 passed; 0 failed; 0 ignored; 0 measured; 0 filtered out; finished in 2.21s

     Running tests/properties_w59.rs (target/debug/deps/properties_w59-125bdf076a0ab37c)

running 9 tests
test analysis_tree_trailing_newline ... ok
test handoff_never_contains_rs_extension ... ok
test handoff_depth_never_exceeds_limit ... ok
test analysis_tree_deterministic ... ok
test non_empty_parents_produce_non_empty_analysis ... ok
test handoff_tree_deterministic ... ok
test handoff_root_files_eq_parent_count ... ok
test non_empty_parents_produce_non_empty_handoff ... ok
test order_independence ... ok

test result: ok. 9 passed; 0 failed; 0 ignored; 0 measured; 0 filtered out; finished in 1.26s

     Running tests/proptest_w53.rs (target/debug/deps/proptest_w53-312df1256692ff79)

running 12 tests
test child_rows_ignored ... ok
test empty_export_empty_output ... ok
test deeper_handoff_not_shorter ... ok
test analysis_tree_ends_newline ... ok
test handoff_depth_zero_single_line ... ok
test analysis_tree_deterministic ... ok
test handoff_root_count_matches ... ok
test handoff_tree_no_file_leaves ... ok
test handoff_tree_ends_newline ... ok
test handoff_tree_deterministic ... ok
test order_independent ... ok
test parent_rows_nonempty_tree ... ok

test result: ok. 12 passed; 0 failed; 0 ignored; 0 measured; 0 filtered out; finished in 0.61s

     Running tests/tree_construction_w59.rs (target/debug/deps/tree_construction_w59-bfb2fbd5cb18af2b)

running 25 tests
test analysis_tree_indentation_per_depth ... ok
test analysis_tree_ignores_child_kind_rows ... ok
test analysis_tree_aggregates_parent_lines_and_tokens ... ok
test analysis_tree_lexicographic_sibling_order ... ok
test analysis_tree_empty_rows_returns_empty ... ok
test analysis_tree_nested_aggregation ... ok
test analysis_tree_single_root_file ... ok
test analysis_tree_multiple_top_dirs_aggregated_independently ... ok
test handoff_depth_one_shows_first_level_dir ... ok
test handoff_depth_zero_emits_only_root ... ok
test handoff_depth_two_shows_two_levels ... ok
test handoff_large_depth_shows_all_dirs ... ok
test handoff_tree_aggregates_file_count_lines_tokens ... ok
test handoff_tree_empty_rows_returns_empty ... ok
test handoff_tree_ignores_child_kind_rows ... ok
test handoff_tree_indentation_per_depth ... ok
test handoff_tree_lexicographic_sibling_order ... ok
test handoff_tree_multiple_top_dirs ... ok
test handoff_tree_never_shows_file_names ... ok
test handoff_tree_single_root_file ... ok
test handoff_zero_values_in_root ... ok
test only_child_rows_produce_empty_trees ... ok
test reversed_input_order_produces_identical_output ... ok
test zero_lines_zero_tokens_still_rendered ... ok
test large_tree_aggregation_is_consistent ... ok

test result: ok. 25 passed; 0 failed; 0 ignored; 0 measured; 0 filtered out; finished in 0.00s

     Running unittests src/lib.rs (target/debug/deps/tokmd_ffi_envelope-addcd96a6cec7735)

running 7 tests
test tests::extract_data_error_formats_message ... ok
test tests::extract_data_success_returns_data ... ok
test tests::extract_data_json_serializes_payload ... ok
test tests::extract_data_success_without_data_returns_envelope ... ok
test tests::extract_data_non_object_is_invalid_format ... ok
test tests::format_error_message_defaults_when_missing_fields ... ok
test tests::parse_envelope_invalid_json_errors ... ok

test result: ok. 7 passed; 0 failed; 0 ignored; 0 measured; 0 filtered out; finished in 0.00s

     Running tests/bdd.rs (target/debug/deps/bdd-3b0c97d4735f6ea1)

running 42 tests
test error_display_json_parse_contains_details ... ok
test error_display_json_serialize_contains_details ... ok
test error_display_invalid_response_format_is_stable ... ok
test envelope_extract_error_clone_and_eq ... ok
test error_display_upstream_preserves_message ... ok
test given_data_with_empty_string_key_when_extracting_then_preserved ... ok
test given_data_with_mixed_types_when_extracting_then_all_types_preserved ... ok
test given_data_with_special_json_characters_when_extracting_then_preserved ... ok
test given_deeply_nested_data_when_extracting_then_full_tree_is_returned ... ok
test given_empty_object_when_extracting_then_upstream_error_returned ... ok
test given_empty_string_when_parsing_then_json_parse_error ... ok
test given_envelope_with_ok_integer_when_extracting_then_treated_as_error ... ok
test given_envelope_with_ok_null_when_extracting_then_treated_as_error ... ok
test given_envelope_with_ok_string_when_extracting_then_treated_as_error ... ok
test given_envelope_without_ok_field_when_extracting_then_treated_as_error ... ok
test given_error_as_array_when_formatting_then_unknown_error ... ok
test given_error_as_null_when_formatting_then_unknown_error ... ok
test given_error_envelope_when_using_extract_data_json_then_upstream_error ... ok
test given_error_envelope_with_code_and_message_when_extracting_then_bracketed_error_is_returned ... ok
test given_error_envelope_with_unicode_message_when_extracting_then_unicode_error_is_returned ... ok
test given_error_envelope_with_data_field_when_extracting_then_error_takes_precedence ... ok
test given_error_envelope_without_error_object_when_extracting_then_unknown_error_is_returned ... ok
test given_error_with_extra_fields_when_formatting_then_only_code_and_message_used ... ok
test given_error_with_non_string_code_when_formatting_then_fallback_used ... ok
test given_error_with_non_string_message_when_formatting_then_fallback_used ... ok
test given_error_with_only_code_when_formatting_then_unknown_error_message_used ... ok
test given_error_with_only_message_when_formatting_then_unknown_code_used ... ok
test given_invalid_json_when_using_extract_data_json_then_parse_error ... ok
test given_json_with_trailing_garbage_when_parsing_then_json_parse_error ... ok
test given_non_object_envelope_when_extracting_then_invalid_format_is_reported ... ok
test given_non_object_json_string_when_using_extract_from_json_then_invalid_format ... ok
test given_ok_envelope_with_data_when_extracting_then_payload_is_returned ... ok
test given_ok_envelope_with_unicode_data_when_extracting_then_unicode_is_preserved ... ok
test given_ok_envelope_without_data_when_extracting_then_original_envelope_is_returned ... ok
test given_ok_true_with_empty_array_data_when_extracting_then_empty_array_returned ... ok
test given_ok_true_with_empty_object_data_when_extracting_then_empty_object_returned ... ok
test given_ok_true_with_null_data_when_extracting_then_null_is_returned ... ok
test given_valid_scalar_json_when_parsing_then_ok ... ok
test given_truncated_json_when_parsing_then_json_parse_error ... ok
test given_whitespace_only_when_parsing_then_json_parse_error ... ok
test given_large_json_string_when_using_extract_data_json_then_round_trips ... ok
test given_large_payload_when_extracting_then_data_is_intact ... ok

test result: ok. 42 passed; 0 failed; 0 ignored; 0 measured; 0 filtered out; finished in 0.08s

     Running tests/deep.rs (target/debug/deps/deep-6d9ad8035855b136)

running 66 tests
test data_json_error_envelope ... ok
test data_json_round_trips_object ... ok
test data_json_invalid_input ... ok
test data_json_round_trips_array ... ok
test error_clone_eq ... ok
test error_debug_contains_variant_name ... ok
test error_display_invalid_format ... ok
test error_display_json_parse ... ok
test error_display_upstream ... ok
test error_display_json_serialize ... ok
test error_ne_different_variants ... ok
test extract_data_deterministic_across_calls ... ok
test extract_data_with_backslash_values ... ok
test extract_data_with_empty_string_key ... ok
test extract_data_with_escaped_quotes ... ok
test extract_data_with_newlines ... ok
test extract_data_with_unicode_values ... ok
test extract_error_with_code_and_message ... ok
test extract_empty_object_treated_as_error ... ok
test extract_error_with_data_field_ignores_data ... ok
test extract_error_without_error_field ... ok
test extract_missing_ok_treated_as_error ... ok
test extract_non_object_is_invalid_format ... ok
test extract_ok_integer_treated_as_error ... ok
test extract_ok_string_treated_as_error ... ok
test extract_ok_null_treated_as_error ... ok
test extract_ok_with_array_data ... ok
test extract_ok_with_bool_data ... ok
test extract_ok_with_empty_array_data ... ok
test extract_ok_with_deeply_nested_data ... ok
test extract_ok_with_empty_object_data ... ok
test extract_ok_with_null_data ... ok
test extract_ok_with_number_data ... ok
test extract_ok_with_object_data ... ok
test extract_ok_with_string_data ... ok
test extract_ok_without_data_returns_envelope ... ok
test extract_preserves_all_json_types ... ok
test format_array_returns_unknown ... ok
test format_both_code_and_message ... ok
test format_code_only ... ok
test format_empty_object_returns_fallbacks ... ok
test format_extra_fields_ignored ... ok
test format_message_only ... ok
test format_non_string_code_falls_back ... ok
test format_non_string_message_falls_back ... ok
test format_none_returns_unknown ... ok
test format_null_returns_unknown ... ok
test format_string_returns_unknown ... ok
test format_unicode_code_and_message ... ok
test from_json_error_envelope ... ok
test from_json_invalid_json ... ok
test from_json_non_object ... ok
test from_json_ok_with_data ... ok
test parse_invalid_empty_string ... ok
test parse_invalid_trailing_garbage ... ok
test parse_invalid_truncated_json ... ok
test parse_invalid_whitespace_only ... ok
test parse_then_extract_matches_extract_from_json_manual ... ok
test parse_valid_array ... ok
test parse_valid_bool ... ok
test parse_valid_number ... ok
test parse_valid_null ... ok
test parse_valid_object ... ok
test parse_valid_string ... ok
test extract_data_json_large_round_trip ... ok
test extract_large_array_payload ... ok

test result: ok. 66 passed; 0 failed; 0 ignored; 0 measured; 0 filtered out; finished in 0.03s

     Running tests/deep_coverage.rs (target/debug/deps/deep_coverage-c51ac603a023f2d3)

running 35 tests
test envelope_with_mixed_type_array_payload ... ok
test envelope_with_empty_data_array ... ok
test envelope_with_nested_object_payload ... ok
test envelope_with_empty_data_object ... ok
test envelope_with_numeric_payload ... ok
test error_envelope_empty_error_object ... ok
test error_envelope_missing_error_field ... ok
test error_envelope_with_all_fields ... ok
test envelope_with_large_string_payload ... ok
test error_envelope_with_extra_fields_ignored ... ok
test error_format_non_object_error_field ... ok
test extract_data_json_null_payload ... ok
test extract_data_json_deterministic ... ok
test extract_data_json_preserves_nested_structure ... ok
test extract_data_json_produces_valid_json ... ok
test extract_data_json_scalar_payload ... ok
test format_error_with_boolean_value ... ok
test format_error_with_empty_strings ... ok
test format_error_with_number_value ... ok
test format_error_with_special_characters ... ok
test from_json_ok_without_data_returns_full_envelope ... ok
test from_json_error_envelope_message_preserved ... ok
test invalid_format_display ... ok
test ok_false_always_errors ... ok
test json_parse_error_display_prefix ... ok
test ok_integer_one_treated_as_false ... ok
test ok_missing_treated_as_false ... ok
test ok_null_treated_as_false ... ok
test ok_string_true_treated_as_false ... ok
test ok_true_extracts_successfully ... ok
test parse_deeply_nested_json ... ok
test parse_and_extract_deterministic ... ok
test parse_unicode_content ... ok
test parse_whitespace_padded_json ... ok
test upstream_error_display_passthrough ... ok

test result: ok. 35 passed; 0 failed; 0 ignored; 0 measured; 0 filtered out; finished in 0.00s

     Running tests/deep_ffienvelope_w49.rs (target/debug/deps/deep_ffienvelope_w49-1846ef7ee80732c5)

running 42 tests
test w49_array_of_arrays_data ... ok
test w49_deeply_nested_data_survives_extraction ... ok
test w49_data_with_special_characters_in_keys ... ok
test w49_error_envelope_with_code_and_message ... ok
test w49_error_envelope_with_no_error_field ... ok
test w49_error_envelope_with_empty_error_object ... ok
test w49_error_envelope_with_null_error_field ... ok
test w49_error_envelope_with_only_code ... ok
test w49_error_envelope_with_only_message ... ok
test w49_error_variant_display_includes_inner_message ... ok
test w49_error_invalid_format_has_stable_message ... ok
test w49_extract_data_ok_false_with_extra_fields ... ok
test w49_extract_data_preserves_empty_string_values ... ok
test w49_format_error_array_error_returns_unknown ... ok
test w49_extract_from_json_whitespace_only_fails ... ok
test w49_format_error_long_message_preserved ... ok
test w49_format_error_nested_object_code_falls_back ... ok
test w49_format_error_number_error_returns_unknown ... ok
test w49_format_error_unicode_code_and_message ... ok
test w49_ok_envelope_with_boolean_false_data ... ok
test w49_ok_envelope_with_empty_array_data ... ok
test w49_ok_envelope_with_empty_object_data ... ok
test w49_ok_envelope_with_null_data ... ok
test w49_ok_envelope_with_scalar_data ... ok
test w49_ok_envelope_with_string_data ... ok
test w49_ok_envelope_without_data_key_returns_full_object ... ok
test w49_parse_envelope_with_bom_fails ... ok
test w49_live_version_envelope_ok_true ... ok
test w49_live_invalid_mode_ok_false ... ok
test w49_live_envelope_error_has_code_and_message ... ok
test w49_prop_format_error_never_panics ... ok
test w49_prop_envelopes_always_produce_valid_json ... ok
test w49_prop_data_roundtrip_through_json ... ok
test w49_prop_error_envelopes_always_upstream ... ok
test w49_roundtrip_error_via_two_step_matches_one_step ... ok
test w49_roundtrip_mixed_types_in_array ... ok
test w49_roundtrip_nested_object ... ok
test w49_roundtrip_preserves_float_precision ... ok
test w49_roundtrip_via_two_step_matches_one_step ... ok
test w49_roundtrip_preserves_negative_numbers ... ok
test w49_prop_success_envelopes_never_error ... ok
test w49_prop_non_object_always_invalid ... ok

test result: ok. 42 passed; 0 failed; 0 ignored; 0 measured; 0 filtered out; finished in 0.28s

     Running tests/deep_w43.rs (target/debug/deps/deep_w43-54ec28f559ac17ce)

running 35 tests
test w43_error_envelope_ignores_data_when_not_ok ... ok
test w43_different_error_variants_are_not_equal ... ok
test w43_error_clone_produces_equal_value ... ok
test w43_error_debug_includes_variant ... ok
test w43_error_envelope_returns_upstream_error ... ok
test w43_error_envelope_with_null_error ... ok
test w43_error_variants_implement_display ... ok
test w43_format_error_with_boolean_values ... ok
test w43_format_error_with_empty_strings ... ok
test w43_from_json_error_envelope ... ok
test w43_format_error_with_numeric_code ... ok
test w43_error_envelope_without_error_obj ... ok
test w43_from_json_invalid_input ... ok
test w43_from_json_non_object ... ok
test w43_missing_ok_field_treated_as_error ... ok
test w43_ok_as_integer_1_treated_as_error ... ok
test w43_ok_as_string_true_treated_as_error ... ok
test w43_ok_envelope_extracts_data_object ... ok
test w43_ok_envelope_extracts_nested_data ... ok
test w43_ok_envelope_with_null_data_returns_null ... ok
test w43_ok_envelope_without_data_returns_full_envelope ... ok
test w43_parse_envelope_accepts_bare_bool ... ok
test w43_parse_envelope_accepts_bare_number ... ok
test w43_parse_envelope_rejects_empty ... ok
test w43_parse_envelope_rejects_partial ... ok
test w43_roundtrip_array_through_extract_data_json ... ok
test w43_roundtrip_object_through_extract_data_json ... ok
test w43_roundtrip_preserves_numeric_precision ... ok
test w43_roundtrip_preserves_unicode ... ok
test w43_roundtrip_string_through_extract_data_json ... ok
test w43_two_step_error_matches_one_step ... ok
test w43_two_step_matches_one_step ... ok
test w43_live_error_envelope_propagates_through_extract ... ok
test w43_live_version_envelope_has_schema_version ... ok
test w43_live_lang_envelope_has_schema_version ... ok

test result: ok. 35 passed; 0 failed; 0 ignored; 0 measured; 0 filtered out; finished in 0.15s

     Running tests/deep_w69.rs (target/debug/deps/deep_w69-b6e7b5d1beda6deb)

running 26 tests
test extract_data_from_json_error_envelope ... ok
test extract_data_from_json_round_trip ... ok
test extract_data_json_returns_valid_json_string ... ok
test error_variants_eq_clone ... ok
test extract_data_json_propagates_parse_error ... ok
test extract_data_json_deterministic_across_calls ... ok
test extract_data_null_is_invalid_format ... ok
test extract_data_missing_ok_treated_as_false ... ok
test extract_data_number_is_invalid_format ... ok
test extract_data_ok_false_yields_upstream_error ... ok
test extract_data_ok_non_bool_treated_as_false ... ok
test extract_data_ok_true_null_data_returns_null ... ok
test extract_data_ok_true_returns_data_field ... ok
test extract_data_ok_true_no_data_key_returns_full_envelope ... ok
test format_error_message_code_only ... ok
test extract_data_string_is_invalid_format ... ok
test format_error_message_full_object ... ok
test format_error_message_message_only ... ok
test format_error_message_non_string_fields ... ok
test parse_envelope_empty_string_is_error ... ok
test parse_envelope_error_display_contains_context ... ok
test parse_envelope_truncated_json_is_error ... ok
test parse_envelope_valid_array ... ok
test parse_envelope_valid_object ... ok
test ok_true_envelope_always_succeeds ... ok
test parse_envelope_never_panics ... ok

test result: ok. 26 passed; 0 failed; 0 ignored; 0 measured; 0 filtered out; finished in 0.14s

     Running tests/ffi_envelope_depth_w61.rs (target/debug/deps/ffi_envelope_depth_w61-6aac500d7008ce34)

running 50 tests
test w61_data_json_error_returns_upstream ... ok
test w61_data_json_preserves_empty_array ... ok
test w61_data_json_preserves_boolean_false ... ok
test w61_data_json_preserves_boolean_true ... ok
test w61_data_json_preserves_empty_object ... ok
test w61_data_json_preserves_null ... ok
test w61_determinism_error_message_stable ... ok
test w61_error_clone_preserves_inner_message ... ok
test w61_error_debug_contains_variant_and_payload ... ok
test w61_error_display_json_serialize ... ok
test w61_error_envelope_error_field_is_array ... ok
test w61_error_envelope_error_field_is_bool ... ok
test w61_determinism_extract_data_100_iterations ... ok
test w61_error_envelope_error_field_is_number ... ok
test w61_determinism_extract_data_json_string_stable ... ok
test w61_error_envelope_error_field_is_string ... ok
test w61_error_ne_across_all_variant_pairs ... ok
test w61_extract_data_deeply_nested_10_levels ... ok
test w61_extract_data_nested_arrays_of_objects ... ok
test w61_extract_data_very_large_integer ... ok
test w61_extract_data_with_numeric_string_keys ... ok
test w61_extract_data_many_keys_preserves_all ... ok
test w61_format_error_code_is_array ... ok
test w61_extract_data_negative_float ... ok
test w61_format_error_code_is_null ... ok
test w61_format_error_code_with_brackets ... ok
test w61_format_error_empty_code_empty_message ... ok
test w61_format_error_message_is_object ... ok
test w61_format_error_message_is_null ... ok
test w61_from_json_error_propagates_code_and_message ... ok
test w61_format_error_message_with_newlines ... ok
test w61_from_json_non_object_bool ... ok
test w61_from_json_non_object_null ... ok
test w61_from_json_non_object_number ... ok
test w61_from_json_ok_true_no_data_returns_full_envelope ... ok
test w61_ok_array_treated_as_false ... ok
test w61_ok_empty_string_treated_as_false ... ok
test w61_ok_false_bool_returns_upstream_error ... ok
test w61_ok_float_treated_as_false ... ok
test w61_ok_object_treated_as_false ... ok
test w61_ok_true_bool_extracts_data ... ok
test w61_parse_duplicate_keys_last_wins ... ok
test w61_ok_zero_integer_treated_as_false ... ok
test w61_parse_just_colon ... ok
test w61_parse_deeply_nested_object ... ok
test w61_parse_single_char_invalid ... ok
test w61_parse_large_array ... ok
test w61_stress_nested_arrays_50_deep ... ok
test w61_stress_1000_key_object_extraction ... ok
test w61_stress_extract_data_json_large_string_payload ... ok

test result: ok. 50 passed; 0 failed; 0 ignored; 0 measured; 0 filtered out; finished in 0.01s

     Running tests/integration.rs (target/debug/deps/integration-385ce405b96bafc9)

running 6 tests
test error_envelope_message_from_real_core_contains_brackets ... ok
test extracts_data_from_real_tokmd_core_version_envelope ... ok
test extract_data_json_returns_valid_json_for_version ... ok
test multiple_invalid_modes_all_produce_upstream_errors ... ok
test propagates_real_tokmd_core_error_envelope ... ok
test version_envelope_is_deterministic_across_calls ... ok

test result: ok. 6 passed; 0 failed; 0 ignored; 0 measured; 0 filtered out; finished in 0.10s

     Running tests/properties.rs (target/debug/deps/properties-2889134e1cda5adb)

running 11 tests
test arbitrary_string_that_is_not_json_fails_parse ... ok
test format_error_message_never_panics ... ok
test extract_data_from_json_is_deterministic ... ok
test extract_data_json_round_trips_through_json ... ok
test ok_true_with_data_round_trips_data ... ok
test format_error_message_with_valid_object_always_contains_brackets ... ok
test non_object_envelopes_always_return_invalid_format ... ok
test ok_false_always_returns_upstream_error ... ok
test parse_then_extract_matches_extract_from_json ... ok
test ok_true_without_data_key_returns_full_envelope ... ok
test unicode_strings_survive_round_trip ... ok

test result: ok. 11 passed; 0 failed; 0 ignored; 0 measured; 0 filtered out; finished in 0.41s

     Running tests/proptest_w53.rs (target/debug/deps/proptest_w53-1cd8b29b8ab821df)

running 12 tests
test empty_ok_envelope ... ok
test format_error_no_panic ... ok
test extract_from_json_equiv_steps ... ok
test extract_data_json_roundtrip ... ok
test error_message_bracket_format ... ok
test invalid_json_parse_error ... ok
test ok_false_upstream_error ... ok
test ok_true_returns_data ... ok
test non_object_invalid_format ... ok
test ok_true_no_data_returns_envelope ... ok
test parse_deterministic ... ok
test unicode_data_pipeline ... ok

test result: ok. 12 passed; 0 failed; 0 ignored; 0 measured; 0 filtered out; finished in 0.15s

     Running tests/schema_compliance_w53.rs (target/debug/deps/schema_compliance_w53-db1ac7e1ae7a2fc6)

running 15 tests
test array_envelope_returns_invalid_format ... ok
test error_response_with_missing_error_object ... ok
test data_payload_preserves_inner_receipt ... ok
test error_response_has_ok_false_and_error ... ok
test extract_data_from_json_error ... ok
test extract_data_from_json_success ... ok
test format_error_message_none_returns_default ... ok
test extract_data_json_returns_json_string ... ok
test format_error_message_with_code_and_message ... ok
test non_object_envelope_returns_invalid_format ... ok
test parse_envelope_valid_json ... ok
test success_response_has_ok_true_and_data ... ok
test success_response_without_data_returns_envelope ... ok
test parse_envelope_invalid_json ... ok
test version_response_format ... ok

test result: ok. 15 passed; 0 failed; 0 ignored; 0 measured; 0 filtered out; finished in 0.00s

     Running tests/schema_contract_w66.rs (target/debug/deps/schema_contract_w66-5c91cbfb771dcd10)

running 15 tests
test error_envelope_has_ok_false ... ok
test error_envelope_error_variants_are_eq ... ok
test envelope_preserves_nested_data_types ... ok
test error_envelope_missing_code_defaults ... ok
test error_envelope_message_format ... ok
test error_envelope_missing_message_defaults ... ok
test error_envelope_null_error_defaults ... ok
test extract_data_from_json_convenience ... ok
test extract_data_json_returns_valid_json ... ok
test missing_ok_field_treated_as_false ... ok
test non_object_envelope_is_invalid_format ... ok
test success_envelope_data_extraction ... ok
test non_json_input_returns_parse_error ... ok
test success_envelope_has_ok_true ... ok
test success_envelope_without_data_returns_full_envelope ... ok

test result: ok. 15 passed; 0 failed; 0 ignored; 0 measured; 0 filtered out; finished in 0.00s

     Running unittests src/lib.rs (target/debug/deps/tokmd_format-cdaa08578d0c2dae)

running 39 tests
test tests::normalize_scan_input_backslash_to_forward ... ok
test tests::normalize_scan_input_current_dir ... ok
test tests::normalize_scan_input_forward_slash ... ok
test tests::normalize_scan_input_strips_dot_slash ... ok
test tests::redact_rows_none_mode ... ok
test tests::redact_rows_all_mode ... ok
test tests::redact_rows_paths_mode ... ok
test tests::redact_rows_preserves_count ... ok
test tests::redact_rows_preserves_other_fields ... ok
test tests::render_lang_md_table_structure ... ok
test tests::render_lang_md_with_files ... ok
test tests::render_lang_md_without_files ... ok
test tests::render_lang_tsv_tab_separated ... ok
test tests::render_lang_tsv_with_files ... ok
test tests::render_lang_tsv_without_files ... ok
test tests::render_module_md_structure ... ok
test tests::render_module_md_table_format ... ok
test tests::render_module_tsv_structure ... ok
test tests::render_module_tsv_tab_count ... ok
test tests::redact_rows_paths_end_with_extension ... ok
test tests::normalize_scan_input_no_backslash ... ok
test tests::normalize_scan_input_no_leading_dot_slash ... ok
test tests::snapshot_module_md ... ok
test tests::snapshot_lang_md_with_files ... ok
test tests::snapshot_lang_md_without_files ... ok
test tests::snapshot_lang_tsv_with_files ... ok
test tests::test_compute_diff_rows_unchanged_excluded ... ok
test tests::test_compute_diff_rows_language_added ... ok
test tests::test_compute_diff_rows_language_removed ... ok
test tests::test_format_delta ... ok
test tests::snapshot_module_tsv ... ok
test tests::test_render_diff_md_compact_includes_movement_counts ... ok
test tests::test_render_diff_md_smoke ... ok
test tests::write_lang_report_to_md_writes_content ... ok
test tests::write_lang_report_to_tsv_writes_content ... ok
test tests::write_module_report_to_tsv_writes_content ... ok
test tests::write_module_report_to_md_writes_content ... ok
test tests::write_lang_report_to_json_writes_receipt ... ok
test tests::write_module_report_to_json_writes_receipt ... ok

test result: ok. 39 passed; 0 failed; 0 ignored; 0 measured; 0 filtered out; finished in 0.30s

     Running tests/bdd.rs (target/debug/deps/bdd-a538f4bf11966d31)

running 16 tests
test given_diff_rows::when_empty_rows_then_totals_are_zero ... ok
test given_diff_rows::when_totals_computed_then_sums_are_correct ... ok
test given_export_data::when_written_as_csv_with_empty_data_then_only_header ... ok
test given_export_data::when_written_as_csv_then_header_and_rows_present ... ok
test given_diff_rows::when_rendered_as_markdown_then_contains_table_structure ... ok
test given_lang_report_with_files::when_rendered_as_tsv_then_tab_separated_values_present ... ok
test given_export_data::when_written_as_cyclonedx_then_valid_json_with_bom_format ... ok
test given_lang_report_with_files::when_rendered_as_markdown_then_output_contains_files_and_avg_columns ... ok
test given_lang_report_with_files::when_rendered_as_json_then_output_is_valid_json_with_schema_version ... ok
test given_lang_report_without_files::when_rendered_as_markdown_then_output_contains_header_without_files_column ... ok
test given_module_report::when_rendered_as_json_then_mode_is_module ... ok
test given_module_report::when_rendered_as_markdown_then_module_column_present ... ok
test given_two_lang_reports::when_diff_computed_then_delta_reflects_changes ... ok
test given_two_lang_reports::when_language_removed_then_new_values_are_zero ... ok
test given_two_lang_reports::when_no_changes_then_diff_rows_empty ... ok
test given_two_lang_reports::when_new_language_added_then_old_values_are_zero ... ok

test result: ok. 16 passed; 0 failed; 0 ignored; 0 measured; 0 filtered out; finished in 0.00s

     Running tests/bdd_rendering.rs (target/debug/deps/bdd_rendering-dfbd50b9a7545d45)

running 28 tests
test given_empty_receipt_when_rendered_then_minimal_output ... ok
test given_export_csv_then_consistent_column_count ... ok
test given_empty_receipt_tsv_then_header_only ... ok
test given_export_csv_then_columns_are_comma_separated ... ok
test given_export_csv_then_data_rows_match_count ... ok
test given_export_jsonl_then_data_rows_have_type_row ... ok
test given_export_json_then_data_rows_are_array ... ok
test given_export_json_with_meta_then_has_envelope ... ok
test given_export_receipt_when_rendered_as_csv_then_has_header ... ok
test given_export_jsonl_then_row_count_matches_data ... ok
test given_export_jsonl_with_meta_then_first_line_is_meta ... ok
test given_export_receipt_when_rendered_as_jsonl_then_each_line_valid ... ok
test given_json_output_then_has_metadata ... ok
test given_json_output_then_has_schema_version ... ok
test given_json_output_then_report_contains_rows ... ok
test given_json_output_then_total_is_present ... ok
test given_lang_markdown_then_every_row_starts_and_ends_with_pipe ... ok
test given_lang_receipt_when_rendered_as_tsv_then_tab_separated ... ok
test given_lang_receipt_when_rendered_as_markdown_then_has_header_and_table ... ok
test given_lang_receipt_when_rendered_as_json_then_valid_json ... ok
test given_module_receipt_when_rendered_as_tsv_then_tab_separated ... ok
test given_module_receipt_when_rendered_then_shows_directory_tree ... ok
test given_nested_modules_then_proper_hierarchy ... ok
test given_module_receipt_when_rendered_as_json_then_has_module_metadata ... ok
test given_receipt_with_embedded_languages_then_embedded_shown ... ok
test given_tsv_output_then_columns_are_correct ... ok
test given_tsv_then_consistent_column_count ... ok
test given_receipt_with_one_language_when_rendered_then_single_row ... ok

test result: ok. 28 passed; 0 failed; 0 ignored; 0 measured; 0 filtered out; finished in 0.00s

     Running tests/deep_format_w47.rs (target/debug/deps/deep_format_w47-d19e4b5d63ec9daf)

running 52 tests
test children_mode_collapse_vs_separate_lang_md ... ok
test cyclonedx_empty_rows ... ok
test children_include_mode_in_module_json ... ok
test children_mode_in_json_envelope ... ok
test determinism_diff_md ... ok
test determinism_export_csv ... ok
test determinism_lang_md ... ok
test determinism_lang_tsv ... ok
test determinism_module_md ... ok
test diff_language_removed ... ok
test determinism_module_tsv ... ok
test diff_json_receipt_has_schema_version ... ok
test diff_rows_alphabetical_by_language ... ok
test diff_md_empty_rows ... ok
test export_csv_child_file_kind ... ok
test export_csv_redact_paths ... ok
test export_json_valid_with_meta ... ok
test export_csv_empty_rows ... ok
test export_csv_has_correct_header ... ok
test export_jsonl_empty_rows ... ok
test export_jsonl_single_file_row_count ... ok
test lang_md_empty_rows ... ok
test lang_md_rows_descending_code_order ... ok
test lang_json_empty_rows ... ok
test lang_json_valid_and_has_schema_version ... ok
test lang_md_top0_shows_all ... ok
test lang_tsv_empty_rows ... ok
test lang_tsv_has_tab_separated_header ... ok
test module_md_empty_rows ... ok
test module_tsv_empty_rows ... ok
test nonzero_length_export_csv ... ok
test module_json_valid_and_has_schema_version ... ok
test nonzero_length_lang_md ... ok
test nonzero_length_lang_tsv ... ok
test nonzero_length_module_md ... ok
test snapshot_diff_md_compact ... ok
test snapshot_diff_md_growth ... ok
test snapshot_export_jsonl_multi_file ... ok
test snapshot_cyclonedx_multi_file ... ok
test snapshot_export_csv_multi_file ... ok
test snapshot_lang_json_single_row ... ok
test snapshot_lang_md_multi_row ... ok
test snapshot_lang_md_single_row ... ok
test snapshot_lang_md_top1 ... ok
test snapshot_lang_md_without_files ... ok
test snapshot_lang_tsv_multi_row ... ok
test special_chars_lang_name_md ... ok
test special_chars_lang_name_tsv ... ok
test special_chars_path_csv ... ok
test snapshot_module_tsv_multi_row ... ok
test special_chars_unicode_lang_json ... ok
test snapshot_module_md_multi_row ... ok

test result: ok. 52 passed; 0 failed; 0 ignored; 0 measured; 0 filtered out; finished in 0.19s

     Running tests/deep_w38.rs (target/debug/deps/deep_w38-204f948eb9db5628)

running 53 tests
test csv_child_kind_rendered ... ok
test csv_export_has_header ... ok
test csv_export_row_count ... ok
test csv_export_contains_paths ... ok
test csv_output_is_deterministic ... ok
test diff_md_compact_mode ... ok
test csv_values_match_input ... ok
test diff_md_contains_header ... ok
test diff_md_no_color_no_ansi ... ok
test diff_md_with_ansi_has_escape_codes ... ok
test diff_receipt_has_correct_mode ... ok
test diff_rows_code_decrease ... ok
test diff_rows_code_increase ... ok
test diff_rows_language_removed ... ok
test diff_rows_new_language_added ... ok
test diff_rows_same_report_is_empty ... ok
test diff_totals_empty_rows ... ok
test diff_totals_multiple_rows_sum ... ok
test diff_totals_single_row ... ok
test empty_export_csv_has_only_header ... ok
test empty_lang_report_md_still_has_header ... ok
test empty_export_jsonl_meta_only ... ok
test empty_module_report_md_has_header ... ok
test json_no_meta_is_array ... ok
test json_export_has_schema_version ... ok
test json_export_has_rows_array ... ok
test json_export_is_valid_json ... ok
test jsonl_export_line_count ... ok
test jsonl_export_each_line_is_valid_json ... ok
test jsonl_export_has_meta_line ... ok
test jsonl_export_row_lines_have_type_row ... ok
test jsonl_no_meta_has_only_rows ... ok
test lang_json_has_mode_lang ... ok
test lang_json_has_rows_data ... ok
test lang_json_has_schema_version ... ok
test lang_json_has_tool_info ... ok
test lang_md_contains_row_data ... ok
test lang_md_contains_total_row ... ok
test lang_md_embedded_suffix ... ok
test lang_md_output_is_deterministic ... ok
test lang_md_separator_row_present ... ok
test lang_md_special_chars_in_name ... ok
test lang_md_with_files_has_files_and_avg ... ok
test lang_md_without_files_has_correct_header ... ok
test lang_tsv_contains_data_rows ... ok
test lang_tsv_tab_separated ... ok
test lang_tsv_total_row ... ok
test lang_tsv_with_files_includes_files_column ... ok
test module_md_contains_row_data ... ok
test module_tsv_contains_data ... ok
test module_json_has_mode_module ... ok
test module_md_has_correct_header ... ok
test module_tsv_header ... ok

test result: ok. 53 passed; 0 failed; 0 ignored; 0 measured; 0 filtered out; finished in 0.01s

     Running tests/deep_w67.rs (target/debug/deps/deep_w67-22a6983ed7a9f537)

running 33 tests
test csv_row_count_matches_data ... ok
test csv_deterministic ... ok
test csv_has_header_row ... ok
test csv_contains_file_paths ... ok
test empty_export_csv ... ok
test empty_lang_report_renders_without_panic ... ok
test empty_module_report_renders ... ok
test jsonl_data_rows_have_type_row ... ok
test json_export_has_schema_version ... ok
test json_export_is_valid ... ok
test jsonl_each_line_is_valid_json ... ok
test jsonl_first_line_is_meta ... ok
test lang_json_has_schema_version ... ok
test lang_json_has_rows_field ... ok
test lang_json_is_valid_json ... ok
test lang_md_contains_rust_row ... ok
test lang_md_contains_total_row ... ok
test lang_md_deterministic ... ok
test lang_md_has_separator_row ... ok
test lang_md_with_files_header ... ok
test lang_md_without_files_header ... ok
test lang_tsv_deterministic ... ok
test lang_tsv_rows_use_tabs ... ok
test lang_tsv_tab_separated_header ... ok
test lang_tsv_with_files_has_extra_columns ... ok
test module_md_contains_data_rows ... ok
test module_md_deterministic ... ok
test module_md_has_correct_header ... ok
test module_json_is_valid ... ok
test module_tsv_tab_separated ... ok
test single_row_lang_report ... ok
test special_chars_in_module_name ... ok
test unicode_lang_name_in_md ... ok

test result: ok. 33 passed; 0 failed; 0 ignored; 0 measured; 0 filtered out; finished in 0.01s

     Running tests/determinism_w40.rs (target/debug/deps/determinism_w40-1aded1aa65057705)

running 9 tests
test lang_md_rendering_is_deterministic ... ok
test lang_tsv_rendering_is_deterministic ... ok
test csv_row_count_matches_input ... ok
test csv_column_order_is_stable ... ok
test md_preserves_row_order_for_equal_code_rows ... ok
test lang_json_key_order_is_stable ... ok
test module_md_rendering_is_deterministic ... ok
test module_tsv_rendering_is_deterministic ... ok
test module_json_key_order_is_stable ... ok

test result: ok. 9 passed; 0 failed; 0 ignored; 0 measured; 0 filtered out; finished in 0.00s

     Running tests/determinism_w42.rs (target/debug/deps/determinism_w42-0ca4ca74b4e0f49d)

running 17 tests
test diff_md_repeated_calls_identical ... ok
test compute_diff_rows_deterministic_ordering ... ok
test csv_paths_use_forward_slashes ... ok
test csv_repeated_calls_identical ... ok
test lang_json_row_keys_sorted ... ok
test lang_md_repeated_calls_identical ... ok
test lang_json_top_level_keys_sorted ... ok
test lang_md_single_row_deterministic ... ok
test lang_md_tie_break_preserves_input_order ... ok
test lang_md_without_files_repeated_calls_identical ... ok
test lang_tsv_tie_break_preserves_input_order ... ok
test module_md_paths_use_forward_slashes ... ok
test module_md_repeated_calls_identical ... ok
test module_md_tie_break_preserves_input_order ... ok
test module_json_top_level_keys_sorted ... ok
test module_tsv_repeated_calls_identical ... ok
test module_tsv_single_row_deterministic ... ok

test result: ok. 17 passed; 0 failed; 0 ignored; 0 measured; 0 filtered out; finished in 0.00s

     Running tests/determinism_w66.rs (target/debug/deps/determinism_w66-824bc890e39af48f)

running 20 tests
test diff_md_rendering_is_deterministic ... ok
test diff_totals_are_deterministic ... ok
test diff_no_changes_produces_empty_deterministic ... ok
test diff_rows_are_deterministic ... ok
test empty_lang_report_md_is_byte_stable ... ok
test export_csv_output_is_byte_stable ... ok
test export_jsonl_no_meta_output_is_byte_stable ... ok
test csv_header_order_is_deterministic ... ok
test lang_md_no_files_output_is_byte_stable ... ok
test lang_md_output_is_byte_stable ... ok
test lang_tsv_output_is_byte_stable ... ok
test markdown_rows_maintain_input_order ... ok
test module_md_output_is_byte_stable ... ok
test module_tsv_output_is_byte_stable ... ok
test module_tsv_rows_maintain_input_order ... ok
test single_row_lang_report_is_stable ... ok
test tsv_rows_maintain_input_order ... ok
test repeated_md_formatting_100_times_is_stable ... ok
test prop_lang_md_stability ... ok
test prop_diff_rows_stability ... ok

test result: ok. 20 passed; 0 failed; 0 ignored; 0 measured; 0 filtered out; finished in 0.02s

     Running tests/diff_deep.rs (target/debug/deps/diff_deep-0c0ba3a575ac5b2b)

running 27 tests
test diff_receipt_generated_at_ms_nonzero ... ok
test added_only_totals_match_new_report ... ok
test added_only_diff_shows_new_language ... ok
test diff_receipt_mode_is_diff ... ok
test diff_receipt_json_has_all_required_keys ... ok
test diff_receipt_schema_version_matches_constant ... ok
test diff_receipt_json_valid ... ok
test diff_receipt_sources_preserved ... ok
test diff_receipt_tool_info_present ... ok
test diff_row_serde_roundtrip ... ok
test diff_rows_deterministic_order ... ok
test diff_rows_sorted_alphabetically ... ok
test diff_receipt_serde_roundtrip ... ok
test diff_totals_default_is_all_zeros ... ok
test diff_totals_delta_equals_new_minus_old ... ok
test each_diff_row_delta_equals_new_minus_old ... ok
test diff_totals_serde_roundtrip ... ok
test mixed_diff_deltas_correct ... ok
test mixed_diff_shows_all_languages ... ok
test removed_only_diff_shows_removed_language ... ok
test removed_only_totals_show_negative_delta ... ok
test self_diff_produces_empty_result ... ok
test self_diff_produces_no_rows ... ok
test self_diff_totals_all_zero_deltas ... ok
test zero_change_diff_empty_reports ... ok
test large_diff_many_languages ... ok
test zero_change_diff_totals_all_zero ... ok

test result: ok. 27 passed; 0 failed; 0 ignored; 0 measured; 0 filtered out; finished in 0.00s

     Running tests/edge_w76.rs (target/debug/deps/edge_w76-676970a2de4361a7)

running 38 tests
test create_diff_receipt_has_schema_version ... ok
test cyclonedx_empty_export ... ok
test csv_quotes_path_with_double_quote ... ok
test csv_quotes_path_with_comma ... ok
test csv_quotes_path_with_newline ... ok
test diff_empty_reports_produce_no_rows ... ok
test diff_identical_reports_filtered_out ... ok
test cyclonedx_valid_json_structure ... ok
test diff_language_removed ... ok
test cyclonedx_with_redact_mode ... ok
test diff_new_language_appears ... ok
test diff_totals_default_is_zero ... ok
test export_csv_empty_rows_produces_header_only ... ok
test export_csv_multiple_rows_line_count ... ok
test export_csv_unicode_path ... ok
test export_csv_zero_code_file ... ok
test export_json_single_row ... ok
test export_jsonl_empty_rows_produces_nothing ... ok
test export_jsonl_single_row_is_one_line ... ok
test lang_md_table_has_separator_row ... ok
test lang_json_row_has_expected_keys ... ok
test lang_report_all_zero_counts ... ok
test lang_json_rows_are_array ... ok
test lang_report_empty_rows_produces_header_and_total ... ok
test lang_report_large_counts_md ... ok
test lang_report_single_row_md ... ok
test lang_report_large_counts_json ... ok
test lang_report_unicode_language_name_md ... ok
test lang_report_unicode_language_name_tsv ... ok
test lang_tsv_no_pipe_separators ... ok
test lang_tsv_tab_separated_columns ... ok
test module_md_table_has_pipe_columns ... ok
test module_report_empty_rows_produces_header_and_total ... ok
test module_report_single_row_md ... ok
test module_report_unicode_module_name ... ok
test render_diff_md_empty_rows ... ok
test render_diff_md_with_arrow_separator ... ok
test render_diff_md_with_options_compact ... ok

test result: ok. 38 passed; 0 failed; 0 ignored; 0 measured; 0 filtered out; finished in 0.01s

     Running tests/error_cases.rs (target/debug/deps/error_cases-70af9c48669668e2)

running 22 tests
test create_diff_receipt_has_correct_sources ... ok
test diff_row_with_negative_deltas ... ok
test diff_identical_reports_yields_no_rows ... ok
test diff_rows_from_two_empty_reports ... ok
test diff_totals_from_empty_rows ... ok
test diff_language_removed ... ok
test diff_new_language_added ... ok
test diff_with_unicode_language_names ... ok
test format_empty_lang_report_json ... ok
test format_empty_lang_report_md ... ok
test format_empty_lang_report_tsv ... ok
test format_empty_module_report_md ... ok
test format_lang_report_with_emoji_name ... ok
test format_lang_report_with_large_values ... ok
test format_lang_report_with_special_chars ... ok
test format_lang_report_with_unicode_name ... ok
test format_lang_report_json_with_large_values ... ok
test format_lang_report_with_very_long_name ... ok
test format_module_report_with_very_long_module_name ... ok
test format_single_language_report ... ok
test format_multiple_languages_report ... ok
test render_diff_md_with_no_changes ... ok

test result: ok. 22 passed; 0 failed; 0 ignored; 0 measured; 0 filtered out; finished in 0.01s

     Running tests/export_deep.rs (target/debug/deps/export_deep-b66d3fddfe43ffac)

running 29 tests
test csv_column_count_consistent_across_all_rows ... ok
test csv_empty_data_produces_only_header ... ok
test csv_escapes_commas_in_path ... ok
test csv_first_line_is_header ... ok
test csv_escapes_quotes_in_path ... ok
test csv_includes_child_file_kind ... ok
test csv_output_is_deterministic ... ok
test cyclonedx_empty_data_produces_valid_bom_with_no_components ... ok
test cyclonedx_component_count_matches_rows ... ok
test cyclonedx_empty_module_omits_group_field ... ok
test cyclonedx_child_kind_property_only_on_children ... ok
test cyclonedx_components_have_required_properties ... ok
test cyclonedx_nonempty_module_includes_group_field ... ok
test cyclonedx_metadata_contains_tool_info ... ok
test cyclonedx_output_is_valid_json ... ok
test json_empty_data_with_meta_produces_valid_envelope ... ok
test cyclonedx_with_fixed_serial_and_timestamp_is_deterministic ... ok
test json_empty_data_without_meta_produces_empty_array ... ok
test jsonl_empty_data_without_meta_produces_no_output ... ok
test cyclonedx_redact_paths_hashes_component_names ... ok
test jsonl_empty_data_with_meta_produces_only_meta_line ... ok
test jsonl_each_line_is_valid_json_with_meta ... ok
test jsonl_ends_with_newline ... ok
test jsonl_row_count_equals_data_rows ... ok
test jsonl_row_values_match_input_data ... ok
test jsonl_rows_contain_all_file_row_fields ... ok
test jsonl_with_meta_first_line_is_meta ... ok
test jsonl_without_meta_has_only_data_rows ... ok
test jsonl_without_meta_is_deterministic ... ok

test result: ok. 29 passed; 0 failed; 0 ignored; 0 measured; 0 filtered out; finished in 0.01s

     Running tests/feature_stability_w53.rs (target/debug/deps/feature_stability_w53-29c67a7057d069d7)

running 14 tests
test compute_diff_totals_empty_rows ... ok
test compute_diff_rows_empty_reports ... ok
test create_diff_receipt_construction ... ok
test csv_export_empty_data ... ok
test json_export_empty_data ... ok
test jsonl_export_empty_data ... ok
test json_lang_empty_data ... ok
test markdown_lang_empty_data ... ok
test json_lang_with_data ... ok
test markdown_module_empty_data ... ok
test markdown_lang_with_data ... ok
test tsv_lang_empty_data ... ok
test render_diff_md_empty ... ok
test tsv_lang_with_data ... ok

test result: ok. 14 passed; 0 failed; 0 ignored; 0 measured; 0 filtered out; finished in 0.01s

     Running tests/format_contract_w64.rs (target/debug/deps/format_contract_w64-c6d9d45361c02fe0)

running 80 tests
test diff_md_contains_delta_with_sign ... ok
test diff_md_contains_source_labels ... ok
test diff_receipt_has_schema_version ... ok
test diff_render_colored_contains_ansi ... ok
test diff_render_options_compact ... ok
test diff_rows_both_empty ... ok
test diff_rows_detect_changes ... ok
test diff_rows_language_removed ... ok
test diff_rows_new_language_appears ... ok
test diff_rows_skip_unchanged ... ok
test diff_totals_aggregate ... ok
test diff_totals_empty ... ok
test export_csv_contains_path ... ok
test bdd_given_file_rows_when_csv_then_parseable ... ok
test export_csv_deterministic ... ok
test bdd_given_module_rows_when_tsv_then_tab_delimited ... ok
test export_csv_data_row_count ... ok
test export_csv_empty_rows ... ok
test export_csv_header_row ... ok
test export_csv_long_path ... ok
test export_csv_redact_all ... ok
test bdd_given_two_langs_when_md_then_correct_table ... ok
test export_csv_zero_values ... ok
test export_csv_redact_paths ... ok
test export_cyclonedx_components_match_rows ... ok
test export_json_without_meta ... ok
test export_cyclonedx_has_bom_format ... ok
test export_json_has_rows_array ... ok
test export_json_valid ... ok
test export_jsonl_data_lines_are_rows ... ok
test export_jsonl_first_line_is_meta ... ok
test export_jsonl_each_line_valid_json ... ok
test export_jsonl_long_path ... ok
test lang_json_children_collapse ... ok
test lang_json_children_separate ... ok
test lang_json_contains_rows ... ok
test lang_json_has_schema_version ... ok
test lang_json_has_tool_info ... ok
test lang_json_is_valid_json ... ok
test lang_json_large_numbers ... ok
test lang_json_mode_is_lang ... ok
test lang_json_roundtrip_parse_render_idempotent ... ok
test lang_md_contains_row_data ... ok
test lang_md_deterministic ... ok
test lang_md_contains_total_row ... ok
test lang_json_unicode_roundtrip ... ok
test lang_md_empty_rows ... ok
test lang_md_header_with_files ... ok
test lang_md_header_without_files ... ok
test lang_md_large_numbers ... ok
test lang_md_multiple_rows_preserved_order ... ok
test lang_md_single_row_structure ... ok
test lang_md_pipe_delimited_rows ... ok
test lang_md_unicode_name ... ok
test lang_md_with_files_shows_files_column ... ok
test lang_md_without_files_omits_files_column ... ok
test lang_md_zero_code ... ok
test lang_tsv_deterministic ... ok
test lang_tsv_empty_rows ... ok
test lang_tsv_header_with_files ... ok
test lang_tsv_header_without_files ... ok
test lang_tsv_tab_separated_data ... ok
test lang_tsv_total_row ... ok
test lang_tsv_with_files_has_seven_columns ... ok
test lang_tsv_without_files_has_five_columns ... ok
test module_json_contains_rows ... ok
test module_json_has_schema_version ... ok
test module_md_data_row ... ok
test module_md_deterministic ... ok
test module_md_empty_rows ... ok
test module_md_header ... ok
test module_md_single_row_structure ... ok
test module_json_valid ... ok
test module_md_total_row ... ok
test module_md_unicode_name ... ok
test module_tsv_data_row ... ok
test module_tsv_header ... ok
test snapshot_module_md_two_modules ... ok
test snapshot_lang_tsv_with_files ... ok
test snapshot_lang_md_two_langs ... ok

test result: ok. 80 passed; 0 failed; 0 ignored; 0 measured; 0 filtered out; finished in 0.23s

     Running tests/format_depth_w58.rs (target/debug/deps/format_depth_w58-643b1ddd0a3d8bde)

running 37 tests
test csv_header_row_present ... ok
test csv_quotes_fields_with_commas ... ok
test csv_escapes_quotes_in_fields ... ok
test csv_unicode_file_path ... ok
test csv_column_count_consistent ... ok
test csv_with_zero_rows_has_only_header ... ok
test format_selection_md_produces_pipe_tables ... ok
test format_selection_tsv_produces_tabs ... ok
test format_selection_json_produces_json ... ok
test json_export_with_zero_rows_no_meta_is_empty_array ... ok
test json_export_with_meta_is_object ... ok
test json_lang_contains_rows_and_total ... ok
test json_lang_output_is_valid_json ... ok
test json_module_output_is_valid_json ... ok
test json_unicode_roundtrip ... ok
test jsonl_each_line_parses_as_json ... ok
test jsonl_line_count_equals_row_count ... ok
test md_lang_has_header_separator_and_total ... ok
test jsonl_with_zero_rows_produces_empty ... ok
test md_lang_header_order_with_files ... ok
test many_rows_lang_report_md ... ok
test md_lang_header_order_without_files ... ok
test md_lang_with_files_has_seven_columns ... ok
test md_lang_without_files_has_five_columns ... ok
test md_module_has_seven_columns ... ok
test md_module_header_order ... ok
test md_row_count_matches_data_plus_header_sep_total ... ok
test md_very_long_language_name ... ok
test md_with_zero_rows_still_has_header_and_total ... ok
test single_row_lang_report_md ... ok
test md_unicode_language_name ... ok
test tsv_lang_header_columns_match ... ok
test tsv_lang_with_files_header_has_seven_columns ... ok
test tsv_lang_uses_tab_delimiters ... ok
test tsv_unicode_language_name ... ok
test tsv_with_zero_rows_still_has_header_and_total ... ok
test tsv_module_header_columns_match ... ok

test result: ok. 37 passed; 0 failed; 0 ignored; 0 measured; 0 filtered out; finished in 0.01s

     Running tests/format_depth_w63.rs (target/debug/deps/format_depth_w63-61c32dbec4d719c1)

running 93 tests
test csv_child_kind_column ... ok
test csv_newline_in_lang_name_quoted ... ok
test csv_parent_kind_column ... ok
test csv_data_row_count ... ok
test csv_header_columns ... ok
test csv_commas_in_path_are_quoted ... ok
test csv_quotes_in_path_are_escaped ... ok
test cyclonedx_bom_format_field ... ok
test cyclonedx_component_type_is_file ... ok
test cyclonedx_child_kind_property ... ok
test cyclonedx_components_match_rows ... ok
test cyclonedx_empty_module_omits_group ... ok
test cyclonedx_serial_number_present ... ok
test cyclonedx_parent_no_kind_property ... ok
test cyclonedx_metadata_timestamp ... ok
test cyclonedx_tool_vendor ... ok
test determinism_csv ... ok
test determinism_diff_md ... ok
test determinism_cyclonedx ... ok
test determinism_diff_receipt ... ok
test determinism_lang_md ... ok
test determinism_lang_tsv ... ok
test determinism_module_md ... ok
test diff_language_added ... ok
test diff_language_removed ... ok
test diff_md_color_mode_ansi_codes ... ok
test diff_md_compact_mode ... ok
test diff_large_increase ... ok
test diff_md_contains_heading ... ok
test diff_md_language_movement_counts ... ok
test diff_md_negative_delta_red ... ok
test diff_negative_delta ... ok
test diff_receipt_mode_is_diff ... ok
test diff_receipt_schema_version_present ... ok
test diff_totals_aggregate_correctly ... ok
test diff_zero_delta ... ok
test empty_cyclonedx ... ok
test empty_diff_md ... ok
test empty_diff_rows ... ok
test empty_export_csv ... ok
test empty_export_jsonl ... ok
test empty_export_json ... ok
test empty_lang_md ... ok
test empty_lang_tsv ... ok
test empty_lang_json ... ok
test empty_module_md ... ok
test empty_module_tsv ... ok
test json_export_no_meta_is_array ... ok
test json_export_receipt_has_data_array ... ok
test json_lang_receipt_valid ... ok
test json_lang_receipt_has_tool_info ... ok
test json_module_receipt_valid ... ok
test jsonl_no_meta_skips_first_line ... ok
test jsonl_first_line_is_meta ... ok
test jsonl_row_lines_have_type_row ... ok
test jsonl_each_line_valid_json ... ok
test long_path_csv_preserves_full ... ok
test long_module_name_md ... ok
test long_path_jsonl_preserves_full ... ok
test md_lang_large_values_aligned ... ok
test md_lang_single_digit_values ... ok
test many_languages_diff ... ok
test jsonl_100_rows_correct_count ... ok
test md_lang_total_row_bold ... ok
test md_module_separator_row_present ... ok
test md_module_total_row_bold ... ok
test prop_diff_totals_delta_matches ... ok
test prop_csv_row_count_matches ... ok
test prop_lang_json_always_valid ... ok
test prop_tsv_no_trailing_tabs ... ok
test prop_module_json_always_valid ... ok
test prop_jsonl_line_count_with_meta ... ok
test snapshot_w63_diff_compact ... ok
test snapshot_w63_cyclonedx_basic ... ok
test snapshot_w63_csv_basic ... ok
test snapshot_w63_diff_md_full ... ok
test snapshot_w63_empty_lang_md ... ok
test snapshot_w63_module_md ... ok
test snapshot_w63_lang_md_multi_lang ... ok
test snapshot_w63_lang_tsv_no_files ... ok
test tsv_lang_tab_count_without_files ... ok
test tsv_header_matches_data_columns ... ok
test tsv_lang_tab_count_with_files ... ok
test tsv_module_tab_count ... ok
test tsv_no_trailing_tab ... ok
test unicode_diff_lang_name ... ok
test unicode_file_path_csv ... ok
test unicode_lang_name_md ... ok
test unicode_lang_name_tsv ... ok
test unicode_lang_name_json ... ok
test unicode_module_name_md ... ok
test unicode_path_cyclonedx ... ok
test prop_cyclonedx_component_count_matches ... ok

test result: ok. 93 passed; 0 failed; 0 ignored; 0 measured; 0 filtered out; finished in 0.33s

     Running tests/format_roundtrip_w52.rs (target/debug/deps/format_roundtrip_w52-4267c345bb555717)

running 24 tests
test csv_line_count_equals_header_plus_data ... ok
test json_deterministic_output ... ok
test csv_header_has_expected_columns ... ok
test json_export_is_valid_with_schema_version ... ok
test json_nested_structure_correctness ... ok
test json_lang_output_is_single_line ... ok
test json_roundtrip_empty_rows ... ok
test json_roundtrip_export_receipt ... ok
test json_roundtrip_module_receipt ... ok
test json_roundtrip_lang_receipt ... ok
test json_roundtrip_max_field_values ... ok
test json_roundtrip_special_characters_in_lang ... ok
test jsonl_line_count_matches_meta_plus_data ... ok
test jsonl_each_line_is_valid_json ... ok
test lang_row_count_consistent_across_formats ... ok
test markdown_contains_table_markers ... ok
test markdown_totals_row_is_last ... ok
test module_markdown_totals_row_is_last ... ok
test language_ordering_consistent_across_formats ... ok
test module_row_count_consistent_across_formats ... ok
test top_n_produces_same_count_in_all_formats ... ok
test module_total_code_consistent_across_formats ... ok
test total_code_lines_consistent_across_formats ... ok
test tsv_line_count_equals_header_plus_data ... ok

test result: ok. 24 passed; 0 failed; 0 ignored; 0 measured; 0 filtered out; finished in 0.01s

     Running tests/format_snapshot_w58.rs (target/debug/deps/format_snapshot_w58-1d078c0755a26679)

running 20 tests
test w58_diff_md_growth ... ok
test w58_export_csv_with_children ... ok
test w58_diff_md_no_change ... ok
test w58_export_json_rows_with_children ... ok
test w58_export_jsonl_with_children ... ok
test w58_diff_md_compact ... ok
test w58_lang_json_five_languages ... ok
test w58_lang_json_single_language ... ok
test w58_lang_md_five_languages ... ok
test w58_lang_md_embedded_collapse ... ok
test w58_lang_md_embedded_separate ... ok
test w58_lang_md_single_with_files ... ok
test w58_lang_md_zero_languages ... ok
test w58_lang_md_twenty_plus_languages ... ok
test w58_lang_tsv_five_languages ... ok
test w58_lang_tsv_without_files ... ok
test w58_lang_tsv_zero_languages ... ok
test w58_module_md_five_modules ... ok
test w58_module_json_five_modules ... ok
test w58_module_tsv_five_modules ... ok

test result: ok. 20 passed; 0 failed; 0 ignored; 0 measured; 0 filtered out; finished in 0.20s

     Running tests/format_tests.rs (target/debug/deps/format_tests-7bce36e32437a75f)

running 41 tests
test test_compute_diff_totals_nonzero_deltas ... ok
test test_compute_diff_totals_accumulation ... ok
test test_compute_diff_rows_delta_calculation ... ok
test test_compute_diff_rows_negative_delta ... ok
test test_compute_diff_totals_with_subtraction ... ok
test test_cyclonedx_empty_module_no_group ... ok
test test_cyclonedx_parent_has_no_kind_property ... ok
test test_cyclonedx_child_has_kind_property ... ok
test test_diff_row_only_bytes_changed ... ok
test test_diff_receipt_generated_at_ms_is_reasonable ... ok
test test_diff_row_old_new_distinct ... ok
test test_diff_row_only_tokens_changed ... ok
test test_json_generated_at_ms_is_reasonable ... ok
test test_json_no_redaction_with_none_mode ... ok
test test_json_strip_prefix_redacted_with_paths_mode ... ok
test test_jsonl_no_redaction_with_none_mode ... ok
test test_jsonl_strip_prefix_redacted_false_when_no_strip_prefix ... ok
test test_jsonl_generated_at_ms_is_reasonable ... ok
test test_normalize_scan_input_empty_after_strip ... ok
test test_jsonl_strip_prefix_redacted_with_all_mode ... ok
test test_normalize_scan_input_multiple_dot_slash ... ok
test test_jsonl_strip_prefix_redacted_with_paths_mode ... ok
test test_scan_args_empty_excluded_with_redact ... ok
test test_scan_args_individual_sub_flags ... ok
test test_render_diff_md_non_empty ... ok
test test_scan_args_no_ignore_implies_sub_flags ... ok
test test_scan_args_no_redact_option ... ok
test test_scan_args_preserves_global_flags ... ok
test test_scan_args_redact_none_mode ... ok
test test_scan_args_redact_paths_mode ... ok
test test_scan_args_redact_all_mode ... ok
test test_write_export_csv_format ... ok
test test_write_export_json_with_redaction ... ok
test test_write_export_cyclonedx_structure ... ok
test test_write_export_jsonl_with_meta ... ok
test test_write_export_jsonl_without_meta ... ok
test test_write_export_jsonl_to_file_writes_valid_jsonl ... ok
test test_write_export_writes_to_file ... ok
test test_write_lang_json_to_file_writes_valid_json ... ok
test test_write_module_json_to_file_writes_valid_json ... ok
test test_cyclonedx_snapshot_deterministic ... ok

test result: ok. 41 passed; 0 failed; 0 ignored; 0 measured; 0 filtered out; finished in 0.22s

     Running tests/fuzz_w73.rs (target/debug/deps/fuzz_w73-6ce694a440f7582f)

running 14 tests
test fuzz_diff_md_ansi_no_panic ... ok
test fuzz_diff_md_no_panic ... ok
test fuzz_diff_md_compact_no_panic ... ok
test fuzz_compute_diff_rows_no_panic ... ok
test fuzz_lang_json_no_panic ... ok
test fuzz_export_csv_no_panic ... ok
test fuzz_export_jsonl_no_panic ... ok
test fuzz_export_json_no_panic ... ok
test fuzz_lang_md_no_panic ... ok
test fuzz_lang_tsv_no_panic ... ok
test fuzz_tsv_with_tab_newline_names ... ok
test fuzz_module_md_no_panic ... ok
test fuzz_module_json_no_panic ... ok
test fuzz_module_tsv_no_panic ... ok

test result: ok. 14 passed; 0 failed; 0 ignored; 0 measured; 0 filtered out; finished in 0.68s

     Running tests/mutation_coverage_w50.rs (target/debug/deps/mutation_coverage_w50-b2220c3fa612ef84)

running 10 tests
test json_contains_mode_field ... ok
test json_rows_length_matches ... ok
test json_includes_tool_info ... ok
test json_contains_schema_version ... ok
test markdown_contains_data_values ... ok
test markdown_contains_header_markers ... ok
test markdown_line_count ... ok
test markdown_without_files_omits_files_column ... ok
test tsv_has_tab_separators ... ok
test tsv_total_row_present ... ok

test result: ok. 10 passed; 0 failed; 0 ignored; 0 measured; 0 filtered out; finished in 0.01s

     Running tests/properties.rs (target/debug/deps/properties-07dbfc2417822d9a)

running 18 tests
test diff_identical_zero_deltas ... ok
test diff_totals_equal_row_sums ... ok
test export_json_preserves_all_paths ... ok
test export_csv_line_count ... ok
test export_csv_deterministic ... ok
test export_json_roundtrip ... ok
test lang_md_header ... ok
test lang_md_deterministic ... ok
test lang_json_roundtrip ... ok
test lang_md_line_count ... ok
test lang_tsv_deterministic ... ok
test lang_tsv_line_count ... ok
test lang_json_valid ... ok
test module_report_deterministic ... ok
test module_md_deterministic ... ok
test module_json_roundtrip ... ok
test module_md_line_count ... ok
test module_tsv_deterministic ... ok

test result: ok. 18 passed; 0 failed; 0 ignored; 0 measured; 0 filtered out; finished in 0.02s

     Running tests/proptest_deep.rs (target/debug/deps/proptest_deep-f6f1b7bf54de7709)

running 17 tests
test diff_deltas_anti_symmetric ... ok
test diff_row_count_is_union_of_languages ... ok
test diff_each_row_delta_consistent ... ok
test diff_rows_are_deterministic ... ok
test diff_totals_match_source_reports ... ok
test diff_self_is_zero ... ok
test diff_totals_bytes_tokens_consistency ... ok
test export_csv_consistent_columns ... ok
test export_json_is_valid_json ... ok
test export_jsonl_each_line_is_valid_json ... ok
test lang_tsv_consistent_columns ... ok
test lang_md_pipe_balance ... ok
test lang_json_is_valid_json ... ok
test module_md_pipe_balance ... ok
test module_json_is_valid_json ... ok
test module_tsv_consistent_columns ... ok
test self_diff_produces_zero_deltas ... ok

test result: ok. 17 passed; 0 failed; 0 ignored; 0 measured; 0 filtered out; finished in 0.03s

     Running tests/proptest_expansion_w50.rs (target/debug/deps/proptest_expansion_w50-3d8081205f2bafd9)

running 16 tests
test file_row_json_roundtrip ... ok
test lang_json_always_valid ... ok
test lang_json_roundtrip_rows ... ok
test lang_row_json_roundtrip ... ok
test export_data_json_roundtrip ... ok
test lang_md_has_header_and_separator ... ok
test lang_md_never_panics ... ok
test lang_tsv_consistent_columns ... ok
test module_json_always_valid ... ok
test module_json_roundtrip_rows ... ok
test lang_tsv_never_panics ... ok
test module_row_json_roundtrip ... ok
test module_md_has_header_and_separator ... ok
test module_md_never_panics ... ok
test module_tsv_consistent_columns ... ok
test module_tsv_never_panics ... ok

test result: ok. 16 passed; 0 failed; 0 ignored; 0 measured; 0 filtered out; finished in 0.37s

     Running tests/proptest_w43.rs (target/debug/deps/proptest_w43-d3f71946fa1919c1)

running 23 tests
test diff_totals_equal_row_sums ... ok
test diff_anti_symmetric ... ok
test diff_self_zero_deltas ... ok
test export_csv_deterministic ... ok
test export_json_preserves_paths ... ok
test export_csv_line_count ... ok
test export_jsonl_deterministic ... ok
test export_json_always_valid ... ok
test lang_md_contains_separator ... ok
test export_jsonl_lines_valid ... ok
test lang_md_deterministic ... ok
test lang_md_line_count ... ok
test lang_md_pipe_balance ... ok
test lang_md_starts_with_pipe ... ok
test lang_tsv_consistent_columns ... ok
test lang_json_always_valid ... ok
test lang_tsv_deterministic ... ok
test module_md_starts_with_pipe ... ok
test module_md_contains_separator ... ok
test module_md_deterministic ... ok
test module_tsv_deterministic ... ok
test module_tsv_consistent_columns ... ok
test module_json_always_valid ... ok

test result: ok. 23 passed; 0 failed; 0 ignored; 0 measured; 0 filtered out; finished in 0.03s

     Running tests/scan_args_reexport.rs (target/debug/deps/scan_args_reexport-28c054ba7322a4c8)

running 1 test
test given_scan_args_reexport_when_called_then_output_matches_core_microcrate ... ok

test result: ok. 1 passed; 0 failed; 0 ignored; 0 measured; 0 filtered out; finished in 0.02s

     Running tests/schema_output_w53.rs (target/debug/deps/schema_output_w53-08c74390ac02cde4)

running 11 tests
test json_output_has_schema_version ... ok
test lang_json_has_rows_and_total ... ok
test json_and_tsv_have_same_row_count ... ok
test lang_all_formats_contain_same_totals ... ok
test lang_md_output_has_headers ... ok
test lang_json_output_is_valid_json ... ok
test lang_tsv_output_has_correct_columns ... ok
test md_table_has_separator_row ... ok
test module_md_output_has_headers ... ok
test module_json_output_is_valid_json ... ok
test module_tsv_output_has_correct_columns ... ok

test result: ok. 11 passed; 0 failed; 0 ignored; 0 measured; 0 filtered out; finished in 0.00s

     Running tests/snapshot_deep.rs (target/debug/deps/snapshot_deep-71b2e8edbe77781d)

running 35 tests
test determinism_lang_md_identical_across_calls ... ok
test determinism_export_csv_identical_across_calls ... ok
test determinism_lang_tsv_identical_across_calls ... ok
test determinism_module_md_identical_across_calls ... ok
test determinism_module_tsv_identical_across_calls ... ok
test snapshot_diff_all_added ... ok
test snapshot_cyclonedx_empty ... ok
test snapshot_cyclonedx_with_children ... ok
test snapshot_cyclonedx_redacted ... ok
test snapshot_diff_many_languages ... ok
test snapshot_export_csv_redact_all ... ok
test snapshot_diff_all_removed ... ok
test snapshot_export_csv_special_chars ... ok
test snapshot_export_csv_with_children ... ok
test snapshot_export_json_empty ... ok
test snapshot_export_json_with_children ... ok
test snapshot_export_jsonl_empty ... ok
test snapshot_export_jsonl_with_children ... ok
test snapshot_lang_md_many_with_files ... ok
test snapshot_lang_md_embedded_rows ... ok
test snapshot_lang_json_embedded_rows ... ok
test snapshot_lang_md_unicode ... ok
test snapshot_lang_tsv_unicode ... ok
test snapshot_lang_tsv_embedded_rows ... ok
test snapshot_lang_md_with_files_separate ... ok
test snapshot_lang_md_zero_values ... ok
test snapshot_lang_tsv_zero_values ... ok
test snapshot_module_md_forward_slash_paths ... ok
test snapshot_module_md_many ... ok
test snapshot_module_json_many ... ok
test snapshot_module_md_unicode ... ok
test snapshot_module_tsv_many ... ok
test snapshot_module_md_zero_values ... ok
test snapshot_module_tsv_unicode ... ok
test snapshot_module_tsv_zero_values ... ok

test result: ok. 35 passed; 0 failed; 0 ignored; 0 measured; 0 filtered out; finished in 0.20s

     Running tests/snapshot_format_w50.rs (target/debug/deps/snapshot_format_w50-15d41db2afadc0e3)

running 12 tests
test snapshot_export_csv_header ... ok
test snapshot_export_csv_min_code ... ok
test snapshot_diff_md_removed_language ... ok
test snapshot_export_json_envelope ... ok
test snapshot_export_jsonl ... ok
test snapshot_lang_md_five_languages ... ok
test snapshot_lang_md_no_files ... ok
test snapshot_lang_md_top3_with_other ... ok
test snapshot_lang_tsv_five_languages ... ok
test snapshot_module_json_nested ... ok
test snapshot_module_md_nested ... ok
test snapshot_module_tsv_nested ... ok

test result: ok. 12 passed; 0 failed; 0 ignored; 0 measured; 0 filtered out; finished in 0.20s

     Running tests/snapshot_golden_w54.rs (target/debug/deps/snapshot_golden_w54-db3a0151afab6219)

running 23 tests
test w54_export_csv ... ok
test w54_export_csv_empty ... ok
test w54_export_jsonl ... ok
test w54_export_json_rows ... ok
test w54_export_jsonl_empty ... ok
test w54_lang_json_empty ... ok
test w54_lang_md_embedded_collapse ... ok
test w54_lang_md_embedded_separate ... ok
test w54_lang_json_two_langs ... ok
test w54_lang_md_many_languages ... ok
test w54_lang_md_empty ... ok
test w54_lang_md_single_language ... ok
test w54_lang_md_with_files ... ok
test w54_lang_tsv_empty ... ok
test w54_lang_md_without_files ... ok
test w54_lang_tsv_single_language ... ok
test w54_lang_tsv_with_files ... ok
test w54_module_json ... ok
test w54_lang_tsv_without_files ... ok
test w54_module_md ... ok
test w54_module_md_empty ... ok
test w54_module_tsv ... ok
test w54_module_tsv_empty ... ok

test result: ok. 23 passed; 0 failed; 0 ignored; 0 measured; 0 filtered out; finished in 0.20s

     Running tests/snapshot_w40.rs (target/debug/deps/snapshot_w40-f0503e8b84444b4f)

running 4 tests
test snapshot_lang_md_table ... ok
test snapshot_lang_tsv ... ok
test snapshot_lang_json_envelope ... ok
test snapshot_module_md_breakdown ... ok

test result: ok. 4 passed; 0 failed; 0 ignored; 0 measured; 0 filtered out; finished in 0.18s

     Running tests/snapshot_w45.rs (target/debug/deps/snapshot_w45-2f3eaa07acb477c3)

running 8 tests
test snapshot_export_csv_single_file ... ok
test snapshot_diff_json_no_changes ... ok
test snapshot_export_csv_multi_file ... ok
test snapshot_diff_md_new_language ... ok
test snapshot_module_json_single ... ok
test snapshot_lang_md_top2 ... ok
test snapshot_module_tsv_single ... ok
test snapshot_export_cyclonedx_single_file ... ok

test result: ok. 8 passed; 0 failed; 0 ignored; 0 measured; 0 filtered out; finished in 0.20s

     Running tests/snapshot_w70.rs (target/debug/deps/snapshot_w70-f7f198ed98037aa9)

running 20 tests
test w70_export_jsonl_rows ... ok
test w70_lang_json_empty ... ok
test w70_export_csv_with_children ... ok
test w70_lang_json_single_lang ... ok
test w70_lang_md_empty ... ok
test w70_lang_json_two_langs ... ok
test w70_lang_md_four_langs ... ok
test w70_lang_md_embedded_separate ... ok
test w70_lang_md_single_lang ... ok
test w70_lang_md_top_limited ... ok
test w70_lang_md_two_langs_without_files ... ok
test w70_lang_md_two_langs_with_files ... ok
test w70_lang_tsv_empty ... ok
test w70_lang_tsv_four_langs ... ok
test w70_lang_tsv_with_files ... ok
test w70_lang_tsv_without_files ... ok
test w70_module_md_three_modules ... ok
test w70_module_json_three_modules ... ok
test w70_module_md_empty ... ok
test w70_module_tsv_three_modules ... ok

test result: ok. 20 passed; 0 failed; 0 ignored; 0 measured; 0 filtered out; finished in 0.20s

     Running tests/snapshot_w74.rs (target/debug/deps/snapshot_w74-d2234aad0777a386)

running 20 tests
test w74_export_cyclonedx ... ok
test w74_export_jsonl ... ok
test w74_export_json ... ok
test w74_export_csv ... ok
test w74_lang_json_single_lang ... ok
test w74_lang_md_embedded_separate ... ok
test w74_lang_json_empty ... ok
test w74_lang_json_three_langs ... ok
test w74_lang_md_single_lang ... ok
test w74_lang_md_three_langs_with_files ... ok
test w74_lang_md_empty ... ok
test w74_lang_md_empty_with_files ... ok
test w74_lang_md_three_langs_without_files ... ok
test w74_lang_tsv_empty ... ok
test w74_lang_tsv_single_lang ... ok
test w74_lang_tsv_three_langs ... ok
test w74_module_json_three_modules ... ok
test w74_module_md_three_modules ... ok
test w74_lang_tsv_without_files ... ok
test w74_module_tsv_three_modules ... ok

test result: ok. 20 passed; 0 failed; 0 ignored; 0 measured; 0 filtered out; finished in 0.19s

     Running tests/snapshots.rs (target/debug/deps/snapshots-bb12f2210a859cc3)

running 34 tests
test snapshot_diff_md_ansi_color ... ok
test snapshot_diff_md_compact ... ok
test snapshot_diff_json ... ok
test snapshot_diff_md_full ... ok
test snapshot_diff_md_no_changes ... ok
test snapshot_export_csv_empty ... ok
test snapshot_export_csv ... ok
test snapshot_export_json_no_meta ... ok
test snapshot_export_jsonl_no_meta ... ok
test snapshot_export_cyclonedx ... ok
test snapshot_export_json_with_meta ... ok
test snapshot_export_jsonl_single_file ... ok
test snapshot_export_jsonl_with_meta ... ok
test snapshot_lang_json ... ok
test snapshot_lang_json_empty ... ok
test snapshot_lang_json_many ... ok
test snapshot_lang_md_empty ... ok
test snapshot_lang_json_single ... ok
test snapshot_lang_md_many ... ok
test snapshot_lang_md_without_files ... ok
test snapshot_lang_md_single ... ok
test snapshot_lang_tsv_empty ... ok
test snapshot_lang_md_with_files ... ok
test snapshot_lang_tsv_without_files ... ok
test snapshot_lang_tsv_many ... ok
test snapshot_lang_tsv_with_files ... ok
test snapshot_lang_tsv_single ... ok
test snapshot_module_json ... ok
test snapshot_module_json_empty ... ok
test snapshot_module_md ... ok
test snapshot_module_md_empty ... ok
test snapshot_module_md_single ... ok
test snapshot_module_tsv_empty ... ok
test snapshot_module_tsv ... ok

test result: ok. 34 passed; 0 failed; 0 ignored; 0 measured; 0 filtered out; finished in 0.21s

     Running unittests src/lib.rs (target/debug/deps/tokmd_fun-c04859f864028302)

running 12 tests
test tests::render_midi_empty_notes ... ok
test tests::render_midi_channel_clamped_to_15 ... ok
test tests::render_midi_single_note ... ok
test tests::render_midi_multiple_notes ... ok
test tests::render_midi_tempo_min_clamped ... ok
test tests::render_obj_empty_input ... ok
test tests::sanitize_name_empty ... ok
test tests::sanitize_name_preserves_alphanumeric ... ok
test tests::sanitize_name_replaces_non_alphanumeric ... ok
test tests::render_obj_single_building ... ok
test tests::render_obj_sanitizes_names ... ok
test tests::render_obj_multiple_buildings ... ok

test result: ok. 12 passed; 0 failed; 0 ignored; 0 measured; 0 filtered out; finished in 0.00s

     Running tests/bdd.rs (target/debug/deps/bdd-3ee9c16c80dd189a)

running 46 tests
test given_1_bpm_when_rendered_then_tempo_wraps_in_24_bits ... ok
test given_120_bpm_when_rendered_then_tempo_is_500000 ... ok
test given_60_bpm_when_rendered_then_tempo_is_1000000 ... ok
test given_alphanumeric_name_when_rendered_then_name_unchanged ... ok
test given_any_input_when_rendered_then_format_is_single_track ... ok
test given_channel_0_when_rendered_then_channel_is_0 ... ok
test given_any_note_when_rendered_then_note_off_velocity_is_zero ... ok
test given_channel_255_when_rendered_then_clamped_to_15 ... ok
test given_any_notes_when_rendered_then_track_ends_with_end_of_track ... ok
test given_empty_name_when_rendered_then_object_line_has_empty_name ... ok
test given_empty_notes_when_rendered_then_track_ends_with_end_of_track ... ok
test given_name_with_slashes_when_rendered_then_replaced_with_underscores ... ok
test given_name_with_dots_dashes_when_rendered_then_replaced_with_underscores ... ok
test given_n_notes_when_rendered_then_event_count_is_2n_plus_2 ... ok
test given_no_buildings_when_rendered_then_no_vertex_or_face_lines ... ok
test given_name_with_spaces_when_rendered_then_replaced_with_underscores ... ok
test given_no_buildings_when_rendered_then_output_contains_only_header ... ok
test given_no_notes_when_rendered_then_track_has_tempo_and_end ... ok
test given_note_starting_at_480_with_duration_240_when_rendered_then_off_at_720 ... ok
test given_notes_out_of_order_when_rendered_then_events_sorted_by_time ... ok
test given_no_notes_when_rendered_then_valid_midi_produced ... ok
test given_origin_unit_cube_when_rendered_then_base_vertices_at_z_zero ... ok
test given_offset_building_when_rendered_then_position_reflected_in_vertices ... ok
test given_origin_unit_cube_when_rendered_then_top_vertices_at_z_one ... ok
test given_same_notes_when_rendered_twice_then_output_identical ... ok
test given_same_buildings_when_rendered_twice_then_output_identical ... ok
test given_single_building_when_rendered_then_eight_vertices ... ok
test given_single_building_when_rendered_then_header_present ... ok
test given_single_building_when_rendered_then_faces_reference_vertices_1_through_8 ... ok
test given_single_building_when_rendered_then_lines_follow_header_obj_verts_faces_order ... ok
test given_simultaneous_notes_when_rendered_then_both_note_ons_emitted ... ok
test given_single_building_when_rendered_then_object_named ... ok
test given_single_building_when_rendered_then_six_faces ... ok
test given_single_note_at_start_when_rendered_then_note_on_delta_is_zero ... ok
test given_single_note_when_rendered_then_note_on_and_off_present ... ok
test given_single_note_when_rendered_then_midi_header_correct ... ok
test given_specific_key_when_rendered_then_note_on_carries_that_key ... ok
test given_three_buildings_when_rendered_then_third_faces_start_at_17 ... ok
test given_two_buildings_when_rendered_then_second_building_faces_start_at_9 ... ok
test given_two_buildings_when_rendered_then_sixteen_vertices ... ok
test given_two_buildings_when_rendered_then_twelve_faces ... ok
test given_zero_bpm_when_rendered_then_no_division_by_zero ... ok
test given_two_buildings_when_rendered_then_two_object_lines ... ok
test given_zero_duration_note_when_rendered_then_on_and_off_at_same_tick ... ok
test given_zero_height_building_when_rendered_then_base_equals_top ... ok
test given_zero_width_building_when_rendered_then_valid_obj_produced ... ok

test result: ok. 46 passed; 0 failed; 0 ignored; 0 measured; 0 filtered out; finished in 0.01s

     Running tests/coverage.rs (target/debug/deps/coverage-c6ffc11f403386f4)

running 13 tests
test given_fractional_coords_when_rendered_then_values_present ... ok
test given_fractional_buildings_when_rendered_twice_then_identical ... ok
test given_key_127_when_rendered_then_note_on_key_is_127 ... ok
test given_key_zero_when_rendered_then_note_on_key_is_zero ... ok
test given_200_notes_when_rendered_then_event_count_is_402 ... ok
test given_max_bpm_when_rendered_then_valid_midi ... ok
test given_multi_channel_notes_when_rendered_twice_then_identical ... ok
test given_notes_on_different_channels_when_rendered_then_all_channels_present ... ok
test given_negative_position_when_rendered_then_vertices_reflect_negatives ... ok
test given_velocity_127_when_rendered_then_velocity_preserved ... ok
test given_velocity_zero_when_rendered_then_valid_midi ... ok
test given_negative_dimensions_when_rendered_then_still_valid_obj ... ok
test given_100_buildings_when_rendered_then_correct_vertex_and_face_counts ... ok

test result: ok. 13 passed; 0 failed; 0 ignored; 0 measured; 0 filtered out; finished in 0.01s

     Running tests/deep.rs (target/debug/deps/deep-7fb77f9891ffd90d)

running 23 tests
test midi_different_tempos_produce_different_output ... ok
test midi_empty_notes_valid_header ... ok
test midi_deterministic_same_input_same_output ... ok
test midi_channel_clamped_to_15 ... ok
test midi_large_start_offset ... ok
test midi_high_tempo ... ok
test midi_multiple_channels ... ok
test midi_notes_out_of_order_still_valid ... ok
test midi_simultaneous_notes ... ok
test midi_many_notes ... ok
test midi_single_note_valid ... ok
test midi_zero_duration_note ... ok
test midi_zero_tempo_clamped ... ok
test midi_zero_velocity_note ... ok
test obj_and_midi_both_handle_empty_input ... ok
test obj_empty_produces_header_only ... ok
test obj_negative_coords ... ok
test obj_deterministic_same_input_same_output ... ok
test obj_name_sanitization_special_chars ... ok
test obj_many_buildings_vertex_indexing ... ok
test obj_single_building_geometry ... ok
test obj_unicode_name_sanitized ... ok
test obj_zero_dimension_building ... ok

test result: ok. 23 passed; 0 failed; 0 ignored; 0 measured; 0 filtered out; finished in 0.00s

     Running tests/deep2.rs (target/debug/deps/deep2-8952d477353e7404)

running 32 tests
test midi_all_16_channels_simultaneously ... ok
test midi_always_has_exactly_one_track ... ok
test determinism_midi_complex_sequence ... ok
test midi_delta_times_sum_to_absolute_positions ... ok
test determinism_obj_complex_city ... ok
test midi_empty_notes_valid_at_various_tempos ... ok
test midi_header_format_is_single_track ... ok
test midi_header_timing_is_480_tpq ... ok
test midi_large_start_offset_produces_valid_midi ... ok
test midi_note_clone_produces_identical_output ... ok
test midi_note_debug_contains_fields ... ok
test midi_key_propagated_across_full_range ... ok
test midi_note_off_key_matches_note_on_key ... ok
test midi_overlapping_notes_all_events_present ... ok
test midi_saturating_sub_prevents_negative_deltas ... ok
test midi_tempo_event_is_first ... ok
test obj_all_eight_vertices_are_distinct_for_nondegenerate_building ... ok
test midi_tempo_values_for_common_bpms ... ok
test obj_all_underscores_name_preserved ... ok
test obj_building_clone_produces_equal_output ... ok
test obj_building_debug_contains_fields ... ok
test obj_building_order_preserved_in_output ... ok
test obj_emoji_name_sanitized_to_underscores ... ok
test obj_each_buildings_faces_reference_only_its_own_vertices ... ok
test obj_face_patterns_consistent_across_buildings ... ok
test obj_long_name_sanitized_without_truncation ... ok
test obj_numeric_only_name_preserved ... ok
test obj_output_contains_no_control_chars_except_newline ... ok
test obj_tab_and_newline_chars_sanitized ... ok
test obj_tiny_dimensions_produce_valid_geometry ... ok
test obj_vertex_positions_for_arbitrary_building ... ok
test obj_total_line_count_matches_formula ... ok

test result: ok. 32 passed; 0 failed; 0 ignored; 0 measured; 0 filtered out; finished in 0.00s

     Running tests/deep_w42.rs (target/debug/deps/deep_w42-bde629b1f784a412)

running 11 tests
test midi_high_tempo_deterministic ... ok
test midi_empty_deterministic ... ok
test midi_deterministic ... ok
test obj_building_name_sanitisation ... ok
test obj_empty_city_deterministic ... ok
test obj_eco_label_deterministic ... ok
test obj_special_chars_sanitised ... ok
test obj_face_indices_sequential ... ok
test obj_vertex_count_per_building ... ok
test snapshot_obj_tall_building ... ok
test snapshot_obj_eco_label_three_languages ... ok

test result: ok. 11 passed; 0 failed; 0 ignored; 0 measured; 0 filtered out; finished in 0.19s

     Running tests/deep_w45.rs (target/debug/deps/deep_w45-4f6b5fc57b13f36c)

running 28 tests
test midi_end_of_track_is_always_last_event_empty ... ok
test midi_format_is_single_track ... ok
test midi_end_of_track_is_always_last_event_many_notes ... ok
test midi_note_debug_is_non_empty ... ok
test midi_note_on_before_note_off_at_same_tick ... ok
test midi_event_count_formula ... ok
test midi_tempo_event_is_first ... ok
test midi_tempo_value_60bpm ... ok
test midi_tempo_value_matches_bpm ... ok
test midi_timing_is_metrical_480 ... ok
test midi_timing_is_metrical_480_regardless_of_tempo ... ok
test midi_note_clone_produces_equal_rendering ... ok
test obj_building_clone_produces_equal_rendering ... ok
test obj_building_debug_is_non_empty ... ok
test obj_empty_name_produces_empty_object_line ... ok
test obj_emoji_name_sanitized ... ok
test obj_top_vertices_z_equals_height ... ok
test obj_all_special_chars_name_produces_all_underscores ... ok
test obj_z_base_is_always_zero ... ok
test obj_line_count_formula ... ok
test properties::midi_deterministic ... ok
test properties::obj_always_has_header ... ok
test properties::midi_always_valid_header ... ok
test properties::midi_more_notes_means_more_bytes ... ok
test properties::obj_deterministic ... ok
test properties::obj_sanitized_names_are_clean ... ok
test snapshot_midi_1bpm_extreme_slow ... ok
test snapshot_midi_zero_bpm_clamped ... ok

test result: ok. 28 passed; 0 failed; 0 ignored; 0 measured; 0 filtered out; finished in 0.25s

     Running tests/deep_w69.rs (target/debug/deps/deep_w69-06014ba9388f5efe)

running 20 tests
test midi_max_channel_clamped ... ok
test midi_empty_notes_produces_valid_header ... ok
test midi_deterministic_across_calls ... ok
test midi_high_tempo ... ok
test midi_simultaneous_notes ... ok
test midi_overlapping_notes_sorted_correctly ... ok
test midi_zero_tempo_clamped ... ok
test obj_deterministic_after_clone ... ok
test obj_each_face_has_four_indices ... ok
test obj_all_zero_dimensions ... ok
test obj_deterministic_across_calls ... ok
test obj_face_indices_reference_valid_vertices ... ok
test obj_header_always_present ... ok
test obj_names_sanitized_for_special_chars ... ok
test obj_name_ordering_preserved ... ok
test obj_names_with_spaces_and_dashes ... ok
test obj_negative_coords_allowed ... ok
test obj_single_building_eco_label_proxy ... ok
test obj_zero_height_building ... ok
test obj_vertices_and_faces_scale_linearly ... ok

test result: ok. 20 passed; 0 failed; 0 ignored; 0 measured; 0 filtered out; finished in 0.00s

     Running tests/eco_label_w59.rs (target/debug/deps/eco_label_w59-20f9115de965fbd1)

running 22 tests
test obj_duplicate_names_produce_duplicate_objects ... ok
test obj_deterministic_across_10_runs ... ok
test obj_bottom_vertices_have_z_zero ... ok
test obj_100_buildings_correct_counts ... ok
test obj_every_line_type_is_known ... ok
test obj_infinity_coords_produce_valid_structure ... ok
test obj_faces_always_have_four_indices ... ok
test obj_fractional_coords_rendered_precisely ... ok
test obj_mixed_unicode_and_ascii_sanitized ... ok
test obj_input_order_matches_output_order ... ok
test obj_nan_coords_produce_valid_structure ... ok
test obj_negative_dimensions_do_not_panic ... ok
test obj_nan_height_does_not_crash ... ok
test obj_no_trailing_whitespace_on_face_lines ... ok
test obj_numeric_only_name_preserved ... ok
test obj_no_trailing_whitespace_on_vertex_lines ... ok
test obj_last_face_indices_for_many_buildings ... ok
test obj_path_separators_sanitized ... ok
test obj_single_char_name ... ok
test obj_top_vertices_have_z_equal_to_height ... ok
test obj_very_small_dimensions_not_lost ... ok
test obj_very_long_name_not_truncated ... ok

test result: ok. 22 passed; 0 failed; 0 ignored; 0 measured; 0 filtered out; finished in 0.00s

     Running tests/fun_outputs_w54.rs (target/debug/deps/fun_outputs_w54-a213667c78c1b980)

running 43 tests
test midi_empty_has_tempo_and_end_of_track ... ok
test midi_chord_all_notes_start_at_same_time ... ok
test midi_channel_above_15_clamped ... ok
test midi_channel_15_is_valid ... ok
test midi_end_of_track_is_last_event ... ok
test midi_single_note_has_4_events ... ok
test midi_format_is_single_track ... ok
test midi_reverse_order_notes_sorted_by_time ... ok
test midi_single_tick_duration_has_correct_off_time ... ok
test midi_tempo_at_0_bpm_clamped_produces_valid_midi ... ok
test midi_tempo_at_1_bpm_produces_valid_midi ... ok
test midi_tempo_event_is_first ... ok
test midi_tempo_at_60_bpm_is_1000000_us ... ok
test midi_n_notes_has_2n_plus_2_events ... ok
test midi_timing_is_480_ticks_per_quarter ... ok
test midi_zero_duration_has_on_and_off_at_same_tick ... ok
test midi_zero_duration_note_produces_valid_midi ... ok
test obj_all_zero_dimensions_building_collapses_to_point ... ok
test obj_base_vertex_at_origin ... ok
test obj_each_face_has_exactly_four_indices ... ok
test obj_emoji_name_is_sanitized ... ok
test obj_empty_header_is_only_line ... ok
test obj_empty_name_produces_empty_object_line ... ok
test obj_header_is_always_first_line ... ok
test obj_face_indices_reference_valid_vertices ... ok
test obj_large_coordinates_render_without_panic ... ok
test obj_deterministic_with_many_buildings ... ok
test obj_lines_per_building_is_15 ... ok
test obj_top_vertices_have_correct_height ... ok
test obj_unicode_name_is_sanitized ... ok
test obj_whitespace_name_all_underscores ... ok
test obj_zero_depth_building_produces_flat_geometry ... ok
test obj_zero_width_building_produces_flat_geometry ... ok
test obj_zero_height_building_produces_ground_plane ... ok
test obj_n_buildings_has_correct_line_count ... ok
test properties::midi_always_valid_header ... ok
test properties::midi_is_deterministic ... ok
test properties::obj_always_starts_with_header ... ok
test properties::midi_end_of_track_always_last ... ok
test properties::midi_event_count_formula ... ok
test properties::obj_is_deterministic ... ok
test properties::obj_has_8_vertices_per_building ... ok
test properties::obj_has_6_faces_per_building ... ok

test result: ok. 43 passed; 0 failed; 0 ignored; 0 measured; 0 filtered out; finished in 0.08s

     Running tests/fun_w75.rs (target/debug/deps/fun_w75-4040e66a957d7aac)

running 15 tests
test midi_deterministic_same_input ... ok
test midi_different_tempos_produce_different_output ... ok
test eco_label_single_language_building ... ok
test eco_label_multi_language_buildings ... ok
test midi_format_has_mthd_header ... ok
test eco_label_proportional_heights ... ok
test midi_format_has_mtrk_chunk ... ok
test midi_many_notes_produces_valid_output ... ok
test midi_single_note_minimal_output ... ok
test obj_deterministic_same_input ... ok
test obj_empty_input_produces_header_only ... ok
test obj_deterministic_after_clone ... ok
test obj_format_contains_object_vertex_face_lines ... ok
test obj_format_starts_with_header_comment ... ok
test obj_many_buildings_scales_correctly ... ok

test result: ok. 15 passed; 0 failed; 0 ignored; 0 measured; 0 filtered out; finished in 0.00s

     Running tests/midi_edge_w59.rs (target/debug/deps/midi_edge_w59-2d0b3195506e5dc7)

running 27 tests
test midi_always_single_track_format ... ok
test midi_channel_16_clamped_to_15 ... ok
test midi_channel_255_clamped_to_15 ... ok
test midi_channel_15_accepted ... ok
test midi_chord_all_at_tick_zero ... ok
test midi_different_channel_produces_different_output ... ok
test midi_different_key_produces_different_output ... ok
test midi_deterministic_across_10_runs ... ok
test midi_different_velocity_produces_different_output ... ok
test midi_end_of_track_present_empty ... ok
test midi_end_of_track_present_with_notes ... ok
test midi_event_count_for_n_notes ... ok
test midi_events_sorted_by_absolute_time ... ok
test midi_header_magic_bytes ... ok
test midi_key_127 ... ok
test midi_key_zero ... ok
test midi_large_start_offset_no_overflow ... ok
test midi_max_start_with_zero_duration_no_overflow ... ok
test midi_overlapping_notes_same_key_valid ... ok
test midi_tempo_at_60bpm ... ok
test midi_tempo_at_1bpm ... ok
test midi_tempo_max_u16 ... ok
test midi_tempo_zero_clamped_to_1 ... ok
test midi_timing_is_480_ticks_per_quarter ... ok
test midi_velocity_127 ... ok
test midi_velocity_zero_still_emits_note_on ... ok
test midi_zero_duration_note_on_off_same_tick ... ok

test result: ok. 27 passed; 0 failed; 0 ignored; 0 measured; 0 filtered out; finished in 0.01s

     Running tests/mutant_tests.rs (target/debug/deps/mutant_tests-516dc470fe5e54d1)

running 20 tests
test test_render_midi_not_trivial ... ok
test test_render_midi_non_empty ... ok
test test_render_midi_note_duration ... ok
test test_render_midi_tempo_division ... ok
test test_render_obj_non_empty ... ok
test test_render_midi_multiple_notes ... ok
test test_render_midi_tempo_value ... ok
test test_render_midi_note_off_timing ... ok
test test_render_obj_not_xyzzy ... ok
test test_render_obj_vertex_4_y_plus_d ... ok
test test_render_obj_vertex_6_coords ... ok
test test_render_obj_vertex_7_coords ... ok
test test_render_obj_vertex_8_coords ... ok
test test_render_obj_vertex_index_increment ... ok
test test_render_obj_vertex_y_plus_d ... ok
test test_render_obj_vertex_x_plus_w ... ok
test test_render_obj_vertex_z_plus_h ... ok
test test_sanitize_name_non_empty ... ok
test test_sanitize_name_special_chars ... ok
test test_sanitize_name_not_xyzzy ... ok

test result: ok. 20 passed; 0 failed; 0 ignored; 0 measured; 0 filtered out; finished in 0.00s

     Running tests/properties.rs (target/debug/deps/properties-bbe19ac2a3a669e5)

running 29 tests
test render_midi_key_range_valid ... ok
test render_midi_ends_with_end_of_track ... ok
test render_midi_empty_notes_valid ... ok
test render_midi_channel_clamped ... ok
test render_midi_notes_sorted_by_time ... ok
test render_midi_simultaneous_notes_included ... ok
test render_midi_produces_valid_header ... ok
test render_midi_tempo_calculation_correct ... ok
test render_midi_tempo_zero_safe ... ok
test render_midi_zero_duration_valid ... ok
test render_midi_velocity_range_valid ... ok
test render_obj_duplicate_names_valid ... ok
test render_obj_building_produces_8_vertices ... ok
test render_obj_building_produces_6_faces ... ok
test render_obj_empty_list_just_header ... ok
test render_obj_large_coordinates_no_overflow ... ok
test render_midi_many_notes_valid ... ok
test render_obj_names_sanitized ... ok
test render_obj_negative_coordinates_valid ... ok
test render_obj_face_indices_valid ... ok
test render_obj_unicode_names_sanitized ... ok
test render_obj_starts_with_header ... ok
test render_obj_zero_dimensions_valid ... ok
test render_obj_multiple_buildings_vertices ... ok
test render_obj_multiple_buildings_faces ... ok
test sanitize_name_is_deterministic ... ok
test sanitize_name_alphanumeric_unchanged ... ok
test sanitize_name_output_is_alphanumeric_underscore ... ok
test sanitize_name_preserves_length ... ok

test result: ok. 29 passed; 0 failed; 0 ignored; 0 measured; 0 filtered out; finished in 0.36s

     Running tests/properties_w59.rs (target/debug/deps/properties_w59-85068139527bfe77)

running 19 tests
test midi_note_clone_eq ... ok
test obj_building_debug_not_empty ... ok
test midi_note_debug_not_empty ... ok
test obj_building_clone_eq ... ok
test prop_midi_event_count ... ok
test prop_midi_always_parseable ... ok
test prop_midi_header_magic ... ok
test prop_midi_ends_with_eot ... ok
test prop_midi_deterministic ... ok
test prop_midi_single_track ... ok
test prop_obj_bottom_z_zero ... ok
test prop_obj_deterministic ... ok
test prop_obj_all_faces_are_quads ... ok
test prop_obj_face_indices_in_bounds ... ok
test prop_obj_face_count ... ok
test prop_obj_header_always_first ... ok
test prop_obj_top_z_equals_height ... ok
test prop_obj_names_match_input_order ... ok
test prop_obj_vertex_count ... ok

test result: ok. 19 passed; 0 failed; 0 ignored; 0 measured; 0 filtered out; finished in 0.61s

     Running tests/snapshot_fun.rs (target/debug/deps/snapshot_fun-8ac61a30348e67a1)

running 7 tests
test snapshot_midi_multichannel ... ok
test snapshot_midi_fast_tempo ... ok
test snapshot_obj_dense_grid ... ok
test snapshot_midi_overlapping_notes ... ok
test snapshot_obj_fractional_coords ... ok
test snapshot_obj_negative_origin ... ok
test snapshot_obj_tall_skyscraper ... ok

test result: ok. 7 passed; 0 failed; 0 ignored; 0 measured; 0 filtered out; finished in 0.18s

     Running tests/snapshot_fun_w50.rs (target/debug/deps/snapshot_fun_w50-964421e14bf8b619)

running 6 tests
test snapshot_midi_single_note ... ok
test snapshot_midi_chord ... ok
test snapshot_obj_code_city ... ok
test snapshot_obj_single_building ... ok
test snapshot_obj_empty ... ok
test snapshot_obj_special_name ... ok

test result: ok. 6 passed; 0 failed; 0 ignored; 0 measured; 0 filtered out; finished in 0.20s

     Running tests/snapshot_w40.rs (target/debug/deps/snapshot_w40-9574849063731250)

running 2 tests
test snapshot_midi_novelty ... ok
test snapshot_obj_eco_label ... ok

test result: ok. 2 passed; 0 failed; 0 ignored; 0 measured; 0 filtered out; finished in 0.33s

     Running tests/snapshot_w70.rs (target/debug/deps/snapshot_w70-8561e6fdb12d482c)

running 10 tests
test w70_midi_chord ... ok
test w70_midi_single_note ... ok
test w70_midi_scale_fragment ... ok
test w70_midi_empty_notes ... ok
test w70_obj_empty_city ... ok
test w70_obj_single_building ... ok
test w70_obj_fractional_coords ... ok
test w70_obj_special_chars ... ok
test w70_obj_three_buildings_grid ... ok
test w70_obj_zero_height ... ok

test result: ok. 10 passed; 0 failed; 0 ignored; 0 measured; 0 filtered out; finished in 0.18s

     Running tests/snapshots.rs (target/debug/deps/snapshots-95b30dc834ddb792)

running 12 tests
test snapshot_midi_chord ... ok
test snapshot_midi_scale_fragment ... ok
test snapshot_midi_60bpm ... ok
test snapshot_midi_empty_120bpm ... ok
test snapshot_midi_single_middle_c ... ok
test snapshot_obj_empty ... ok
test snapshot_obj_single_unit_cube ... ok
test snapshot_obj_offset_building ... ok
test snapshot_obj_special_chars_name ... ok
test snapshot_obj_two_buildings ... ok
test snapshot_obj_three_buildings_city ... ok
test snapshot_obj_zero_dimensions ... ok

test result: ok. 12 passed; 0 failed; 0 ignored; 0 measured; 0 filtered out; finished in 0.18s

     Running unittests src/lib.rs (target/debug/deps/tokmd_gate-aceabf9e01dc6289)

running 75 tests
test evaluate::tests::test_contains_on_string ... ok
test evaluate::tests::test_contains_operator ... ok
test evaluate::tests::test_equality_on_non_scalar_values ... ok
test evaluate::tests::test_equality ... ok
test evaluate::tests::test_fail_fast ... ok
test evaluate::tests::test_exists_operator ... ok
test evaluate::tests::test_fail_fast_does_not_stop_on_pass ... ok
test evaluate::tests::test_full_policy ... ok
test evaluate::tests::test_in_operator_non_member ... ok
test evaluate::tests::test_in_operator_membership ... ok
test evaluate::tests::test_in_operator_expected_format ... ok
test evaluate::tests::test_in_operator ... ok
test evaluate::tests::test_missing_value ... ok
test evaluate::tests::test_negate ... ok
test evaluate::tests::test_in_operator_with_negate ... ok
test evaluate::tests::test_no_fail_fast_evaluates_all_rules_even_after_failure ... ok
test evaluate::tests::test_numeric_comparisons ... ok
test evaluate::tests::test_numeric_epsilon_boundary_is_strict ... ok
test evaluate::tests::test_numeric_string_coercion ... ok
test evaluate::tests::test_strict_gt_lt_boundaries ... ok
test pointer::tests::test_empty_pointer ... ok
test pointer::tests::test_escape_token ... ok
test pointer::tests::test_array_index ... ok
test pointer::tests::test_escaped_tokens ... ok
test pointer::tests::test_invalid_pointer ... ok
test pointer::tests::test_nested_arrays ... ok
test pointer::tests::test_simple_path ... ok
test ratchet::tests::test_evaluate_ratchet_policy ... ok
test ratchet::tests::test_evaluate_ratchet_policy_fail ... ok
test ratchet::tests::test_gate_result_counts_only_failed_rules ... ok
test ratchet::tests::test_fail_fast_does_not_stop_on_pass ... ok
test ratchet::tests::test_no_fail_fast_evaluates_all_rules ... ok
test ratchet::tests::test_ratchet_acceptable_increase ... ok
test ratchet::tests::test_ratchet_both_constraints ... ok
test ratchet::tests::test_ratchet_boundary_exact_max_increase ... ok
test ratchet::tests::test_ratchet_boundary_exact_max_value ... ok
test ratchet::tests::test_ratchet_boundary_just_over_max_increase ... ok
test ratchet::tests::test_ratchet_boundary_just_over_max_value ... ok
test ratchet::tests::test_ratchet_excessive_increase ... ok
test ratchet::tests::test_ratchet_max_value_fail ... ok
test ratchet::tests::test_ratchet_missing_baseline ... ok
test ratchet::tests::test_ratchet_max_value_pass ... ok
test ratchet::tests::test_ratchet_config_from_toml ... ok
test ratchet::tests::test_ratchet_missing_baseline_allowed ... ok
test ratchet::tests::test_ratchet_missing_current ... ok
test ratchet::tests::test_ratchet_missing_current_allowed ... ok
test ratchet::tests::test_ratchet_no_regression ... ok
test ratchet::tests::test_ratchet_policy_fail_fast ... ok
test ratchet::tests::test_ratchet_only_max_value ... ok
test ratchet::tests::test_ratchet_policy_warn_level ... ok
test ratchet::tests::test_ratchet_string_numeric_coercion ... ok
test ratchet::tests::test_ratchet_with_description ... ok
test ratchet::tests::test_ratchet_zero_baseline_increase ... ok
test tests::evaluate_policy_all_pass ... ok
test tests::evaluate_policy_warn_does_not_fail ... ok
test tests::evaluate_policy_with_failure ... ok
test tests::policy_config_default_is_empty ... ok
test tests::gate_result_from_empty_results ... ok
test ratchet::tests::test_ratchet_zero_baseline ... ok
test tests::ratchet_gate_result_from_empty_results ... ok
test tests::ratchet_policy_fail_regression ... ok
test tests::ratchet_config_from_toml ... ok
test tests::policy_config_from_toml ... ok
test tests::ratchet_policy_pass ... ok
test tests::resolve_pointer_empty_is_whole_doc ... ok
test tests::resolve_pointer_missing_path ... ok
test tests::resolve_pointer_simple_path ... ok
test tests::rule_level_default_is_error ... ok
test tests::rule_operator_default_is_eq ... ok
test tests::rule_operator_display ... ok
test types::tests::test_gate_result ... ok
test types::tests::test_gate_result_counts_only_failed_rules ... ok
test types::tests::test_rule_operator_display ... ok
test types::tests::test_parse_policy ... ok
test types::tests::test_policy_from_file ... ok

test result: ok. 75 passed; 0 failed; 0 ignored; 0 measured; 0 filtered out; finished in 0.01s

     Running tests/bdd.rs (target/debug/deps/bdd-3e6484c0eda6cc64)

running 47 tests
test given_boolean_value_when_eq_checks_then_works ... ok
test given_array_field_when_contains_element_then_passes ... ok
test given_absent_field_when_negated_exists_rule_then_passes ... ok
test given_array_field_when_not_contains_element_then_fails ... ok
test given_boolean_value_when_pointer_resolves_then_returns_bool ... ok
test given_code_lines_at_minimum_when_gte_rule_evaluated_then_passes ... ok
test given_code_lines_below_minimum_when_gte_rule_evaluated_then_fails ... ok
test given_deeply_nested_object_when_pointer_resolves_then_returns_leaf ... ok
test given_empty_string_key_when_pointer_uses_slash_then_resolves ... ok
test given_fail_fast_when_first_error_rule_fails_then_stops_early ... ok
test given_fail_fast_when_warn_rule_fails_then_does_not_stop ... ok
test given_failing_error_rule_when_evaluated_then_gate_fails ... ok
test given_failing_rule_with_custom_message_when_evaluated_then_message_is_set ... ok
test given_failing_warn_rule_when_evaluated_then_gate_still_passes ... ok
test given_float_metric_when_gt_boundary_tested_then_strict_comparison ... ok
test given_license_in_approved_list_when_in_rule_evaluated_then_passes ... ok
test given_license_not_in_approved_list_when_in_rule_evaluated_then_fails_with_message ... ok
test given_metric_decreased_when_ratchet_evaluated_then_passes ... ok
test given_invalid_toml_when_parsed_then_returns_error ... ok
test given_metric_increase_over_pct_when_ratchet_evaluated_then_fails ... ok
test given_metric_exceeds_max_value_when_ratchet_evaluated_then_fails ... ok
test given_missing_pointer_when_allow_missing_false_then_fails ... ok
test given_missing_pointer_when_allow_missing_true_then_passes ... ok
test given_mixed_array_and_object_when_pointer_navigates_then_resolves ... ok
test given_negate_with_contains_when_element_absent_then_passes ... ok
test given_mixed_warn_and_error_when_only_warn_fails_then_gate_passes ... ok
test given_negate_with_lte_when_value_is_within_then_fails ... ok
test given_negative_values_when_compared_then_ordering_is_correct ... ok
test given_non_numeric_index_for_array_when_pointer_resolves_then_returns_none ... ok
test given_null_value_when_pointer_resolves_then_returns_null ... ok
test given_numeric_value_when_in_list_of_numbers_then_matches ... ok
test given_numeric_field_when_contains_checked_then_fails ... ok
test given_passing_rule_when_evaluated_then_actual_is_set_and_message_is_none ... ok
test given_present_field_when_exists_rule_then_passes ... ok
test given_present_field_when_negated_exists_rule_then_fails ... ok
test given_ratchet_warn_level_when_fails_then_gate_still_passes ... ok
test given_ratchet_toml_when_parsed_then_config_is_correct ... ok
test given_string_field_when_contains_substring_then_passes ... ok
test given_string_number_vs_string_threshold_when_eq_then_compares_as_string ... ok
test given_string_number_when_compared_numerically_then_coerces ... ok
test given_string_value_when_eq_matches_then_passes ... ok
test given_string_value_when_ne_matches_different_then_passes ... ok
test given_string_value_when_ne_matches_same_then_fails ... ok
test given_token_count_above_max_when_lte_rule_evaluated_then_fails ... ok
test given_token_count_below_max_when_lte_rule_evaluated_then_passes ... ok
test given_toml_with_negate_and_level_when_parsed_then_fields_set ... ok
test given_toml_with_all_operators_when_parsed_then_all_rules_load ... ok

test result: ok. 47 passed; 0 failed; 0 ignored; 0 measured; 0 filtered out; finished in 0.01s

     Running tests/deep.rs (target/debug/deps/deep-8d052c4c4247a673)

running 60 tests
test comparison_boundaries::negative_number_comparisons ... ok
test comparison_boundaries::large_number_comparisons ... ok
test comparison_boundaries::float_boundary_just_below_and_above ... ok
test comparison_boundaries::all_operators_at_equality_boundary ... ok
test edge_cases_empty::empty_rules_empty_data ... ok
test edge_cases_empty::exists_on_null_value_passes ... ok
test edge_cases_empty::gate_result_from_single_failed_error ... ok
test edge_cases_empty::gate_result_from_single_passed_error ... ok
test edge_cases_empty::policy_on_null_root_document ... ok
test edge_cases_empty::ratchet_gate_result_from_single_passed ... ok
test fail_fast_deep::fail_fast_continues_past_warn_failure_to_reach_error ... ok
test in_operator_deep::in_with_boolean_values ... ok
test in_operator_deep::in_with_mixed_numeric_types ... ok
test in_operator_deep::in_with_null_in_list ... ok
test contains_deep::contains_on_nested_array_element_via_pointer ... ok
test contains_deep::contains_array_with_mixed_types ... ok
test contains_deep::contains_unicode_substring ... ok
test missing_field_operators::all_comparison_operators_fail_on_missing_field ... ok
test missing_value_field::contains_with_no_value_fails_gracefully ... ok
test missing_value_field::eq_with_no_value_fails_gracefully ... ok
test missing_value_field::gt_with_no_value_fails_gracefully ... ok
test missing_value_field::in_with_no_values_list_fails_gracefully ... ok
test mixed_level_rules::all_passing_rules_mixed_levels ... ok
test mixed_level_rules::multiple_errors_multiple_warns_all_failing ... ok
test negate_and_allow_missing::negate_exists_on_missing_field_with_allow_missing_true ... ok
test negate_and_allow_missing::negate_gt_on_missing_field_with_allow_missing_false ... ok
test negate_and_allow_missing::negate_gt_on_missing_field_with_allow_missing_true ... ok
test pointer_deep::pointer_on_array_root ... ok
test pointer_deep::pointer_double_escape_round_trip ... ok
test pointer_deep::pointer_on_null_root ... ok
test pointer_deep::pointer_on_deeply_nested_array_of_objects ... ok
test pointer_deep::pointer_on_empty_object ... ok
test pointer_deep::pointer_on_scalar_root ... ok
test pointer_deep::pointer_on_string_root ... ok
test pointer_deep::pointer_to_empty_string_value ... ok
test pointer_deep::pointer_to_empty_array_value ... ok
test pointer_deep::pointer_to_zero_value ... ok
test pointer_deep::pointer_to_false_value ... ok
test pointer_property::invalid_pointers_always_return_none ... ok
test pointer_property::valid_pointer_on_matching_structure_always_resolves ... ok
test ratchet_deep::ratchet_both_missing_baseline_and_current_allowed ... ok
test ratchet_deep::ratchet_max_value_just_exceeded ... ok
test ratchet_deep::ratchet_fail_fast_does_not_stop_on_warn ... ok
test ratchet_deep::ratchet_max_value_zero ... ok
test ratchet_deep::ratchet_negative_values_decrease_is_ok ... ok
test ratchet_deep::ratchet_no_constraints_at_all_passes ... ok
test ratchet_deep::ratchet_percentage_calculation_accuracy ... ok
test ratchet_deep::ratchet_warn_level_does_not_block ... ok
test serde_deep::gate_result_with_mixed_results_roundtrip ... ok
test ratchet_file::ratchet_config_from_file_roundtrip ... ok
test serde_deep::full_policy_config_roundtrip_toml_json ... ok
test serde_deep::policy_rule_all_operators_roundtrip_json ... ok
test serde_deep::ratchet_config_roundtrip_toml_json ... ok
test serde_deep::rule_level_roundtrip_json ... ok
test type_mismatch::eq_between_non_numeric_string_and_number ... ok
test type_mismatch::eq_between_number_and_string_of_same_digits ... ok
test type_mismatch::gt_on_boolean_value_fails ... ok
test type_mismatch::gt_on_array_value_fails ... ok
test type_mismatch::gt_on_null_value_fails ... ok
test type_mismatch::gt_on_object_value_fails ... ok

test result: ok. 60 passed; 0 failed; 0 ignored; 0 measured; 0 filtered out; finished in 0.04s

     Running tests/deep_gate_round2_w51.rs (target/debug/deps/deep_gate_round2_w51-a1c8b4df091d0414)

running 41 tests
test gate_empty_rules_passes ... ok
test gate_only_warnings_still_passes ... ok
test gate_any_fail ... ok
test gate_mixed_warn_and_error ... ok
test gate_all_pass ... ok
test gate_result_deterministic_json ... ok
test missing_pointer_does_not_panic ... ok
test gate_result_serde_roundtrip ... ok
test missing_pointer_in_ratchet_does_not_panic ... ok
test missing_pointer_with_allow_missing ... ok
test negate_exists_means_must_not_exist ... ok
test negate_inverts_result ... ok
test operator_eq ... ok
test operator_exists ... ok
test operator_exists_missing_fails ... ok
test operator_gte ... ok
test operator_gt ... ok
test operator_in_with_values ... ok
test operator_lt ... ok
test operator_lte ... ok
test operator_ne ... ok
test pointer_array_index ... ok
test pointer_deeply_nested ... ok
test pointer_empty_returns_whole_document ... ok
test pointer_escaped_tilde_and_slash ... ok
test pointer_into_array_of_objects ... ok
test pointer_invalid_no_leading_slash ... ok
test ratchet_fail_when_regression_exceeds_threshold ... ok
test ratchet_max_value_ceiling ... ok
test ratchet_missing_baseline_pass_when_allowed ... ok
test ratchet_gate_result_serde_roundtrip ... ok
test ratchet_missing_baseline_fails_strict ... ok
test ratchet_pass_when_value_improves ... ok
test ratchet_pass_within_threshold ... ok
test ratchet_result_deterministic_json ... ok
test toml_policy_single_rule_fail ... ok
test toml_policy_allow_missing_treats_absent_as_pass ... ok
test toml_policy_fail_fast_stops_on_first_error ... ok
test toml_policy_multiple_rules_mixed ... ok
test toml_policy_single_rule_pass ... ok
test toml_ratchet_config_parse ... ok

test result: ok. 41 passed; 0 failed; 0 ignored; 0 measured; 0 filtered out; finished in 0.01s

     Running tests/deep_gate_w47.rs (target/debug/deps/deep_gate_w47-47da49f412215b7f)

running 58 tests
test contains_string_fail ... ok
test contains_array_pass ... ok
test custom_message_not_shown_on_pass ... ok
test contains_string_pass ... ok
test custom_message_on_failure ... ok
test empty_rules_policy_passes ... ok
test exists_negated_pass ... ok
test exists_operator_pass ... ok
test exists_operator_fail ... ok
test gate_result_counts_errors_correctly ... ok
test gate_result_counts_warnings_separately ... ok
test fail_fast_stops_after_first_error ... ok
test gate_result_from_empty_rules_passes ... ok
test gate_result_passed_warnings_not_counted ... ok
test in_operator_fail ... ok
test in_operator_pass ... ok
test missing_nested_pointer_fails ... ok
test missing_pointer_fails_when_not_allowed ... ok
test missing_pointer_passes_when_allowed ... ok
test mixed_error_and_warn_only_errors_fail ... ok
test mixed_rules_all_fail ... ok
test mixed_rules_all_pass ... ok
test mixed_rules_one_fail ... ok
test negate_inverts_result ... ok
test numeric_string_compared_as_number ... ok
test pointer_array_index ... ok
test pointer_deeply_nested_5_levels ... ok
test pointer_empty_returns_whole_doc ... ok
test pointer_into_scalar_returns_none ... ok
test pointer_missing_returns_none ... ok
test pointer_nested_path ... ok
test pointer_no_leading_slash_returns_none ... ok
test pointer_rfc6901_slash_escape ... ok
test pointer_rfc6901_tilde_escape ... ok
test pointer_simple_key ... ok
test prop_empty_policy_always_passes ... ok
test prop_empty_pointer_returns_root ... ok
test prop_gate_result_error_count_consistent ... ok
test ratchet_gate_result_aggregation ... ok
test ratchet_empty_rules_passes ... ok
test ratchet_max_value_ceiling ... ok
test ratchet_max_value_exceeded ... ok
test ratchet_over_threshold_fails ... ok
test ratchet_within_threshold_passes ... ok
test threshold_eq_fail ... ok
test threshold_gt_fail ... ok
test threshold_eq_pass ... ok
test threshold_gt_pass ... ok
test threshold_gte_boundary ... ok
test threshold_lt_fail ... ok
test threshold_lt_pass ... ok
test threshold_lte_boundary ... ok
test threshold_ne_fail ... ok
test threshold_ne_pass ... ok
test toml_defaults_applied ... ok
test toml_roundtrip_complex_policy ... ok
test prop_allow_missing_always_passes ... ok
test prop_valid_rule_never_panics ... ok

test result: ok. 58 passed; 0 failed; 0 ignored; 0 measured; 0 filtered out; finished in 0.05s

     Running tests/deep_w42.rs (target/debug/deps/deep_w42-e996a2e2885703d9)

running 54 tests
test empty_policy_passes ... ok
test custom_message_on_failure ... ok
test allow_missing_passes_on_absent_pointer ... ok
test contains_on_number_fails ... ok
test fail_fast_does_not_stop_on_warn ... ok
test fail_fast_stops_after_first_error ... ok
test float_comparison_gt ... ok
test float_comparison_lte ... ok
test gate_result_only_errors_fail ... ok
test gate_result_single_error_fails ... ok
test missing_pointer_fails_by_default ... ok
test multiple_rules_mixed_levels ... ok
test negate_inverts_eq_result ... ok
test negate_inverts_lte_result ... ok
test no_message_on_pass ... ok
test op_contains_array ... ok
test op_eq_integer ... ok
test op_contains_string ... ok
test op_eq_string ... ok
test op_exists_absent ... ok
test op_exists_negated ... ok
test op_exists_present ... ok
test op_gt_pass_and_fail ... ok
test op_gte_boundary ... ok
test op_lt_pass_and_fail ... ok
test op_in_match ... ok
test op_in_no_match ... ok
test op_lte_boundary ... ok
test op_ne_pass_and_fail ... ok
test pointer_array_in_nested_object ... ok
test pointer_deeply_nested_object ... ok
test pointer_empty_string_key ... ok
test pointer_into_scalar_returns_none ... ok
test pointer_null_value_is_some ... ok
test pointer_rfc6901_escape_tilde_and_slash ... ok
test ratchet_exceeds_max_increase_pct_fails ... ok
test ratchet_fail_fast_stops_on_error ... ok
test ratchet_gate_empty_is_pass ... ok
test ratchet_gate_result_mixed_warn_and_error ... ok
test ratchet_config_from_toml_roundtrip ... ok
test ratchet_max_value_ceiling ... ok
test ratchet_missing_baseline_strict_fails ... ok
test ratchet_missing_baseline_lenient_passes ... ok
test ratchet_missing_current_lenient_passes ... ok
test ratchet_missing_current_strict_fails ... ok
test ratchet_no_regression_passes ... ok
test ratchet_zero_baseline_nonzero_current_is_infinity ... ok
test ratchet_zero_to_zero_is_zero_pct ... ok
test string_numeric_comparison ... ok
test toml_invalid_returns_error ... ok
test toml_minimal_policy ... ok
test toml_complex_policy_with_all_options ... ok
test toml_all_operators ... ok
test warn_rules_do_not_fail_gate ... ok

test result: ok. 54 passed; 0 failed; 0 ignored; 0 measured; 0 filtered out; finished in 0.01s

     Running tests/deep_w66.rs (target/debug/deps/deep_w66-368e63bdee14dcc0)

running 35 tests
test empty_rules_passes ... ok
test gate_result_from_all_pass ... ok
test missing_pointer_fails_without_allow_missing ... ok
test missing_pointer_passes_with_allow_missing ... ok
test fail_fast_stops_after_first_error ... ok
test negate_exists_absent ... ok
test mixed_error_and_warn_counts ... ok
test negate_flips_result ... ok
test op_contains_array ... ok
test op_eq_string_and_numeric ... ok
test op_exists_present_and_absent ... ok
test op_gt_pass_and_fail ... ok
test op_contains_string ... ok
test op_gte_boundary ... ok
test op_lt_pass_and_fail ... ok
test op_in_with_values_list ... ok
test op_ne_pass_and_fail ... ok
test op_lte_boundary ... ok
test pointer_array_in_object ... ok
test pointer_deeply_nested ... ok
test pointer_escaped_tilde_and_slash ... ok
test pointer_no_leading_slash_returns_none ... ok
test ratchet_config_from_toml_with_max_value ... ok
test policy_config_from_toml_multiple_rules ... ok
test ratchet_gate_result_empty_passes ... ok
test ratchet_fail_exceeds_threshold ... ok
test ratchet_max_value_ceiling ... ok
test ratchet_missing_baseline_allowed ... ok
test ratchet_missing_baseline_fails_by_default ... ok
test ratchet_missing_current_allowed ... ok
test ratchet_pass_within_threshold ... ok
test ratchet_zero_baseline_same_current_passes ... ok
test warn_level_does_not_block_gate ... ok
test properties::evaluate_policy_deterministic ... ok
test properties::ratchet_deterministic ... ok

test result: ok. 35 passed; 0 failed; 0 ignored; 0 measured; 0 filtered out; finished in 0.02s

     Running tests/edge_cases.rs (target/debug/deps/edge_cases-f91ddf66306d4b70)

running 35 tests
test combined_evaluation::ratchet_with_both_constraints_failing ... ok
test config_file_errors::policy_from_invalid_toml_returns_error ... ok
test combined_evaluation::policy_passes_but_ratchet_fails ... ok
test combined_evaluation::policy_and_ratchet_both_pass ... ok
test config_file_errors::policy_from_nonexistent_file_returns_error ... ok
test config_file_errors::ratchet_from_invalid_toml_returns_error ... ok
test config_file_errors::ratchet_from_nonexistent_file_returns_error ... ok
test gate_error_display::invalid_pointer_display ... ok
test gate_error_display::io_error_display ... ok
test gate_error_display::missing_field_display ... ok
test gate_error_display::type_mismatch_display ... ok
test gate_error_display::invalid_operator_display ... ok
test operator_edge_cases::contains_in_empty_array ... ok
test operator_edge_cases::comparison_on_non_numeric_actual_fails_gracefully ... ok
test operator_edge_cases::contains_on_null_fails_gracefully ... ok
test operator_edge_cases::contains_empty_string_in_any_string ... ok
test operator_edge_cases::contains_on_numeric_value_fails_gracefully ... ok
test operator_edge_cases::contains_on_object_fails_gracefully ... ok
test operator_edge_cases::eq_on_boolean_values ... ok
test operator_edge_cases::eq_on_null_vs_null ... ok
test operator_edge_cases::in_operator_empty_values_list ... ok
test operator_edge_cases::in_operator_numeric_values ... ok
test pointer_edge_cases::pointer_through_mixed_objects_and_arrays ... ok
test operator_edge_cases::numeric_comparison_with_string_coercion ... ok
test pointer_edge_cases::pointer_to_deeply_nested_value ... ok
test pointer_edge_cases::pointer_to_empty_string_key ... ok
test pointer_edge_cases::pointer_with_numeric_key_on_object ... ok
test serde_roundtrips::gate_result_roundtrip_through_json ... ok
test serde_roundtrips::policy_config_roundtrip_through_json ... ok
test serde_roundtrips::ratchet_config_roundtrip_through_json ... ok
test serde_roundtrips::ratchet_gate_result_roundtrip ... ok
test type_defaults::policy_config_default_has_empty_rules ... ok
test type_defaults::ratchet_config_default_has_empty_rules ... ok
test type_defaults::rule_level_default_is_error ... ok
test type_defaults::rule_operator_default_is_eq ... ok

test result: ok. 35 passed; 0 failed; 0 ignored; 0 measured; 0 filtered out; finished in 0.04s

     Running tests/error_boundary.rs (target/debug/deps/error_boundary-08b6fc8f63e74a2d)

running 23 tests
test deeply_nested_pointer_missing_leaf ... ok
test deeply_nested_pointer_resolves ... ok
test contains_on_number_fails ... ok
test empty_toml_string_parses_to_default ... ok
test missing_pointer_with_allow_missing_passes ... ok
test malformed_toml_returns_error ... ok
test in_operator_with_no_values_list_fails ... ok
test missing_pointer_without_allow_missing_fails ... ok
test numeric_comparison_on_array_value_fails ... ok
test numeric_comparison_on_boolean_value_fails ... ok
test pointer_into_scalar_returns_none ... ok
test pointer_negative_array_index_returns_none ... ok
test pointer_array_index_out_of_bounds ... ok
test numeric_comparison_on_null_value_fails ... ok
test pointer_non_numeric_array_index_returns_none ... ok
test pointer_with_tilde_escape_sequences ... ok
test pointer_with_trailing_slash_resolves_empty_key ... ok
test pointer_without_leading_slash_returns_none ... ok
test policy_with_no_rules_passes ... ok
test policy_from_nonexistent_file_returns_io_error ... ok
test ratchet_non_numeric_current_value_fails ... ok
test ratchet_with_no_rules_passes ... ok
test ratchet_from_nonexistent_file_returns_io_error ... ok

test result: ok. 23 passed; 0 failed; 0 ignored; 0 measured; 0 filtered out; finished in 0.01s

     Running tests/error_cases.rs (target/debug/deps/error_cases-e153ed56ded422ea)

running 29 tests
test empty_policy_rules_always_passes ... ok
test contradictory_rules_gt_and_lt_same_value_fail ... ok
test contains_on_non_container_type_fails ... ok
test contradictory_eq_ne_same_value ... ok
test empty_ratchet_rules_always_passes ... ok
test evaluate_deeply_nested_missing_field_fails ... ok
test evaluate_missing_field_with_allow_missing_passes ... ok
test gate_result_all_passing_rules ... ok
test gate_result_mixed_errors_and_warnings ... ok
test evaluate_missing_field_without_allow_missing_fails ... ok
test in_operator_with_empty_values_list_fails ... ok
test in_operator_with_no_values_fails ... ok
test numeric_comparison_against_null_fails_gracefully ... ok
test numeric_comparison_against_boolean_fails_gracefully ... ok
test pointer_double_slash_resolves_empty_key ... ok
test numeric_comparison_against_string_value_fails_gracefully ... ok
test pointer_into_scalar_returns_none ... ok
test pointer_negative_index_returns_none ... ok
test pointer_non_numeric_array_index_returns_none ... ok
test pointer_out_of_bounds_array_index_returns_none ... ok
test pointer_with_tilde_escapes_resolves_correctly ... ok
test pointer_without_leading_slash_returns_none ... ok
test pointer_with_trailing_slash_resolves_empty_key ... ok
test policy_from_nonexistent_file_returns_io_error ... ok
test ratchet_boolean_value_is_not_numeric ... ok
test ratchet_non_numeric_current_value_fails ... ok
test policy_from_invalid_toml_returns_error ... ok
test ratchet_from_nonexistent_file_returns_io_error ... ok
test ratchet_from_invalid_toml_returns_error ... ok

test result: ok. 29 passed; 0 failed; 0 ignored; 0 measured; 0 filtered out; finished in 0.01s

     Running tests/error_handling.rs (target/debug/deps/error_handling-d23b2a159c1ba777)

running 40 tests
test empty_policy_rules_always_pass ... ok
test contains_without_value_fails ... ok
test contains_on_non_container_type_fails ... ok
test empty_ratchet_rules_always_pass ... ok
test eq_without_value_fails ... ok
test exists_on_null_value_still_exists ... ok
test gate_result_mixed_errors_and_warnings ... ok
test in_operator_without_values_list_fails ... ok
test lt_without_value_fails ... ok
test missing_pointer_path_with_allow_missing_passes ... ok
test not_exists_on_present_key_fails ... ok
test numeric_comparison_on_array_value_fails ... ok
test missing_pointer_path_without_allow_missing_fails ... ok
test numeric_comparison_on_non_numeric_value_fails ... ok
test numeric_comparison_on_null_value_fails ... ok
test numeric_comparison_on_object_value_fails ... ok
test policy_config_empty_string_parses_to_defaults ... ok
test policy_config_from_file_nonexistent_returns_error ... ok
test policy_config_malformed_toml_returns_error ... ok
test policy_config_rule_missing_name_returns_error ... ok
test policy_config_rule_invalid_operator_returns_error ... ok
test policy_config_rule_missing_pointer_returns_error ... ok
test policy_config_wrong_type_for_fail_fast_returns_error ... ok
test policy_config_wrong_type_for_rules_returns_error ... ok
test ratchet_config_empty_string_parses_to_defaults ... ok
test ratchet_config_from_file_nonexistent_returns_error ... ok
test ratchet_config_malformed_toml_returns_error ... ok
test ratchet_config_rule_missing_pointer_returns_error ... ok
test ratchet_gate_result_all_warnings_still_passes ... ok
test ratchet_missing_current_pointer_fails_without_allow ... ok
test ratchet_config_wrong_type_for_max_increase_pct_returns_error ... ok
test ratchet_missing_current_pointer_passes_with_allow ... ok
test ratchet_non_numeric_baseline_with_pct_check_fails ... ok
test ratchet_non_numeric_current_value_fails ... ok
test resolve_pointer_deeply_nested_missing_returns_none ... ok
test resolve_pointer_empty_key_segment ... ok
test resolve_pointer_into_scalar_returns_none ... ok
test resolve_pointer_invalid_array_index_returns_none ... ok
test resolve_pointer_missing_leading_slash_returns_none ... ok
test resolve_pointer_out_of_bounds_array_index_returns_none ... ok

test result: ok. 40 passed; 0 failed; 0 ignored; 0 measured; 0 filtered out; finished in 0.01s

     Running tests/error_w70.rs (target/debug/deps/error_w70-aaa43670bc01d79c)

running 21 tests
test from_file_with_nonexistent_path_returns_io_error ... ok
test exists_operator_on_present_key_passes ... ok
test empty_policy_with_no_rules_passes ... ok
test exists_operator_on_missing_key_fails ... ok
test from_toml_with_invalid_toml_returns_error ... ok
test negated_exists_on_present_key_fails ... ok
test from_toml_with_unknown_operator_returns_error ... ok
test numeric_comparison_against_boolean_value_fails ... ok
test numeric_comparison_against_array_value_fails ... ok
test numeric_comparison_against_null_value_fails ... ok
test numeric_comparison_against_object_value_fails ... ok
test numeric_comparison_against_string_value_fails ... ok
test pointer_into_scalar_returns_none ... ok
test pointer_deep_nonexistent_path_returns_none ... ok
test pointer_to_nonexistent_key_returns_none ... ok
test pointer_with_out_of_bounds_array_index_returns_none ... ok
test ratchet_from_toml_with_invalid_toml_returns_error ... ok
test ratchet_missing_baseline_value_fails_when_not_allowed ... ok
test ratchet_missing_current_value_fails ... ok
test rule_on_missing_pointer_fails_when_allow_missing_false ... ok
test rule_on_missing_pointer_passes_when_allow_missing_true ... ok

test result: ok. 21 passed; 0 failed; 0 ignored; 0 measured; 0 filtered out; finished in 0.01s

     Running tests/fuzz_w73.rs (target/debug/deps/fuzz_w73-10f6101a5ff3a86a)

running 14 tests
test fuzz_deeply_nested_receipt ... ok
test fuzz_evaluate_empty_policy_always_passes ... ok
test fuzz_in_operator_no_panic ... ok
test fuzz_negated_rule_no_panic ... ok
test fuzz_numeric_rule_no_panic ... ok
test fuzz_evaluate_policy_warn_never_fails ... ok
test fuzz_evaluate_policy_result_consistent ... ok
test fuzz_evaluate_policy_no_panic ... ok
test fuzz_ratchet_empty_config_passes ... ok
test fuzz_ratchet_identical_inputs ... ok
test fuzz_resolve_pointer_arbitrary_string ... ok
test fuzz_resolve_pointer_empty_always_returns_root ... ok
test fuzz_ratchet_no_panic ... ok
test fuzz_resolve_pointer_no_panic ... ok

test result: ok. 14 passed; 0 failed; 0 ignored; 0 measured; 0 filtered out; finished in 0.98s

     Running tests/gate_deep_w64.rs (target/debug/deps/gate_deep_w64-9fd112b8a7fbec43)

running 70 tests
test allow_missing_passes_when_pointer_absent ... ok
test bdd_ratchet_within_tolerance ... ok
test bdd_ratchet_over_tolerance ... ok
test all_numeric_operators ... ok
test bdd_tokens_over_budget_fails ... ok
test bdd_tokens_under_budget_passes ... ok
test boolean_eq_true ... ok
test boolean_ne_false ... ok
test contains_on_array ... ok
test custom_message_absent_on_pass ... ok
test contains_on_string ... ok
test disallow_missing_fails_when_pointer_absent ... ok
test empty_policy_always_passes ... ok
test exists_negated_passes_when_absent ... ok
test custom_message_appears_on_failure ... ok
test exists_operator_missing ... ok
test fail_fast_continues_when_passing ... ok
test exists_operator_present ... ok
test fail_fast_stops_after_first_error ... ok
test fail_fast_does_not_stop_on_warn ... ok
test gate_result_counts_errors_and_warnings_separately ... ok
test gate_result_from_empty_vec ... ok
test gate_result_passed_rules_contribute_zero_counts ... ok
test in_operator_no_match ... ok
test gate_result_serde_roundtrip ... ok
test in_operator_with_matching_value ... ok
test many_rules_all_pass ... ok
test negate_flips_eq ... ok
test negate_flips_numeric_comparison ... ok
test many_rules_one_fails ... ok
test mixed_warn_and_error_failures ... ok
test null_value_eq_null ... ok
test numeric_string_coerced_for_comparison ... ok
test parse_empty_toml_gives_default_policy ... ok
test parse_invalid_toml_returns_error ... ok
test parse_ratchet_config_empty_toml ... ok
test parse_ratchet_config_invalid_toml ... ok
test passing_warn_not_counted ... ok
test parse_multiple_rules_toml ... ok
test pointer_array_index_out_of_bounds ... ok
test pointer_deeply_nested_path ... ok
test pointer_boolean_value ... ok
test pointer_empty_string_returns_whole_document ... ok
test pointer_no_leading_slash_returns_none ... ok
test pointer_missing_intermediate_returns_none ... ok
test pointer_nested_arrays ... ok
test pointer_null_value ... ok
test pointer_rfc6901_tilde_escape ... ok
test pointer_root_slash_returns_empty_key ... ok
test ratchet_decrease_always_passes_pct_check ... ok
test policy_config_serde_roundtrip ... ok
test ratchet_gate_result_empty_passes ... ok
test ratchet_fail_fast_stops_after_first_error ... ok
test ratchet_max_value_ceiling_enforced ... ok
test ratchet_max_value_under_ceiling_passes ... ok
test ratchet_missing_baseline_fails_by_default ... ok
test ratchet_missing_baseline_passes_when_allowed ... ok
test ratchet_missing_current_fails_by_default ... ok
test ratchet_missing_current_passes_when_allowed ... ok
test ratchet_zero_baseline_nonzero_current_fails ... ok
test ratchet_zero_baseline_zero_current_passes ... ok
test rule_level_default_is_error ... ok
test rule_operator_default_is_eq ... ok
test rule_operator_display_all_variants ... ok
test rule_results_preserve_insertion_order ... ok
test same_input_same_output_property ... ok
test single_passing_rule ... ok
test single_failing_error_rule ... ok
test string_eq_comparison_exact ... ok
test warn_only_failures_still_pass_gate ... ok

test result: ok. 70 passed; 0 failed; 0 ignored; 0 measured; 0 filtered out; finished in 0.01s

     Running tests/gate_deep_w75.rs (target/debug/deps/gate_deep_w75-685a7dab021df2e5)

running 41 tests
test gate_result_from_empty_rules ... ok
test missing_pointer_allow_missing_passes ... ok
test fail_fast_stops_after_first_error ... ok
test custom_failure_message_propagated ... ok
test gate_result_serializes_to_json ... ok
test multiple_rules_all_pass ... ok
test missing_pointer_strict_fails_rule ... ok
test multiple_rules_one_fails ... ok
test negate_exists_means_should_not_exist ... ok
test negate_flag_inverts_result ... ok
test numeric_comparison_with_string_value ... ok
test op_contains_string_substring ... ok
test op_contains_array_membership ... ok
test op_eq_string_and_number ... ok
test op_exists_present_and_absent ... ok
test op_gt_pass_and_fail ... ok
test op_gte_pass_at_boundary ... ok
test op_lt_pass_and_fail ... ok
test op_in_membership ... ok
test op_lte_pass_at_boundary ... ok
test op_neq_pass_and_fail ... ok
test pointer_array_index ... ok
test pointer_deep_nesting ... ok
test pointer_empty_returns_whole_document ... ok
test pointer_missing_intermediate_key ... ok
test pointer_no_leading_slash_returns_none ... ok
test pointer_rfc6901_escape_sequences ... ok
test policy_from_file_nonexistent_errors ... ok
test policy_from_toml_invalid_syntax_errors ... ok
test ratchet_absolute_ceiling_exceeded ... ok
test policy_from_toml_string ... ok
test ratchet_exceeds_tolerance_fails ... ok
test ratchet_config_from_toml_string ... ok
test policy_from_file_roundtrip ... ok
test ratchet_result_serializes_to_json ... ok
test ratchet_missing_baseline_lenient_passes ... ok
test ratchet_zero_baseline_same_value_passes ... ok
test ratchet_missing_baseline_strict_fails ... ok
test rule_result_contains_actual_and_expected ... ok
test warn_level_does_not_fail_gate ... ok
test ratchet_within_tolerance_passes ... ok

test result: ok. 41 passed; 0 failed; 0 ignored; 0 measured; 0 filtered out; finished in 0.01s

     Running tests/gate_depth_w57.rs (target/debug/deps/gate_depth_w57-83cfaa6916313e6b)

running 46 tests
test eq_pass ... ok
test deeply_nested_pointer ... ok
test error_level_fails_gate ... ok
test contains_string ... ok
test evaluate_deterministic_across_runs ... ok
test exists_operator_fail ... ok
test exists_operator_pass ... ok
test fail_fast_stops_on_first_error ... ok
test float_equality ... ok
test gate_result_empty_passes ... ok
test gt_fail_when_equal ... ok
test gte_pass_equal ... ok
test gate_result_serde_roundtrip ... ok
test gt_pass ... ok
test in_operator_fail ... ok
test in_operator_pass ... ok
test lt_fail ... ok
test integer_and_float_comparison ... ok
test lt_pass ... ok
test lte_pass_equal ... ok
test missing_key_fails_by_default ... ok
test missing_key_passes_with_allow_missing ... ok
test mixed_error_and_warn ... ok
test ne_pass ... ok
test negate_inverts_result ... ok
test nested_array_in_object ... ok
test null_value_eq_null ... ok
test pointer_array_index ... ok
test pointer_deep_missing ... ok
test pointer_missing_key ... ok
test pointer_nested ... ok
test pointer_root ... ok
test pointer_single_key ... ok
test ratchet_fail_exceed_pct ... ok
test policy_from_toml_invalid ... ok
test ratchet_from_toml ... ok
test policy_from_toml_multiple_rules ... ok
test ratchet_gate_result_empty_passes ... ok
test ratchet_max_value_ceiling ... ok
test ratchet_pass_within_tolerance ... ok
test rule_level_serde_roundtrip ... ok
test ratchet_warn_level_does_not_fail ... ok
test rule_operator_serde_roundtrip ... ok
test rule_results_preserve_input_order ... ok
test ratchet_result_serde_roundtrip ... ok
test warn_level_does_not_fail_gate ... ok

test result: ok. 46 passed; 0 failed; 0 ignored; 0 measured; 0 filtered out; finished in 0.01s

     Running tests/gate_depth_w60.rs (target/debug/deps/gate_depth_w60-59aacfc377d1cbfd)

running 67 tests
test given_allow_missing_when_pointer_absent_then_pass ... ok
test gate_result_from_all_passing_rules ... ok
test gate_result_counts_errors_and_warnings_separately ... ok
test given_array_of_objects_when_index_resolved_then_object_returned ... ok
test given_array_out_of_bounds_when_resolved_then_none ... ok
test given_contains_op_when_array_has_element_then_pass ... ok
test given_complex_receipt_when_one_nested_rule_fails_then_gate_fails ... ok
test given_contains_op_when_string_has_substring_then_pass ... ok
test gate_result_json_roundtrip ... ok
test given_custom_message_when_rule_fails_then_message_in_result ... ok
test given_custom_message_when_rule_passes_then_message_is_none ... ok
test given_deeply_nested_path_when_resolved_then_leaf_found ... ok
test given_empty_pointer_when_resolved_then_whole_doc_returned ... ok
test given_empty_string_key_when_resolved_via_slash_then_found ... ok
test given_eq_when_values_differ_then_fail ... ok
test given_escaped_slash_in_key_when_resolved_then_correct_value ... ok
test given_escaped_tilde_in_key_when_resolved_then_correct_value ... ok
test given_eq_when_values_match_then_pass ... ok
test given_exists_op_when_key_absent_then_fail ... ok
test given_exists_op_when_key_present_then_pass ... ok
test given_fail_fast_when_first_rule_fails_then_remaining_skipped ... ok
test given_empty_toml_when_parsed_then_defaults_applied ... ok
test given_gt_when_actual_above_threshold_then_pass ... ok
test given_gt_when_actual_equals_threshold_then_fail ... ok
test given_gte_when_actual_equals_threshold_then_pass ... ok
test given_in_op_when_value_in_list_then_pass ... ok
test given_in_op_when_value_not_in_list_then_fail ... ok
test given_lt_when_actual_below_threshold_then_pass ... ok
test given_invalid_toml_when_parsed_then_error ... ok
test given_lt_when_actual_equals_threshold_then_fail ... ok
test given_lte_when_actual_above_threshold_then_fail ... ok
test given_missing_intermediate_key_when_resolved_then_none ... ok
test given_mixed_warn_and_error_when_error_fails_then_gate_fails ... ok
test given_lte_when_actual_equals_threshold_then_pass ... ok
test given_mixed_warn_and_error_when_only_warn_fails_then_pass ... ok
test given_ne_when_values_differ_then_pass ... ok
test given_ne_when_values_match_then_fail ... ok
test given_negated_exists_when_key_absent_then_pass ... ok
test given_negated_lte_when_below_threshold_then_fail ... ok
test given_nested_array_when_multi_index_resolved_then_value_found ... ok
test given_nested_receipt_when_multiple_deep_rules_then_correct_outcome ... ok
test given_no_allow_missing_when_pointer_absent_then_fail ... ok
test given_no_fail_fast_when_first_fails_then_all_evaluated ... ok
test given_pointer_to_boolean_when_resolved_then_bool_returned ... ok
test given_pointer_to_null_value_when_resolved_then_null_returned ... ok
test given_pointer_without_leading_slash_when_resolved_then_none ... ok
test given_ratchet_exceeds_threshold_when_evaluated_then_fail ... ok
test given_ratchet_both_constraints_when_pct_fails_then_fail ... ok
test given_ratchet_improvement_when_metric_decreases_then_pass ... ok
test given_ratchet_max_value_exceeded_when_evaluated_then_fail ... ok
test given_ratchet_max_value_not_exceeded_when_evaluated_then_pass ... ok
test given_ratchet_missing_baseline_when_allowed_then_pass ... ok
test given_ratchet_missing_baseline_when_strict_then_fail ... ok
test given_ratchet_missing_current_when_strict_then_fail ... ok
test given_ratchet_within_threshold_when_evaluated_then_pass ... ok
test given_ratchet_zero_baseline_with_zero_current_then_pass ... ok
test given_ratchet_toml_when_parsed_then_all_fields_set ... ok
test given_warn_rule_when_fails_then_gate_still_passes ... ok
test given_valid_policy_toml_when_parsed_then_all_fields_set ... ok
test properties::empty_policy_always_passes ... ok
test properties::pointer_resolution_deterministic ... ok
test ratchet_gate_result_from_empty_is_pass ... ok
test rule_level_serde_roundtrip ... ok
test rule_operator_serde_roundtrip_all_variants ... ok
test properties::evaluate_same_input_gives_same_output ... ok
test properties::ratchet_deterministic ... ok
test properties::operator_display_roundtrip ... ok

test result: ok. 67 passed; 0 failed; 0 ignored; 0 measured; 0 filtered out; finished in 0.03s

     Running tests/gate_error_handling_w54.rs (target/debug/deps/gate_error_handling_w54-44aab14b63756ef5)

running 35 tests
test all_operators_have_display ... ok
test gate_empty_rules_passes ... ok
test gate_exists_operator_fails_when_absent ... ok
test gate_exists_operator_passes_when_present ... ok
test gate_conflicting_rules_both_evaluated ... ok
test gate_contains_string ... ok
test gate_fail_fast_stops_on_first_error ... ok
test gate_impossible_threshold_always_fails ... ok
test gate_missing_pointer_fails_when_not_allowed ... ok
test gate_mix_of_pass_and_fail ... ok
test gate_missing_pointer_passes_when_allowed ... ok
test gate_numeric_op_on_string_fails ... ok
test gate_negate_inverts_result ... ok
test gate_unreachable_threshold_always_passes ... ok
test gate_result_from_empty_vec ... ok
test gate_result_deterministic_counts ... ok
test gate_warns_do_not_fail ... ok
test pointer_array_index_out_of_bounds ... ok
test pointer_empty_returns_whole_doc ... ok
test pointer_negative_index_returns_none ... ok
test pointer_on_scalar_returns_none ... ok
test pointer_to_nonexistent_deep_path ... ok
test pointer_with_rfc6901_escapes ... ok
test policy_config_from_file_nonexistent ... ok
test pointer_without_leading_slash_returns_none ... ok
test policy_config_from_toml_empty ... ok
test ratchet_empty_rules_passes ... ok
test policy_config_from_toml_invalid ... ok
test ratchet_exceeds_max_value_ceiling ... ok
test ratchet_gate_result_from_empty_vec ... ok
test ratchet_missing_baseline_with_max_value_only ... ok
test ratchet_missing_current_value_fails ... ok
test ratchet_zero_baseline_to_nonzero_current ... ok
test rule_level_default_is_error ... ok
test rule_operator_default_is_eq ... ok

test result: ok. 35 passed; 0 failed; 0 ignored; 0 measured; 0 filtered out; finished in 0.01s

     Running tests/integration.rs (target/debug/deps/integration-40bf4c7a602e94d1)

running 17 tests
test workflow_empty_ratchet_config_always_passes ... ok
test workflow_empty_policy_always_passes ... ok
test workflow_allow_missing_for_partial_receipts ... ok
test workflow_combined_policy_and_ratchet ... ok
test workflow_gate_result_serialization ... ok
test workflow_fail_fast_stops_at_first_error_rule ... ok
test workflow_ratchet_fail_fast_stops_on_first_error ... ok
test workflow_ratchet_all_metrics_within_bounds ... ok
test workflow_ratchet_regression_detected ... ok
test workflow_large_number_of_rules ... ok
test workflow_ratchet_with_missing_baseline_allowed ... ok
test workflow_ratchet_result_serialization ... ok
test workflow_standard_ci_gate_all_pass ... ok
test workflow_pr_merge_gate_scenario ... ok
test workflow_standard_ci_gate_some_fail ... ok
test workflow_toml_ratchet_config_roundtrip ... ok
test workflow_toml_driven_policy ... ok

test result: ok. 17 passed; 0 failed; 0 ignored; 0 measured; 0 filtered out; finished in 0.00s

     Running tests/policy_deep.rs (target/debug/deps/policy_deep-26f60ff6d2c28ece)

running 76 tests
test comparison_rules::exists_operator_present ... ok
test comparison_rules::eq_with_strings ... ok
test comparison_rules::exists_operator_absent ... ok
test comparison_rules::eq_with_booleans ... ok
test comparison_rules::gt_with_numbers ... ok
test comparison_rules::lt_with_numbers ... ok
test comparison_rules::negated_exists_on_absent_key ... ok
test comparison_rules::type_mismatch_numeric_op_on_array ... ok
test comparison_rules::ne_with_strings ... ok
test comparison_rules::ne_with_numbers ... ok
test comparison_rules::type_mismatch_numeric_op_on_boolean ... ok
test comparison_rules::type_mismatch_numeric_op_on_null ... ok
test pointer_evaluation::array_index_zero ... ok
test pointer_evaluation::array_index_last ... ok
test pointer_evaluation::combined_tilde_escapes ... ok
test pointer_evaluation::deep_nested_path_a_b_c ... ok
test pointer_evaluation::empty_pointer_returns_whole_document ... ok
test pointer_evaluation::pointer_array_out_of_bounds ... ok
test pointer_evaluation::nested_objects_and_arrays_mixed ... ok
test pointer_evaluation::pointer_into_scalar_returns_none ... ok
test pointer_evaluation::pointer_to_boolean_value ... ok
test pointer_evaluation::pointer_nonexistent_intermediate_path ... ok
test pointer_evaluation::pointer_nonexistent_leaf ... ok
test pointer_evaluation::pointer_to_nested_array_of_arrays ... ok
test pointer_evaluation::pointer_to_null_value ... ok
test pointer_evaluation::pointer_without_leading_slash_returns_none ... ok
test pointer_evaluation::tilde_one_escape_resolves_slash_in_key ... ok
test pointer_evaluation::tilde_zero_escape_resolves_tilde_in_key ... ok
test policy_evaluation::custom_message_not_present_on_pass ... ok
test policy_evaluation::custom_message_propagated_on_failure ... ok
test policy_evaluation::fail_fast_short_circuits_after_first_error ... ok
test policy_evaluation::fail_fast_does_not_stop_on_warnings ... ok
test policy_evaluation::gate_result_exit_code_fail_has_nonzero_errors ... ok
test policy_evaluation::gate_result_exit_code_pass_is_zero_errors ... ok
test policy_evaluation::gate_result_warnings_only_still_passes ... ok
test policy_evaluation::missing_pointer_with_allow_missing_passes ... ok
test policy_evaluation::multiple_rules_mixed_pass_fail ... ok
test policy_evaluation::missing_pointer_without_allow_missing_produces_failure ... ok
test policy_evaluation::multiple_rules_on_same_receipt_all_pass ... ok
test ratchet_mode::ratchet_gate_result_from_empty ... ok
test policy_evaluation::rule_result_actual_value_captured ... ok
test ratchet_mode::ratchet_fail_fast_stops_after_first_error ... ok
test ratchet_mode::ratchet_improvement_passes ... ok
test ratchet_mode::ratchet_missing_current_allowed_passes ... ok
test ratchet_mode::ratchet_missing_baseline_allowed_passes ... ok
test ratchet_mode::ratchet_missing_current_fails_by_default ... ok
test ratchet_mode::ratchet_missing_baseline_fails_by_default ... ok
test ratchet_mode::ratchet_no_change_passes ... ok
test ratchet_mode::ratchet_regression_fails ... ok
test ratchet_mode::ratchet_warn_level_does_not_fail_gate ... ok
test threshold_rules::boundary_exactly_at_gt_threshold_fails ... ok
test threshold_rules::boundary_exactly_at_gte_threshold ... ok
test threshold_rules::boundary_exactly_at_lt_threshold_fails ... ok
test threshold_rules::boundary_exactly_at_lte_threshold ... ok
test threshold_rules::exact_threshold_integer ... ok
test threshold_rules::float_vs_integer_comparison ... ok
test threshold_rules::exact_threshold_float ... ok
test threshold_rules::integer_vs_float_comparison ... ok
test threshold_rules::numeric_max_threshold_pass ... ok
test threshold_rules::numeric_min_threshold_fail ... ok
test threshold_rules::numeric_min_threshold_pass ... ok
test threshold_rules::numeric_max_threshold_fail ... ok
test threshold_rules::ratchet_exactly_at_percentage_boundary_passes ... ok
test threshold_rules::ratchet_max_value_ceiling ... ok
test threshold_rules::ratchet_percentage_threshold_exceeded ... ok
test threshold_rules::ratchet_percentage_threshold_within_bounds ... ok
test toml_parsing::invalid_toml_syntax_returns_error ... ok
test toml_parsing::extra_unknown_fields_are_ignored_by_default ... ok
test toml_parsing::both_levels_parse_from_toml ... ok
test toml_parsing::missing_rules_defaults_to_empty ... ok
test toml_parsing::all_operators_parse_from_toml ... ok
test toml_parsing::policy_from_nonexistent_file_errors ... ok
test toml_parsing::valid_ratchet_config_from_toml ... ok
test toml_parsing::valid_policy_with_all_fields ... ok
test toml_parsing::policy_from_file_on_disk ... ok
test toml_parsing::ratchet_config_from_file_on_disk ... ok

test result: ok. 76 passed; 0 failed; 0 ignored; 0 measured; 0 filtered out; finished in 0.01s

     Running tests/policy_w68.rs (target/debug/deps/policy_w68-807867a34f7e6657)

running 39 tests
test gate_result_empty_rules_passes ... ok
test negate_inverts_result ... ok
test allow_missing_treats_as_pass ... ok
test fail_fast_stops_after_first_error ... ok
test missing_value_fails_by_default ... ok
test op_contains_array ... ok
test op_eq_passes_on_equal ... ok
test op_contains_string ... ok
test op_exists_fails_when_absent ... ok
test op_exists_passes_when_present ... ok
test op_gt_fails_when_equal ... ok
test op_gt_passes_when_greater ... ok
test op_in_fails_when_absent ... ok
test op_gte_passes_when_equal ... ok
test op_in_passes_when_value_in_list ... ok
test op_lt_passes_when_less ... ok
test op_lte_fails_when_greater ... ok
test op_lte_passes_when_equal ... ok
test op_neq_passes_on_different ... ok
test pointer_empty_returns_root ... ok
test pointer_no_leading_slash_returns_none ... ok
test pointer_nested_array ... ok
test pointer_missing_key_returns_none ... ok
test pointer_out_of_bounds_array ... ok
test pointer_resolves_array_element ... ok
test pointer_resolves_nested_object ... ok
test pointer_tilde_escaping ... ok
test policy_from_toml_roundtrip ... ok
test ratchet_config_from_toml_parses ... ok
test ratchet_empty_rules_passes ... ok
test ratchet_fails_exceeding_threshold ... ok
test ratchet_max_value_ceiling ... ok
test ratchet_passes_within_threshold ... ok
test verdict_error_fails_gate ... ok
test verdict_all_pass ... ok
test verdict_mixed_error_and_warn ... ok
test verdict_warn_does_not_fail_gate ... ok
test proptests::pointer_resolution_deterministic ... ok
test proptests::evaluate_is_deterministic ... ok

test result: ok. 39 passed; 0 failed; 0 ignored; 0 measured; 0 filtered out; finished in 0.01s

     Running tests/properties.rs (target/debug/deps/properties-45b8f19133776730)

running 40 tests
test empty_policy_parses ... ok
test contains_array_passes ... ok
test eq_different_values ... ok
test eq_same_values ... ok
test contains_string_fails ... ok
test contains_string_passes ... ok
test float_comparisons ... ok
test exists_false_when_missing ... ok
test gate_all_pass ... ok
test gate_result_counts_errors ... ok
test gate_result_fail_if_any_fail ... ok
test gate_result_from_empty ... ok
test gt_is_strict ... ok
test gt_respects_order ... ok
test gte_includes_equal ... ok
test exists_true_when_present ... ok
test lt_is_strict ... ok
test level_roundtrip ... ok
test lt_respects_order ... ok
test lte_includes_equal ... ok
test ne_is_negation_of_eq ... ok
test negate_eq_equals_ne ... ok
test negate_inverts_result ... ok
test in_passes_when_member ... ok
test in_fails_when_not_member ... ok
test operator_is_snake_case ... ok
test pointer_handles_escapes ... ok
test negated_exists_passes_when_missing ... ok
test operator_roundtrip ... ok
test pointer_empty_returns_root ... ok
test pointer_oob_array_returns_none ... ok
test pointer_resolves_array_indices ... ok
test pointer_missing_key_returns_none ... ok
test pointer_token_no_null ... ok
test pointer_through_scalar_returns_none ... ok
test policy_flags_parse ... ok
test threshold_ge_operator ... ok
test pointer_without_slash_returns_none ... ok
test string_eq_case_sensitive ... ok
test pointer_resolves_nested_objects ... ok

test result: ok. 40 passed; 0 failed; 0 ignored; 0 measured; 0 filtered out; finished in 0.20s

     Running tests/proptest_deep.rs (target/debug/deps/proptest_deep-c5b2d06d371c31af)

running 20 tests
test deeply_nested_pointer_safety ... ok
test gate_passes_only_when_all_errors_pass ... ok
test allow_missing_behavior ... ok
test gate_result_counts_consistent ... ok
test gate_result_passed_iff_zero_errors ... ok
test evaluation_deterministic_across_all_operators ... ok
test gate_result_total_counts ... ok
test gate_warnings_do_not_cause_failure ... ok
test gt_lt_complementary ... ok
test gt_lte_are_complements ... ok
test gt_transitive ... ok
test comparison_transitivity ... ok
test gte_lte_cover_all_cases ... ok
test lt_gte_are_complements ... ok
test lt_transitive ... ok
test policy_config_roundtrip ... ok
test ratchet_determinism ... ok
test ratchet_no_change_passes ... ok
test pointer_resolves_three_levels_deep ... ok
test invalid_pointer_no_panic ... ok

test result: ok. 20 passed; 0 failed; 0 ignored; 0 measured; 0 filtered out; finished in 0.08s

     Running tests/proptest_expansion_w50.rs (target/debug/deps/proptest_expansion_w50-67d665b8e3ec6318)

running 17 tests
test array_index_resolves ... ok
test empty_policy_always_passes ... ok
test known_key_resolves ... ok
test empty_pointer_returns_whole_doc ... ok
test gate_result_error_count_matches ... ok
test nested_key_resolves ... ok
test negate_flips_exists_result ... ok
test policy_config_toml_roundtrip ... ok
test ratchet_config_toml_roundtrip ... ok
test missing_leading_slash_returns_none ... ok
test ratchet_result_counts_correct ... ok
test ratchet_empty_rules_passes ... ok
test ratchet_same_values_pass ... ok
test rule_operator_display_roundtrip ... ok
test resolve_pointer_never_panics ... ok
test warn_only_rules_never_fail_gate ... ok
test evaluate_policy_never_panics ... ok

test result: ok. 17 passed; 0 failed; 0 ignored; 0 measured; 0 filtered out; finished in 0.13s

     Running tests/proptest_w72.rs (target/debug/deps/proptest_w72-4cac1c08b6ad2b54)

running 15 tests
test exists_on_present_key ... ok
test eq_reflexive ... ok
test exists_on_absent_key ... ok
test evaluation_is_deterministic ... ok
test gate_result_errors_zero_implies_passed ... ok
test gt_irreflexive ... ok
test gte_reflexive ... ok
test lt_irreflexive ... ok
test lte_reflexive ... ok
test ratchet_empty_rules_pass ... ok
test ne_irreflexive ... ok
test negate_inverts_pass ... ok
test ratchet_identity_passes ... ok
test resolve_pointer_root ... ok
test ratchet_large_increase_fails ... ok

test result: ok. 15 passed; 0 failed; 0 ignored; 0 measured; 0 filtered out; finished in 0.04s

     Running unittests src/lib.rs (target/debug/deps/tokmd_git-609bd1572d6fe04f)

running 6 tests
test tests::git_range_three_dot_format ... ok
test tests::git_range_default_is_two_dot ... ok
test tests::git_range_two_dot_format ... ok
test tests::resolve_base_ref_returns_none_when_nothing_resolves ... ok
test tests::resolve_base_ref_returns_requested_when_valid ... ok
test tests::rev_exists_finds_head_in_repo ... ok

test result: ok. 6 passed; 0 failed; 0 ignored; 0 measured; 0 filtered out; finished in 0.04s

     Running tests/bdd.rs (target/debug/deps/bdd-a358a31d6b8ff1d4)

running 46 tests
test scenario_classify_empty_and_whitespace ... ok
test scenario_classify_chore_ci_build_perf_style ... ok
test scenario_classify_case_insensitive_conventional ... ok
test scenario_classify_docs_conventional ... ok
test scenario_classify_feat_conventional ... ok
test scenario_classify_intent_breaking_change_with_scope ... ok
test scenario_classify_fix_conventional ... ok
test scenario_classify_intent_long_natural_language_subjects ... ok
test scenario_classify_keyword_chore ... ok
test scenario_classify_keyword_ci_build ... ok
test scenario_classify_intent_scoped_with_special_chars ... ok
test scenario_classify_keyword_docs ... ok
test scenario_classify_keyword_feat ... ok
test scenario_classify_keyword_fix ... ok
test scenario_classify_keyword_perf ... ok
test scenario_classify_keyword_refactor ... ok
test scenario_classify_keyword_style_lint ... ok
test scenario_classify_other_for_unrecognised ... ok
test scenario_classify_refactor_conventional ... ok
test scenario_classify_revert_patterns ... ok
test scenario_classify_test_conventional ... ok
test scenario_classify_word_boundary_no_false_positive ... ok
test scenario_collect_history_captures_subject_line ... ok
test scenario_collect_history_captures_commit_hash ... ok
test scenario_collect_history_each_commit_has_positive_timestamp ... ok
test scenario_collect_history_max_one_returns_single_commit ... ok
test scenario_collect_history_records_author_email ... ok
test scenario_collect_history_records_file_paths_for_commits ... ok
test scenario_collect_history_returns_commits_in_reverse_chronological_order ... ok
test scenario_collect_history_subject_with_pipes ... ok
test scenario_git_available_returns_true_in_test_env ... ok
test scenario_git_commit_clone_is_independent ... ok
test scenario_git_commit_is_debug_printable ... ok
test scenario_git_commit_with_empty_files_list ... ok
test scenario_git_commit_with_none_hash ... ok
test scenario_range_format_preserves_special_characters ... ok
test scenario_range_mode_copy ... ok
test scenario_range_mode_eq_and_clone ... ok
test scenario_collect_history_with_max_commit_files_preserves_commit_count ... ok
test scenario_repo_root_from_deeply_nested_subdir ... ok
test scenario_repo_root_outside_any_repo ... ok
test scenario_three_dot_range_format ... ok
test scenario_two_dot_range_format ... ok
test scenario_get_added_lines_multi_hunk_same_file ... ok
test scenario_get_added_lines_three_dot_mode ... ok
test scenario_repo_root_from_root_directory ... ok

test result: ok. 46 passed; 0 failed; 0 ignored; 0 measured; 0 filtered out; finished in 0.17s

     Running tests/bdd_extended.rs (target/debug/deps/bdd_extended-8e3158271feb33e5)

running 40 tests
test test_given_add_at_start_when_classified_then_feat ... ok
test test_given_default_range_mode_then_two_dot ... ok
test test_given_deps_word_when_classified_then_build ... ok
test test_given_documentary_word_when_classified_then_no_doc_match ... ok
test test_given_feat_with_bang_scope_when_classified_then_feat ... ok
test test_given_fix_keyword_beats_feat_keyword ... ok
test test_given_explicit_non_main_ref_when_missing_then_returns_none ... ok
test test_given_fresh_repo_when_rev_exists_head_then_true ... ok
test test_given_git_commit_with_empty_files_when_accessed_then_empty ... ok
test test_given_git_commit_with_no_hash_when_accessed_then_none ... ok
test test_given_github_revert_format_when_classified_then_revert ... ok
test test_given_any_repo_when_history_collected_then_timestamps_positive ... ok
test test_given_implement_at_start_when_classified_then_feat ... ok
test test_given_introduce_at_start_when_classified_then_feat ... ok
test test_given_commit_with_two_files_when_history_collected_then_both_listed ... ok
test test_given_head_as_ref_when_resolve_base_ref_then_returns_head ... ok
test test_given_non_git_dir_when_repo_root_called_then_not_the_dir_itself ... ok
test test_given_fresh_repo_when_rev_exists_nonsense_then_false ... ok
test test_given_only_colon_when_classified_then_other ... ok
test test_given_non_git_dir_when_rev_exists_then_false ... ok
test test_given_only_parens_when_classified_then_other ... ok
test test_given_patch_word_when_classified_then_fix ... ok
test test_given_pipeline_word_when_classified_then_ci ... ok
test test_given_range_format_with_empty_refs_then_just_dots ... ok
test test_given_range_mode_when_cloned_then_equal ... ok
test test_given_range_mode_when_debug_printed_then_not_empty ... ok
test test_given_range_modes_when_compared_then_eq_works ... ok
test test_given_multi_commit_repo_when_max_commits_one_then_one_returned ... ok
test test_given_new_multiline_file_when_get_added_lines_then_all_lines ... ok
test test_given_revert_colon_prefix_when_classified_then_revert ... ok
test test_given_revert_keyword_beats_fix_keyword ... ok
test test_given_only_deletion_when_get_added_lines_then_empty_map ... ok
test test_given_suffix_word_when_classified_then_no_false_match ... ok
test test_given_unknown_conventional_prefix_when_classified_then_keyword_fallback ... ok
test test_given_uppercase_fix_conventional_when_classified_then_fix ... ok
test test_given_word_cleanup_when_classified_then_chore ... ok
test test_given_word_revert_in_middle_when_classified_then_revert ... ok
test test_given_repo_with_known_author_when_history_collected_then_all_match ... ok
test test_given_same_ref_when_get_added_lines_then_empty ... ok
test test_given_repeated_edits_when_history_collected_then_all_commits_present ... ok

test result: ok. 40 passed; 0 failed; 0 ignored; 0 measured; 0 filtered out; finished in 0.14s

     Running tests/boundary_w53.rs (target/debug/deps/boundary_w53-3dbb90b552fbab8f)

running 16 tests
test classify_intent_conventional_feat ... ok
test classify_intent_docs ... ok
test classify_intent_conventional_fix ... ok
test classify_intent_unknown_falls_back_to_other ... ok
test classify_intent_empty_string ... ok
test collect_history_non_git_dir_returns_error ... ok
test git_available_returns_bool_without_panic ... ok
test repo_root_returns_none_for_non_git_dir ... ok
test repo_root_returns_none_for_nonexistent_path ... ok
test collect_history_empty_repo_returns_empty_or_error ... ok
test repo_root_returns_some_for_valid_git_repo ... ok
test rev_exists_returns_false_for_non_git_dir ... ok
test collect_history_single_commit ... ok
test rev_exists_returns_false_for_bogus_rev ... ok
test collect_history_returns_all_commits ... ok
test rev_exists_returns_true_for_head ... ok

test result: ok. 16 passed; 0 failed; 0 ignored; 0 measured; 0 filtered out; finished in 0.06s

     Running tests/deep.rs (target/debug/deps/deep-84d1680873656a60)

running 58 tests
test test_added_lines_empty_file ... ok
test test_added_lines_btreemap_ordered ... ok
test test_added_lines_multi_hunk ... ok
test test_added_lines_only_shows_changed_files ... ok
test test_added_lines_three_dot_mode ... ok
test test_author_extraction_email ... ok
test test_all_authors_nonempty ... ok
test test_classify_all_conventional_types ... ok
test test_classify_case_insensitive_conventional ... ok
test test_classify_conventional_breaking ... ok
test test_classify_conventional_with_scope ... ok
test test_classify_empty_string ... ok
test test_classify_keyword_heuristic_all ... ok
test test_classify_no_false_positive_prefix ... ok
test test_classify_no_false_positive_suffix ... ok
test test_classify_priority_fix_over_feat ... ok
test test_classify_priority_revert_over_fix ... ok
test test_all_timestamps_positive ... ok
test test_classify_revert_patterns ... ok
test test_classify_unknown_conventional_falls_to_keyword ... ok
test test_classify_whitespace_only ... ok
test test_bus_factor_single_author ... ok
test test_bus_factor_multiple_authors ... ok
test test_classify_real_commit_subjects ... ok
test test_commit_count_exact ... ok
test test_commit_hashes_unique ... ok
test test_commit_count_with_max ... ok
test test_commit_subject_special_chars ... ok
test test_deterministic_added_lines ... ok
test test_deterministic_history_output ... ok
test test_git_available ... ok
test test_git_commit_clone ... ok
test test_git_commit_debug ... ok
test test_coupling_files_changed_together ... ok
test test_history_includes_deleted_file_commits ... ok
test test_hotspot_change_frequency_order ... ok
test test_hotspot_most_changed_file ... ok
test test_many_commits ... ok
test test_history_reverse_chronological ... ok
test test_max_commit_files_truncation ... ok
test test_nested_paths_in_commit_files ... ok
test test_range_mode_copy ... ok
test test_range_mode_default ... ok
test test_range_mode_eq ... ok
test test_range_mode_format_three_dot ... ok
test test_range_mode_format_two_dot ... ok
test test_merge_commit_in_history ... ok
test test_repo_root_valid ... ok
test test_resolve_base_ref_explicit_nonexistent_returns_none ... ok
test test_resolve_base_ref_head ... ok
test test_rev_exists_head ... ok
test test_rev_exists_nonexistent ... ok
test test_rev_exists_specific_sha ... ok
test test_single_commit_has_hash ... ok
test test_single_commit_repo ... ok
test test_subject_with_pipe_chars ... ok
test test_freshness_latest_commit_has_greatest_timestamp ... ok
test test_freshness_per_file ... ok

test result: ok. 58 passed; 0 failed; 0 ignored; 0 measured; 0 filtered out; finished in 1.38s

     Running tests/deep_git_w48.rs (target/debug/deps/deep_git_w48-a3a4ed523f35287c)

running 38 tests
test classify_doc_singular ... ok
test classify_bugfix_conventional ... ok
test classify_feature_with_scope_and_breaking ... ok
test classify_hotfix_conventional ... ok
test classify_keyword_introduce ... ok
test classify_keyword_performance ... ok
test classify_keyword_restructure ... ok
test classify_tests_plural ... ok
test collect_history_tracks_nested_paths ... ok
test coupling_files_changed_together ... ok
test author_statistics_multiple_authors ... ok
test empty_repo_no_commits_after_init ... ok
test author_repeated_commits_same_author ... ok
test git_available_is_consistent ... ok
test git_commit_clone_preserves_fields ... ok
test git_commit_debug_format ... ok
test coupling_independent_files_never_co_change ... ok
test freshness_recent_commits_have_small_age ... ok
test freshness_last_change_timestamp_is_most_recent ... ok
test hotspot_commit_count_is_accurate ... ok
test max_commit_files_limits_file_list ... ok
test hotspot_frequently_changed_file_appears_often ... ok
test parse_commit_with_empty_subject ... ok
test merge_commit_appears_in_history ... ok
test parse_commit_with_pipe_in_subject ... ok
test parse_multiple_files_in_single_commit ... ok
test prop_classify_intent_never_panics ... ok
test prop_hotspot_score_nonnegative ... ok
test range_mode_copy_semantics ... ok
test range_mode_format_with_special_chars ... ok
test parse_single_commit_fields ... ok
test repo_root_none_for_non_repo ... ok
test prop_range_format_contains_refs ... ok
test max_commits_limits_result_count ... ok
test repo_root_matches_tempdir ... ok
test resolve_base_ref_explicit_nondefault_fails_fast ... ok
test single_commit_repo_fields ... ok
test rev_exists_with_valid_hash ... ok

test result: ok. 38 passed; 0 failed; 0 ignored; 0 measured; 0 filtered out; finished in 0.36s

     Running tests/deep_w43.rs (target/debug/deps/deep_w43-0a58f79eb30e1167)

running 52 tests
test classify_intent_case_insensitive_conventional ... ok
test classify_intent_conventional_chore ... ok
test classify_intent_conventional_breaking_change ... ok
test classify_intent_conventional_docs ... ok
test classify_intent_conventional_build ... ok
test classify_intent_conventional_feat ... ok
test classify_intent_conventional_ci ... ok
test classify_intent_conventional_fix ... ok
test classify_intent_conventional_feat_with_scope ... ok
test classify_intent_conventional_refactor ... ok
test classify_intent_conventional_perf ... ok
test classify_intent_conventional_style ... ok
test classify_intent_conventional_test ... ok
test classify_intent_empty_string ... ok
test classify_intent_keyword_add ... ok
test classify_intent_keyword_cleanup ... ok
test classify_intent_keyword_deps ... ok
test classify_intent_keyword_doc ... ok
test classify_intent_keyword_fix ... ok
test classify_intent_keyword_implement ... ok
test classify_intent_keyword_lint ... ok
test classify_intent_keyword_optimize ... ok
test classify_intent_keyword_pipeline ... ok
test classify_intent_keyword_readme ... ok
test classify_intent_keyword_refactor ... ok
test classify_intent_keyword_test ... ok
test classify_intent_revert_conventional ... ok
test classify_intent_revert_prefix ... ok
test classify_intent_unknown_subject ... ok
test classify_intent_whitespace_only ... ok
test classify_intent_word_boundary_prevents_false_match ... ok
test collect_history_empty_repo ... ok
test collect_history_max_commit_files_limit ... ok
test collect_history_single_commit ... ok
test git_available_returns_bool ... ok
test git_commit_with_all_fields ... ok
test git_commit_with_no_hash ... ok
test range_mode_default_is_two_dot ... ok
test range_mode_equality ... ok
test range_mode_format_with_empty_strings ... ok
test range_mode_three_dot_format_with_branches ... ok
test range_mode_two_dot_format_with_tags ... ok
test collect_history_multiple_commits_order ... ok
test repo_root_returns_none_for_non_repo ... ok
test collect_history_subdirectory_files ... ok
test collect_history_max_commits_limit ... ok
test repo_root_returns_some_for_git_repo ... ok
test resolve_base_ref_returns_none_for_explicit_nonexistent ... ok
test rev_exists_on_nonexistent_dir ... ok
test rev_exists_non_repo_directory ... ok
test rev_exists_bogus_ref ... ok
test rev_exists_head_after_commit ... ok

test result: ok. 52 passed; 0 failed; 0 ignored; 0 measured; 0 filtered out; finished in 0.13s

     Running tests/deep_w70.rs (target/debug/deps/deep_w70-fdbd014f54dc546a)

running 30 tests
test collect_history_empty_repo_returns_empty ... ok
test collect_history_single_commit ... ok
test intent_chore_ci_build_perf_style_conventional ... ok
test intent_deterministic ... ok
test intent_docs_conventional ... ok
test intent_empty_subject_is_other ... ok
test intent_feat_conventional ... ok
test intent_fix_conventional ... ok
test intent_keyword_docs ... ok
test intent_keyword_feat ... ok
test intent_keyword_fix ... ok
test intent_keyword_other_fallback ... ok
test intent_keyword_perf ... ok
test intent_keyword_refactor ... ok
test intent_keyword_style ... ok
test intent_refactor_conventional ... ok
test intent_revert_conventional ... ok
test intent_revert_git_format ... ok
test intent_test_conventional ... ok
test intent_whitespace_only_is_other ... ok
test range_default_is_two_dot ... ok
test range_format_with_empty_refs ... ok
test range_three_dot_format ... ok
test range_two_dot_format ... ok
test collect_history_respects_max_commit_files ... ok
test repo_root_returns_none_for_non_repo ... ok
test get_added_lines_detects_new_content ... ok
test repo_root_returns_path_for_valid_repo ... ok
test rev_exists_head_after_commit ... ok
test collect_history_respects_max_commits ... ok

test result: ok. 30 passed; 0 failed; 0 ignored; 0 measured; 0 filtered out; finished in 0.08s

     Running tests/git_contract_w64.rs (target/debug/deps/git_contract_w64-aa37559cd1476454)

running 66 tests
test added_lines_empty_diff ... ok
test added_lines_basic ... ok
test added_lines_three_dot_mode ... ok
test bdd_given_author_commits_then_author_correct ... ok
test bdd_given_file_edits_then_all_files_present ... ok
test boundary_max_commit_files_zero ... ok
test boundary_long_file_path ... ok
test boundary_max_commits_zero ... ok
test boundary_max_commits_one ... ok
test bdd_given_repo_with_five_commits_then_count_is_six ... ok
test bus_factor_multi_author ... ok
test collect_history_returns_authors ... ok
test collect_history_max_commit_files_limits ... ok
test collect_history_returns_hashes ... ok
test collect_history_timestamps_are_positive ... ok
test collect_history_max_commits_limits ... ok
test collect_seed_commit_only ... ok
test collect_multiple_commits ... ok
test commit_files_tracked_correctly ... ok
test commit_subject_preserved ... ok
test commits_ordered_newest_first ... ok
test coupling_independent_files_low_score ... ok
test edge_empty_repo_no_commits ... ok
test coupling_co_changed_files ... ok
test deterministic_collect_history ... ok
test edge_repo_root_not_found ... ok
test edge_repo_root_found ... ok
test deterministic_file_freq ... ok
test edge_resolve_base_ref_main_exists ... ok
test edge_resolve_base_ref_nonexistent ... ok
test edge_rev_exists_bogus ... ok
test git_available_returns_bool ... ok
test edge_rev_exists_head ... ok
test edge_single_commit_repo ... ok
test intent_breaking_change_bang ... ok
test intent_build_conventional ... ok
test intent_chore_conventional ... ok
test intent_ci_conventional ... ok
test intent_docs_conventional ... ok
test intent_empty_is_other ... ok
test intent_feat_conventional ... ok
test intent_feat_with_scope ... ok
test intent_fix_conventional ... ok
test intent_keyword_add ... ok
test intent_keyword_bug ... ok
test intent_keyword_doc ... ok
test intent_keyword_fix ... ok
test intent_keyword_implement ... ok
test intent_keyword_readme ... ok
test intent_perf_conventional ... ok
test intent_refactor_conventional ... ok
test intent_revert_conventional ... ok
test intent_revert_pattern ... ok
test intent_style_conventional ... ok
test intent_test_conventional ... ok
test intent_unknown_subject ... ok
test intent_whitespace_is_other ... ok
test property_classify_intent_deterministic ... ok
test property_classify_intent_never_panics ... ok
test range_mode_default_is_two_dot ... ok
test range_mode_equality ... ok
test range_mode_three_dot_format ... ok
test range_mode_two_dot_format ... ok
test freshness_newest_commit_has_highest_timestamp ... ok
test hotspot_most_changed_file_detected ... ok
test hotspot_frequency_ordering ... ok

test result: ok. 66 passed; 0 failed; 0 ignored; 0 measured; 0 filtered out; finished in 0.58s

     Running tests/git_depth_w60.rs (target/debug/deps/git_depth_w60-b23ca37263d374ca)

running 81 tests
test collect_history_non_repo_errors ... ok
test classify_intent_empty_always_other ... ok
test classify_intent_never_panics ... ok
test conventional_feat_always_feat ... ok
test conventional_fix_always_fix ... ok
test coupling_independent_files_have_low_cooccurrence ... ok
test collect_history_is_deterministic ... ok
test freshness_all_timestamps_are_positive ... ok
test git_commit_clone_is_equal ... ok
test git_commit_debug_format_not_empty ... ok
test git_commit_struct_fields_are_accessible ... ok
test git_commit_with_many_files ... ok
test git_commit_with_no_files_has_empty_vec ... ok
test coupling_files_committed_together_have_high_cooccurrence ... ok
test git_range_two_dot_has_exactly_two_dots ... ok
test git_range_format_contains_base_and_head ... ok
test hotspot_monotonic_in_commits ... ok
test hotspot_multiplication_commutative ... ok
test hotspot_score_is_lines_times_commits ... ok
test hotspot_zero_commits_is_zero ... ok
test hotspot_frequently_changed_file_has_most_commits ... ok
test intent_bugfix_alias ... ok
test hotspot_zero_lines_is_zero ... ok
test intent_build_conventional ... ok
test intent_chore_conventional ... ok
test intent_case_insensitive_conventional ... ok
test intent_ci_conventional ... ok
test intent_doc_singular ... ok
test intent_docs_conventional ... ok
test intent_empty_subject_is_other ... ok
test intent_feat_conventional ... ok
test intent_feat_with_scope ... ok
test intent_feature_alias ... ok
test intent_fix_conventional ... ok
test intent_fix_with_bang ... ok
test intent_hotfix_alias ... ok
test intent_keyword_add_feature ... ok
test intent_keyword_cleanup ... ok
test intent_keyword_deps ... ok
test intent_keyword_doc ... ok
test intent_keyword_fix_bug ... ok
test intent_keyword_implement ... ok
test intent_keyword_introduce ... ok
test intent_keyword_lint ... ok
test intent_keyword_perf_optimize ... ok
test intent_keyword_pipeline ... ok
test intent_keyword_readme ... ok
test intent_keyword_restructure ... ok
test intent_keyword_refactor ... ok
test intent_perf_conventional ... ok
test intent_keyword_revert_word ... ok
test intent_refactor_conventional ... ok
test intent_revert_colon_prefix ... ok
test intent_revert_prefix ... ok
test intent_style_conventional ... ok
test intent_subject_with_special_chars ... ok
test intent_test_conventional ... ok
test intent_tests_plural ... ok
test intent_unicode_subject_does_not_panic ... ok
test intent_unknown_message ... ok
test intent_very_long_subject ... ok
test intent_whitespace_only_is_other ... ok
test max_commit_files_limits_file_list ... ok
test merge_commit_is_included_in_history ... ok
test max_commits_limits_history ... ok
test range_mode_debug_output ... ok
test range_mode_eq_and_copy_traits ... ok
test range_mode_three_dot_with_origin_prefix ... ok
test range_mode_two_dot_format_special_chars ... ok
test repo_root_returns_none_for_non_git_dir ... ok
test multi_author_bus_factor ... ok
test repo_root_returns_valid_path ... ok
test resolve_base_ref_none_for_non_repo ... ok
test rev_exists_false_for_non_repo ... ok
test resolve_base_ref_nonexistent_custom_ref ... ok
test rev_exists_finds_head ... ok
test single_author_bus_factor ... ok
test single_commit_hash_is_40_hex_chars ... ok
test single_commit_repo_returns_one_commit ... ok
test freshness_newest_commit_is_first_in_log ... ok
test freshness_per_file_last_touch_tracking ... ok

test result: ok. 81 passed; 0 failed; 0 ignored; 0 measured; 0 filtered out; finished in 1.27s

     Running tests/git_w74.rs (target/debug/deps/git_w74-b02331d88f69272c)

running 16 tests
test classify_intent_keyword_heuristic ... ok
test classify_intent_empty_and_unknown ... ok
test classify_intent_revert ... ok
test classify_intent_conventional_commits ... ok
test collect_history_extracts_author_email ... ok
test collect_history_has_nonzero_timestamps ... ok
test collect_history_max_commit_files_limits ... ok
test collect_history_extracts_hash ... ok
test collect_history_single_commit ... ok
test collect_history_multiple_commits ... ok
test collect_history_max_commits_limits ... ok
test repo_root_returns_none_for_non_git_dir ... ok
test rev_exists_returns_false_for_non_git_dir ... ok
test resolve_base_ref_returns_none_for_non_git_dir ... ok
test hotspot_file_appears_in_multiple_commits ... ok
test collect_history_timestamps_monotonic ... ok

test result: ok. 16 passed; 0 failed; 0 ignored; 0 measured; 0 filtered out; finished in 1.09s

     Running tests/integration.rs (target/debug/deps/integration-154559a981f7b505)

running 20 tests
test test_collect_history_fails_for_invalid_path ... ok
test test_get_added_lines_invalid_ref_errors ... ok
test test_get_added_lines_deleted_file_excluded ... ok
test test_commits_have_files ... ok
test test_collect_history_returns_commits ... ok
test test_get_added_lines_multiple_files ... ok
test test_get_added_lines_new_file_all_lines ... ok
test test_get_added_lines_no_changes ... ok
test test_git_available_returns_true ... ok
test test_get_added_lines_single_file ... ok
test test_get_added_lines_subdirectory_paths ... ok
test test_max_commit_files_exact_limit ... ok
test test_max_commit_files_limit_one ... ok
test test_max_commit_files_limit_zero ... ok
test test_no_max_commit_files_returns_all ... ok
test test_repo_root_returns_none_for_non_repo ... ok
test test_repo_root_from_subdirectory ... ok
test test_max_commits_exact_limit ... ok
test test_repo_root_path_is_not_empty ... ok
test test_repo_root_returns_path_for_valid_repo ... ok

test result: ok. 20 passed; 0 failed; 0 ignored; 0 measured; 0 filtered out; finished in 0.23s

     Running tests/properties.rs (target/debug/deps/properties-d44ec1e480dd2836)

running 42 tests
test classify_intent_never_panics ... ok
test classify_intent_is_deterministic ... ok
test blank_subjects_are_other ... ok
test commit_limit_is_respected ... ok
test classify_intent_returns_valid_variant ... ok
test empty_author_is_empty_string ... ok
test empty_line_produces_defaults ... ok
test author_is_valid_utf8 ... ok
test conventional_commits_never_classify_as_other ... ok
test git_available_never_panics ... ok
test diff_parsing_is_deterministic ... ok
test four_field_parsing ... ok
test hunk_start_zero_produces_no_lines ... ok
test hunk_with_count_produces_consecutive_lines ... ok
test hunk_with_zero_count_produces_no_lines ... ok
test invalid_timestamp_defaults_to_zero ... ok
test long_author_email_handled ... ok
test long_file_path_handled ... ok
test missing_pipe_produces_empty_author ... ok
test multiple_files_in_diff ... ok
test git_commit_construction ... ok
test no_commit_limit_returns_all ... ok
test negative_timestamp_is_valid ... ok
test no_hunk_headers_produces_empty_result ... ok
test only_pipe_separator ... ok
test parsing_is_deterministic ... ok
test range_format_contains_base_and_head ... ok
test range_format_is_deterministic ... ok
test repo_root_edge_cases_never_panic ... ok
test repo_root_finds_git_dir_from_nested_path ... ok
test repo_root_finds_git_dir_in_ancestors ... ok
test repo_root_returns_none_without_git_dir ... ok
test subject_with_pipes ... ok
test three_dot_format_has_triple_dot ... ok
test timestamp_is_valid_i64 ... ok
test two_dot_format_has_double_dot ... ok
test two_hunks_same_file_accumulate ... ok
test valid_timestamp_parses ... ok
test whitespace_line_parses ... ok
test file_limit_is_respected ... ok
test limit_zero_returns_empty ... ok
test no_limit_returns_all ... ok

test result: ok. 42 passed; 0 failed; 0 ignored; 0 measured; 0 filtered out; finished in 2.47s

     Running unittests src/lib.rs (target/debug/deps/tokmd_io_port-5f8092d73bb0065c)

running 14 tests
test tests::host_fs_exists ... ok
test tests::host_fs_is_dir ... ok
test tests::host_fs_read_bytes ... ok
test tests::host_fs_is_file ... ok
test tests::host_fs_read_missing_file_errors ... ok
test tests::mem_fs_default_is_empty ... ok
test tests::host_fs_read_to_string ... ok
test tests::mem_fs_exists ... ok
test tests::mem_fs_invalid_utf8 ... ok
test tests::mem_fs_is_dir ... ok
test tests::mem_fs_not_found ... ok
test tests::mem_fs_is_file ... ok
test tests::mem_fs_read_bytes ... ok
test tests::mem_fs_read_to_string ... ok

test result: ok. 14 passed; 0 failed; 0 ignored; 0 measured; 0 filtered out; finished in 0.02s

     Running tests/deep_w69.rs (target/debug/deps/deep_w69-b015a55c289649fe)

running 20 tests
test w69_hostfs_exists_and_predicates ... ok
test w69_hostfs_missing_file_error ... ok
test w69_hostfs_read_to_string ... ok
test w69_memfs_default_empty ... ok
test w69_hostfs_read_bytes ... ok
test w69_memfs_exists_file ... ok
test w69_memfs_exists_for_inferred_dir ... ok
test w69_memfs_exists_returns_false_for_missing ... ok
test w69_memfs_is_dir_inferred ... ok
test w69_memfs_is_file_false_for_dir ... ok
test w69_memfs_invalid_utf8_error ... ok
test w69_memfs_is_dir_false_for_file ... ok
test w69_memfs_is_file_true ... ok
test w69_memfs_isolation ... ok
test w69_memfs_nested_dir_inference ... ok
test w69_memfs_not_found_error ... ok
test w69_memfs_overwrite ... ok
test w69_memfs_read_bytes_not_found ... ok
test w69_memfs_read_bytes_roundtrip ... ok
test w69_memfs_read_string_roundtrip ... ok

test result: ok. 20 passed; 0 failed; 0 ignored; 0 measured; 0 filtered out; finished in 0.00s

     Running tests/integration_w66.rs (target/debug/deps/integration_w66-4a040080900f2ed4)

running 12 tests
test bulk_insert_from_btreemap ... ok
test error_display_and_error_trait ... ok
test bulk_overwrite_cycle ... ok
test clone_is_independent ... ok
test bulk_many_directories ... ok
test memfs_debug_impl ... ok
test mixed_text_and_binary_same_directory ... ok
test root_level_files_no_directories ... ok
test snapshot_binary_file_is_not_utf8 ... ok
test snapshot_all_files_readable ... ok
test snapshot_directories_inferred ... ok
test snapshot_text_files_are_valid_utf8 ... ok

test result: ok. 12 passed; 0 failed; 0 ignored; 0 measured; 0 filtered out; finished in 0.00s

     Running tests/io_port_deep_w76.rs (target/debug/deps/io_port_deep_w76-f95e8fb6bc5a2fcc)

running 15 tests
test w76_hostfs_binary_roundtrip ... ok
test w76_hostfs_missing_file_returns_error ... ok
test w76_memfs_add_bytes_read_bytes ... ok
test w76_memfs_add_file_read_to_string ... ok
test w76_hostfs_read_write_roundtrip ... ok
test w76_memfs_deep_nested_directory_inference ... ok
test w76_memfs_instances_are_isolated ... ok
test w76_memfs_exists_covers_both_files_and_dirs ... ok
test w76_memfs_empty_file_reads_empty_string ... ok
test w76_memfs_invalid_utf8_error_includes_path ... ok
test w76_memfs_multiple_files_same_directory ... ok
test w76_memfs_overwrite_replaces_content ... ok
test w76_memfs_read_bytes_not_found_error ... ok
test w76_memfs_read_string_not_found_includes_path ... ok
test w76_memfs_read_bytes_on_text_file ... ok

test result: ok. 15 passed; 0 failed; 0 ignored; 0 measured; 0 filtered out; finished in 0.00s

     Running tests/memfs_bdd.rs (target/debug/deps/memfs_bdd-a2f2e4330bc215a8)

running 24 tests
test add_file_then_read_bytes ... ok
test add_file_then_read_to_string ... ok
test added_file_exists ... ok
test binary_content_invalid_utf8 ... ok
test deeply_nested_path_creates_all_ancestor_dirs ... ok
test default_fs_is_empty ... ok
test empty_content_file ... ok
test empty_bytes_file ... ok
test empty_fs_has_no_files ... ok
test empty_fs_read_bytes_returns_not_found ... ok
test empty_fs_read_to_string_returns_not_found ... ok
test forward_slash_paths_consistency ... ok
test file_is_not_directory_even_with_similar_prefix ... ok
test multiple_files_share_directory ... ok
test nested_path_creates_implicit_directory ... ok
test nonexistent_sibling_does_not_exist ... ok
test overwrite_replaces_content ... ok
test overwrite_with_bytes_replaces_content ... ok
test path_with_special_characters ... ok
test sibling_directories_are_independent ... ok
test many_files_in_one_directory ... ok
test unicode_content_roundtrips ... ok
test large_text_file_roundtrips ... ok
test large_binary_file_roundtrips ... ok

test result: ok. 24 passed; 0 failed; 0 ignored; 0 measured; 0 filtered out; finished in 0.02s

     Running tests/properties.rs (target/debug/deps/properties-cbe1d5851e59d733)

running 10 tests
test prop_file_dir_exclusive ... ok
test prop_bulk_insert_all_retrievable ... ok
test prop_exists_consistency ... ok
test prop_bytes_string_consistency ... ok
test prop_insert_string_roundtrip ... ok
test prop_missing_path_errors ... ok
test prop_insert_bytes_roundtrip ... ok
test prop_overwrite_preserves_file ... ok
test prop_parent_dirs_exist ... ok
test prop_stored_path_is_file ... ok

test result: ok. 10 passed; 0 failed; 0 ignored; 0 measured; 0 filtered out; finished in 0.27s

     Running tests/readfs_contract.rs (target/debug/deps/readfs_contract-b73bb31d247e5229)

running 20 tests
test contract_exists_equals_file_or_dir ... ok
test contract_exists_directory ... ok
test contract_error_contains_path ... ok
test contract_exists_file ... ok
test contract_file_and_dir_mutually_exclusive ... ok
test contract_is_dir_false_for_file ... ok
test contract_is_dir_false_for_missing ... ok
test contract_is_file_false_for_missing ... ok
test contract_is_dir_true ... ok
test contract_is_file_true ... ok
test contract_is_file_false_for_directory ... ok
test contract_not_exists ... ok
test contract_overwrite_text_with_binary ... ok
test contract_overwrite_binary_with_text ... ok
test contract_read_bytes_exact ... ok
test contract_read_bytes_matches_read_to_string_for_utf8 ... ok
test contract_read_bytes_missing ... ok
test contract_read_to_string_errors_on_binary ... ok
test contract_read_to_string_exact ... ok
test contract_read_to_string_missing ... ok

test result: ok. 20 passed; 0 failed; 0 ignored; 0 measured; 0 filtered out; finished in 0.00s

     Running unittests src/lib.rs (target/debug/deps/tokmd_math-15ba25d30b031cf7)

running 4 tests
test tests::gini_coefficient_handles_empty_and_uniform ... ok
test tests::round_f64_rounds_expected_precision ... ok
test tests::percentile_returns_expected_values ... ok
test tests::safe_ratio_guards_divide_by_zero ... ok

test result: ok. 4 passed; 0 failed; 0 ignored; 0 measured; 0 filtered out; finished in 0.01s

     Running tests/bdd.rs (target/debug/deps/bdd-e14e704b86cc9099)

running 22 tests
test given_all_same_values_when_any_percentile_then_that_value_is_returned ... ok
test given_ascending_sequence_when_gini_then_result_reflects_moderate_inequality ... ok
test given_all_zeros_when_gini_then_zero_is_returned ... ok
test given_both_zero_when_safe_ratio_then_zero_is_returned ... ok
test given_empty_series_when_percentile_is_requested_then_zero_is_returned ... ok
test given_equal_numerator_and_denominator_when_safe_ratio_then_one_is_returned ... ok
test given_fraction_when_rounding_then_requested_precision_is_applied ... ok
test given_infinity_when_rounding_then_infinity_is_returned ... ok
test given_nan_when_rounding_then_nan_is_returned ... ok
test given_negative_value_when_rounding_then_sign_is_preserved ... ok
test given_numerator_greater_than_denominator_when_safe_ratio_then_ratio_exceeds_one ... ok
test given_single_element_when_gini_then_zero_is_returned ... ok
test given_single_element_when_percentile_is_requested_then_that_element_is_returned ... ok
test given_sorted_slice_when_0th_percentile_then_min_is_returned ... ok
test given_sorted_slice_when_100th_percentile_then_max_is_returned ... ok
test given_two_elements_when_median_percentile_then_upper_element_is_returned ... ok
test given_two_elements_with_max_inequality_when_gini_then_result_is_half ... ok
test given_uniform_distribution_when_gini_is_computed_then_result_is_zero ... ok
test given_zero_decimals_when_rounding_then_integer_is_returned ... ok
test given_zero_denominator_when_safe_ratio_is_used_then_result_is_zero ... ok
test given_zero_numerator_when_safe_ratio_then_zero_is_returned ... ok
test given_zero_when_rounding_then_zero_is_returned ... ok

test result: ok. 22 passed; 0 failed; 0 ignored; 0 measured; 0 filtered out; finished in 0.01s

     Running tests/deep.rs (target/debug/deps/deep-702b385e6d85a55c)

running 30 tests
test gini_adding_zero_increases_inequality ... ok
test gini_exponential_distribution_high ... ok
test gini_is_scale_invariant ... ok
test gini_large_uniform_is_zero ... ok
test gini_maximal_inequality_many_elements ... ok
test gini_linear_sequence_known_value ... ok
test gini_maximal_inequality_two_elements ... ok
test gini_single_zero_is_zero ... ok
test gini_two_equal_values_is_zero ... ok
test percentile_all_identical_values ... ok
test percentile_gini_pipeline ... ok
test percentile_large_dataset_bounds ... ok
test percentile_quartiles_on_10_elements ... ok
test percentile_large_dataset_monotonic ... ok
test percentile_two_distinct_values ... ok
test round_f64_already_rounded_is_stable ... ok
test percentile_three_elements_median ... ok
test round_f64_half_rounds_up ... ok
test round_f64_large_values ... ok
test round_f64_negative_values_symmetry ... ok
test round_f64_very_high_precision ... ok
test round_f64_very_small_positive ... ok
test round_f64_zero_with_many_decimals ... ok
test safe_ratio_composed_with_round ... ok
test safe_ratio_large_numerator_equals_denom ... ok
test safe_ratio_numerator_exceeds_denominator ... ok
test safe_ratio_one_over_seven_rounds_to_four_decimals ... ok
test safe_ratio_small_numerator_large_denominator ... ok
test safe_ratio_two_over_three ... ok
test safe_ratio_successive_halving ... ok

test result: ok. 30 passed; 0 failed; 0 ignored; 0 measured; 0 filtered out; finished in 0.00s

     Running tests/deep_w69.rs (target/debug/deps/deep_w69-4cb88eb8068dab9c)

running 26 tests
test properties::w69_gini_uniform_is_zero ... ok
test properties::w69_round_f64_idempotent ... ok
test w69_gini_all_zeros ... ok
test w69_gini_bounded_zero_to_one ... ok
test w69_gini_empty ... ok
test w69_gini_single_element ... ok
test w69_gini_unequal_positive ... ok
test w69_gini_uniform ... ok
test w69_percentile_all_same ... ok
test w69_percentile_empty ... ok
test w69_percentile_median ... ok
test w69_percentile_min_max ... ok
test w69_percentile_single_value ... ok
test w69_round_four_decimals ... ok
test w69_round_negative_value ... ok
test w69_round_two_decimals ... ok
test w69_round_zero ... ok
test w69_round_zero_decimals ... ok
test w69_safe_ratio_divide_by_zero ... ok
test w69_safe_ratio_exact ... ok
test w69_safe_ratio_one_to_one ... ok
test w69_safe_ratio_repeating ... ok
test w69_safe_ratio_zero_numerator ... ok
test properties::w69_safe_ratio_in_unit_interval ... ok
test properties::w69_percentile_monotonic ... ok
test properties::w69_gini_nonneg ... ok

test result: ok. 26 passed; 0 failed; 0 ignored; 0 measured; 0 filtered out; finished in 0.02s

     Running tests/integration.rs (target/debug/deps/integration-7b7af5d4108b54ab)

running 11 tests
test all_percentile_milestones_are_monotonic ... ok
test extreme_inequality_has_high_gini ... ok
test gini_increases_with_inequality ... ok
test large_values_do_not_overflow_safe_ratio ... ok
test gini_and_percentile_agree_on_equality_for_uniform_input ... ok
test percentile_bounds_match_input_range ... ok
test percentile_p50_on_odd_length_returns_middle_element ... ok
test ratio_then_round_can_be_used_for_percentage_display ... ok
test round_f64_chained_with_safe_ratio_produces_stable_output ... ok
test safe_ratio_result_is_rounded_to_four_decimals ... ok
test stats_pipeline_is_deterministic_for_same_input ... ok

test result: ok. 11 passed; 0 failed; 0 ignored; 0 measured; 0 filtered out; finished in 0.00s

     Running tests/math_depth_w55.rs (target/debug/deps/math_depth_w55-00df4266b916bef1)

running 32 tests
test gini_all_zeros_is_zero ... ok
test gini_deterministic_across_calls ... ok
test gini_empty_is_zero ... ok
test gini_maximal_inequality ... ok
test gini_is_bounded_zero_to_one ... ok
test gini_moderate_inequality ... ok
test gini_single_element_is_zero ... ok
test gini_two_elements_equal ... ok
test gini_two_elements_unequal ... ok
test gini_uniform_is_zero ... ok
test percentile_empty_returns_zero ... ok
test percentile_median_even_count ... ok
test percentile_median_odd_count ... ok
test percentile_p0_returns_minimum ... ok
test percentile_p100_returns_maximum ... ok
test percentile_single_element ... ok
test percentile_p90_large_set ... ok
test round_infinity_stays_infinity ... ok
test round_many_decimals_preserves_value ... ok
test round_nan_stays_nan ... ok
test round_negative_values ... ok
test round_one_decimal ... ok
test round_very_large_value ... ok
test round_zero_decimals_truncates ... ok
test round_zero_stays_zero ... ok
test safe_ratio_denominator_one ... ok
test safe_ratio_equal_values ... ok
test safe_ratio_large_values ... ok
test safe_ratio_one_third ... ok
test safe_ratio_two_thirds ... ok
test safe_ratio_zero_denominator ... ok
test safe_ratio_zero_numerator ... ok

test result: ok. 32 passed; 0 failed; 0 ignored; 0 measured; 0 filtered out; finished in 0.00s

     Running tests/math_depth_w58.rs (target/debug/deps/math_depth_w58-75985cf8849ffd9b)

running 33 tests
test gini_all_zeros_is_zero ... ok
test gini_empty_is_zero ... ok
test gini_heavily_skewed ... ok
test gini_monotonic_increase ... ok
test gini_perfectly_unequal_two_elements ... ok
test gini_single_item_is_zero ... ok
test gini_two_equal_nonzero ... ok
test gini_uniform_distribution_is_zero ... ok
test median_even_length ... ok
test median_odd_length ... ok
test percentile_empty_returns_zero ... ok
test percentile_p100_is_maximum ... ok
test percentile_p10_near_bottom ... ok
test gini_large_uniform_is_zero ... ok
test percentile_p0_is_minimum ... ok
test percentile_p90_near_top ... ok
test percentile_two_elements ... ok
test percentile_single_element ... ok
test proptests::gini_uniform_is_zero ... ok
test proptests::round_idempotent ... ok
test round_idempotent_for_integers ... ok
test round_many_decimals ... ok
test round_negative_values ... ok
test round_zero_decimals ... ok
test round_zero_value ... ok
test safe_ratio_equal_values ... ok
test safe_ratio_large_values ... ok
test safe_ratio_rounds_to_4_decimals ... ok
test safe_ratio_zero_denominator ... ok
test safe_ratio_zero_numerator ... ok
test proptests::safe_ratio_bounded ... ok
test proptests::gini_always_in_0_1 ... ok
test proptests::percentile_within_range ... ok

test result: ok. 33 passed; 0 failed; 0 ignored; 0 measured; 0 filtered out; finished in 0.03s

     Running tests/math_depth_w62.rs (target/debug/deps/math_depth_w62-0263b1459deee2dd)

running 48 tests
test gini_all_equal ... ok
test gini_empty ... ok
test gini_in_unit_range ... ok
test gini_increasing_inequality ... ok
test gini_all_zeros ... ok
test gini_maximum_inequality ... ok
test gini_large_uniform ... ok
test gini_deterministic ... ok
test gini_two_elements_equal ... ok
test gini_single_element ... ok
test gini_two_elements_unequal ... ok
test percentile_all_same_values ... ok
test percentile_empty_slice ... ok
test percentile_deterministic ... ok
test percentile_large_dataset ... ok
test percentile_median_even_count ... ok
test percentile_median_odd_count ... ok
test percentile_monotonic_in_pct ... ok
test percentile_p100 ... ok
test percentile_p0 ... ok
test percentile_p25_p75 ... ok
test percentile_single_element ... ok
test percentile_two_elements ... ok
test property_tests::gini_zero_for_uniform ... ok
test property_tests::round_f64_idempotent ... ok
test property_tests::percentile_monotonic ... ok
test property_tests::safe_ratio_bounded_when_numer_leq_denom ... ok
test round_f64_deterministic ... ok
test round_f64_infinity ... ok
test round_f64_large_value ... ok
test round_f64_many_decimals ... ok
test round_f64_nan ... ok
test round_f64_negative_value ... ok
test round_f64_one_decimal ... ok
test round_f64_very_small_value ... ok
test round_f64_zero ... ok
test round_f64_zero_decimals ... ok
test safe_ratio_common_fractions ... ok
test safe_ratio_deterministic ... ok
test safe_ratio_equal_values ... ok
test safe_ratio_greater_than_one ... ok
test safe_ratio_large_values ... ok
test safe_ratio_repeating_decimal ... ok
test safe_ratio_zero_denominator ... ok
test safe_ratio_zero_numerator ... ok
test property_tests::gini_in_zero_one ... ok
test property_tests::safe_ratio_non_negative ... ok
test property_tests::percentile_in_range ... ok

test result: ok. 48 passed; 0 failed; 0 ignored; 0 measured; 0 filtered out; finished in 0.04s

     Running tests/mutation_w72.rs (target/debug/deps/mutation_w72-49916a9cf415e5ed)

running 20 tests
test gini_all_zeros_returns_zero ... ok
test gini_empty_returns_zero ... ok
test gini_maximal_inequality ... ok
test gini_monotonically_increases_with_inequality ... ok
test gini_uniform_returns_zero ... ok
test gini_two_elements_known_value ... ok
test percentile_0th_and_100th ... ok
test gini_single_element_returns_zero ... ok
test percentile_empty_returns_zero ... ok
test percentile_median_even_len ... ok
test percentile_median_odd_len ... ok
test percentile_single_element ... ok
test round_exact_half_rounds_up_zero_decimals ... ok
test round_just_below_half_stays_down ... ok
test round_large_decimal_places ... ok
test round_zero_decimals_preserves_integer ... ok
test safe_ratio_identity ... ok
test safe_ratio_rounds_to_four_decimals ... ok
test safe_ratio_zero_divisor_returns_zero_not_panic ... ok
test safe_ratio_zero_numerator ... ok

test result: ok. 20 passed; 0 failed; 0 ignored; 0 measured; 0 filtered out; finished in 0.00s

     Running tests/numerical_stability.rs (target/debug/deps/numerical_stability-a2c9ac78754c5132)

running 23 tests
test gini_with_large_values_no_panic ... ok
test gini_many_large_values_no_overflow ... ok
test gini_increasing_large_values_is_finite ... ok
test percentile_thousand_elements_no_issue ... ok
test percentile_with_large_values ... ok
test round_f64_infinity_stays_infinity ... ok
test round_f64_large_magnitude ... ok
test round_f64_max_decimals_does_not_overflow ... ok
test round_f64_nan_stays_nan ... ok
test round_f64_negative_zero ... ok
test round_f64_finite_input_finite_output ... ok
test round_f64_subnormal ... ok
test round_f64_very_small_positive ... ok
test safe_ratio_large_values_no_panic ... ok
test safe_ratio_max_over_max_is_one ... ok
test safe_ratio_near_max_usize ... ok
test safe_ratio_never_panics ... ok
test safe_ratio_precision_sevenths ... ok
test safe_ratio_precision_thirds ... ok
test round_f64_never_panics ... ok
test safe_ratio_result_is_always_finite_or_zero ... ok
test percentile_never_panics ... ok
test gini_never_panics ... ok

test result: ok. 23 passed; 0 failed; 0 ignored; 0 measured; 0 filtered out; finished in 0.11s

     Running tests/properties.rs (target/debug/deps/properties-036aede564a2d734)

running 19 tests
test gini_empty_is_zero ... ok
test gini_single_element_is_zero ... ok
test gini_uniform_is_near_zero ... ok
test gini_is_bounded ... ok
test gini_is_deterministic ... ok
test percentile_empty_is_zero ... ok
test percentile_1_equals_max ... ok
test percentile_single_element_always_returns_that_element ... ok
test percentile_0_equals_min ... ok
test round_f64_is_idempotent ... ok
test percentile_is_within_bounds ... ok
test round_f64_with_zero_decimals_returns_integer ... ok
test safe_ratio_at_most_one_when_numer_leq_denom ... ok
test round_f64_preserves_integers ... ok
test percentile_is_monotonic ... ok
test safe_ratio_identity_is_one ... ok
test safe_ratio_is_non_negative ... ok
test safe_ratio_zero_denominator_is_zero ... ok
test safe_ratio_self_is_one ... ok

test result: ok. 19 passed; 0 failed; 0 ignored; 0 measured; 0 filtered out; finished in 0.09s

     Running tests/property_w59.rs (target/debug/deps/property_w59-12892b17a7258f63)

running 14 tests
test gini_uniform_is_zero ... ok
test gini_deterministic ... ok
test gini_scale_invariant ... ok
test gini_bounded ... ok
test percentile_monotonic ... ok
test percentile_bounded_by_min_max ... ok
test round_idempotent ... ok
test round_preserves_finiteness ... ok
test percentile_zero_is_minimum ... ok
test round_zero_decimals_is_integer ... ok
test safe_ratio_finite ... ok
test percentile_one_is_maximum ... ok
test safe_ratio_zero_denom_always_zero ... ok
test safe_ratio_non_negative ... ok

test result: ok. 14 passed; 0 failed; 0 ignored; 0 measured; 0 filtered out; finished in 0.12s

     Running tests/statistical_edge_cases.rs (target/debug/deps/statistical_edge_cases-d79d372a2b78fb43)

running 24 tests
test gini_two_element_max_inequality ... ok
test gini_zero_variance_uniform_large ... ok
test gini_zero_variance_uniform_small ... ok
test gini_extreme_inequality ... ok
test median_of_identical_large_value ... ok
test median_of_identical_values_returns_that_value ... ok
test median_of_identical_zeros_returns_zero ... ok
test percentile_large_sorted_slice ... ok
test percentile_single_element_at_every_quantile ... ok
test percentile_single_zero_element ... ok
test percentile_two_elements_boundary ... ok
test round_f64_exact_half_rounds_away_from_zero ... ok
test round_f64_high_precision ... ok
test safe_ratio_large_numerator_small_denominator ... ok
test safe_ratio_max_usize_zero ... ok
test safe_ratio_nonzero_zero ... ok
test safe_ratio_very_large_both ... ok
test safe_ratio_very_large_numerator ... ok
test safe_ratio_zero_denom_always_zero ... ok
test gini_uniform_always_zero ... ok
test safe_ratio_zero_loc_numerator ... ok
test percentile_identical_values_always_returns_value ... ok
test safe_ratio_zero_zero ... ok
test mean_is_between_min_and_max ... ok

test result: ok. 24 passed; 0 failed; 0 ignored; 0 measured; 0 filtered out; finished in 0.03s

     Running tests/stats_edge_w59.rs (target/debug/deps/stats_edge_w59-1501aa96954ae5a2)

running 34 tests
test gini_bounded_zero_to_one ... ok
test all_functions_deterministic_over_100_iterations ... ok
test gini_all_zeros_returns_zero ... ok
test cocomo_effort_round_trip ... ok
test gini_empty_returns_zero ... ok
test gini_known_value_three_elements ... ok
test gini_maximum_inequality ... ok
test gini_scale_invariant ... ok
test gini_single_element_returns_zero ... ok
test gini_two_elements_asymmetric ... ok
test gini_uniform_distribution_is_zero ... ok
test percentile_all_same ... ok
test percentile_known_quartiles ... ok
test percentile_all_zeros ... ok
test percentile_empty_slice_returns_zero ... ok
test percentile_median_of_even_count ... ok
test percentile_median_of_odd_count ... ok
test percentile_monotonic_across_range ... ok
test percentile_single_element ... ok
test percentile_two_elements ... ok
test round_high_precision_preserves_digits ... ok
test round_infinity_returns_infinity ... ok
test round_nan_returns_nan ... ok
test round_negative_values ... ok
test round_very_large_value ... ok
test round_zero_decimals_truncates_fraction ... ok
test round_zero_is_zero ... ok
test safe_ratio_both_zero ... ok
test safe_ratio_equal_values_gives_one ... ok
test safe_ratio_large_values ... ok
test safe_ratio_numerator_greater_than_denominator ... ok
test safe_ratio_one_over_three ... ok
test safe_ratio_two_over_three ... ok
test safe_ratio_zero_numerator ... ok

test result: ok. 34 passed; 0 failed; 0 ignored; 0 measured; 0 filtered out; finished in 0.00s

     Running unittests src/lib.rs (target/debug/deps/tokmd_model-f5fc1b63063396ae)

running 17 tests
test tests::fold_properties::fold_module_empty_is_zero ... ok
test tests::fold_properties::fold_lang_empty_is_zero ... ok
test tests::module_key_crates_depth_1 ... ok
test tests::module_key_crates_depth_2 ... ok
test tests::module_key_depth_overflow_does_not_include_filename ... ok
test tests::module_key_non_root ... ok
test tests::module_key_root_level_file ... ok
test tests::normalize_path_normalization_slashes ... ok
test tests::normalize_path_strips_prefix ... ok
test tests::fold_properties::fold_associative_lang ... ok
test tests::fold_properties::fold_lang_preserves_totals ... ok
test tests::fold_properties::fold_module_preserves_totals ... ok
test tests::normalize_properties::module_key_deterministic ... ok
test tests::normalize_properties::normalize_path_handles_windows_separators ... ok
test tests::normalize_properties::normalize_path_no_leading_dot_slash ... ok
test tests::normalize_properties::normalize_path_is_idempotent ... ok
test tests::normalize_properties::normalize_path_no_leading_slash ... ok

test result: ok. 17 passed; 0 failed; 0 ignored; 0 measured; 0 filtered out; finished in 0.21s

     Running tests/bdd.rs (target/debug/deps/bdd-abf2149b2904578a)

running 34 tests
test scenario_avg_rounds_to_nearest ... ok
test scenario_avg_with_one_file_returns_lines ... ok
test scenario_avg_with_zero_files_returns_zero ... ok
test scenario_empty_languages_produce_empty_module_report ... ok
test scenario_empty_languages_produce_empty_export ... ok
test scenario_empty_languages_produce_empty_report ... ok
test scenario_collapse_mode_merges_embedded_into_parent ... ok
test scenario_export_rows_sorted_desc_code_then_asc_path ... ok
test scenario_file_rows_parents_only_excludes_children ... ok
test scenario_module_key_depth_clamps_to_available_dirs ... ok
test scenario_module_key_never_includes_filename ... ok
test scenario_module_key_normalizes_backslashes ... ok
test scenario_module_key_root_file_returns_root ... ok
test scenario_module_key_single_dir_returns_dir_name ... ok
test scenario_module_key_with_matching_root_joins_segments ... ok
test scenario_module_key_with_multiple_roots ... ok
test scenario_module_roots_capture_depth ... ok
test scenario_collapse_and_separate_totals_agree_on_bytes ... ok
test scenario_non_root_path_returns_first_directory ... ok
test scenario_normalize_path_converts_backslashes_to_forward_slashes ... ok
test scenario_normalize_path_strips_leading_dot_slash ... ok
test scenario_normalize_path_with_strip_prefix_removes_prefix ... ok
test scenario_normalize_path_without_matching_prefix_keeps_path ... ok
test scenario_root_level_files_get_root_module ... ok
test scenario_separate_mode_empty_languages_produce_empty_report ... ok
test scenario_file_rows_separate_marks_child_kind ... ok
test scenario_module_rows_sorted_desc_code_then_asc_module ... ok
test scenario_lang_rows_sorted_desc_code_then_asc_name ... ok
test scenario_separate_mode_labels_embedded_rows ... ok
test scenario_top_with_fewer_rows_than_limit_keeps_all ... ok
test scenario_top_zero_means_no_limit ... ok
test scenario_with_files_false_still_populates_file_count ... ok
test scenario_with_files_true_populates_file_count_in_report ... ok
test scenario_two_identical_scans_produce_identical_reports ... ok

test result: ok. 34 passed; 0 failed; 0 ignored; 0 measured; 0 filtered out; finished in 0.12s

     Running tests/bdd_expanded.rs (target/debug/deps/bdd_expanded-f5106ec19780fd52)

running 25 tests
test given_equal_lines_and_files_then_avg_equals_one_line_per_file ... ok
test given_dot_slash_prefix_in_both_path_and_strip_then_normalized ... ok
test given_collapse_vs_separate_lang_report_then_total_files_match ... ok
test given_file_rows_then_lines_equals_code_plus_comments_plus_blanks ... ok
test given_file_rows_then_every_row_has_nonempty_path_and_lang ... ok
test given_file_rows_then_paths_use_forward_slashes ... ok
test given_lang_report_then_total_bytes_equals_sum_of_row_bytes ... ok
test given_lang_report_then_total_code_equals_sum_of_row_codes ... ok
test given_large_values_then_avg_does_not_overflow ... ok
test given_lang_report_then_total_lines_equals_sum_of_row_lines ... ok
test given_export_data_then_rows_sorted_desc_code_then_asc_path ... ok
test given_lang_report_then_total_tokens_equals_sum_of_row_tokens ... ok
test given_min_code_filter_then_low_code_files_excluded ... ok
test given_max_rows_then_output_truncated ... ok
test given_module_report_then_rows_sorted_desc_code_then_asc_module ... ok
test given_module_report_then_all_module_keys_use_forward_slashes ... ok
test given_plain_filename_then_normalize_returns_as_is ... ok
test given_parent_file_rows_then_bytes_are_positive ... ok
test given_scanned_crate_then_unique_file_count_matches_report_count ... ok
test given_top_1_lang_report_then_other_bucket_created ... ok
test given_parents_only_mode_then_no_child_kind_rows ... ok
test given_windows_backslash_prefix_then_strip_and_normalize ... ok
test given_module_report_with_roots_then_matching_paths_have_depth_segments ... ok
test given_separate_mode_then_child_rows_have_zero_bytes ... ok
test given_top_n_lang_report_then_other_bucket_totals_are_correct ... ok

test result: ok. 25 passed; 0 failed; 0 ignored; 0 measured; 0 filtered out; finished in 8.63s

     Running tests/deep.rs (target/debug/deps/deep-e4ec65cc76f4ca82)

running 54 tests
test avg_basic_cases ... ok
test avg_zero_files_returns_zero ... ok
test collapse_mode_no_embedded_rows ... ok
test child_include_mode_parents_only_excludes_children ... ok
test child_include_mode_separate_includes_parent_rows ... ok
test both_modes_produce_consistent_rust_code ... ok
test empty_languages_file_rows ... ok
test empty_languages_lang_report ... ok
test empty_languages_export_data ... ok
test empty_languages_module_report ... ok
test empty_languages_unique_file_count ... ok
test export_data_paths_normalized ... ok
test module_key_backslash_normalized ... ok
test module_key_depth_1_returns_root_only ... ok
test collect_file_rows_paths_normalized ... ok
test module_key_dot_slash_normalized ... ok
test module_key_depth_exceeds_path ... ok
test module_key_empty_roots ... ok
test module_key_from_workspace_paths ... ok
test module_key_non_matching_root ... ok
test module_key_non_root_dir ... ok
test module_key_root_file ... ok
test module_key_with_crates_root ... ok
test module_report_has_rows ... ok
test module_report_sorted_descending_by_code ... ok
test lang_report_top_n_truncation ... ok
test lang_report_sorted_descending_by_code ... ok
test module_report_top_n_truncation ... ok
test normalize_path_forward_slashes ... ok
test normalize_path_idempotent ... ok
test normalize_path_strips_dot_slash ... ok
test normalize_path_strips_prefix ... ok
test proptest_avg_bounded ... ok
test multi_lang_report_no_zero_code_rows ... ok
test proptest_avg_monotonic ... ok
test module_report_totals_sum ... ok
test multi_lang_report_rows_sum_to_totals ... ok
test proptest_module_key_deterministic ... ok
test proptest_module_key_no_backslash ... ok
test proptest_lang_aggregation_sum_invariant ... ok
test proptest_normalize_path_no_backslash ... ok
test proptest_module_aggregation_sum_invariant ... ok
test proptest_sorting_is_descending ... ok
test proptest_module_sorting_preserves_total ... ok
test proptest_sorting_is_idempotent ... ok
test separate_mode_may_have_embedded_rows ... ok
test proptest_sorting_preserves_total_code ... ok
test sorting_tiebreak_by_name_lang ... ok
test sorting_tiebreak_by_name_module ... ok
test single_language_has_positive_code ... ok
test single_language_report_has_one_row ... ok
test single_language_totals_match_row ... ok
test unique_parent_file_count_matches_lang_report ... ok
test unique_parent_file_count_positive_for_nonempty ... ok

test result: ok. 54 passed; 0 failed; 0 ignored; 0 measured; 0 filtered out; finished in 0.27s

     Running tests/deep_model_w49.rs (target/debug/deps/deep_model_w49-b99a158d813b0a27)

running 41 tests
test avg_exact_division ... ok
test avg_rounds_to_nearest ... ok
test avg_zero_files_returns_zero ... ok
test collapse_mode_totals_include_all_code ... ok
test child_include_parents_only_excludes_child_rows ... ok
test collapse_mode_has_no_embedded_label ... ok
test child_include_separate_yields_parent_rows ... ok
test empty_languages_export_data_empty ... ok
test empty_languages_module_report_empty ... ok
test empty_languages_produces_empty_report ... ok
test empty_languages_unique_file_count_zero ... ok
test export_data_file_rows_have_normalized_paths ... ok
test export_data_sorted_descending_by_code ... ok
test lang_agg_positive_file_count ... ok
test lang_agg_no_zero_code_rows_in_collapse ... ok
test lang_agg_rows_code_sum_equals_total_code ... ok
test lang_agg_rows_bytes_sum_equals_total_bytes ... ok
test lang_agg_rows_lines_sum_equals_total_lines ... ok
test lang_rows_tiebreak_ascending_by_name ... ok
test lang_agg_rows_tokens_sum_equals_total_tokens ... ok
test lang_rows_sorted_descending_by_code ... ok
test lang_report_top_truncates_with_other ... ok
test module_agg_all_modules_have_files ... ok
test module_agg_row_code_sum_equals_total ... ok
test module_agg_row_lines_sum_equals_total ... ok
test module_rows_tiebreak_ascending_by_name ... ok
test module_report_top_truncates_with_other ... ok
test module_agg_with_crates_root_depth2 ... ok
test module_rows_sorted_descending_by_code ... ok
test prop_lines_ge_code_per_row ... ok
test prop_module_sort_preserves_code ... ok
test prop_module_sort_descending ... ok
test prop_sort_idempotent_lang ... ok
test separate_mode_embedded_rows_have_zero_bytes ... ok
test prop_sort_preserves_code_sum ... ok
test separate_mode_still_has_parent_rows ... ok
test single_file_crate_has_one_lang_row ... ok
test separate_vs_collapse_parent_code_consistent ... ok
test prop_total_code_eq_sum ... ok
test total_avg_lines_consistent ... ok
test total_files_equals_unique_parent_file_count ... ok

test result: ok. 41 passed; 0 failed; 0 ignored; 0 measured; 0 filtered out; finished in 0.35s

     Running tests/deep_w38.rs (target/debug/deps/deep_w38-3382d9b2a45fd089)

running 51 tests
test avg_exact_division ... ok
test avg_one_file ... ok
test avg_rounds_to_nearest ... ok
test avg_zero_files_returns_zero ... ok
test avg_zero_lines ... ok
test collapse_mode_excludes_embedded_label ... ok
test child_include_separate_has_parents ... ok
test empty_languages_export_data_is_empty ... ok
test child_include_parents_only_has_only_parents ... ok
test both_modes_agree_on_rust_code_count ... ok
test empty_languages_lang_report_is_empty ... ok
test empty_languages_module_report_is_empty ... ok
test empty_languages_unique_file_count_is_zero ... ok
test export_data_min_code_filters_small ... ok
test export_data_max_rows_truncates ... ok
test export_data_sorted_descending ... ok
test file_rows_have_normalized_paths ... ok
test file_rows_lang_is_rust_for_pure_crate ... ok
test file_rows_have_valid_module ... ok
test file_rows_lines_eq_code_plus_comments_plus_blanks ... ok
test file_rows_strip_prefix_removes_leading_path ... ok
test lang_report_no_zero_code_rows ... ok
test lang_report_positive_metrics ... ok
test lang_report_single_lang_has_one_row ... ok
test lang_report_multi_rows_sum_to_totals ... ok
test lang_report_single_lang_totals_equal_row ... ok
test lang_report_sorted_descending ... ok
test lang_report_top_n_limits_rows ... ok
test module_key_backslash_normalized ... ok
test lang_report_top_zero_keeps_all ... ok
test module_key_crates_depth_2 ... ok
test module_key_depth_1_collapses_to_root_dir ... ok
test module_key_depth_exceeds_path ... ok
test module_key_dot_slash_prefix ... ok
test module_key_empty_roots ... ok
test module_key_non_root_first_dir ... ok
test module_key_root_level_file ... ok
test module_key_multiple_roots ... ok
test lang_report_with_files_true ... ok
test lang_report_with_files_false ... ok
test normalize_path_backslash_to_forward ... ok
test normalize_path_idempotent ... ok
test normalize_path_no_leading_slash ... ok
test normalize_path_strips_dot_slash ... ok
test normalize_path_strips_prefix ... ok
test module_report_top_n_limits_rows ... ok
test module_report_sorted_descending ... ok
test module_report_totals_consistent ... ok
test separate_mode_includes_rust_row ... ok
test unique_file_count_matches_lang_report_total ... ok
test unique_file_count_positive_for_nonempty_scan ... ok

test result: ok. 51 passed; 0 failed; 0 ignored; 0 measured; 0 filtered out; finished in 0.21s

     Running tests/deep_w67.rs (target/debug/deps/deep_w67-6190f03e166796b6)

running 26 tests
test avg_rounds_to_nearest ... ok
test avg_zero_files_returns_zero ... ok
test file_rows_have_forward_slash_paths ... ok
test file_rows_lines_equal_sum_of_parts ... ok
test export_data_rows_sorted_desc_by_code ... ok
test file_rows_have_positive_code ... ok
test lang_report_tied_rows_sorted_by_name ... ok
test lang_report_rows_sorted_desc_by_code ... ok
test module_report_depth_1_groups_top_dirs ... ok
test lang_report_top_n_truncates ... ok
test module_report_code_sum_matches_total ... ok
test module_report_totals_are_positive ... ok
test module_report_depth_2_with_roots ... ok
test module_report_rows_sorted_desc_by_code ... ok
test module_report_top_n_truncates ... ok
test normalize_path_converts_backslashes ... ok
test normalize_path_strips_prefix ... ok
test multi_lang_rows_sum_to_totals_bytes ... ok
test prop_avg_never_exceeds_lines ... ok
test prop_avg_zero_lines_is_zero ... ok
test single_lang_positive_metrics ... ok
test single_lang_collapse_has_one_row ... ok
test multi_lang_rows_sum_to_totals_code ... ok
test multi_lang_rows_sum_to_totals_lines ... ok
test single_lang_totals_equal_sole_row ... ok
test unique_parent_file_count_matches_report_files ... ok

test result: ok. 26 passed; 0 failed; 0 ignored; 0 measured; 0 filtered out; finished in 0.26s

     Running tests/determinism_w40.rs (target/debug/deps/determinism_w40-2c3090e2d23555dd)

running 12 tests
test export_data_row_count_stable ... ok
test file_rows_sorted_desc_code_asc_path ... ok
test file_row_ordering_deterministic ... ok
test file_rows_use_forward_slashes ... ok
test module_key_deterministic_for_same_input ... ok
test lang_aggregation_order_deterministic ... ok
test lang_aggregation_separate_mode_deterministic ... ok
test lang_aggregation_sorted_desc_code_asc_name ... ok
test normalize_path_always_uses_forward_slashes ... ok
test module_key_ordering_deterministic ... ok
test module_rows_sorted_desc_code_asc_name ... ok
test module_keys_use_forward_slashes ... ok

test result: ok. 12 passed; 0 failed; 0 ignored; 0 measured; 0 filtered out; finished in 0.22s

     Running tests/determinism_w66.rs (target/debug/deps/determinism_w66-ea7d3a9082fb7331)

running 20 tests
test avg_function_determinism ... ok
test btreemap_aggregation_is_deterministic ... ok
test btreemap_duplicate_entries_aggregate_deterministically ... ok
test children_mode_separate_report_is_stable ... ok
test children_mode_collapse_report_is_stable ... ok
test file_rows_insertion_order_does_not_affect_sorted_output ... ok
test export_data_sort_code_desc_then_path_asc ... ok
test module_key_is_path_order_independent ... ok
test lang_rows_insertion_order_does_not_affect_sorted_output ... ok
test module_key_normalizes_separators ... ok
test normalize_path_determinism ... ok
test module_rows_insertion_order_does_not_affect_sorted_output ... ok
test module_report_child_include_mode_serialization_stable ... ok
test normalize_path_forward_slash_consistency ... ok
test prop_file_sort_any_permutation ... ok
test prop_module_sort_any_permutation ... ok
test tie_breaking_by_name_is_deterministic ... ok
test top_n_folding_is_deterministic ... ok
test prop_lang_sort_any_permutation ... ok
test prop_btreemap_ordering_is_lexicographic ... ok

test result: ok. 20 passed; 0 failed; 0 ignored; 0 measured; 0 filtered out; finished in 0.06s

     Running tests/edge_cases_w50.rs (target/debug/deps/edge_cases_w50-c3e3cb74b23851c6)

running 12 tests
test collect_file_rows_root_file_module_is_root ... ok
test lang_report_empty_languages ... ok
test module_key_deeply_nested_10_levels ... ok
test module_key_deeply_nested_with_root_respects_depth ... ok
test module_key_root_level_file_returns_root ... ok
test module_report_empty_languages ... ok
test normalize_path_strips_dot_prefix ... ok
test normalize_path_with_strip_prefix ... ok
test aggregation_top_limits_rows ... ok
test children_collapse_no_children_is_noop ... ok
test aggregation_total_code_is_sum_of_rows ... ok
test single_file_zero_code_positive_blanks_comments ... ok

test result: ok. 12 passed; 0 failed; 0 ignored; 0 measured; 0 filtered out; finished in 0.04s

     Running tests/feature_stability_w53.rs (target/debug/deps/feature_stability_w53-8686ca50f682acef)

running 14 tests
test avg_normal_values ... ok
test avg_rounds_correctly ... ok
test avg_zero_files_returns_zero ... ok
test collect_file_rows_empty_languages ... ok
test create_lang_report_empty_languages ... ok
test create_export_data_empty_languages ... ok
test create_module_report_empty_languages ... ok
test module_key_crate_path ... ok
test module_key_root_file ... ok
test module_key_deep_path ... ok
test normalize_path_forward_slashes ... ok
test normalize_path_strips_dot_prefix ... ok
test unique_parent_file_count_empty ... ok
test normalize_path_with_strip_prefix ... ok

test result: ok. 14 passed; 0 failed; 0 ignored; 0 measured; 0 filtered out; finished in 0.00s

     Running tests/model_depth_w58.rs (target/debug/deps/model_depth_w58-00728c3bf292b54d)

running 30 tests
test avg_rounds_correctly ... ok
test avg_zero_files_returns_zero ... ok
test empty_scan_export_data_has_zero_rows ... ok
test empty_scan_lang_report_has_zero_rows ... ok
test empty_scan_module_report_has_zero_rows ... ok
test collapse_mode_all_rows_have_bytes ... ok
test collect_file_rows_returns_nonempty_for_real_code ... ok
test collapse_mode_no_embedded_rows ... ok
test export_rows_have_parent_kind ... ok
test export_rows_sorted_by_code_descending ... ok
test export_rows_lines_equals_code_plus_comments_plus_blanks ... ok
test export_data_deterministic ... ok
test file_rows_are_grouped_by_path_lang_kind ... ok
test file_rows_paths_use_forward_slashes ... ok
test lang_report_aggregates_all_files_of_same_language ... ok
test lang_report_name_tiebreak_ascending ... ok
test lang_report_sorted_by_code_descending ... ok
test lang_report_total_code_matches_sum_of_rows ... ok
test module_key_depth_one ... ok
test module_key_non_root_dir ... ok
test module_key_depth_two ... ok
test module_key_root_file_is_root ... ok
test lang_report_deterministic ... ok
test module_report_at_depth_two_groups_by_subcrate ... ok
test lang_report_total_lines_matches_sum_of_rows ... ok
test separate_mode_embedded_rows_have_zero_bytes ... ok
test module_report_sorted_by_code_descending ... ok
test separate_mode_parent_rows_have_bytes ... ok
test module_report_deterministic ... ok
test separate_mode_total_code_still_matches_row_sum ... ok

test result: ok. 30 passed; 0 failed; 0 ignored; 0 measured; 0 filtered out; finished in 0.16s

     Running tests/model_depth_w63.rs (target/debug/deps/model_depth_w63-c940295cd1f33d96)

running 66 tests
test avg_identity ... ok
test avg_basic ... ok
test avg_rounding ... ok
test avg_large_values ... ok
test collapse_does_not_create_embedded_rows ... ok
test blank_only_file_zero_code ... ok
test comment_only_file_zero_code ... ok
test child_include_parents_only_vs_separate ... ok
test export_data_empty ... ok
test export_data_deterministic ... ok
test export_data_max_rows ... ok
test empty_file_has_zero_code ... ok
test file_rows_from_empty_languages ... ok
test export_data_min_code_filter ... ok
test file_rows_lines_equal_sum ... ok
test file_rows_btreemap_ordering_deterministic ... ok
test export_data_sorted_descending_by_code ... ok
test file_rows_multiple_files ... ok
test file_rows_single_file ... ok
test file_rows_parents_only_no_children ... ok
test file_rows_with_strip_prefix ... ok
test lang_report_empty_languages ... ok
test lang_report_deterministic ... ok
test lang_report_collapse_mode_stored ... ok
test lang_report_multiple_languages ... ok
test lang_report_single_rust_file ... ok
test lang_report_separate_mode_stored ... ok
test file_rows_separate_may_include_children ... ok
test lang_report_sorted_descending_by_code ... ok
test lang_report_tied_code_sorted_by_name ... ok
test lang_report_top_limits_rows ... ok
test module_key_crates_root_depth_2 ... ok
test module_key_in_root_dir ... ok
test module_key_packages_root ... ok
test module_key_root_level ... ok
test module_report_depth_stores_settings ... ok
test lang_report_with_files_flag ... ok
test module_report_empty_languages ... ok
test lang_report_top_zero_means_no_limit ... ok
test module_report_deterministic ... ok
test module_report_depth_1 ... ok
test normalize_backslashes ... ok
test normalize_forward_slashes ... ok
test normalize_strips_dot_slash ... ok
test normalize_with_prefix ... ok
test module_report_sorted_descending_by_code ... ok
test module_report_top_limits ... ok
test properties::avg_never_exceeds_total ... ok
test properties::avg_one_file_returns_lines ... ok
test module_report_with_module_roots ... ok
test properties::avg_zero_files_returns_zero ... ok
test properties::module_key_deterministic ... ok
test properties::lang_report_total_code_is_sum ... ok
test properties::file_rows_lines_equal_parts ... ok
test properties::lang_report_total_lines_is_sum ... ok
test properties::normalize_path_idempotent ... ok
test separate_mode_may_differ_from_collapse ... ok
test totals_bytes_matches_sum_of_rows ... ok
test totals_code_matches_sum_of_rows ... ok
test totals_empty_input ... ok
test totals_files_uses_unique_parent_count ... ok
test totals_lines_matches_sum_of_rows ... ok
test totals_tokens_matches_sum_of_rows ... ok
test properties::normalize_path_no_backslashes ... ok
test unique_parent_file_count_deterministic ... ok
test properties::module_report_total_code_is_sum ... ok

test result: ok. 66 passed; 0 failed; 0 ignored; 0 measured; 0 filtered out; finished in 1.21s

     Running tests/model_error_handling_w54.rs (target/debug/deps/model_error_handling_w54-cf8b619235733d50)

running 31 tests
test avg_rounds_to_nearest ... ok
test avg_both_zero_returns_zero ... ok
test avg_exact_division ... ok
test avg_zero_files_returns_zero ... ok
test avg_zero_lines_returns_zero ... ok
test collect_file_rows_empty_languages ... ok
test collect_file_rows_empty_with_separate_mode ... ok
test create_export_data_empty_languages ... ok
test create_export_data_with_max_rows ... ok
test create_export_data_with_min_code_filter ... ok
test create_lang_report_empty_languages_collapse ... ok
test create_lang_report_empty_languages_separate ... ok
test create_lang_report_empty_with_files_flag ... ok
test create_lang_report_top_zero_means_no_limit ... ok
test create_lang_report_top_larger_than_rows ... ok
test create_module_report_empty_languages ... ok
test create_module_report_top_zero_means_no_limit ... ok
test module_key_depth_one ... ok
test module_key_empty_roots ... ok
test create_module_report_empty_with_roots ... ok
test module_key_inside_module_root ... ok
test module_key_not_in_roots ... ok
test module_key_root_file ... ok
test normalize_path_already_normalized ... ok
test normalize_path_empty_path ... ok
test normalize_path_backslashes_to_forward ... ok
test normalize_path_strip_prefix_not_matching ... ok
test normalize_path_root_file ... ok
test normalize_path_strips_leading_dot_slash ... ok
test unique_parent_file_count_empty ... ok
test normalize_path_with_strip_prefix ... ok

test result: ok. 31 passed; 0 failed; 0 ignored; 0 measured; 0 filtered out; finished in 0.03s

     Running tests/model_tests.rs (target/debug/deps/model_tests-a51ae2cdc2aea24a)

running 52 tests
test avg_one_file ... ok
test avg_zero_files_returns_zero ... ok
test avg_rounds_to_nearest ... ok
test collect_file_rows_returns_valid_rows ... ok
test collect_file_rows_separate_accumulates_child_stats ... ok
test collect_file_rows_accumulates_stats_correctly ... ok
test collect_file_rows_separate_includes_children ... ok
test export_data_max_rows_boundary_conditions ... ok
test export_data_min_code_filter_uses_greater_or_equal ... ok
test export_data_min_code_boundary_conditions ... ok
test export_data_max_rows_truncates ... ok
test lang_report_accumulates_bytes_and_tokens_correctly ... ok
test export_data_sorted_by_code_then_path ... ok
test export_data_min_code_filters_correctly ... ok
test lang_report_avg_lines_calculated_correctly ... ok
test lang_report_collapse_sums_correctly ... ok
test lang_report_collapse_code_zero_check_excludes_zero ... ok
test lang_report_embedded_accumulation ... ok
test lang_report_lines_equals_code_plus_comments_plus_blanks ... ok
test lang_report_lines_includes_all_components ... ok
test lang_report_separate_accumulates_correctly ... ok
test lang_report_separate_code_greater_than_zero_check ... ok
test lang_report_separate_code_zero_check_excludes_zero ... ok
test lang_report_separate_lines_calculation ... ok
test lang_report_separate_sums_correctly ... ok
test lang_report_skips_zero_code_languages ... ok
test lang_report_tokens_approximates_bytes ... ok
test lang_report_sorted_descending_by_code ... ok
test lang_report_top_truncates_and_adds_other ... ok
test module_key_handles_deep_paths_with_roots ... ok
test module_key_depth_zero_treated_as_one ... ok
test module_key_handles_shallow_paths_with_roots ... ok
test module_key_non_root_returns_first_dir ... ok
test module_report_accumulates_all_metrics_correctly ... ok
test module_report_sorted_descending_by_code ... ok
test lang_report_top_truncation_boundary_conditions ... ok
test normalize_path_fast_slow_path_logic ... ok
test module_report_sums_correctly ... ok
test normalize_path_handles_backslashes ... ok
test normalize_path_handles_complex_prefix ... ok
test normalize_path_handles_dot_slash_prefix ... ok
test normalize_path_handles_leading_slash ... ok
test normalize_path_not_operators ... ok
test normalize_path_handles_leading_dot_slash ... ok
test normalize_path_strips_prefix_without_trailing_slash ... ok
test normalize_path_strips_prefix_with_trailing_slash ... ok
test unique_parent_file_count_empty_languages ... ok
test unique_parent_file_count_returns_correct_count ... ok
test verify_division_in_tokens ... ok
test module_report_top_truncates ... ok
test verify_code_accumulation_is_addition ... ok
test module_report_top_truncation_boundary_conditions ... ok

test result: ok. 52 passed; 0 failed; 0 ignored; 0 measured; 0 filtered out; finished in 0.19s

     Running tests/mutation_coverage_w50.rs (target/debug/deps/mutation_coverage_w50-950ecad37f512137)

running 15 tests
test avg_nonzero_lines_nonzero_files_never_zero ... ok
test aggregate_totals_two_languages ... ok
test avg_zero_files_returns_zero ... ok
test avg_rounds_to_nearest ... ok
test empty_rows_produce_zero_totals ... ok
test normalize_path_identity_for_clean ... ok
test normalize_path_backslash_to_forward_slash ... ok
test single_language_total_equals_row ... ok
test normalize_path_strips_prefix ... ok
test normalize_path_strips_dot_prefix ... ok
test sort_order_changes_when_code_changes ... ok
test sort_order_descending_by_code ... ok
test total_code_equals_sum_of_row_code ... ok
test zero_code_languages_sorted_by_name ... ok
test totals_bytes_tokens_sum ... ok

test result: ok. 15 passed; 0 failed; 0 ignored; 0 measured; 0 filtered out; finished in 0.00s

     Running tests/properties.rs (target/debug/deps/properties-f4e3125b487f9378)

running 26 tests
test avg_same_value ... ok
test avg_bounded ... ok
test avg_double ... ok
test avg_rounds_correctly ... ok
test avg_zero_files_is_zero ... ok
test avg_zero_lines_is_zero ... ok
test lang_row_sum_code_equals_total ... ok
test lang_row_sorting_is_descending_by_code_then_name ... ok
test lang_row_sorting_preserves_count ... ok
test lang_row_sorting_is_idempotent ... ok
test module_key_deterministic ... ok
test module_key_no_backslash ... ok
test module_key_matching_root_depth ... ok
test module_key_root_file_is_root ... ok
test module_key_normalized_input ... ok
test module_key_never_crashes ... ok
test module_key_non_matching_root_is_first_dir ... ok
test normalize_path_always_forward_slash ... ok
test normalize_path_idempotent ... ok
test normalize_path_never_crashes ... ok
test normalize_path_no_leading_dot_slash ... ok
test module_row_sorting_is_idempotent ... ok
test module_row_sum_code_equals_total ... ok
test module_row_sorting_is_descending_by_code_then_module ... ok
test normalize_path_no_leading_slash ... ok
test normalize_path_prefix_stripping ... ok

test result: ok. 26 passed; 0 failed; 0 ignored; 0 measured; 0 filtered out; finished in 0.84s

     Running tests/proptest_deep.rs (target/debug/deps/proptest_deep-1f91cd516d3267f4)

running 22 tests
test avg_one_file_equals_lines ... ok
test avg_result_bounded_by_lines ... ok
test avg_decreases_with_more_files ... ok
test avg_monotonic_in_lines ... ok
test children_mode_roundtrip ... ok
test lang_rows_sorted_by_code_desc ... ok
test lang_rows_sort_deterministically ... ok
test lang_row_roundtrip ... ok
test lang_rows_total_code_equals_sum ... ok
test btreemap_key_order_is_deterministic ... ok
test module_key_never_contains_filename ... ok
test module_key_consistent_across_separators ... ok
test module_row_roundtrip ... ok
test module_rows_sort_deterministically ... ok
test module_key_root_for_bare_filename ... ok
test module_key_depth_1_max_one_segment ... ok
test normalize_path_dot_slash_stripped ... ok
test normalize_path_deterministic ... ok
test totals_zero_construction ... ok
test totals_roundtrip ... ok
test normalize_path_result_no_trailing_slash ... ok
test normalize_path_forward_backslash_equivalent ... ok

test result: ok. 22 passed; 0 failed; 0 ignored; 0 measured; 0 filtered out; finished in 0.07s

     Running tests/proptest_w42.rs (target/debug/deps/proptest_w42-82a76343eda20044)

running 20 tests
test avg_zero_lines_returns_zero ... ok
test avg_result_bounded ... ok
test avg_zero_files_returns_zero ... ok
test avg_exact_division ... ok
test lang_row_lines_ge_code ... ok
test lang_row_sorted_descending ... ok
test lang_row_sum_is_additive ... ok
test lang_row_sort_idempotent ... ok
test lang_row_sort_preserves_count ... ok
test module_key_deterministic ... ok
test module_key_never_panics ... ok
test module_row_lines_ge_code ... ok
test module_key_root_file ... ok
test module_key_no_backslash ... ok
test normalize_idempotent ... ok
test normalize_no_backslash ... ok
test normalize_no_leading_dot_slash ... ok
test module_row_sorted_descending ... ok
test module_row_sort_idempotent ... ok
test module_row_sort_preserves_code_sum ... ok

test result: ok. 20 passed; 0 failed; 0 ignored; 0 measured; 0 filtered out; finished in 0.58s

     Running tests/proptest_w72.rs (target/debug/deps/proptest_w72-720a5db319d9de8f)

running 15 tests
test avg_zero_files_returns_zero ... ok
test avg_never_exceeds_lines ... ok
test avg_exact_division ... ok
test module_key_deterministic ... ok
test lang_row_file_count_matches_input ... ok
test module_key_never_empty ... ok
test module_aggregation_preserves_totals ... ok
test normalize_path_idempotent ... ok
test lang_sort_invariant ... ok
test module_row_file_count_nonneg ... ok
test normalize_path_no_backslashes ... ok
test normalize_path_no_leading_dot_slash ... ok
test module_sort_invariant ... ok
test total_code_equals_sum_of_lang_codes ... ok
test sorting_is_deterministic ... ok

test result: ok. 15 passed; 0 failed; 0 ignored; 0 measured; 0 filtered out; finished in 0.54s

     Running tests/snapshots.rs (target/debug/deps/snapshots-09d998691fcf7d6f)

running 9 tests
test snapshot_file_rows_parents_only ... ok
test snapshot_empty_export ... ok
test snapshot_empty_lang_report ... ok
test snapshot_empty_module_report ... ok
test snapshot_file_rows_separate ... ok
test snapshot_lang_report_separate_shape ... ok
test snapshot_lang_report_top1 ... ok
test snapshot_lang_report_collapse_shape ... ok
test snapshot_module_report_shape ... ok

test result: ok. 9 passed; 0 failed; 0 ignored; 0 measured; 0 filtered out; finished in 0.32s

     Running unittests src/lib.rs (target/debug/deps/tokmd_module_key-16cb95d148105f50)

running 7 tests
test tests::module_key_dot_only_dir_becomes_root ... ok
test tests::module_key_for_non_root_is_first_directory ... ok
test tests::module_key_from_normalized_handles_empty_segments ... ok
test tests::module_key_depth_overflow_does_not_include_filename ... ok
test tests::module_key_from_normalized_ignores_dot_segments ... ok
test tests::module_key_respects_root_and_depth ... ok
test tests::module_key_root_level_file ... ok

test result: ok. 7 passed; 0 failed; 0 ignored; 0 measured; 0 filtered out; finished in 0.01s

     Running tests/bdd_module_key.rs (target/debug/deps/bdd_module_key-ab1676578fd13df4)

running 25 tests
test given_depth_three_when_matching_root_then_three_segments ... ok
test given_depth_one_when_matching_root_then_only_root_segment_returned ... ok
test given_dir_names_with_at_sign_when_module_key_computed_then_preserved ... ok
test given_dir_names_with_dots_when_not_dot_segment_then_preserved ... ok
test given_dot_slash_dotfile_then_root ... ok
test given_double_leading_slash_when_module_key_then_stripped ... ok
test given_depth_zero_when_module_key_computed_then_clamped_to_one ... ok
test given_dotfile_at_root_then_root ... ok
test given_empty_roots_when_module_key_computed_then_first_dir_is_key ... ok
test given_file_directly_under_non_root_dir_then_first_dir ... ok
test given_file_directly_under_root_segment_when_module_key_then_root_only ... ok
test given_file_with_no_extension_at_root_then_root ... ok
test given_hyphenated_dir_names_when_module_key_computed_then_preserved ... ok
test given_multiple_roots_when_second_root_matches_then_depth_applied ... ok
test given_multiple_dot_segments_when_module_key_then_dots_skipped ... ok
test given_leading_slash_when_module_key_then_stripped ... ok
test given_non_root_path_when_module_key_computed_then_first_directory_is_used ... ok
test given_mixed_separators_when_module_key_then_normalized ... ok
test given_pure_backslash_path_when_module_key_then_normalized ... ok
test given_underscored_dir_names_then_preserved ... ok
test given_very_deep_path_when_depth_exceeds_dirs_then_all_dirs_used ... ok
test given_very_deep_path_when_depth_two_then_only_two_segments ... ok
test given_windows_dot_backslash_prefix_when_module_key_then_stripped ... ok
test given_windows_style_path_when_module_key_computed_then_result_is_forward_slash_deterministic ... ok
test given_workspace_root_path_when_module_key_computed_then_depth_limits_segments ... ok

test result: ok. 25 passed; 0 failed; 0 ignored; 0 measured; 0 filtered out; finished in 0.00s

     Running tests/deep.rs (target/debug/deps/deep-6e7262ce4a6c61fe)

running 36 tests
test backslash_paths_normalized_to_forward_slash ... ok
test depth_exceeds_available_segments ... ok
test depth_matches_available_segments_exactly ... ok
test depth_one_returns_root_segment_only ... ok
test depth_zero_clamps_to_one_for_matching_root ... ok
test dot_slash_only_yields_root ... ok
test dotted_dir_names_not_treated_as_dot_segment ... ok
test empty_string_yields_root ... ok
test empty_roots_always_returns_first_dir ... ok
test deterministic_across_repeated_calls ... ok
test equivalent_path_forms_produce_same_key ... ok
test from_normalized_agrees_with_module_key_for_clean_paths ... ok
test from_normalized_double_slash_skips_empty_segments ... ok
test from_normalized_dot_segments_are_skipped ... ok
test from_normalized_empty_string_yields_root ... ok
test from_normalized_bare_filename_yields_root ... ok
test increasing_depth_yields_longer_keys ... ok
test leading_dot_backslash_stripped ... ok
test just_a_filename_yields_root ... ok
test leading_dot_slash_stripped ... ok
test leading_slash_stripped ... ok
test mixed_separators_normalized ... ok
test multiple_leading_slashes_stripped ... ok
test non_matching_root_ignores_depth ... ok
test output_never_contains_backslash ... ok
test numeric_dir_names ... ok
test output_is_either_root_marker_or_path_segment ... ok
test output_never_ends_with_slash ... ok
test output_never_starts_with_slash ... ok
test root_that_is_substring_of_another_does_not_false_match ... ok
test second_root_matches_when_first_does_not ... ok
test single_dot_yields_root ... ok
test slash_only_yields_root ... ok
test spaces_in_dir_names_preserved ... ok
test three_roots_all_match_independently ... ok
test unicode_dir_names_preserved ... ok

test result: ok. 36 passed; 0 failed; 0 ignored; 0 measured; 0 filtered out; finished in 0.00s

     Running tests/deep_edge_cases.rs (target/debug/deps/deep_edge_cases-04f0080e2c7a8496)

running 25 tests
test consecutive_slashes_skipped_in_normalized ... ok
test backslash_with_root_and_depth ... ok
test deep_nesting_without_root_returns_first_dir ... ok
test dot_backslash_prefix ... ok
test dot_slash_dot_slash_fully_stripped ... ok
test dot_in_directory_name_not_confused_with_dot_segment ... ok
test dot_slash_src_is_stripped ... ok
test dotdot_as_module_root ... ok
test double_dot_slash_is_not_stripped ... ok
test mixed_slash_backslash ... ok
test fifteen_level_nesting_depth_3 ... ok
test deep_nesting_never_panics ... ok
test only_slashes_yields_root ... ok
test pure_backslash_path ... ok
test ten_level_nesting_depth_exceeds_dirs ... ok
test ten_level_nesting_with_root ... ok
test trailing_slash_before_filename_in_normalized ... ok
test unicode_dir_chinese ... ok
test unicode_dir_emoji ... ok
test unicode_dir_japanese ... ok
test unicode_mixed_with_ascii ... ok
test unicode_non_root_returns_first_segment ... ok
test backslash_and_forward_slash_equivalent ... ok
test module_key_is_deterministic ... ok
test module_key_from_normalized_is_deterministic ... ok

test result: ok. 25 passed; 0 failed; 0 ignored; 0 measured; 0 filtered out; finished in 0.23s

     Running tests/derivation_w59.rs (target/debug/deps/derivation_w59-ce7f934e5b17daa9)

running 40 tests
test depth_monotonically_grows_segment_count ... ok
test depth_exceeds_available_dirs ... ok
test depth_progression_adds_segments ... ok
test depth_two_returns_root_plus_one ... ok
test depth_zero_clamps_to_one_segment ... ok
test depth_one_returns_root_only ... ok
test depth_three_returns_root_plus_two ... ok
test derive_backslash_normalized ... ok
test derive_leading_dot_slash_stripped ... ok
test derive_leading_slash_stripped ... ok
test derive_mixed_separators ... ok
test derive_root_level_various_extensions ... ok
test derive_non_matching_root_ignores_depth ... ok
test derive_single_dir_matching_root ... ok
test derive_single_dir_no_roots ... ok
test derive_three_dirs_matching_root_depth_2 ... ok
test derive_three_dirs_matching_root_depth_3 ... ok
test derive_two_dirs_matching_root_depth_2 ... ok
test dot_only_dir_becomes_root ... ok
test dot_segment_in_middle_skipped ... ok
test dot_only_dir_with_root_config ... ok
test edge_dot_only ... ok
test edge_deeply_nested_20_levels ... ok
test dot_segment_with_depth_3 ... ok
test edge_dot_slash_only ... ok
test edge_empty_path ... ok
test edge_filename_no_directory ... ok
test edge_hyphenated_segments ... ok
test edge_single_char_segments ... ok
test edge_single_slash ... ok
test multiple_dot_segments_all_skipped ... ok
test edge_underscored_segments ... ok
test empty_segments_filtered ... ok
test multiple_roots_each_matches_independently ... ok
test non_matching_root_returns_first_dir_regardless_of_depth ... ok
test root_prefix_no_false_match ... ok
test sort_all_variant_forms_produce_same_key ... ok
test sort_alphabetical_within_module_root ... ok
test sort_deterministic_repeated_calls ... ok
test sort_root_before_alpha ... ok

test result: ok. 40 passed; 0 failed; 0 ignored; 0 measured; 0 filtered out; finished in 0.00s

     Running tests/integration.rs (target/debug/deps/integration-424613fe013f4040)

running 7 tests
test module_key_groups_deeply_nested_files_by_depth ... ok
test module_key_groups_monorepo_with_three_roots ... ok
test module_key_groups_root_level_files_together ... ok
test module_key_groups_paths_deterministically_for_workspace_like_layout ... ok
test module_key_is_stable_across_input_order ... ok
test module_key_special_char_dirs_produce_distinct_groups ... ok
test module_key_windows_and_unix_paths_group_identically ... ok

test result: ok. 7 passed; 0 failed; 0 ignored; 0 measured; 0 filtered out; finished in 0.00s

     Running tests/modkey_depth_w62.rs (target/debug/deps/modkey_depth_w62-18f357329517796a)

running 50 tests
test depth_2_returns_two_segments ... ok
test backslash_converted_to_forward_slash ... ok
test depth_1_returns_root_segment_only ... ok
test depth_0_treated_as_depth_1 ... ok
test depth_3_returns_three_segments ... ok
test depth_affects_only_module_root_paths ... ok
test dot_only_directory_becomes_root ... ok
test depth_exceeds_available_dirs_returns_all_dirs ... ok
test dot_segment_skipped_in_normalized ... ok
test dotted_directory_name_not_filtered ... ok
test double_slash_ignored ... ok
test empty_path_returns_root ... ok
test file_directly_under_root_dir_depth_1 ... ok
test file_directly_under_root_dir ... ok
test filename_with_multiple_dots ... ok
test filename_with_no_extension ... ok
test hyphenated_directory_names ... ok
test leading_backslash_stripped ... ok
test leading_forward_slash_stripped ... ok
test mixed_slashes_normalized ... ok
test leading_dot_backslash_stripped ... ok
test multiple_dot_segments_skipped ... ok
test multiple_module_roots_independent ... ok
test multiple_roots_first_matched ... ok
test multiple_roots_second_matched ... ok
test nested_non_root ... ok
test non_root_first_segment_only ... ok
test normalized_depth_overflow ... ok
test normalized_non_root_dir ... ok
test normalized_root_file ... ok
test normalized_single_dir_under_root ... ok
test properties::key_never_contains_backslash ... ok
test properties::forward_and_backslash_produce_same_key ... ok
test properties::key_is_stable_across_calls ... ok
test properties::depth_monotonic_prefix ... ok
test root_empty_roots ... ok
test root_hidden_file ... ok
test root_no_extension ... ok
test root_plain_file ... ok
test root_segment_must_match_exactly ... ok
test root_with_leading_dot_slash ... ok
test single_segment_no_slash_returns_root ... ok
test triple_slash_ignored ... ok
test underscored_directory_names ... ok
test unicode_directory_names ... ok
test very_deep_path_depth_2 ... ok
test very_deep_path_depth_5 ... ok
test properties::key_never_ends_with_slash ... ok
test properties::normalized_key_never_contains_backslash ... ok
test properties::root_files_always_root ... ok

test result: ok. 50 passed; 0 failed; 0 ignored; 0 measured; 0 filtered out; finished in 0.17s

     Running tests/module_key_edge_cases_w54.rs (target/debug/deps/module_key_edge_cases_w54-f22cc63f7c2c0afc)

running 21 tests
test consecutive_slashes_empty_segments_skipped ... ok
test bare_filename_is_root ... ok
test deeply_nested_non_root_is_first_segment ... ok
test deeply_nested_in_module_root ... ok
test depth_exact_match ... ok
test depth_one_gives_root_only ... ok
test depth_zero_maps_to_root_segment ... ok
test depth_exceeds_available_segments ... ok
test dotfile_at_root_is_root ... ok
test emoji_directory ... ok
test file_with_no_extension_at_root ... ok
test interior_dot_segments_skipped ... ok
test leading_dot_backslash_stripped ... ok
test leading_dot_only_dir_is_root ... ok
test leading_slash_stripped ... ok
test multiple_dot_segments_skipped ... ok
test second_root_detected ... ok
test single_dir_file ... ok
test single_dir_non_root ... ok
test unicode_module_root ... ok
test windows_backslash_module_key ... ok

test result: ok. 21 passed; 0 failed; 0 ignored; 0 measured; 0 filtered out; finished in 0.00s

     Running tests/modulekey_deep_w75.rs (target/debug/deps/modulekey_deep_w75-81f5859d60312653)

running 17 tests
test depth_0_treated_as_1 ... ok
test depth_1_returns_root_only ... ok
test backslash_paths_normalised ... ok
test depth_3_includes_deeper_segment ... ok
test depth_overflow_uses_available_segments ... ok
test dot_only_dir_becomes_root ... ok
test dot_segments_filtered_in_normalized ... ok
test empty_segments_filtered ... ok
test mixed_separator_paths ... ok
test module_root_crates ... ok
test module_root_packages ... ok
test non_root_directory_uses_first_segment ... ok
test root_level_file ... ok
test root_level_with_dot_prefix ... ok
test root_file_always_root ... ok
test module_key_no_backslashes ... ok
test cross_platform_separator_equivalence ... ok

test result: ok. 17 passed; 0 failed; 0 ignored; 0 measured; 0 filtered out; finished in 0.04s

     Running tests/modulekey_depth_w57.rs (target/debug/deps/modulekey_depth_w57-4b509fc9fd1dc7e3)

running 42 tests
test depth_exceeds_dir_segments_uses_all ... ok
test depth_progression_monotonically_grows ... ok
test depth_one_only_root_segment ... ok
test depth_zero_clamps_to_one ... ok
test flat_non_root_ignores_depth_completely ... ok
test flat_non_root_single_dir ... ok
test from_normalized_dot_only_dir_becomes_root ... ok
test flat_single_dir_file ... ok
test from_normalized_dot_segment_skipped_in_middle ... ok
test from_normalized_empty_segments_filtered ... ok
test from_normalized_multiple_dot_segments_skipped ... ok
test module_key_leading_dot_slash_stripped_before_root_match ... ok
test multiple_roots_first_match_wins ... ok
test nested_four_levels_depth_2 ... ok
test nested_deep_structure_10_levels ... ok
test nested_four_levels_depth_3 ... ok
test nested_four_levels_depth_4 ... ok
test nested_with_backslash_separators ... ok
test ordering_root_sorts_before_alpha ... ok
test ordering_equivalent_input_forms_same_key ... ok
test output_no_backslash_ever ... ok
test ordering_sorted_module_keys_stable ... ok
test ordering_repeated_calls_identical ... ok
test output_no_leading_dot_slash ... ok
test output_no_trailing_slash ... ok
test proptests::module_key_deterministic ... ok
test proptests::module_key_no_trailing_slash ... ok
test root_empty_string ... ok
test root_file_leading_slash ... ok
test root_file_with_backslash_dot_prefix ... ok
test root_file_with_dot_prefix ... ok
test root_file_with_no_directory ... ok
test root_single_slash ... ok
test root_substring_no_false_positive ... ok
test unicode_accented_directories ... ok
test unicode_cjk_directories ... ok
test unicode_cyrillic_directories ... ok
test unicode_emoji_directories ... ok
test unicode_mixed_scripts ... ok
test proptests::module_key_no_backslash_in_output ... ok
test proptests::increasing_depth_never_shortens_key ... ok
test proptests::module_key_output_is_root_or_valid_path ... ok

test result: ok. 42 passed; 0 failed; 0 ignored; 0 measured; 0 filtered out; finished in 0.13s

     Running tests/properties.rs (target/debug/deps/properties-64035ec1fc5a5bde)

running 19 tests
test module_key_deterministic ... ok
test module_key_depth_zero_equals_depth_one ... ok
test module_key_first_root_match_wins ... ok
test module_key_dot_slash_prefix_is_idempotent ... ok
test module_key_from_normalized_deterministic ... ok
test module_key_from_normalized_never_empty ... ok
test module_key_from_normalized_no_backslash ... ok
test module_key_increasing_depth_grows_monotonically ... ok
test module_key_never_empty ... ok
test module_key_matching_root_respects_depth ... ok
test module_key_never_ends_with_slash ... ok
test module_key_non_matching_root_is_first_dir ... ok
test module_key_output_never_contains_backslash ... ok
test module_key_normalizes_separator_forms ... ok
test module_key_never_crashes ... ok
test module_key_root_file_is_root ... ok
test module_key_root_file_variants ... ok
test module_key_output_never_starts_with_slash ... ok
test module_key_segments_are_subset_of_path_dirs ... ok

test result: ok. 19 passed; 0 failed; 0 ignored; 0 measured; 0 filtered out; finished in 0.58s

     Running tests/properties_w59.rs (target/debug/deps/properties_w59-3b51a073c656fe84)

running 12 tests
test depth_zero_equals_one ... ok
test backslash_and_forward_slash_equivalent ... ok
test deterministic_from_normalized ... ok
test depth_monotonic_segment_count ... ok
test dot_slash_prefix_stripped ... ok
test deterministic_same_input_same_output ... ok
test key_segments_from_path ... ok
test output_never_empty ... ok
test output_no_backslash ... ok
test root_files_always_root ... ok
test output_no_leading_slash ... ok
test output_no_trailing_slash ... ok

test result: ok. 12 passed; 0 failed; 0 ignored; 0 measured; 0 filtered out; finished in 0.18s

     Running unittests src/lib.rs (target/debug/deps/tokmd_path-70f8586b908873eb)

running 8 tests
test tests::normalize_rel_path_strips_dot_backslash ... ok
test tests::normalize_rel_path_preserves_non_relative_prefix ... ok
test tests::normalize_rel_path_strips_dot_slash ... ok
test tests::normalize_slashes_no_backslashes ... ok
test tests::normalize_rel_path_idempotent ... ok
test tests::normalize_rel_path_no_backslashes ... ok
test tests::normalize_slashes_idempotent ... ok
test tests::normalize_slashes_replaces_backslash ... ok

test result: ok. 8 passed; 0 failed; 0 ignored; 0 measured; 0 filtered out; finished in 0.14s

     Running tests/bdd.rs (target/debug/deps/bdd-c5b9cccafc11673c)

running 28 tests
test normalize_rel_path_scenarios::given_absolute_path_then_slashes_normalized ... ok
test normalize_rel_path_scenarios::given_bare_dot_slash_then_empty_string ... ok
test normalize_rel_path_scenarios::given_dot_backslash_prefix_then_stripped_and_normalized ... ok
test normalize_rel_path_scenarios::given_bare_dot_backslash_then_empty_string ... ok
test normalize_rel_path_scenarios::given_dot_no_slash_then_preserved ... ok
test normalize_rel_path_scenarios::given_dot_slash_prefix_then_stripped ... ok
test normalize_rel_path_scenarios::given_double_dot_backslash_prefix_then_normalized_but_preserved ... ok
test normalize_rel_path_scenarios::given_double_dot_prefix_then_preserved ... ok
test normalize_rel_path_scenarios::given_empty_path_then_empty_string ... ok
test normalize_rel_path_scenarios::given_multiple_dot_slash_prefixes_then_all_stripped ... ok
test normalize_rel_path_scenarios::given_no_relative_prefix_then_unchanged_except_slashes ... ok
test normalize_rel_path_scenarios::given_path_with_spaces_then_preserves_spaces ... ok
test normalize_rel_path_scenarios::given_root_slash_then_unchanged ... ok
test normalize_rel_path_scenarios::given_unicode_relative_path_then_normalized ... ok
test normalize_slashes_scenarios::given_already_forward_slashes_then_unchanged ... ok
test normalize_slashes_scenarios::given_consecutive_backslashes_then_consecutive_forward_slashes ... ok
test normalize_slashes_scenarios::given_dot_segments_then_preserves_them ... ok
test normalize_slashes_scenarios::given_empty_path_then_empty_string ... ok
test normalize_slashes_scenarios::given_filename_only_then_unchanged ... ok
test normalize_slashes_scenarios::given_mixed_separators_then_all_forward ... ok
test normalize_slashes_scenarios::given_path_with_spaces_then_preserves_spaces ... ok
test normalize_slashes_scenarios::given_root_forward_slash_then_unchanged ... ok
test normalize_slashes_scenarios::given_single_backslash_then_single_forward_slash ... ok
test normalize_slashes_scenarios::given_trailing_backslash_then_trailing_forward_slash ... ok
test normalize_slashes_scenarios::given_unc_path_then_forward_slashes ... ok
test normalize_slashes_scenarios::given_unicode_path_then_preserves_unicode ... ok
test normalize_slashes_scenarios::given_windows_backslash_path_then_forward_slashes ... ok
test normalize_slashes_scenarios::given_windows_drive_path_then_forward_slashes ... ok

test result: ok. 28 passed; 0 failed; 0 ignored; 0 measured; 0 filtered out; finished in 0.00s

     Running tests/deep.rs (target/debug/deps/deep-d75a353f4397794c)

running 42 tests
test rel_absolute_windows_path_normalized ... ok
test rel_bare_forward_slash_unchanged ... ok
test rel_bare_dot_slash_yields_empty ... ok
test rel_deeply_nested_backslash_path ... ok
test rel_deeply_nested_path_segments_preserved ... ok
test rel_bare_dot_backslash_yields_empty ... ok
test rel_empty_string ... ok
test rel_dot_dot_not_stripped ... ok
test rel_glob_patterns_preserved ... ok
test rel_extension_chain_preserved ... ok
test rel_idempotent_manual ... ok
test rel_output_never_longer_than_slash_normalized ... ok
test rel_preserves_double_dot_backslash_prefix ... ok
test rel_no_backslashes_in_output_manual ... ok
test rel_preserves_double_dot_prefix ... ok
test rel_preserves_hidden_dotfile ... ok
test rel_preserves_spaces ... ok
test rel_preserves_unicode ... ok
test rel_result_is_suffix_of_slashes_result ... ok
test rel_strips_dot_backslash ... ok
test rel_strips_multiple_dot_slash ... ok
test rel_strips_single_dot_slash ... ok
test slashes_empty_string ... ok
test slashes_filename_only_unchanged ... ok
test slashes_consecutive_backslashes ... ok
test slashes_idempotent_manual ... ok
test slashes_leading_backslash ... ok
test slashes_handles_mixed_separators ... ok
test slashes_preserves_dots ... ok
test slashes_no_backslashes_in_output_manual ... ok
test slashes_preserves_hyphens_underscores ... ok
test slashes_leaves_forward_slashes_alone ... ok
test slashes_preserves_length ... ok
test slashes_preserves_spaces ... ok
test slashes_preserves_unicode ... ok
test slashes_replaces_multiple_backslashes ... ok
test slashes_replaces_single_backslash ... ok
test slashes_single_backslash_becomes_forward ... ok
test slashes_single_forward_unchanged ... ok
test slashes_trailing_backslash ... ok
test slashes_unc_path ... ok
test slashes_windows_drive_path ... ok

test result: ok. 42 passed; 0 failed; 0 ignored; 0 measured; 0 filtered out; finished in 0.00s

     Running tests/deep_w38.rs (target/debug/deps/deep_w38-ec6d4a7c6104c504)

running 25 tests
test no_backslash_in_any_output ... ok
test rel_bare_dot_is_unchanged ... ok
test rel_always_subset_of_slash_normalized_length ... ok
test rel_dot_slash_dot_yields_dot ... ok
test rel_dot_slash_dotdot_yields_dotdot ... ok
test rel_dot_slash_hidden_dir ... ok
test rel_numeric_only_segments ... ok
test rel_handles_at_in_path ... ok
test rel_very_long_dot_slash_prefix ... ok
test rel_preserves_query_like_suffix ... ok
test slash_then_rel_equals_rel_alone ... ok
test slashes_all_backslashes_string ... ok
test slashes_dot_only ... ok
test slashes_consecutive_forward_unchanged ... ok
test slashes_double_dot_only ... ok
test slashes_extension_chain ... ok
test slashes_mixed_consecutive_separators ... ok
test slashes_preserves_at_sign ... ok
test slashes_numeric_segments ... ok
test slashes_preserves_case ... ok
test slashes_preserves_dollar ... ok
test slashes_preserves_equals ... ok
test slashes_preserves_hash ... ok
test slashes_windows_extended_prefix ... ok
test slashes_very_long_path ... ok

test result: ok. 25 passed; 0 failed; 0 ignored; 0 measured; 0 filtered out; finished in 0.00s

     Running tests/deep_w69.rs (target/debug/deps/deep_w69-bbd9716460b8fbbd)

running 28 tests
test prop_rel_idempotent ... ok
test prop_rel_no_backslashes ... ok
test prop_slashes_idempotent ... ok
test rel_deeply_nested_dot_slash ... ok
test rel_deterministic_across_calls ... ok
test rel_dot_only ... ok
test rel_dot_slash_only_becomes_empty ... ok
test rel_empty_string ... ok
test rel_idempotent_concrete ... ok
test rel_preserves_absolute_path ... ok
test rel_preserves_parent_prefix ... ok
test rel_strips_dot_backslash ... ok
test rel_strips_multiple_dot_slash ... ok
test rel_strips_single_dot_slash ... ok
test slashes_deterministic_across_calls ... ok
test slashes_empty_string ... ok
test slashes_idempotent_concrete ... ok
test slashes_mixed_separators ... ok
test slashes_only_backslashes ... ok
test slashes_preserves_forward_slashes ... ok
test slashes_replaces_multiple_backslashes ... ok
test slashes_replaces_single_backslash ... ok
test slashes_unc_path ... ok
test slashes_windows_drive_path ... ok
test slashes_windows_extended_path ... ok
test prop_rel_no_leading_dot_slash_after_normalize ... ok
test prop_slashes_length_preserved_or_same ... ok
test prop_slashes_no_backslashes ... ok

test result: ok. 28 passed; 0 failed; 0 ignored; 0 measured; 0 filtered out; finished in 0.29s

     Running tests/determinism_w66.rs (target/debug/deps/determinism_w66-10e1adea91d22db4)

running 20 tests
test empty_path_normalizes_to_empty ... ok
test mixed_slashes_normalize_consistently ... ok
test multiple_consecutive_dot_slash_stripped ... ok
test normalize_rel_path_strips_dot_slash ... ok
test normalize_rel_path_preserves_parent_reference ... ok
test normalize_slashes_removes_all_backslashes ... ok
test paths_with_dots_normalize_slashes_only ... ok
test normalize_rel_path_is_idempotent ... ok
test normalize_rel_path_is_deterministic_100_times ... ok
test normalize_slashes_is_idempotent ... ok
test paths_with_spaces_normalize_correctly ... ok
test prop_normalize_rel_path_idempotent ... ok
test prop_normalize_rel_path_no_leading_dot_slash ... ok
test prop_normalize_rel_path_no_backslash ... ok
test root_path_normalization ... ok
test single_component_paths ... ok
test trailing_slash_is_preserved ... ok
test unc_path_normalization ... ok
test prop_normalize_slashes_idempotent ... ok
test prop_normalize_slashes_no_backslash ... ok

test result: ok. 20 passed; 0 failed; 0 ignored; 0 measured; 0 filtered out; finished in 0.15s

     Running tests/mutation_w72.rs (target/debug/deps/mutation_w72-6cbd9e95e8578277)

running 15 tests
test rel_bare_dot_slash ... ok
test rel_preserves_double_dot_prefix ... ok
test rel_idempotent ... ok
test rel_empty_string ... ok
test rel_strips_backslash_dot ... ok
test rel_strips_leading_dot_slash ... ok
test rel_strips_multiple_dot_slash ... ok
test slashes_consecutive_backslashes ... ok
test slashes_backslash_converted ... ok
test slashes_empty_string ... ok
test slashes_forward_slash_unchanged ... ok
test slashes_idempotent ... ok
test slashes_mixed_separators ... ok
test slashes_no_separators ... ok
test slashes_single_backslash ... ok

test result: ok. 15 passed; 0 failed; 0 ignored; 0 measured; 0 filtered out; finished in 0.00s

     Running tests/normalization_hardening.rs (target/debug/deps/normalization_hardening-960a6e990477f3b9)

running 34 tests
test dot_slash_then_dotdot ... ok
test alternating_separators ... ok
test dotdot_nested ... ok
test dot_slash_only ... ok
test dotdot_preserved_by_normalize_rel_path ... ok
test dotdot_preserved_by_normalize_slashes ... ok
test dotdot_with_backslash ... ok
test drive_letter_with_forward_slashes_unchanged ... ok
test drive_letter_path_normalized ... ok
test empty_string ... ok
test leading_and_trailing_spaces_in_segments ... ok
test drive_letter_rel_path ... ok
test long_path_rel_normalization ... ok
test long_path_270_chars ... ok
test long_path_with_backslashes ... ok
test mixed_rel_path ... ok
test mixed_separators_complex ... ok
test mixed_separators_all_become_forward ... ok
test multiple_dot_slashes ... ok
test mixed_separator_path_idempotent ... ok
test normalize_rel_path_idempotent ... ok
test normalize_rel_path_never_contains_backslash ... ok
test single_backslash ... ok
test single_dot ... ok
test single_slash ... ok
test spaces_in_directory_names ... ok
test spaces_in_filename ... ok
test spaces_rel_path ... ok
test unc_path_backslashes_converted ... ok
test unc_path_rel_normalization ... ok
test unc_path_with_deep_nesting ... ok
test normalize_slashes_idempotent ... ok
test normalize_slashes_never_contains_backslash ... ok
test long_path_idempotent ... ok

test result: ok. 34 passed; 0 failed; 0 ignored; 0 measured; 0 filtered out; finished in 1.05s

     Running tests/normalize_w59.rs (target/debug/deps/normalize_w59-0b4de18c818871b5)

running 35 tests
test rel_dot_backslash_only ... ok
test rel_absolute_path_unchanged ... ok
test both_functions_deterministic_100_iterations ... ok
test rel_deeply_nested_path ... ok
test rel_dot_only ... ok
test rel_dot_slash_only ... ok
test rel_emoji_with_dot_prefix ... ok
test rel_empty_string ... ok
test rel_idempotent_batch ... ok
test rel_long_path_over_260_chars ... ok
test rel_preserves_double_dot ... ok
test rel_preserves_mid_path_dot ... ok
test rel_strips_leading_dot_backslash ... ok
test rel_strips_leading_dot_slash ... ok
test rel_strips_multiple_dot_slash ... ok
test rel_unicode_path_normalization ... ok
test rel_windows_absolute_normalizes_slashes ... ok
test slashes_all_backslashes ... ok
test slashes_arabic_path ... ok
test slashes_cjk_path ... ok
test slashes_consecutive_backslashes ... ok
test slashes_emoji_path ... ok
test slashes_empty_string ... ok
test slashes_idempotent_batch ... ok
test slashes_length_preserved ... ok
test slashes_mixed_separators ... ok
test slashes_only_forward_slashes_unchanged ... ok
test slashes_preserves_dots ... ok
test slashes_single_backslash ... ok
test slashes_single_forward_slash ... ok
test slashes_preserves_spaces ... ok
test slashes_unc_path ... ok
test slashes_trailing_backslash ... ok
test slashes_windows_long_path_prefix ... ok
test slashes_windows_drive_letter ... ok

test result: ok. 35 passed; 0 failed; 0 ignored; 0 measured; 0 filtered out; finished in 0.00s

     Running tests/path_deep_w75.rs (target/debug/deps/path_deep_w75-da755ed33cdd19df)

running 19 tests
test cjk_path_normalised ... ok
test emoji_path_normalised ... ok
test empty_input ... ok
test no_strip_double_dot ... ok
test normalize_rel_path_idempotent ... ok
test normalize_rel_path_never_contains_backslash ... ok
test normalize_slashes_never_contains_backslash ... ok
test strip_dot_backslash ... ok
test strip_multiple_dot_slashes ... ok
test strip_single_dot_slash ... ok
test unc_path_normalised ... ok
test unc_path_preserves_double_slash_prefix ... ok
test unicode_path_normalised ... ok
test windows_drive_letter_preserved ... ok
test windows_drive_path ... ok
test single_dot_preserved_as_dot ... ok
test windows_mixed_separators ... ok
test normalize_slashes_idempotent ... ok
test normalize_slashes_no_double_slash_on_clean_input ... ok

test result: ok. 19 passed; 0 failed; 0 ignored; 0 measured; 0 filtered out; finished in 0.15s

     Running tests/path_depth_w57.rs (target/debug/deps/path_depth_w57-555080e89950a50b)

running 0 tests

test result: ok. 0 passed; 0 failed; 0 ignored; 0 measured; 0 filtered out; finished in 0.00s

     Running tests/path_depth_w62.rs (target/debug/deps/path_depth_w62-8239de8948c54576)

running 49 tests
test property_tests::rel_never_contain_backslash ... ok
test property_tests::rel_no_leading_dot_slash ... ok
test property_tests::rel_shorter_or_equal ... ok
test property_tests::rel_idempotent ... ok
test rel_backslash_plus_dot ... ok
test rel_deterministic ... ok
test rel_dot_dot_backslash_not_stripped ... ok
test rel_dot_dot_not_stripped ... ok
test rel_dot_in_middle_not_stripped ... ok
test rel_dot_slash_only ... ok
test rel_double_dot_slash ... ok
test rel_empty_string ... ok
test rel_idempotent_hand ... ok
test rel_mixed_separators_with_dot ... ok
test rel_simple_backslash ... ok
test rel_simple_forward ... ok
test rel_single_dot_backslash ... ok
test rel_single_dot_slash ... ok
test rel_spaces ... ok
test rel_trailing_backslash ... ok
test rel_trailing_forward_slash ... ok
test rel_triple_dot_slash ... ok
test rel_unicode ... ok
test rel_windows_absolute_passthrough ... ok
test slashes_accented_chars ... ok
test slashes_all_backslashes ... ok
test slashes_all_forward ... ok
test slashes_deterministic ... ok
test slashes_dots_in_path ... ok
test slashes_double_backslash ... ok
test slashes_double_forward_passthrough ... ok
test slashes_emoji_path ... ok
test slashes_empty_string ... ok
test slashes_idempotent_hand ... ok
test slashes_leading_backslash ... ok
test slashes_mixed ... ok
test slashes_no_separators ... ok
test slashes_single_backslash ... ok
test slashes_single_forward ... ok
test slashes_spaces_in_path ... ok
test slashes_trailing_backslash ... ok
test slashes_trailing_forward_unchanged ... ok
test slashes_triple_backslash ... ok
test slashes_unc_path ... ok
test slashes_unicode_path ... ok
test slashes_windows_drive_path ... ok
test property_tests::slashes_never_contain_backslash ... ok
test property_tests::slashes_idempotent ... ok
test property_tests::slashes_length_unchanged ... ok

test result: ok. 49 passed; 0 failed; 0 ignored; 0 measured; 0 filtered out; finished in 0.18s

     Running tests/path_edge_cases_w54.rs (target/debug/deps/path_edge_cases_w54-99d391e329bf61cc)

running 24 tests
test consecutive_slashes_preserved ... ok
test cross_platform_forward_and_backslash_equivalent ... ok
test cross_platform_rel_path_equivalent ... ok
test dot_slash_only ... ok
test double_dot_path ... ok
test emoji_in_path ... ok
test empty_string_input ... ok
test interior_dot_dot_preserved ... ok
test mixed_separators_normalized ... ok
test multiple_leading_dot_slashes ... ok
test parent_dot_dot_preserved ... ok
test path_with_spaces ... ok
test path_with_parentheses_and_equals ... ok
test path_with_special_characters ... ok
test unicode_cjk_characters_in_path ... ok
test root_slash_only ... ok
test unicode_japanese_path ... ok
test single_dot_path ... ok
test unicode_korean_path ... ok
test very_long_path_backslashes ... ok
test very_long_path_over_260_chars ... ok
test windows_root_drive_letter ... ok
test windows_unc_path_normalizes ... ok
test windows_unc_with_rel_path ... ok

test result: ok. 24 passed; 0 failed; 0 ignored; 0 measured; 0 filtered out; finished in 0.00s

     Running tests/properties.rs (target/debug/deps/properties-331d5afef0c2188f)

running 10 tests
test idempotent ... ok
test no_backslashes_in_output ... ok
test forward_slashes_only_added_where_backslashes_were ... ok
test length_preserved_or_equal ... ok
test realistic_paths_no_backslashes ... ok
test rel_idempotent ... ok
test rel_output_is_substring_of_normalized_slashes ... ok
test rel_no_backslashes_in_output ... ok
test rel_result_no_longer_than_slash_normalized ... ok
test rel_strips_all_leading_dot_slashes ... ok

test result: ok. 10 passed; 0 failed; 0 ignored; 0 measured; 0 filtered out; finished in 0.66s

     Running tests/property_w59.rs (target/debug/deps/property_w59-1fb3e938627bce9d)

running 12 tests
test rel_no_leading_dot_slash ... ok
test rel_idempotent ... ok
test rel_no_backslashes_in_output ... ok
test rel_length_lte_slashes ... ok
test slashes_forward_slash_count_gte_input ... ok
test rel_path_then_slashes_is_identity_on_result ... ok
test slashes_idempotent ... ok
test rel_result_is_suffix_of_slashes ... ok
test slashes_preserves_non_backslash_chars ... ok
test slashes_no_backslashes_in_output ... ok
test slashes_preserves_length ... ok
test slashes_then_rel_equals_rel ... ok

test result: ok. 12 passed; 0 failed; 0 ignored; 0 measured; 0 filtered out; finished in 0.86s

     Running unittests src/lib.rs (target/debug/deps/tokmd_progress-333999c294cdaee9)

running 2 tests
test tests::progress_bar_methods_do_not_panic_when_disabled ... ok
test tests::progress_methods_do_not_panic_when_disabled ... ok

test result: ok. 2 passed; 0 failed; 0 ignored; 0 measured; 0 filtered out; finished in 0.00s

     Running tests/bdd.rs (target/debug/deps/bdd-b6f877efe2175e1e)

running 17 tests
test scenario_bar_creation_with_large_total ... ok
test scenario_bar_drop_without_finish ... ok
test scenario_bar_empty_message ... ok
test scenario_bar_creation_with_zero_total ... ok
test scenario_bar_finish_and_clear_before_any_progress ... ok
test scenario_bar_finish_before_any_progress ... ok
test scenario_bar_inc_by_accumulates ... ok
test scenario_bar_message_updates ... ok
test scenario_bar_set_length_to_zero ... ok
test scenario_bar_set_length_after_creation ... ok
test scenario_bar_full_lifecycle_enabled_non_tty ... ok
test scenario_bar_full_lifecycle_disabled ... ok
test scenario_bar_set_position_beyond_total ... ok
test scenario_spinner_disabled_does_not_panic ... ok
test scenario_spinner_drop_cleans_up ... ok
test scenario_spinner_enabled_in_non_tty_acts_as_noop ... ok
test scenario_spinner_finish_then_drop_is_safe ... ok

test result: ok. 17 passed; 0 failed; 0 ignored; 0 measured; 0 filtered out; finished in 0.00s

     Running tests/coverage.rs (target/debug/deps/coverage-b79022b9d7cb4919)

running 9 tests
test given_bar_at_position_50_when_set_to_10_then_no_panic ... ok
test given_bar_enabled_true_when_non_tty_then_full_lifecycle_safe ... ok
test given_finished_bar_when_methods_called_again_then_no_panic ... ok
test given_finished_spinner_when_methods_called_again_then_no_panic ... ok
test given_many_bars_when_created_and_dropped_rapidly_then_no_leak ... ok
test given_two_spinners_when_used_concurrently_then_no_interference ... ok
test given_two_bars_when_used_concurrently_then_no_interference ... ok
test given_many_spinners_when_created_and_dropped_rapidly_then_no_leak ... ok
test given_spinner_enabled_true_when_non_tty_then_all_methods_safe ... ok

test result: ok. 9 passed; 0 failed; 0 ignored; 0 measured; 0 filtered out; finished in 0.00s

     Running tests/deep.rs (target/debug/deps/deep-268f57bed42d3e9e)

running 51 tests
test bar_disabled_finish_is_idempotent ... ok
test bar_disabled_does_not_panic ... ok
test bar_disabled_empty_message ... ok
test bar_disabled_drop_is_safe ... ok
test bar_disabled_finish_with_message_is_idempotent ... ok
test bar_disabled_large_total ... ok
test bar_disabled_zero_total ... ok
test bar_disabled_set_length_to_zero ... ok
test bar_enabled_in_non_tty_acts_as_noop ... ok
test bar_enabled_drop_in_non_tty ... ok
test bar_inc_by_various_deltas ... ok
test multiple_bar_instances ... ok
test multiple_progress_bars_simultaneously ... ok
test multiple_spinners_simultaneously ... ok
test multiple_progress_instances ... ok
test progress_bar_double_finish ... ok
test bar_rapid_increments ... ok
test progress_bar_drop_without_finish ... ok
test progress_bar_empty_message ... ok
test progress_bar_finish_and_clear_when_disabled ... ok
test progress_bar_full_lifecycle ... ok
test progress_bar_finish_with_message_when_disabled ... ok
test progress_bar_inc_by_when_disabled ... ok
test progress_bar_inc_when_disabled ... ok
test progress_bar_large_total ... ok
test progress_bar_new_disabled ... ok
test progress_bar_new_enabled_non_tty ... ok
test progress_bar_set_length_when_disabled ... ok
test progress_bar_set_message_when_disabled ... ok
test progress_bar_unicode_message ... ok
test progress_bar_update_length_mid_progress ... ok
test progress_bar_set_position_when_disabled ... ok
test progress_bar_zero_total ... ok
test progress_disabled_does_not_panic ... ok
test progress_disabled_drop_is_safe ... ok
test progress_disabled_finish_is_idempotent ... ok
test progress_disabled_multiple_messages ... ok
test progress_double_finish ... ok
test progress_drop_without_finish ... ok
test progress_enabled_drop_in_non_tty ... ok
test progress_enabled_in_ci_does_not_panic ... ok
test progress_enabled_in_non_tty_acts_as_noop ... ok
test progress_finish_and_clear_when_disabled ... ok
test progress_new_disabled ... ok
test progress_new_enabled_non_tty ... ok
test progress_set_message_then_finish ... ok
test progress_set_message_when_disabled ... ok
test progress_set_message_with_string ... ok
test progress_spinner_empty_message ... ok
test progress_spinner_unicode_message ... ok
test spinner_and_bar_together ... ok

test result: ok. 51 passed; 0 failed; 0 ignored; 0 measured; 0 filtered out; finished in 0.00s

     Running tests/deep_progress_w49.rs (target/debug/deps/deep_progress_w49-bf9294c467928722)

running 46 tests
test bar_drop_without_finish ... ok
test bar_disabled_creation ... ok
test bar_enabled_non_tty_creation ... ok
test bar_finish_and_clear ... ok
test bar_finish_idempotent ... ok
test bar_enabled_drop_in_non_tty ... ok
test bar_finish_with_message ... ok
test bar_inc_by_u64_max ... ok
test bar_inc_by_amount ... ok
test bar_inc_by_zero ... ok
test bar_inc_single ... ok
test bar_set_length ... ok
test bar_inc_beyond_total ... ok
test bar_sequential_inc_to_total ... ok
test bar_large_total_rapid_increments ... ok
test bar_set_length_increase_midway ... ok
test bar_set_length_to_zero ... ok
test bar_set_message_empty ... ok
test bar_set_message_long ... ok
test bar_set_message_str_ref ... ok
test bar_set_message_unicode ... ok
test bar_set_position ... ok
test bar_zero_total_finish_with_message ... ok
test bar_u64_max_total ... ok
test bar_zero_total_inc ... ok
test bar_zero_total_set_position ... ok
test multiple_bars_coexist ... ok
test multiple_spinners_coexist ... ok
test progress_bar_never_panics_on_inc_by ... ok
test progress_bar_never_panics_on_set_position ... ok
test progress_bar_never_panics_on_set_length ... ok
test spinner_and_bar_coexist ... ok
test spinner_disabled_creation ... ok
test spinner_disabled_set_message_empty ... ok
test spinner_disabled_set_message_owned_string ... ok
test spinner_disabled_set_message_str_ref ... ok
test spinner_drop_without_finish ... ok
test spinner_enabled_non_tty_creation ... ok
test spinner_enabled_drop_in_non_tty ... ok
test spinner_finish_after_messages ... ok
test spinner_finish_and_clear_once ... ok
test spinner_finish_idempotent ... ok
test spinner_set_message_unicode ... ok
test spinner_set_message_very_long ... ok
test progress_bar_never_panics_on_inc ... ok
test spinner_never_panics_with_arbitrary_messages ... ok

test result: ok. 46 passed; 0 failed; 0 ignored; 0 measured; 0 filtered out; finished in 0.20s

     Running tests/deep_w39.rs (target/debug/deps/deep_w39-17fc9e1f870f1098)

running 14 tests
test bar_disabled_double_finish ... ok
test bar_disabled_all_methods_no_panic ... ok
test bar_disabled_drop_safe ... ok
test bar_disabled_very_large_total ... ok
test bar_disabled_zero_total ... ok
test bar_enabled_non_tty_degrades ... ok
test bar_set_length_then_position ... ok
test multiple_bars_independent ... ok
test multiple_progress_instances_independent ... ok
test progress_disabled_drop_safe ... ok
test progress_enabled_in_non_tty_degrades_gracefully ... ok
test bar_sequential_inc_to_completion ... ok
test progress_disabled_finish_idempotent ... ok
test progress_disabled_set_message_no_panic ... ok

test result: ok. 14 passed; 0 failed; 0 ignored; 0 measured; 0 filtered out; finished in 0.00s

     Running tests/deep_w67.rs (target/debug/deps/deep_w67-5463bda03e3cdbfe)

running 15 tests
test w67_bar_empty_message ... ok
test w67_bar_inc_by_and_set_position ... ok
test w67_bar_finish_then_operate_no_panic ... ok
test w67_bar_large_total ... ok
test w67_bar_zero_total ... ok
test w67_bar_set_length_and_message ... ok
test w67_progress_double_finish_no_panic ... ok
test w67_progress_drop_cleans_up ... ok
test w67_progress_finish_and_clear_no_panic ... ok
test w67_progress_new_disabled ... ok
test w67_progress_new_enabled_in_ci ... ok
test w67_progress_set_message_unicode ... ok
test w67_progress_set_message_very_long ... ok
test w67_progress_set_message_str_and_string ... ok
test w67_quiet_full_lifecycle ... ok

test result: ok. 15 passed; 0 failed; 0 ignored; 0 measured; 0 filtered out; finished in 0.00s

     Running tests/integration.rs (target/debug/deps/integration-b6df7488f13672a3)

running 20 tests
test edge_case_newlines_in_message ... ok
test edge_case_rapid_spinner_create_drop ... ok
test edge_case_unicode_messages ... ok
test edge_case_rapid_create_drop ... ok
test enabled_non_tty_bar_degrades_gracefully ... ok
test noop_bar_all_methods_are_safe ... ok
test enabled_non_tty_spinner_degrades_gracefully ... ok
test noop_spinner_all_methods_are_safe ... ok
test edge_case_very_long_message ... ok
test properties::bar_never_panics_on_arbitrary_inc ... ok
test properties::bar_never_panics_on_arbitrary_length ... ok
test properties::bar_never_panics_on_arbitrary_position ... ok
test workflow_analysis_preset_pipeline ... ok
test workflow_dynamic_total_update ... ok
test workflow_multiple_sequential_bars ... ok
test workflow_multiple_sequential_spinners ... ok
test workflow_scan_pipeline_with_spinner_and_bar ... ok
test properties::bar_never_panics_on_arbitrary_total ... ok
test properties::bar_survives_arbitrary_lifecycle ... ok
test properties::bar_never_panics_on_arbitrary_message ... ok

test result: ok. 20 passed; 0 failed; 0 ignored; 0 measured; 0 filtered out; finished in 0.02s

     Running tests/noop_w59.rs (target/debug/deps/noop_w59-5fb0f2978ac00063)

running 34 tests
test bar_drop_is_safe ... ok
test bar_enabled_nontty_drop ... ok
test bar_enabled_nontty_does_not_panic ... ok
test bar_empty_message_string ... ok
test bar_finish_and_clear_disabled ... ok
test bar_finish_is_idempotent ... ok
test bar_finish_with_message_disabled ... ok
test bar_inc_by_disabled ... ok
test bar_inc_disabled ... ok
test bar_new_disabled_large_total ... ok
test bar_new_disabled_zero_total ... ok
test bar_full_lifecycle ... ok
test bar_ops_after_finish ... ok
test bar_set_length_disabled ... ok
test bar_set_message_disabled ... ok
test bar_set_position_at_total ... ok
test bar_unicode_messages ... ok
test bar_set_position_beyond_total ... ok
test bar_set_position_zero ... ok
test multiple_bars_coexist ... ok
test multiple_spinners_coexist ... ok
test spinner_and_bar_coexist ... ok
test spinner_drop_is_safe ... ok
test spinner_enabled_nontty_does_not_panic ... ok
test spinner_enabled_nontty_drop ... ok
test spinner_finish_and_clear ... ok
test spinner_finish_is_idempotent ... ok
test spinner_message_after_finish ... ok
test spinner_new_disabled ... ok
test spinner_set_message_empty ... ok
test spinner_set_message_owned_string ... ok
test spinner_rapid_messages ... ok
test spinner_set_message_str_ref ... ok
test spinner_unicode_messages ... ok

test result: ok. 34 passed; 0 failed; 0 ignored; 0 measured; 0 filtered out; finished in 0.00s

     Running tests/progress_deep_w76.rs (target/debug/deps/progress_deep_w76-2497823cf0e0d261)

running 11 tests
test w76_bar_full_operation_sequence ... ok
test w76_bar_max_total_is_valid ... ok
test w76_progress_disabled_creates_without_panic ... ok
test w76_bar_zero_total_is_valid ... ok
test w76_progress_double_finish_is_safe ... ok
test w76_progress_drop_does_not_panic ... ok
test w76_progress_enabled_in_ci_creates_without_panic ... ok
test w76_progress_finish_and_clear_no_panic ... ok
test w76_progress_set_message_unicode_and_long ... ok
test w76_progress_set_message_borrowed_owned_empty ... ok
test w76_quiet_full_lifecycle_spinner_and_bar ... ok

test result: ok. 11 passed; 0 failed; 0 ignored; 0 measured; 0 filtered out; finished in 0.00s

     Running tests/progress_depth_w55.rs (target/debug/deps/progress_depth_w55-b535197f546ad32d)

running 20 tests
test bar_double_finish_is_safe ... ok
test bar_finish_with_message_noop ... ok
test bar_finish_and_clear_noop ... ok
test bar_inc_noop ... ok
test bar_full_lifecycle ... ok
test bar_inc_by_noop ... ok
test bar_new_disabled_does_not_panic ... ok
test bar_new_enabled_without_ui_does_not_panic ... ok
test bar_set_length_noop ... ok
test bar_set_message_noop ... ok
test bar_set_position_beyond_length ... ok
test bar_set_position_noop ... ok
test bar_zero_total ... ok
test progress_double_finish_is_safe ... ok
test progress_empty_message ... ok
test progress_finish_and_clear_noop ... ok
test progress_message_then_finish ... ok
test progress_new_disabled_does_not_panic ... ok
test progress_new_enabled_without_tty_does_not_panic ... ok
test progress_set_message_noop ... ok

test result: ok. 20 passed; 0 failed; 0 ignored; 0 measured; 0 filtered out; finished in 0.00s

     Running tests/progress_depth_w62.rs (target/debug/deps/progress_depth_w62-0d4336372fefaadc)

running 56 tests
test bar_disabled_full_lifecycle ... ok
test bar_drop_after_finish ... ok
test bar_drop_without_finish ... ok
test bar_double_finish_no_panic ... ok
test bar_finish_and_clear ... ok
test bar_finish_then_inc_no_panic ... ok
test bar_finish_with_message ... ok
test bar_finish_with_message_then_clear_no_panic ... ok
test bar_inc_by_large_delta ... ok
test bar_inc_by_past_total ... ok
test bar_inc_by_zero ... ok
test bar_inc_once ... ok
test bar_new_disabled_does_not_panic ... ok
test bar_new_empty_message ... ok
test bar_new_enabled_does_not_panic ... ok
test bar_inc_past_total ... ok
test bar_new_large_total ... ok
test bar_inc_to_completion ... ok
test bar_new_zero_total ... ok
test bar_set_length_decrease ... ok
test bar_set_length_increase ... ok
test bar_set_length_zero ... ok
test bar_set_message_empty ... ok
test bar_set_message_normal ... ok
test bar_set_message_unicode ... ok
test bar_set_position_at_total ... ok
test bar_set_position_backwards ... ok
test bar_set_position_middle ... ok
test bar_set_position_past_total ... ok
test bar_set_position_zero ... ok
test progress_disabled_full_lifecycle ... ok
test bar_rapid_increments ... ok
test progress_double_finish_no_panic ... ok
test progress_finish_after_message ... ok
test progress_drop_cleans_up ... ok
test progress_finish_and_clear_disabled ... ok
test progress_message_after_finish_no_panic ... ok
test progress_new_disabled_does_not_panic ... ok
test progress_new_enabled_does_not_panic ... ok
test progress_set_message_accepts_str ... ok
test progress_set_message_empty ... ok
test progress_set_message_accepts_string ... ok
test progress_set_message_multiple_times ... ok
test progress_rapid_message_updates ... ok
test progress_set_message_normal ... ok
test progress_set_message_unicode ... ok
test progress_set_message_special_chars ... ok
test progress_set_message_with_newlines ... ok
test progress_set_message_long_string ... ok
test property_tests::bar_any_length_never_panics ... ok
test property_tests::bar_any_delta_never_panics ... ok
test property_tests::bar_any_position_never_panics ... ok
test property_tests::bar_any_total_never_panics ... ok
test property_tests::bar_any_message_never_panics ... ok
test property_tests::progress_set_message_never_panics ... ok
test property_tests::bar_finish_message_never_panics ... ok

test result: ok. 56 passed; 0 failed; 0 ignored; 0 measured; 0 filtered out; finished in 0.03s

     Running tests/proptest_w56.rs (target/debug/deps/proptest_w56-ee54e65759d8dee9)

running 9 tests
test progress_bar_create_drop_cycle ... ok
test progress_bar_all_methods_safe ... ok
test progress_bar_new_never_panics ... ok
test progress_bar_zero_total ... ok
test progress_finish_never_panics ... ok
test progress_new_never_panics ... ok
test progress_bar_arbitrary_message ... ok
test progress_bar_finish_arbitrary_message ... ok
test progress_set_message_never_panics ... ok

test result: ok. 9 passed; 0 failed; 0 ignored; 0 measured; 0 filtered out; finished in 0.24s

     Running tests/proptest_w59.rs (target/debug/deps/proptest_w59-d199b1bbfb9bda54)

running 10 tests
test bar_any_length_no_panic ... ok
test bar_any_position_no_panic ... ok
test bar_any_inc_delta_no_panic ... ok
test bar_any_total_no_panic ... ok
test bar_position_beyond_total_no_panic ... ok
test bar_lifecycle_no_panic ... ok
test spinner_rapid_set_no_panic ... ok
test spinner_enabled_any_message_no_panic ... ok
test bar_any_message_no_panic ... ok
test spinner_any_message_no_panic ... ok

test result: ok. 10 passed; 0 failed; 0 ignored; 0 measured; 0 filtered out; finished in 0.35s

     Running tests/unit.rs (target/debug/deps/unit-b305b51e891735a8)

running 12 tests
test bar_drop_does_not_panic ... ok
test bar_finish_with_message_disabled_is_noop ... ok
test bar_full_lifecycle_disabled ... ok
test bar_finish_and_clear_disabled_is_noop ... ok
test bar_inc_and_inc_by_disabled_is_noop ... ok
test bar_new_disabled_does_not_panic ... ok
test bar_set_message_and_length_disabled_is_noop ... ok
test progress_drop_does_not_panic ... ok
test bar_set_position_disabled_is_noop ... ok
test progress_new_disabled_does_not_panic ... ok
test progress_finish_and_clear_disabled_is_noop ... ok
test progress_set_message_disabled_is_noop ... ok

test result: ok. 12 passed; 0 failed; 0 ignored; 0 measured; 0 filtered out; finished in 0.00s

     Running unittests src/lib.rs (target/debug/deps/tokmd_redact-aacf4dc751d3df5e)

running 14 tests
test tests::test_redact_path_normalizes_deep_paths ... ok
test tests::test_redact_path_no_extension ... ok
test tests::test_redact_path_double_extension ... ok
test tests::test_redact_path_deterministic ... ok
test tests::test_redact_path_normalizes_dot_prefix ... ok
test tests::test_redact_path_normalizes_separators ... ok
test tests::test_short_hash_deterministic ... ok
test tests::test_redact_path_preserves_extension ... ok
test tests::test_short_hash_different_inputs ... ok
test tests::test_short_hash_length ... ok
test tests::test_short_hash_normalizes_dot_prefix ... ok
test tests::test_short_hash_normalizes_mixed_separators ... ok
test tests::test_short_hash_normalizes_interior_dot_segments ... ok
test tests::test_short_hash_normalizes_separators ... ok

test result: ok. 14 passed; 0 failed; 0 ignored; 0 measured; 0 filtered out; finished in 0.02s

     Running tests/bdd.rs (target/debug/deps/bdd-18dfbb8c5ba135a6)

running 41 tests
test blake3_hashing::given_case_differs_then_hashes_differ ... ok
test blake3_hashing::given_empty_string_then_hash_is_valid_hex ... ok
test blake3_hashing::given_single_char_inputs_then_distinct_hashes ... ok
test blake3_hashing::given_known_input_then_hash_is_reproducible ... ok
test blake3_hashing::given_unicode_input_then_hash_is_valid ... ok
test blake3_hashing::given_whitespace_only_then_hash_is_valid ... ok
test cross_platform::given_deep_windows_path_then_matches_unix ... ok
test cross_platform::given_mixed_separators_deep_path_then_matches_unix ... ok
test cross_platform::given_unc_style_path_then_produces_valid_hash ... ok
test cross_platform::given_windows_root_path_then_produces_valid_hash ... ok
test blake3_hashing::given_very_long_input_then_hash_is_valid ... ok
test edge_cases::given_empty_string_then_produces_valid_hash ... ok
test edge_cases::given_just_backslash_then_matches_forward_slash ... ok
test edge_cases::given_just_slash_then_produces_valid_hash ... ok
test edge_cases::given_only_extension_like_name_then_valid ... ok
test edge_cases::given_path_with_many_dots_then_preserves_last_ext ... ok
test edge_cases::given_path_ending_with_slash_then_valid ... ok
test edge_cases::given_path_with_spaces_then_valid ... ok
test edge_cases::given_path_with_special_chars_then_valid ... ok
test edge_cases::given_single_extension_only_then_treated_as_dotfile ... ok
test path_cleaning::given_leading_dot_slash_with_backslash_then_hash_matches_bare ... ok
test path_cleaning::given_leading_dot_slash_then_hash_matches_bare ... ok
test path_cleaning::given_mixed_separators_then_hash_matches_unix ... ok
test path_cleaning::given_interior_dot_segment_then_hash_matches_clean ... ok
test path_cleaning::given_multiple_leading_dot_slash_then_hash_matches_bare ... ok
test path_cleaning::given_trailing_dot_segment_then_hash_matches_clean ... ok
test path_cleaning::given_unix_path_then_hash_is_stable ... ok
test path_cleaning::given_windows_path_then_hash_matches_unix ... ok
test redact_determinism::given_equivalent_paths_different_separators_then_same_output ... ok
test redact_determinism::given_hash_portion_then_matches_short_hash ... ok
test redact_determinism::given_path_with_dot_prefix_then_matches_without ... ok
test redact_determinism::given_same_path_twice_then_same_output ... ok
test redact_determinism::given_two_different_files_same_ext_then_different_hashes ... ok
test redact_path_extension_preservation::given_dockerfile_no_ext_then_no_dot_in_output ... ok
test redact_path_extension_preservation::given_dotfile_gitignore_then_no_extension ... ok
test redact_path_extension_preservation::given_dotfile_in_subdir_then_no_extension ... ok
test redact_path_extension_preservation::given_hidden_file_with_ext_then_ext_preserved ... ok
test redact_path_extension_preservation::given_json_file_then_extension_is_json ... ok
test redact_path_extension_preservation::given_makefile_no_ext_then_no_dot_in_output ... ok
test redact_path_extension_preservation::given_rust_source_then_extension_is_rs ... ok
test redact_path_extension_preservation::given_tar_gz_then_only_final_extension_preserved ... ok

test result: ok. 41 passed; 0 failed; 0 ignored; 0 measured; 0 filtered out; finished in 0.00s

     Running tests/bdd_expansion.rs (target/debug/deps/bdd_expansion-ce6a5148b140809d)

running 20 tests
test empty_and_minimal_inputs::given_empty_string_then_redact_path_produces_hash_only ... ok
test empty_and_minimal_inputs::given_only_separators_then_produces_valid_hash ... ok
test empty_and_minimal_inputs::given_empty_string_then_short_hash_is_valid ... ok
test empty_and_minimal_inputs::given_single_character_extension_then_preserved ... ok
test empty_and_minimal_inputs::given_single_dot_then_produces_valid_hash ... ok
test empty_and_minimal_inputs::given_very_long_extension_then_preserved ... ok
test prefix_sensitivity::given_appended_suffix_then_hash_changes ... ok
test prefix_sensitivity::given_prepended_prefix_then_hash_changes ... ok
test prefix_sensitivity::given_two_near_identical_paths_differing_by_one_char_then_hashes_differ ... ok
test prefix_sensitivity::given_same_filename_different_directories_then_hashes_differ ... ok
test redacted_output_hides_path_structure::given_deep_path_then_redacted_contains_no_directory_names ... ok
test prefix_sensitivity::given_same_basename_at_different_depths_then_hashes_differ ... ok
test redacted_output_hides_path_structure::given_path_with_basename_matching_hash_chars_then_still_hidden ... ok
test redacted_output_hides_path_structure::given_path_with_slashes_then_no_separators_in_output ... ok
test redacted_output_hides_path_structure::given_path_with_username_then_username_is_hidden ... ok
test redacted_output_hides_path_structure::given_windows_absolute_path_then_drive_letter_and_dirs_are_hidden ... ok
test redaction_re_application::given_extensionless_redacted_output_when_redacted_again_then_no_extension ... ok
test redaction_re_application::given_redacted_hash_when_hashed_again_then_produces_valid_output ... ok
test redaction_re_application::given_redacted_path_when_redacted_again_then_produces_valid_extension ... ok
test redaction_re_application::given_short_hash_when_called_repeatedly_then_each_output_is_valid ... ok

test result: ok. 20 passed; 0 failed; 0 ignored; 0 measured; 0 filtered out; finished in 0.00s

     Running tests/deep.rs (target/debug/deps/deep-3344db982915e2c7)

running 47 tests
test determinism_redact_path_stable ... ok
test determinism_same_path_same_hash ... ok
test case_sensitivity_matters ... ok
test different_paths_different_hashes ... ok
test determinism_across_many_calls ... ok
test different_paths_different_redactions ... ok
test dot_slash_normalization ... ok
test empty_path_is_deterministic ... ok
test hash_does_not_contain_original ... ok
test interior_dot_segments_collapsed ... ok
test long_path_deterministic ... ok
test long_path_differs_from_short ... ok
test empty_path_redact_produces_hash_only ... ok
test empty_path_short_hash_produces_valid_hex ... ok
test hash_of_only_dots_and_slashes ... ok
test long_path_over_1000_chars ... ok
test output_format_hash_always_16_hex ... ok
test output_format_redact_never_contains_path_separators ... ok
test output_format_redact_no_ext_is_hash_only ... ok
test output_format_redact_with_ext_is_hash_dot_ext ... ok
test prefix_variation_produces_different_hashes ... ok
test proptest_redact_path_extension_preserved_or_absent ... ok
test proptest_different_inputs_different_hashes ... ok
test proptest_redact_path_deterministic ... ok
test redact_path_dotfile_no_extension ... ok
test redact_path_double_extension_preserves_last ... ok
test redact_path_trailing_dot_no_extension ... ok
test redacted_output_is_fixed_length ... ok
test redaction_hides_original_path ... ok
test separator_normalization_preserves_determinism ... ok
test similar_paths_differ ... ok
test special_chars_at_and_hash ... ok
test special_chars_brackets_parens ... ok
test special_chars_newlines ... ok
test special_chars_null_byte ... ok
test special_chars_spaces ... ok
test special_chars_tabs ... ok
test trailing_dot_removed ... ok
test unicode_path_chinese ... ok
test unicode_path_deterministic ... ok
test unicode_path_emoji ... ok
test unicode_paths_differ ... ok
test unicode_redact_preserves_extension ... ok
test very_long_path_with_extension ... ok
test proptest_redact_path_always_valid ... ok
test proptest_short_hash_always_valid ... ok
test proptest_short_hash_deterministic ... ok

test result: ok. 47 passed; 0 failed; 0 ignored; 0 measured; 0 filtered out; finished in 0.17s

     Running tests/deep_redact_w48.rs (target/debug/deps/deep_redact_w48-c785d0c820c7689d)

running 57 tests
test blake3_determinism_empty ... ok
test blake3_determinism_basic ... ok
test blake3_determinism_redact_path ... ok
test collision_prefix_vs_full ... ok
test collision_case_sensitive ... ok
test collision_similar_paths_differ ... ok
test collision_single_char_diff ... ok
test collision_trailing_slash ... ok
test collision_100_sequential_paths ... ok
test edge_deeply_nested_redact_preserves_ext ... ok
test edge_dotfile_has_no_extension ... ok
test edge_deeply_nested_50_levels ... ok
test edge_double_extension ... ok
test edge_empty_path ... ok
test edge_hidden_dir_dotfile ... ok
test edge_empty_redact ... ok
test edge_newlines ... ok
test edge_root_path ... ok
test edge_null_byte ... ok
test edge_single_char ... ok
test edge_spaces_in_path ... ok
test edge_trailing_dot ... ok
test edge_unicode_arabic ... ok
test edge_unicode_chinese ... ok
test edge_unicode_emoji ... ok
test edge_unicode_mixed_scripts ... ok
test edge_unicode_redact_preserves_extension ... ok
test mode_all_redaction_short_hash_hides_everything ... ok
test mode_none_no_redaction_preserves_original ... ok
test blake3_determinism_1000_iterations ... ok
test mode_paths_redaction_hides_directory_structure ... ok
test normalize_double_leading_dot_slash ... ok
test normalize_interior_dot_segment ... ok
test normalize_leading_dot_slash ... ok
test normalize_only_dots_and_slashes ... ok
test normalize_redact_path_interior_dot ... ok
test normalize_redact_path_leading_dot ... ok
test normalize_trailing_dot ... ok
test prop_leading_dot_slash_transparent ... ok
test prop_collision_resistance ... ok
test prop_redact_extension_preserved ... ok
test prop_redact_no_separators ... ok
test prop_redacted_hides_components ... ok
test prop_collision_paths ... ok
test prop_redact_path_deterministic ... ok
test prop_redact_path_hex_prefix ... ok
test prop_short_hash_hides_input ... ok
test prop_triple_invocation_stable ... ok
test prop_short_hash_deterministic ... ok
test win_to_unix_deep_path ... ok
test win_to_unix_mixed_separators ... ok
test win_to_unix_redact_path ... ok
test win_to_unix_redact_preserves_extension ... ok
test win_to_unix_short_hash ... ok
test prop_short_hash_lowercase ... ok
test prop_win_unix_equivalence ... ok
test prop_short_hash_valid_hex ... ok

test result: ok. 57 passed; 0 failed; 0 ignored; 0 measured; 0 filtered out; finished in 0.45s

     Running tests/deep_w39.rs (target/debug/deps/deep_w39-57f993315ba34afc)

running 28 tests
test redact_path_backslash_equals_forward ... ok
test redact_path_deep_backslash_normalization ... ok
test redact_path_deterministic ... ok
test redact_path_dot_only ... ok
test redact_path_different_paths_differ ... ok
test redact_path_double_extension_keeps_last ... ok
test redact_path_dot_prefix_equivalent ... ok
test redact_path_empty_string ... ok
test redact_path_hidden_file_no_extension ... ok
test redact_path_length_with_extension ... ok
test redact_path_no_extension_just_hash ... ok
test redact_path_preserves_json_extension ... ok
test redact_path_preserves_py_extension ... ok
test redact_path_preserves_rs_extension ... ok
test redact_path_spaces_in_path ... ok
test redact_path_unicode_filename ... ok
test short_hash_always_16_chars ... ok
test short_hash_backslash_forward_slash_equal ... ok
test short_hash_deterministic ... ok
test short_hash_different_inputs_differ ... ok
test short_hash_dot_prefix_normalized ... ok
test short_hash_double_dot_prefix_normalized ... ok
test short_hash_empty_string ... ok
test short_hash_hex_only ... ok
test short_hash_interior_dot_segment_normalized ... ok
test short_hash_trailing_dot_normalized ... ok
test short_hash_mixed_separators ... ok
test short_hash_unicode_deterministic ... ok

test result: ok. 28 passed; 0 failed; 0 ignored; 0 measured; 0 filtered out; finished in 0.00s

     Running tests/determinism_w66.rs (target/debug/deps/determinism_w66-76ca4ee4b538b3a6)

running 20 tests
test hash_normalizes_forward_and_back_slash ... ok
test hash_normalizes_mixed_separators ... ok
test hash_resolves_interior_dot_segments ... ok
test different_paths_produce_different_hashes ... ok
test hash_resolves_trailing_dot ... ok
test hash_strips_leading_dot_slash ... ok
test prop_separator_normalization ... ok
test prop_short_hash_is_hex ... ok
test prop_short_hash_deterministic ... ok
test redact_path_deep_path_determinism ... ok
test redact_path_different_paths_produce_different_hashes ... ok
test redact_path_double_extension_preserves_last ... ok
test redact_path_no_extension_is_deterministic ... ok
test redact_path_extension_is_deterministic ... ok
test redact_path_normalizes_separators ... ok
test short_hash_is_deterministic_100_times ... ok
test short_hash_is_pure_hex ... ok
test short_hash_length_is_always_16 ... ok
test prop_redact_path_deterministic ... ok
test prop_short_hash_length ... ok

test result: ok. 20 passed; 0 failed; 0 ignored; 0 measured; 0 filtered out; finished in 0.15s

     Running tests/edge_cases_w50.rs (target/debug/deps/edge_cases_w50-3edbf926a4a18fb7)

running 15 tests
test redact_path_empty_string ... ok
test redact_path_deterministic ... ok
test redact_path_double_extension_preserves_last ... ok
test redact_path_dot_dot_path ... ok
test redact_path_unicode_preserves_extension ... ok
test redact_path_with_null_bytes ... ok
test redact_path_very_long_path ... ok
test short_hash_backslash_matches_forward_slash ... ok
test short_hash_deterministic ... ok
test short_hash_dot_dot_path ... ok
test short_hash_dot_slash_normalized ... ok
test short_hash_empty_string ... ok
test short_hash_unicode_path ... ok
test short_hash_with_null_bytes ... ok
test short_hash_very_long_path ... ok

test result: ok. 15 passed; 0 failed; 0 ignored; 0 measured; 0 filtered out; finished in 0.00s

     Running tests/fuzz_w73.rs (target/debug/deps/fuzz_w73-b4df33c6cba72c0e)

running 11 tests
test fuzz_redact_path_deterministic ... ok
test fuzz_redact_path_min_length_16 ... ok
test fuzz_redact_path_never_panics ... ok
test fuzz_redact_path_never_panics_pathlike ... ok
test fuzz_separator_normalization ... ok
test fuzz_redact_path_preserves_extension ... ok
test fuzz_short_hash_deterministic ... ok
test fuzz_short_hash_all_hex ... ok
test fuzz_short_hash_never_panics ... ok
test fuzz_short_hash_length_always_16 ... ok
test fuzz_short_hash_never_panics_pathlike ... ok

test result: ok. 11 passed; 0 failed; 0 ignored; 0 measured; 0 filtered out; finished in 0.38s

     Running tests/mutation_coverage_w50.rs (target/debug/deps/mutation_coverage_w50-f76c787abd68e94d)

running 10 tests
test blake3_hash_length_always_16 ... ok
test hash_is_valid_lowercase_hex ... ok
test different_paths_produce_different_hashes ... ok
test path_cleaning_normalizes_dots ... ok
test cross_platform_separator_normalization ... ok
test redact_path_differs_from_raw_path ... ok
test redact_path_length_with_extension ... ok
test redact_path_no_extension_bare_hash ... ok
test same_path_always_produces_same_hash ... ok
test redact_path_preserves_extension ... ok

test result: ok. 10 passed; 0 failed; 0 ignored; 0 measured; 0 filtered out; finished in 0.00s

     Running tests/mutation_w72.rs (target/debug/deps/mutation_w72-744aaf31762adb1f)

running 15 tests
test hash_always_16_chars ... ok
test hash_empty_string_is_deterministic_nonzero ... ok
test hash_deterministic ... ok
test hash_interior_dot_segment_removed ... ok
test hash_backslash_equals_forward_slash ... ok
test hash_single_char_difference_produces_different_hash ... ok
test hash_leading_dot_slash_stripped ... ok
test hash_trailing_dot_segment_removed ... ok
test redact_cross_platform_consistency ... ok
test redact_different_paths_produce_different_hashes ... ok
test redact_dot_prefix_normalization ... ok
test redact_never_returns_original_path ... ok
test redact_no_extension_bare_hash ... ok
test hash_mixed_separators_normalize ... ok
test redact_preserves_extension ... ok

test result: ok. 15 passed; 0 failed; 0 ignored; 0 measured; 0 filtered out; finished in 0.00s

     Running tests/properties.rs (target/debug/deps/properties-07c38b6a26382488)

running 39 tests
test redact_path_dotfiles_have_no_extension ... ok
test redact_path_extensionless_dotfile_is_hash_only ... ok
test redact_hash_equals_short_hash_with_normalization ... ok
test redact_path_four_way_equivalence ... ok
test redact_path_handles_hidden_files ... ok
test redact_path_handles_spaces ... ok
test redact_path_hidden_with_extension ... ok
test redact_path_hash_portion_matches_short_hash ... ok
test redact_path_is_deterministic ... ok
test redact_path_length_with_extension ... ok
test redact_path_handles_long_paths ... ok
test redact_path_no_extension_has_no_dot ... ok
test redact_path_normalizes_separators ... ok
test redact_path_output_never_contains_separators ... ok
test redact_path_preserves_only_final_extension ... ok
test redact_path_trailing_dot ... ok
test short_hash_collapses_interior_dot_segments ... ok
test redact_path_preserves_extension ... ok
test short_hash_different_inputs_differ ... ok
test short_hash_handles_empty_string ... ok
test short_hash_four_way_equivalence ... ok
test short_hash_handles_unicode ... ok
test short_hash_handles_consecutive_separators ... ok
test short_hash_is_deterministic ... ok
test redact_path_triple_call_idempotent ... ok
test short_hash_length_is_16 ... ok
test short_hash_is_lowercase_hex ... ok
test short_hash_of_hash_is_valid ... ok
test short_hash_numeric_segments ... ok
test short_hash_single_char ... ok
test short_hash_normalizes_separators ... ok
test short_hash_normalizes_mixed_separators ... ok
test short_hash_strips_trailing_dot ... ok
test short_hash_strips_leading_dot_backslash ... ok
test short_hash_strips_leading_dot_slash ... ok
test short_hash_triple_call_idempotent ... ok
test short_hash_windows_drive_prefix ... ok
test short_hash_strips_multiple_leading_dot_slash ... ok
test short_hash_trailing_slash_valid ... ok

test result: ok. 39 passed; 0 failed; 0 ignored; 0 measured; 0 filtered out; finished in 0.71s

     Running tests/proptest_deep.rs (target/debug/deps/proptest_deep-7899bdf4c454e676)

running 9 tests
test backslash_forward_slash_equivalence ... ok
test different_paths_different_hashes ... ok
test different_paths_different_redactions ... ok
test hash_length_constant_across_inputs ... ok
test redacted_output_is_hex_plus_extension ... ok
test redact_path_is_pure ... ok
test redacted_output_never_contains_original_directory ... ok
test short_hash_is_pure ... ok
test redaction_length_consistent_for_same_extension ... ok

test result: ok. 9 passed; 0 failed; 0 ignored; 0 measured; 0 filtered out; finished in 0.08s

     Running tests/proptest_deep2.rs (target/debug/deps/proptest_deep2-0ea1fb6b4f39cc67)

running 10 tests
test case_sensitivity_in_hashing ... ok
test different_prefix_different_hash ... ok
test hash_of_concat_differs_from_parts ... ok
test batch_distinct_paths_distinct_hashes ... ok
test batch_distinct_paths_distinct_redactions ... ok
test redact_path_ascii_hex_hash_portion ... ok
test redact_path_different_ext_different_suffix ... ok
test short_hash_never_empty ... ok
test redact_path_same_ext_same_length ... ok
test same_stem_different_ext_different_hash ... ok

test result: ok. 10 passed; 0 failed; 0 ignored; 0 measured; 0 filtered out; finished in 0.07s

     Running tests/proptest_w42.rs (target/debug/deps/proptest_w42-bcf56e5445362c3e)

running 14 tests
test different_inputs_different_hashes ... ok
test hash_cross_platform ... ok
test hash_leading_dot_slash_transparent ... ok
test different_paths_different_redactions ... ok
test redact_cross_platform ... ok
test redact_extensionless_no_dot ... ok
test redact_length_matches ... ok
test short_hash_always_16_hex ... ok
test short_hash_deterministic ... ok
test redact_path_deterministic ... ok
test short_hash_never_empty ... ok
test redact_preserves_extension ... ok
test redact_path_never_empty ... ok
test short_hash_triple_stable ... ok

test result: ok. 14 passed; 0 failed; 0 ignored; 0 measured; 0 filtered out; finished in 0.53s

     Running tests/redact_deep_w75.rs (target/debug/deps/redact_deep_w75-c20dd9777739c80a)

running 21 tests
test double_dot_slash_normalised ... ok
test backslash_forward_slash_equivalence ... ok
test different_directory_same_file_different_hash ... ok
test interior_dot_segments_normalised ... ok
test empty_path_produces_valid_hash ... ok
test known_hash_cargo_toml ... ok
test known_hash_src_lib_rs ... ok
test known_redact_path_main_rs ... ok
test nested_depth_affects_hash ... ok
test redact_no_extension_produces_bare_hash ... ok
test hash_output_is_fixed_length ... ok
test redact_path_deterministic ... ok
test relative_dot_slash_normalised_to_bare ... ok
test root_slash_produces_valid_hash ... ok
test same_directory_different_file_different_hash ... ok
test different_inputs_different_hashes ... ok
test redacted_path_does_not_contain_original_stem ... ok
test trailing_dot_segment_normalised ... ok
test separator_normalisation_invariant ... ok
test redact_preserves_extension ... ok
test short_hash_deterministic ... ok

test result: ok. 21 passed; 0 failed; 0 ignored; 0 measured; 0 filtered out; finished in 0.11s

     Running tests/redact_depth_w63.rs (target/debug/deps/redact_depth_w63-c28ae54444d25cd3)

running 56 tests
test hash_bare_dot_input ... ok
test hash_backslash_equals_forward_slash_deep ... ok
test hash_dot_dot_not_special ... ok
test hash_dot_slash_backslash_combo ... ok
test hash_double_dot_slash_prefix_stripped ... ok
test hash_interior_dot_segment_resolved ... ok
test hash_leading_dot_slash_stripped ... ok
test different_paths_never_collide_sample ... ok
test hash_multiple_consecutive_slashes ... ok
test hash_emoji_path ... ok
test hash_mixed_separators_normalized ... ok
test hash_only_dots ... ok
test hash_trailing_dot_resolved ... ok
test hash_trailing_slash ... ok
test hash_triple_dot_slash_prefix_stripped ... ok
test hash_unc_path_backslashes ... ok
test hash_unicode_deterministic ... ok
test hash_unicode_path ... ok
test hash_whitespace_only ... ok
test hash_windows_absolute_path_backslashes ... ok
test property_tests::interior_dot_normalization ... ok
test property_tests::dot_prefix_normalization ... ok
test property_tests::redact_no_extension_is_bare_hash ... ok
test property_tests::redact_path_deterministic ... ok
test property_tests::redact_path_hash_prefix_is_16_hex ... ok
test redact_chinese_path ... ok
test redact_path_100_calls_identical ... ok
test redact_path_different_ext_same_stem_differs ... ok
test redact_path_does_not_contain_original_segments ... ok
test redact_path_dot_prefix_stripped ... ok
test redact_path_dotfile_with_ext ... ok
test redact_path_double_extension_keeps_last ... ok
test redact_path_empty_string ... ok
test redact_path_hidden_file_no_extension ... ok
test redact_path_interior_dot_resolved ... ok
test redact_path_mixed_separators_same_output ... ok
test redact_path_no_extension_file ... ok
test redact_path_readme_no_ext ... ok
test redact_path_same_filename_different_dir ... ok
test redact_path_single_extension ... ok
test redact_path_single_segment_no_ext ... ok
test redact_path_single_segment_with_ext ... ok
test redact_path_slash_only ... ok
test redact_path_trailing_slash_no_ext ... ok
test redact_path_triple_extension_keeps_last ... ok
test redact_unicode_path_preserves_extension ... ok
test redact_windows_absolute_preserves_extension ... ok
test short_hash_100_calls_identical ... ok
test short_hash_always_16_chars ... ok
test short_hash_does_not_contain_input ... ok
test short_hash_empty_string ... ok
test short_hash_hex_only ... ok
test short_hash_single_char_inputs_differ ... ok
test property_tests::hash_deterministic ... ok
test property_tests::separator_normalization_equivalence ... ok
test property_tests::hash_always_16_hex_chars ... ok

test result: ok. 56 passed; 0 failed; 0 ignored; 0 measured; 0 filtered out; finished in 0.16s

     Running tests/redact_edge_cases_w54.rs (target/debug/deps/redact_edge_cases_w54-d668970b110ee963)

running 32 tests
test all_normalizations_combined ... ok
test different_inputs_different_hashes ... ok
test different_paths_different_redactions ... ok
test dot_prefix_normalization_in_hash ... ok
test dotfile_no_extension ... ok
test dotfile_in_dir_no_extension ... ok
test double_extension_preserves_last ... ok
test extension_with_numbers ... ok
test hash_does_not_contain_original_path ... ok
test hash_of_cjk_path ... ok
test hash_of_emoji_path ... ok
test hash_of_path_with_spaces ... ok
test hash_of_path_with_special_chars ... ok
test hash_with_newline ... ok
test hash_with_tab ... ok
test hash_with_null_byte ... ok
test interior_dot_normalization_in_hash ... ok
test redact_empty_path ... ok
test redact_path_backslash_forward_equivalent ... ok
test redact_path_with_parentheses ... ok
test redact_single_char_path ... ok
test redact_single_dot_file ... ok
test redact_unicode_preserves_extension ... ok
test redacted_path_does_not_contain_original_dirs ... ok
test short_hash_always_16_hex_chars ... ok
test short_hash_backslash_forward_equivalent ... ok
test short_hash_empty_string ... ok
test short_hash_is_lowercase ... ok
test redact_path_deterministic_multiple_calls ... ok
test trailing_dot_normalization_in_hash ... ok
test short_hash_deterministic_multiple_calls ... ok
test very_long_path_still_16_char_hash ... ok

test result: ok. 32 passed; 0 failed; 0 ignored; 0 measured; 0 filtered out; finished in 0.00s

     Running unittests src/lib.rs (target/debug/deps/tokmd_scan-ea66e2cdc3b4a8c1)

running 10 tests
test tests::scan_with_all_flags_combined ... ok
test tests::scan_finds_rust_files ... ok
test tests::scan_with_config_mode_none ... ok
test tests::scan_returns_code_stats ... ok
test tests::scan_with_individual_no_ignore_flags ... ok
test tests::scan_with_nonexistent_path_returns_error ... ok
test tests::scan_with_no_ignore_flag ... ok
test tests::scan_with_excluded_patterns ... ok
test tests::scan_with_hidden_flag ... ok
test tests::scan_with_treat_doc_strings_as_comments ... ok

test result: ok. 10 passed; 0 failed; 0 ignored; 0 measured; 0 filtered out; finished in 0.12s

     Running tests/bdd.rs (target/debug/deps/bdd-ae75d6ea1b15f343)

running 24 tests
test given_exclusion_matching_all_files_when_scanned_then_result_empty ... ok
test given_empty_directory_when_scanned_then_result_is_empty ... ok
test given_exclusion_not_matching_when_scanned_then_files_still_counted ... ok
test given_hidden_flag_when_scanned_then_hidden_files_included ... ok
test given_config_mode_none_when_scanned_then_succeeds ... ok
test given_config_mode_auto_when_scanned_then_succeeds ... ok
test given_mixed_valid_and_invalid_paths_when_scanned_then_error_returned ... ok
test given_large_rust_file_when_scanned_then_all_lines_counted ... ok
test given_multiple_exclusion_patterns_when_scanned_then_all_patterns_applied ... ok
test given_multiple_languages_when_scanned_then_all_detected ... ok
test given_nonexistent_path_when_scanned_then_error_returned ... ok
test given_mixed_code_and_comments_when_scanned_then_both_counted_separately ... ok
test given_only_blank_lines_file_when_scanned_then_zero_code_lines ... ok
test given_nested_structure_when_scanned_then_all_files_found ... ok
test given_only_comments_file_when_scanned_then_zero_code_lines ... ok
test given_no_ignore_vcs_flag_when_scanned_then_gitignored_files_included ... ok
test given_single_line_file_when_scanned_then_one_code_line ... ok
test given_rust_source_when_scanned_then_code_lines_positive ... ok
test given_subdirectory_exclusion_when_scanned_then_subdir_skipped ... ok
test given_temp_rust_file_when_scanned_then_detected ... ok
test given_rust_source_when_scanned_then_rust_language_detected ... ok
test given_two_temp_dirs_when_scanned_then_results_merged ... ok
test given_treat_doc_strings_flag_when_scanned_then_doc_comments_counted_as_comments ... ok
test given_same_input_when_scanned_twice_then_results_identical ... ok

test result: ok. 24 passed; 0 failed; 0 ignored; 0 measured; 0 filtered out; finished in 0.15s

     Running tests/bdd_expanded.rs (target/debug/deps/bdd_expanded-b0ae3f3068118f25)

running 14 tests
test given_dir_with_only_unknown_extensions_when_scanned_then_no_known_languages ... ok
test given_empty_nested_dirs_when_scanned_then_result_is_empty ... ok
test given_exclude_pattern_with_nested_match_when_scanned_then_nested_excluded ... ok
test given_multi_file_scan_then_total_code_is_sum_of_report_stats ... ok
test given_same_temp_tree_when_scanned_twice_then_code_counts_identical ... ok
test given_multi_language_tree_when_scanned_twice_then_language_keys_identical ... ok
test given_html_with_embedded_js_when_scanned_then_children_map_populated ... ok
test given_html_with_embedded_css_when_scanned_then_children_present ... ok
test given_scan_results_then_every_detected_language_has_positive_code ... ok
test given_scan_results_then_file_report_paths_exist_on_disk ... ok
test given_scan_results_then_report_file_count_matches_reports_vec_len ... ok
test given_scan_results_then_lines_equals_code_plus_comments_plus_blanks ... ok
test given_workspace_root_when_scanned_then_multiple_languages_detected ... ok
test given_workspace_root_when_scanned_then_code_lines_are_positive ... ok

test result: ok. 14 passed; 0 failed; 0 ignored; 0 measured; 0 filtered out; finished in 1.87s

     Running tests/deep.rs (target/debug/deps/deep-846ebee1a19380d3)

running 41 tests
test all_flags_combined_does_not_panic ... ok
test blank_lines_counted_correctly ... ok
test comment_lines_counted ... ok
test code_lines_sum_across_files ... ok
test detects_go_files ... ok
test detects_c_files ... ok
test detects_javascript_files ... ok
test detects_multiple_languages_in_one_scan ... ok
test detects_python_files ... ok
test empty_paths_slice_panics_in_tokei - should panic ... ok
test detects_typescript_files ... ok
test excluded_pattern_filters_files ... ok
test files_in_subdirectories_are_found ... ok
test hidden_flag_includes_dotfiles ... ok
test multiple_excluded_patterns ... ok
test multiple_files_same_language_counted ... ok
test no_ignore_dot_flag_does_not_panic ... ok
test no_ignore_flag_does_not_panic ... ok
test no_ignore_parent_flag_does_not_panic ... ok
test html_with_embedded_js_detected ... ok
test no_ignore_vcs_flag_does_not_panic ... ok
test html_with_embedded_css_detected ... ok
test nonexistent_path_error_includes_path ... ok
test nonexistent_path_returns_error ... ok
test scan_config_auto_succeeds ... ok
test scan_config_none_succeeds ... ok
test scan_empty_dir_returns_empty_languages ... ok
test scan_determinism_language_set ... ok
test scan_config_auto_and_none_both_find_rust ... ok
test scan_multiple_directories ... ok
test scan_overlapping_paths_finds_files ... ok
test scan_is_deterministic_blanks ... ok
test scan_single_file_path ... ok
test scan_is_deterministic_code_lines ... ok
test scan_is_deterministic_comments ... ok
test self_scan_finds_rust ... ok
test self_scan_has_nonzero_code_lines ... ok
test single_file_reports_one_report ... ok
test treat_doc_strings_as_comments_changes_counts ... ok
test self_scan_has_nonzero_comments ... ok
test self_scan_total_lines_is_sum_of_parts ... ok

test result: ok. 41 passed; 0 failed; 0 ignored; 0 measured; 0 filtered out; finished in 0.19s

     Running tests/deep_scan_w49.rs (target/debug/deps/deep_scan_w49-165c31d65dfc28c9)

running 24 tests
test deterministic_code_lines ... ok
test deterministic_comment_and_blank_counts ... ok
test deterministic_report_count ... ok
test deterministic_language_set ... ok
test dir_with_only_non_code_files_returns_empty ... ok
test excluded_dir_is_not_scanned ... ok
test empty_dir_returns_empty_languages ... ok
test gitignore_excludes_matching_files ... ok
test no_ignore_vcs_bypasses_gitignore ... ok
test multiple_excluded_dirs ... ok
test excluded_glob_pattern ... ok
test scan_crate_src_finds_rust ... ok
test scan_hidden_file_excluded_by_default ... ok
test scan_crate_src_has_positive_code ... ok
test scan_hidden_flag_includes_dotfiles ... ok
test scan_lines_eq_code_plus_comments_plus_blanks ... ok
test scan_nonexistent_path_errors ... ok
test scan_multiple_paths_combines_results ... ok
test scan_subdirectories_recursive ... ok
test scan_synthetic_python_fixture ... ok
test scan_synthetic_multi_language ... ok
test scan_synthetic_rust_fixture ... ok
test prop_all_report_paths_exist ... ok
test prop_scan_report_count_matches_file_count ... ok

test result: ok. 24 passed; 0 failed; 0 ignored; 0 measured; 0 filtered out; finished in 0.23s

     Running tests/deep_w39.rs (target/debug/deps/deep_w39-4d767d4817f1f26b)

running 19 tests
test config_mode_auto_does_not_crash ... ok
test comment_lines_counted_separately ... ok
test blank_lines_counted ... ok
test code_lines_are_positive_for_real_file ... ok
test config_mode_none_does_not_use_tokei_config ... ok
test detects_javascript_language ... ok
test detects_python_language ... ok
test detects_multiple_languages ... ok
test detects_rust_language ... ok
test directory_with_only_unknown_files_returns_empty ... ok
test detects_toml_language ... ok
test nonexistent_path_returns_error ... ok
test empty_directory_returns_empty_languages ... ok
test multiple_paths_one_bad_returns_error ... ok
test exclusion_patterns_filter_files ... ok
test total_lines_equals_sum ... ok
test scans_nested_directories ... ok
test scans_multiple_input_paths ... ok
test treat_doc_strings_as_comments_changes_counts ... ok

test result: ok. 19 passed; 0 failed; 0 ignored; 0 measured; 0 filtered out; finished in 0.10s

     Running tests/deep_w67.rs (target/debug/deps/deep_w67-0ab0bb3cb23a0396)

running 22 tests
test directory_with_only_blanks_has_zero_code ... ok
test deterministic_code_and_comment_counts ... ok
test deterministic_scan_multiple_languages ... ok
test deterministic_scan_same_dir_twice ... ok
test empty_directory_produces_empty_languages ... ok
test doc_strings_as_comments_changes_counts ... ok
test exclude_pattern_filters_files ... ok
test hidden_files_excluded_by_default ... ok
test hidden_directory_excluded_by_default ... ok
test glob_exclude_pattern ... ok
test multiple_exclude_patterns ... ok
test nonexistent_path_errors ... ok
test hidden_flag_includes_hidden_files ... ok
test no_ignore_flags_accept_without_error ... ok
test scan_multiple_paths ... ok
test scan_deeply_nested_files ... ok
test scan_crate_src_finds_rust ... ok
test scan_result_children_are_accessible ... ok
test scan_html_with_embedded_produces_children ... ok
test scan_returns_language_stats_for_pure_rust ... ok
test scan_with_config_mode_none ... ok
test scan_with_config_mode_auto ... ok

test result: ok. 22 passed; 0 failed; 0 ignored; 0 measured; 0 filtered out; finished in 0.18s

     Running tests/edge_cases_w50.rs (target/debug/deps/edge_cases_w50-a2577a7c79ab5312)

running 6 tests
test scan_mixed_valid_invalid_paths_errors ... ok
test scan_nonexistent_path_errors_not_panics ... ok
test scan_empty_directory_succeeds ... ok
test scan_excluded_patterns_applied ... ok
test scan_path_with_spaces ... ok
test scan_deep_directory_nesting ... ok

test result: ok. 6 passed; 0 failed; 0 ignored; 0 measured; 0 filtered out; finished in 0.10s

     Running tests/error_boundary.rs (target/debug/deps/error_boundary-b7066a846b52fac0)

running 9 tests
test scan_nonexistent_directory_returns_error ... ok
test scan_nonexistent_among_valid_paths_returns_error ... ok
test scan_empty_directory_returns_empty_languages ... ok
test scan_with_all_files_excluded_returns_empty ... ok
test scan_with_empty_paths_slice_panics_in_tokei ... ok
test scan_single_file_path_succeeds ... ok
test scan_excluding_rs_files_has_no_rust ... ok
test scan_with_config_auto_does_not_panic ... ok
test scan_with_multiple_exclude_patterns ... ok

test result: ok. 9 passed; 0 failed; 0 ignored; 0 measured; 0 filtered out; finished in 0.09s

     Running tests/error_cases.rs (target/debug/deps/error_cases-7a91de3a5769fdde)

running 14 tests
test scan_empty_paths_slice_panics_in_tokei - should panic ... ok
test scan_empty_directory_returns_empty_languages ... ok
test scan_exclude_all_yields_no_code ... ok
test scan_multiple_paths_one_missing_returns_error ... ok
test scan_nonexistent_directory_returns_error ... ok
test scan_directory_with_only_binary_files_yields_no_code ... ok
test scan_nonexistent_file_returns_error ... ok
test scan_symlink_like_path_nonexistent_target ... ok
test scan_with_config_none_succeeds ... ok
test scan_file_with_no_extension_is_not_counted ... ok
test scan_with_config_auto_succeeds ... ok
test scan_deeply_nested_directory ... ok
test scan_with_hidden_flag_includes_dotfiles ... ok
test scan_with_exclude_filters_out_matching_files ... ok

test result: ok. 14 passed; 0 failed; 0 ignored; 0 measured; 0 filtered out; finished in 0.09s

     Running tests/error_edge_w73.rs (target/debug/deps/error_edge_w73-e93da5bc11f90d63)

running 9 tests
test scan_empty_paths_slice_panics_in_tokei ... ok
test scan_empty_directory_returns_empty_languages ... ok
test scan_hidden_only_dir_without_hidden_flag_returns_no_code ... ok
test scan_multiple_paths_first_invalid_returns_error ... ok
test scan_nonexistent_directory_error_message_includes_path ... ok
test scan_with_all_no_ignore_flags_does_not_panic ... ok
test scan_with_exclude_pattern_filters_matching_files ... ok
test scan_hidden_only_dir_with_hidden_flag_finds_code ... ok
test scan_config_mode_none_succeeds_on_valid_dir ... ok

test result: ok. 9 passed; 0 failed; 0 ignored; 0 measured; 0 filtered out; finished in 0.08s

     Running tests/error_handling.rs (target/debug/deps/error_handling-9cecd3985a46da3e)

running 10 tests
test scan_empty_paths_does_not_error_gracefully ... ok
test scan_multiple_paths_one_nonexistent_returns_error ... ok
test scan_nonexistent_directory_error_contains_path ... ok
test scan_nonexistent_directory_returns_error ... ok
test scan_with_all_ignore_flags_succeeds ... ok
test scan_directory_with_hidden_files_found_when_enabled ... ok
test scan_directory_with_only_hidden_files_default_skips_them ... ok
test scan_empty_directory_returns_empty_languages ... ok
test scan_with_config_none_succeeds ... ok
test scan_with_exclusion_patterns_succeeds ... ok

test result: ok. 10 passed; 0 failed; 0 ignored; 0 measured; 0 filtered out; finished in 0.08s

     Running tests/integration_w73.rs (target/debug/deps/integration_w73-25617e43ee60cf8f)

running 9 tests
test scan_empty_directory_produces_empty_report ... ok
test scan_then_lang_report_finds_languages ... ok
test scan_then_export_data_lists_all_files ... ok
test scan_javascript_file ... ok
test scan_then_export_data_paths_are_forward_slash ... ok
test scan_then_lang_report_totals_are_positive ... ok
test scan_then_lang_report_rows_sum_to_total ... ok
test scan_then_module_report_totals_match_lang ... ok
test scan_then_module_report_finds_modules ... ok

test result: ok. 9 passed; 0 failed; 0 ignored; 0 measured; 0 filtered out; finished in 0.08s

     Running tests/mutation_coverage_w50.rs (target/debug/deps/mutation_coverage_w50-17e7473c1206c989)

running 8 tests
test config_mode_none_scans_successfully ... ok
test hidden_flag_smoke_test ... ok
test doc_strings_flag_changes_output ... ok
test scanning_empty_dir_returns_zero_totals ... ok
test scanning_nonexistent_path_returns_error ... ok
test exclude_pattern_reduces_results ... ok
test scan_own_src_finds_rust_code ... ok
test scan_is_deterministic ... ok

test result: ok. 8 passed; 0 failed; 0 ignored; 0 measured; 0 filtered out; finished in 0.15s

     Running tests/properties.rs (target/debug/deps/properties-6925eefdb028e3cf)

running 21 tests
test all_flags_true_works ... ok
test all_flags_false_works ... ok
test config_mode_auto_succeeds ... ok
test config_mode_none_succeeds ... ok
test config_none_starts_with_defaults ... ok
test default_global_args_work ... ok
test doc_strings_flag_independent ... ok
test duplicate_excluded_patterns_are_harmless ... ok
test config_mapping_never_panics ... ok
test config_mapping_is_deterministic ... ok
test hidden_flag_independent ... ok
test hidden_never_affects_ignore_fields ... ok
test empty_excluded_works ... ok
test no_ignore_dot_alone_does_not_set_others ... ok
test excluded_length_preserved ... ok
test no_ignore_overrides_regardless_of_order ... ok
test no_ignore_vcs_alone_does_not_set_others ... ok
test no_ignore_implies_all_no_ignore_flags ... ok
test special_glob_patterns_work ... ok
test individual_flags_are_independent ... ok
test multiple_excluded_patterns_work ... ok

test result: ok. 21 passed; 0 failed; 0 ignored; 0 measured; 0 filtered out; finished in 0.69s

     Running tests/proptest_w42.rs (target/debug/deps/proptest_w42-36fc071a6ac3a322)

running 12 tests
test doc_strings_orthogonal ... ok
test duplicate_excludes_harmless ... ok
test excluded_patterns_always_convertible ... ok
test hidden_orthogonal_to_ignore ... ok
test config_mapping_deterministic ... ok
test arbitrary_scan_options_produces_valid_config ... ok
test empty_excludes_always_valid ... ok
test no_ignore_forces_all_sub_flags ... ok
test scan_own_src_never_panics_and_counts_nonneg ... ok
test language_names_non_empty ... ok
test scan_finds_rust_in_own_src ... ok
test sub_flags_independent_when_no_ignore_false ... ok

test result: ok. 12 passed; 0 failed; 0 ignored; 0 measured; 0 filtered out; finished in 0.38s

     Running tests/proptest_w72.rs (target/debug/deps/proptest_w72-91099676babc3c6f)

running 10 tests
test arbitrary_scan_options_do_not_panic ... ok
test excluding_everything_produces_empty ... ok
test code_leq_total_lines ... ok
test nonexistent_path_errors ... ok
test doc_strings_flag_preserves_total_lines ... ok
test scan_always_finds_rust ... ok
test hidden_flag_does_not_reduce_counts ... ok
test more_excludes_never_increase_code ... ok
test scan_idempotent_code_counts ... ok
test scan_idempotent_line_counts ... ok

test result: ok. 10 passed; 0 failed; 0 ignored; 0 measured; 0 filtered out; finished in 1.89s

     Running tests/scan_contract_w64.rs (target/debug/deps/scan_contract_w64-8fb8dfbf6c1d60ee)

running 52 tests
test given_empty_dir_when_scanned_then_no_languages ... ok
test given_rust_file_when_scanned_then_language_and_counts_correct ... ok
test given_excluded_pattern_when_scanned_then_language_missing ... ok
test given_python_file_when_scanned_then_comments_counted ... ok
test property_all_languages_lines_sum ... ok
test property_code_lines_are_usize ... ok
test scan_counts_code_lines_correctly ... ok
test scan_deeply_nested_source_file ... ok
test scan_detects_c ... ok
test scan_detects_go ... ok
test scan_detects_javascript ... ok
test scan_detects_json ... ok
test scan_detects_multiple_languages ... ok
test scan_detects_python ... ok
test scan_detects_toml ... ok
test scan_deterministic_repeated_calls ... ok
test scan_empty_directory_returns_empty ... ok
test scan_empty_file ... ok
test scan_file_no_trailing_newline ... ok
test scan_file_with_mixed_line_endings ... ok
test scan_file_with_no_extension ... ok
test scan_file_with_only_newlines ... ok
test scan_file_with_sh_extension ... ok
test scan_file_with_unicode_content ... ok
test scan_html_with_embedded_css ... ok
test scan_html_with_embedded_js ... ok
test scan_line_sum_property ... ok
test scan_many_small_files ... ok
test scan_markdown_file ... ok
test scan_mixed_nonexistent_and_valid_returns_error ... ok
test scan_multiple_paths ... ok
test scan_nonexistent_path_returns_error ... ok
test scan_only_blanks_not_detected ... ok
test scan_only_comments ... ok
test scan_own_source_detects_rust ... ok
test scan_own_source_has_positive_code_lines ... ok
test scan_same_results_with_config_none_twice ... ok
test scan_single_code_line ... ok
test scan_single_line_file ... ok
test scan_very_large_file ... ok
test scan_with_all_flags_combined ... ok
test scan_with_all_no_ignore_sub_flags ... ok
test scan_with_config_mode_auto ... ok
test scan_with_config_mode_none ... ok
test scan_with_doc_strings_as_comments ... ok
test scan_with_excluded_patterns ... ok
test scan_with_hidden_flag ... ok
test scan_with_no_ignore_flag ... ok
test scan_yaml_file ... ok
test properties::code_fields_sum_correctly ... ok
test properties::scan_never_panics_with_arbitrary_flags ... ok
test properties::line_sum_always_equals_total ... ok

test result: ok. 52 passed; 0 failed; 0 ignored; 0 measured; 0 filtered out; finished in 0.93s

     Running tests/scan_depth_w58.rs (target/debug/deps/scan_depth_w58-b8243eac36a65b23)

running 21 tests
test scan_counts_python_code_lines ... ok
test scan_config_mode_auto_works ... ok
test scan_config_mode_none_works ... ok
test scan_counts_rust_code_lines ... ok
test scan_detects_python_in_tempdir ... ok
test scan_detects_rust_in_tempdir ... ok
test scan_detects_javascript_in_tempdir ... ok
test scan_detects_multiple_languages ... ok
test scan_dir_with_only_unknown_ext_returns_empty ... ok
test scan_empty_directory_returns_empty ... ok
test scan_excludes_glob_pattern ... ok
test scan_excludes_wildcard_extension ... ok
test scan_handles_binary_file_gracefully ... ok
test scan_finds_files_in_nested_dirs ... ok
test scan_handles_mixed_binary_and_text ... ok
test scan_nonexistent_path_errors ... ok
test scan_multiple_excludes ... ok
test scan_total_lines_equals_code_plus_comments_plus_blanks ... ok
test scan_deterministic_across_multiple_runs ... ok
test scan_is_deterministic_same_input ... ok
test scan_treat_doc_strings_as_comments_changes_counts ... ok

test result: ok. 21 passed; 0 failed; 0 ignored; 0 measured; 0 filtered out; finished in 0.14s

     Running tests/scan_depth_w63.rs (target/debug/deps/scan_depth_w63-f8990ea006cde729)

running 46 tests
test all_flags_combined ... ok
test code_lines_are_positive_for_nonempty_file ... ok
test comment_lines_counted ... ok
test blank_lines_counted ... ok
test config_mode_auto_does_not_crash ... ok
test deeply_nested_directory ... ok
test config_mode_none_does_not_crash ... ok
test detects_javascript ... ok
test detects_json ... ok
test detects_python ... ok
test detects_markdown ... ok
test detects_multiple_languages ... ok
test detects_rust ... ok
test detects_toml ... ok
test dir_with_only_blank_lines ... ok
test determinism_config_mode_none_vs_none ... ok
test determinism_same_dir_same_result ... ok
test determinism_repeated_three_times ... ok
test dir_with_only_empty_files ... ok
test empty_dir_produces_no_languages ... ok
test empty_paths_slice_panics_in_tokei ... ok
test empty_exclude_list_changes_nothing ... ok
test exclude_directory_pattern ... ok
test exclude_pattern_hides_files ... ok
test file_with_only_comments ... ok
test hidden_flag_includes_dot_files ... ok
test individual_no_ignore_flags ... ok
test large_file_counts_correctly ... ok
test multiple_paths_one_missing_returns_error ... ok
test multiple_exclude_patterns ... ok
test nested_files_are_found ... ok
test nonexistent_path_returns_error ... ok
test languages_iterator_is_deterministic ... ok
test no_ignore_flag_sets_all_sub_flags ... ok
test html_may_have_embedded_children ... ok
test properties::scan_code_never_exceeds_lines ... ok
test properties::lines_equals_code_plus_comments_plus_blanks ... ok
test scan_multiple_paths ... ok
test scan_result_children_map_exists ... ok
test single_file_counts_one_report ... ok
test total_lines_equals_sum ... ok
test treat_doc_strings_as_comments_flag ... ok
test two_rust_files_count_two_reports ... ok
test properties::report_count_matches_file_count ... ok
test properties::scan_deterministic_for_any_line_count ... ok
test properties::scan_never_has_negative_metrics ... ok

test result: ok. 46 passed; 0 failed; 0 ignored; 0 measured; 0 filtered out; finished in 1.68s

     Running tests/scan_error_handling_w54.rs (target/debug/deps/scan_error_handling_w54-aa261a358525aa71)

running 15 tests
test scan_config_mode_auto_with_all_no_ignore ... ok
test scan_directory_with_only_ignored_files ... ok
test scan_empty_directory_returns_empty_languages ... ok
test scan_error_message_includes_path ... ok
test scan_multiple_paths_first_missing ... ok
test scan_multiple_paths_second_missing ... ok
test scan_directory_with_only_gitignore ... ok
test scan_nonexistent_file_returns_error ... ok
test scan_nonexistent_directory_returns_error ... ok
test scan_empty_directory_with_config_none_returns_empty ... ok
test scan_reports_correct_code_lines ... ok
test scan_single_rust_file_directory ... ok
test scan_config_mode_none_with_hidden ... ok
test scan_with_exclusion_pattern_matching_all_files ... ok
test scan_with_doc_strings_as_comments_flag ... ok

test result: ok. 15 passed; 0 failed; 0 ignored; 0 measured; 0 filtered out; finished in 0.09s

     Running unittests src/lib.rs (target/debug/deps/tokmd_scan_args-95ecf618af02fbca)

running 4 tests
test tests::scan_args_no_ignore_enables_sub_flags ... ok
test tests::normalize_scan_input_keeps_dot_for_empty_relative ... ok
test tests::normalize_scan_input_strips_repeated_dot_slash ... ok
test tests::scan_args_paths_mode_redacts_scan_paths_and_exclusions ... ok

test result: ok. 4 passed; 0 failed; 0 ignored; 0 measured; 0 filtered out; finished in 0.00s

     Running tests/bdd_edge_cases.rs (target/debug/deps/bdd_edge_cases-12a902fba1c8d1c2)

running 16 tests
test given_all_defaults_when_building_scan_args_then_defaults_propagated ... ok
test given_double_dot_path_when_normalized_then_preserved ... ok
test given_config_auto_with_redaction_then_config_preserved ... ok
test given_config_none_with_redaction_then_config_preserved ... ok
test given_duplicate_paths_when_redacted_then_hashes_are_identical ... ok
test given_duplicate_exclusions_when_redacted_then_hashes_are_identical ... ok
test given_mixed_separator_path_when_normalized_then_all_forward_slashes ... ok
test given_parent_relative_path_when_normalized_then_preserved ... ok
test given_path_with_numeric_segments_when_normalized_then_preserved ... ok
test given_path_with_single_char_segments_when_normalized_then_preserved ... ok
test given_path_with_trailing_backslash_when_normalized_then_forward_slash_used ... ok
test given_path_with_trailing_slash_when_normalized_then_slash_is_preserved_or_stripped_deterministically ... ok
test given_redact_mode_none_vs_option_none_then_outputs_are_identical ... ok
test given_redacted_exclusion_when_inspected_then_hash_is_16_hex_chars ... ok
test given_redacted_path_when_inspected_then_original_extension_is_preserved ... ok
test given_redacted_path_without_extension_when_inspected_then_no_extension_appended ... ok

test result: ok. 16 passed; 0 failed; 0 ignored; 0 measured; 0 filtered out; finished in 0.01s

     Running tests/bdd_scan_args.rs (target/debug/deps/bdd_scan_args-5a48d761b2f5204d)

running 27 tests
test given_absolute_unix_style_path_then_preserved_with_forward_slashes ... ok
test given_all_ignore_flags_false_then_all_remain_false ... ok
test given_backslash_path_then_normalize_uses_forward_slashes ... ok
test given_bare_dot_path_then_normalize_returns_dot ... ok
test given_complex_setup_all_fields_propagate_correctly ... ok
test given_config_none_then_config_is_none ... ok
test given_deeply_nested_dot_slash_then_all_are_stripped ... ok
test given_all_mode_and_empty_exclusions_then_excluded_redacted_is_false ... ok
test given_complex_setup_with_redaction_then_data_fields_redacted_booleans_preserved ... ok
test given_all_mode_when_building_scan_args_then_paths_and_exclusions_are_redacted ... ok
test given_different_paths_when_redacted_then_hashes_differ ... ok
test given_many_exclusions_when_redacted_then_all_are_hashed ... ok
test given_empty_paths_when_building_scan_args_then_result_has_empty_paths ... ok
test given_hidden_true_when_building_scan_args_then_hidden_is_set ... ok
test given_multiple_paths_when_no_redaction_then_all_paths_are_normalized ... ok
test given_multiple_paths_when_redaction_then_all_paths_are_redacted ... ok
test given_no_ignore_when_building_scan_args_then_ignore_sub_flags_are_forced_true ... ok
test given_no_redaction_when_building_scan_args_then_normalized_paths_are_preserved ... ok
test given_none_mode_when_building_scan_args_then_nothing_is_redacted ... ok
test given_none_option_when_building_scan_args_then_nothing_is_redacted ... ok
test given_path_with_unicode_then_preserved ... ok
test given_path_with_spaces_then_preserved ... ok
test given_paths_mode_when_building_scan_args_then_paths_and_exclusions_are_redacted ... ok
test given_sub_flags_true_but_no_ignore_false_then_sub_flags_are_preserved ... ok
test given_paths_mode_and_empty_exclusions_then_excluded_redacted_is_false ... ok
test given_treat_doc_strings_as_comments_then_flag_is_forwarded ... ok
test given_same_inputs_when_redacted_twice_then_hashes_are_identical ... ok

test result: ok. 27 passed; 0 failed; 0 ignored; 0 measured; 0 filtered out; finished in 0.01s

     Running tests/construction_w59.rs (target/debug/deps/construction_w59-6c6658785dd2d0a1)

running 38 tests
test normalize_bare_dot_stays_dot ... ok
test normalize_empty_relative_becomes_dot ... ok
test normalize_deep_nested_path ... ok
test normalize_backslashes_to_forward ... ok
test normalize_plain_relative_path ... ok
test normalize_idempotent ... ok
test normalize_preserves_non_dot_path ... ok
test normalize_strips_single_dot_slash ... ok
test normalize_strips_repeated_dot_slash ... ok
test scan_args_boolean_flags_independent_of_redaction ... ok
test scan_args_deterministic_all_fields ... ok
test scan_args_deterministic_paths ... ok
test scan_args_deterministic_exclusions ... ok
test scan_args_dot_path_normalizes ... ok
test scan_args_empty_paths_vec ... ok
test scan_args_excluded_redacted_false_when_empty_exclusions ... ok
test scan_args_excluded_redacted_false_when_no_redact ... ok
test scan_args_hidden_flag_passed_through ... ok
test scan_args_exclusion_count_preserved_under_redaction ... ok
test scan_args_multiple_paths_preserved ... ok
test scan_args_dot_slash_path_normalizes ... ok
test scan_args_no_backslashes_in_output_paths ... ok
test scan_args_no_ignore_enables_all_sub_flags ... ok
test scan_args_no_redaction_preserves_exclusions ... ok
test scan_args_no_redaction_preserves_paths ... ok
test scan_args_path_count_preserved_under_redaction ... ok
test scan_args_paths_with_unicode ... ok
test scan_args_paths_with_spaces ... ok
test scan_args_redact_all_mode_redacts ... ok
test scan_args_redact_none_preserves_paths ... ok
test scan_args_redact_paths_and_all_produce_same_paths ... ok
test scan_args_redact_paths_mode_redacts ... ok
test scan_args_redaction_hides_exclusion_values ... ok
test scan_args_repeated_dot_slash_normalizes ... ok
test scan_args_redaction_hides_original_long_segments ... ok
test scan_args_single_path_via_slice_from_ref ... ok
test scan_args_sub_flags_independent_when_no_ignore_false ... ok
test scan_args_treat_doc_strings_flag_passed_through ... ok

test result: ok. 38 passed; 0 failed; 0 ignored; 0 measured; 0 filtered out; finished in 0.00s

     Running tests/deep.rs (target/debug/deps/deep-218cc4b180603912)

running 43 tests
test config_mode_auto_propagated ... ok
test all_false_flags_propagated ... ok
test config_mode_none_propagated ... ok
test empty_paths_slice ... ok
test empty_paths_with_redaction ... ok
test excluded_redacted_false_skipped_in_serialization ... ok
test hidden_flag_propagated ... ok
test excluded_redacted_true_present_in_serialization ... ok
test different_paths_produce_different_hashes ... ok
test individual_sub_flags_propagated ... ok
test many_exclusions ... ok
test no_ignore_implies_all_sub_flags ... ok
test normalize_converts_backslashes_to_forward ... ok
test many_paths ... ok
test many_exclusions_redacted ... ok
test normalize_empty_string_becomes_dot ... ok
test normalize_handles_absolute_path ... ok
test normalize_is_idempotent ... ok
test normalize_keeps_dot_for_bare_dot ... ok
test normalize_keeps_dot_for_bare_dot_slash ... ok
test normalize_preserves_deep_path ... ok
test normalize_strips_repeated_dot_slash ... ok
test normalize_strips_single_dot_slash ... ok
test paths_with_spaces ... ok
test paths_with_unicode ... ok
test redact_all_hashes_exclusions ... ok
test redact_is_deterministic ... ok
test redact_all_hashes_scan_paths ... ok
test redact_mode_none_vs_option_none ... ok
test redact_paths_hashes_exclusions ... ok
test redact_paths_hashes_scan_paths ... ok
test redact_with_empty_exclusions_not_marked_redacted ... ok
test redaction_of_path_with_extension_preserves_extension ... ok
test redaction_of_path_without_extension ... ok
test scan_args_deterministic_with_redaction ... ok
test scan_args_deterministic_without_redaction ... ok
test scan_args_none_redact_preserves_exclusions ... ok
test scan_args_none_redact_preserves_paths ... ok
test scan_args_normalizes_backslash_paths ... ok
test scan_args_redact_mode_none_preserves_paths ... ok
test scan_args_redacted_serialization_roundtrip ... ok
test treat_doc_strings_flag_propagated ... ok
test scan_args_serialization_roundtrip ... ok

test result: ok. 43 passed; 0 failed; 0 ignored; 0 measured; 0 filtered out; finished in 0.00s

     Running tests/deep_scanargs_round2_w51.rs (target/debug/deps/deep_scanargs_round2_w51-3a9132b5c17fc92d)

running 16 tests
test normalize_backslashes_to_forward ... ok
test no_ignore_forces_all_sub_flags ... ok
test normalize_bare_dot_preserved ... ok
test normalize_strips_dot_slash_prefix ... ok
test redact_all_mode_hashes_paths ... ok
test redact_empty_exclusions_flag_stays_false ... ok
test deterministic_redaction_hash_stable ... ok
test deterministic_same_input_same_output ... ok
test redact_exclusions_sets_flag ... ok
test redact_none_mode_preserves_paths ... ok
test redact_paths_mode_hashes_paths ... ok
test scan_args_multiple_paths ... ok
test scan_args_preserves_exclusions_without_redaction ... ok
test scan_args_propagates_boolean_flags ... ok
test scan_args_single_dot_path ... ok
test sub_flags_independent_without_no_ignore ... ok

test result: ok. 16 passed; 0 failed; 0 ignored; 0 measured; 0 filtered out; finished in 0.01s

     Running tests/deep_scanargs_w47.rs (target/debug/deps/deep_scanargs_w47-c016ab3b28d5d124)

running 34 tests
test individual_sub_flags_independent ... ok
test no_ignore_implies_all_sub_flags ... ok
test normalize_backslash_to_forward ... ok
test normalize_bare_dot ... ok
test normalize_bare_dot_slash ... ok
test deterministic_with_all_redaction ... ok
test deterministic_without_redaction ... ok
test deterministic_with_redaction ... ok
test normalize_idempotent ... ok
test normalize_empty_becomes_dot ... ok
test normalize_strips_dot_slash ... ok
test normalize_strips_repeated_dot_slash ... ok
test prop_normalize_idempotent ... ok
test prop_normalize_never_empty ... ok
test prop_normalize_no_backslash ... ok
test prop_deterministic ... ok
test redaction_all_mode_hashes_paths ... ok
test redaction_different_inputs_different_hashes ... ok
test redaction_empty_exclusions_not_marked ... ok
test redaction_hashes_exclusions ... ok
test redaction_none_mode_preserves_paths ... ok
test redaction_option_none_preserves_paths ... ok
test redaction_paths_mode_hashes_paths ... ok
test redaction_preserves_extension ... ok
test scan_args_all_fields_populated ... ok
test scan_args_minimal_fields ... ok
test scan_args_normalizes_backslash_in_paths ... ok
test serde_excluded_redacted_false_omitted ... ok
test serde_excluded_redacted_true_present ... ok
test serde_roundtrip_no_redaction ... ok
test serde_roundtrip_with_redaction ... ok
test prop_path_count_preserved ... ok
test prop_exclusion_count_preserved ... ok
test prop_serde_roundtrip ... ok

test result: ok. 34 passed; 0 failed; 0 ignored; 0 measured; 0 filtered out; finished in 0.13s

     Running tests/deep_w43.rs (target/debug/deps/deep_w43-936a316c147b7780)

running 24 tests
test default_scan_options_produce_default_flags ... ok
test excluded_not_redacted_without_redact_mode ... ok
test hidden_flag_passthrough ... ok
test multiple_paths_all_normalized ... ok
test individual_sub_flags_do_not_cross_pollinate ... ok
test excluded_patterns_redacted_when_paths_mode ... ok
test multiple_paths_all_redacted ... ok
test excluded_redacted_false_when_excluded_list_empty ... ok
test no_ignore_dot_alone_sets_only_dot ... ok
test no_ignore_cascades_to_all_sub_flags ... ok
test normalize_backslashes_become_forward ... ok
test normalize_bare_dot ... ok
test normalize_preserves_absolute_path ... ok
test normalize_empty_after_strip_becomes_dot ... ok
test normalize_single_dot_slash ... ok
test normalize_triple_dot_slash ... ok
test paths_forwarded_without_redaction_when_none ... ok
test redact_all_mode_hashes_paths ... ok
test redact_none_does_not_hash ... ok
test redact_paths_mode_hashes_paths ... ok
test redaction_is_deterministic ... ok
test redacted_scan_args_serde_roundtrip_preserves_hashes ... ok
test scan_args_serde_roundtrip ... ok
test treat_doc_strings_as_comments_passthrough ... ok

test result: ok. 24 passed; 0 failed; 0 ignored; 0 measured; 0 filtered out; finished in 0.00s

     Running tests/deep_w69.rs (target/debug/deps/deep_w69-5c19498476574837)

running 22 tests
test normalize_dot_slash ... ok
test normalize_absolute_path_unchanged ... ok
test normalize_dot_only ... ok
test normalize_double_dot_slash ... ok
test normalize_forward_slash_preserved ... ok
test normalize_preserves_parent_dir ... ok
test normalize_strips_leading_dot_slash_deeply ... ok
test scan_args_dot_path_normalized ... ok
test scan_args_hidden_flag_propagated ... ok
test scan_args_individual_sub_flags_independent ... ok
test scan_args_multiple_paths ... ok
test scan_args_no_ignore_cascades_to_sub_flags ... ok
test scan_args_excluded_redacted_skipped_when_false ... ok
test scan_args_json_round_trip ... ok
test scan_args_redact_none_keeps_paths_verbatim ... ok
test scan_args_redact_paths_hides_paths_and_exclusions ... ok
test scan_args_redact_all_hides_paths_and_exclusions ... ok
test scan_args_deterministic_across_calls ... ok
test scan_args_redact_without_excluded_not_flagged ... ok
test scan_args_redaction_is_deterministic ... ok
test scan_args_single_path ... ok
test scan_args_treat_doc_strings_propagated ... ok

test result: ok. 22 passed; 0 failed; 0 ignored; 0 measured; 0 filtered out; finished in 0.01s

     Running tests/properties.rs (target/debug/deps/properties-9f970b6ff1c1692b)

running 22 tests
test normalize_idempotent ... ok
test normalize_scan_input_is_idempotent ... ok
test normalize_no_backslash ... ok
test normalize_scan_input_never_contains_backslashes ... ok
test normalize_scan_input_never_empty ... ok
test normalize_leading_dot_slash ... ok
test scan_args_boolean_flags_independent_of_redaction ... ok
test normalize_scan_input_never_starts_with_dot_slash ... ok
test scan_args_deterministic ... ok
test scan_args_no_ignore_implies_all_sub_flags ... ok
test scan_args_all_output_paths_use_forward_slashes ... ok
test scan_args_excluded_redacted_matches_mode_and_exclusions ... ok
test scan_args_paths_vec ... ok
test scan_args_none_redact_preserves_exclusions_verbatim ... ok
test scan_args_is_deterministic_for_same_input ... ok
test scan_args_redacted_exclusions_do_not_contain_originals ... ok
test scan_args_preserves_exclusion_count ... ok
test scan_args_preserves_path_count ... ok
test scan_args_redact_all_behaves_like_redact_paths_for_paths ... ok
test scan_args_redacted_paths_contain_no_backslashes ... ok
test scan_args_without_redaction_keeps_normalized_paths ... ok
test scan_args_redacted_paths_do_not_contain_original_segments ... ok

test result: ok. 22 passed; 0 failed; 0 ignored; 0 measured; 0 filtered out; finished in 0.38s

     Running tests/properties_extended.rs (target/debug/deps/properties_extended-6577eed197dbe635)

running 7 tests
test config_mode_preserved_across_all_redact_modes ... ok
test parent_relative_paths_preserved ... ok
test redact_none_and_option_none_are_equivalent ... ok
test duplicate_paths_get_identical_redacted_hashes ... ok
test redacted_paths_preserve_file_extension ... ok
test redacted_exclusions_are_16_hex_chars ... ok
test scan_args_paths_are_never_empty_strings ... ok

test result: ok. 7 passed; 0 failed; 0 ignored; 0 measured; 0 filtered out; finished in 0.09s

     Running tests/properties_w59.rs (target/debug/deps/properties_w59-721f094b894ebf3c)

running 14 tests
test no_ignore_implies_sub_flags ... ok
test boolean_flags_survive_redaction ... ok
test normalize_idempotent ... ok
test excluded_redacted_correct ... ok
test normalize_never_contains_backslash ... ok
test normalize_never_empty ... ok
test non_redact_preserves_exclusions ... ok
test normalize_never_starts_with_dot_slash ... ok
test scan_args_deterministic ... ok
test redacted_paths_hide_originals ... ok
test scan_args_no_backslash_in_paths ... ok
test redact_paths_equals_all_for_paths ... ok
test scan_args_preserves_exclusion_count ... ok
test scan_args_preserves_path_count ... ok

test result: ok. 14 passed; 0 failed; 0 ignored; 0 measured; 0 filtered out; finished in 0.11s

     Running tests/proptest_deep.rs (target/debug/deps/proptest_deep-07f1c37d52c00d74)

running 7 tests
test no_ignore_true_forces_sub_flags ... ok
test full_scan_args_deterministic ... ok
test normalize_dot_prefix_stripped_consistently ... ok
test normalize_join_no_backslash ... ok
test redacted_paths_are_valid_hashes ... ok
test redacted_exclusions_are_deterministic ... ok
test normalize_preserves_path_structure ... ok

test result: ok. 7 passed; 0 failed; 0 ignored; 0 measured; 0 filtered out; finished in 0.03s

     Running tests/proptest_w40.rs (target/debug/deps/proptest_w40-c203fc0193a4eff0)

running 9 tests
test hidden_flag_propagated ... ok
test excluded_redacted_flag_correct ... ok
test normalize_forward_slashes_only ... ok
test normalize_is_idempotent ... ok
test excluded_count_preserved ... ok
test normalize_output_never_empty ... ok
test treat_doc_strings_flag_propagated ... ok
test scan_args_path_count_matches_input ... ok
test scan_args_path_count_preserved_under_redaction ... ok

test result: ok. 9 passed; 0 failed; 0 ignored; 0 measured; 0 filtered out; finished in 0.05s

     Running tests/scan_args_deep_w76.rs (target/debug/deps/scan_args_deep_w76-570b543ca2599387)

running 23 tests
test w76_all_sub_flags_true_when_no_ignore_set ... ok
test w76_json_excluded_redacted_absent_when_false ... ok
test w76_json_round_trip_all_flags_true ... ok
test w76_no_ignore_vcs_independent_when_no_ignore_false ... ok
test w76_normalize_deeply_nested_relative ... ok
test w76_no_ignore_dot_independent_when_no_ignore_false ... ok
test w76_normalize_dot_dot_prefix_kept ... ok
test w76_normalize_empty_string_becomes_dot ... ok
test w76_json_excluded_redacted_present_when_true ... ok
test w76_deterministic_across_repeated_calls ... ok
test w76_normalize_no_backslashes_in_output ... ok
test w76_normalize_single_segment_preserved ... ok
test w76_normalize_trailing_slash_stripped_by_path ... ok
test w76_redact_all_transforms_like_paths ... ok
test w76_redact_none_no_transformation ... ok
test w76_redact_with_empty_excluded_not_flagged ... ok
test w76_redact_paths_transforms_paths_and_excluded ... ok
test w76_redact_multiple_excluded_all_hashed ... ok
test w76_scan_args_all_flags_default_false ... ok
test w76_scan_args_config_mode_auto_default ... ok
test w76_scan_args_config_mode_none_propagated ... ok
test w76_scan_args_empty_paths_produces_empty_vec ... ok
test w76_scan_args_preserves_excluded_order ... ok

test result: ok. 23 passed; 0 failed; 0 ignored; 0 measured; 0 filtered out; finished in 0.00s

     Running tests/scan_args_depth_w56.rs (target/debug/deps/scan_args_depth_w56-5ca98d6297f76a2e)

running 29 tests
test no_ignore_dot_standalone ... ok
test config_mode_passthrough ... ok
test no_ignore_enables_all_sub_flags ... ok
test no_ignore_parent_standalone ... ok
test dot_slash_path_normalized_before_redaction ... ok
test no_ignore_vcs_standalone ... ok
test no_redact_mode_none_passthrough ... ok
test normalize_dot_to_dot ... ok
test normalize_dot_slash_only_to_dot ... ok
test normalize_forward_slashes_on_unix_paths ... ok
test normalize_empty_to_dot ... ok
test normalize_strips_repeated_dot_slash ... ok
test normalize_preserves_absolute_path ... ok
test normalize_preserves_deep_relative_path ... ok
test normalize_strips_single_dot_slash ... ok
test redact_all_also_redacts ... ok
test redact_empty_exclusions_not_flagged ... ok
test redact_none_does_not_redact ... ok
test redact_paths_changes_scan_paths ... ok
test redact_paths_hashes_exclusions ... ok
test redacted_path_preserves_extension ... ok
test scan_args_deterministic_no_redact ... ok
test scan_args_deterministic_with_redact ... ok
test scan_args_doc_strings_flag_passthrough ... ok
test scan_args_empty_paths ... ok
test scan_args_excluded_passthrough_no_redact ... ok
test scan_args_hidden_flag_passthrough ... ok
test scan_args_multiple_paths ... ok
test scan_args_single_path ... ok

test result: ok. 29 passed; 0 failed; 0 ignored; 0 measured; 0 filtered out; finished in 0.00s

     Running tests/scanargs_depth_w63.rs (target/debug/deps/scanargs_depth_w63-56ce854799c3384d)

running 43 tests
test empty_paths_produces_empty_args_paths ... ok
test hidden_flag_propagated ... ok
test no_ignore_dot_independent ... ok
test no_ignore_enables_all_sub_flags ... ok
test default_scan_options_produces_clean_args ... ok
test no_ignore_parent_independent ... ok
test no_ignore_vcs_independent ... ok
test config_mode_auto_propagated ... ok
test config_mode_none_propagated ... ok
test normalize_dot_slash_becomes_dot ... ok
test normalize_bare_dot_becomes_dot ... ok
test normalize_plain_relative_path ... ok
test normalize_forward_slashes_preserved ... ok
test normalize_preserves_absolute_unix_path ... ok
test normalize_strips_multiple_dot_slashes ... ok
test normalize_strips_single_dot_slash ... ok
test property_tests::no_ignore_implies_sub_flags ... ok
test property_tests::normalize_never_empty ... ok
test property_tests::redacted_excluded_always_16_hex ... ok
test property_tests::normalize_no_leading_dot_slash ... ok
test property_tests::scan_args_excluded_count_matches ... ok
test redacted_excluded_are_16_hex ... ok
test redacted_path_preserves_extension ... ok
test redacted_paths_are_hex_prefixed ... ok
test redaction_does_not_leak_original_path ... ok
test property_tests::redacted_paths_always_have_hex_prefix ... ok
test scan_args_100_calls_identical ... ok
test scan_args_deterministic_no_redact ... ok
test scan_args_all_mode_also_redacts ... ok
test scan_args_deterministic_with_redact ... ok
test scan_args_multiple_paths_all_redacted ... ok
test scan_args_multiple_exclusions_all_redacted ... ok
test scan_args_no_redact_passes_excluded_through ... ok
test scan_args_no_redact_passes_paths_through ... ok
test scan_args_normalizes_dot_prefix_in_paths ... ok
test scan_args_normalizes_multiple_paths ... ok
test scan_args_paths_mode_redacts_exclusions ... ok
test scan_args_paths_mode_empty_excluded_not_redacted ... ok
test scan_args_paths_mode_redacts_paths ... ok
test treat_doc_strings_propagated ... ok
test scan_args_redact_none_is_same_as_no_redact ... ok
test property_tests::scan_args_paths_count_matches ... ok
test property_tests::scan_args_deterministic ... ok

test result: ok. 43 passed; 0 failed; 0 ignored; 0 measured; 0 filtered out; finished in 0.07s

     Running unittests src/lib.rs (target/debug/deps/tokmd_sensor-50ff4f38e10cd3a3)

running 6 tests
test tests::dummy_sensor_pass ... ok
test tests::dummy_sensor_warn ... ok
test tests::sensor_name_and_version ... ok
test substrate_builder::tests::build_substrate_errors_on_missing_root ... ok
test substrate_builder::tests::build_substrate_scans_self ... ok
test substrate_builder::tests::build_substrate_with_diff_range ... ok

test result: ok. 6 passed; 0 failed; 0 ignored; 0 measured; 0 filtered out; finished in 0.08s

     Running tests/bdd.rs (target/debug/deps/bdd-aaf4cdf68d54faed)

running 14 tests
test scenario_diff_aware_sensor_passes_when_all_files_small ... ok
test scenario_failing_sensor_returns_error ... ok
test scenario_diff_aware_sensor_with_no_diff_context ... ok
test scenario_diff_aware_sensor_warns_on_large_diff_files ... ok
test scenario_sensor_passes_on_empty_substrate ... ok
test scenario_sensor_metadata_is_stable ... ok
test scenario_sensor_fails_when_code_lines_exceed_fail_threshold ... ok
test scenario_sensor_passes_when_code_lines_under_threshold ... ok
test scenario_sensor_warns_when_code_lines_exceed_warn_threshold ... ok
test scenario_settings_deserialize_from_json ... ok
test scenario_skip_sensor_produces_skip_verdict ... ok
test scenario_sensor_report_survives_json_roundtrip ... ok
test scenario_threshold_boundary_exact_match ... ok
test scenario_threshold_boundary_one_below ... ok

test result: ok. 14 passed; 0 failed; 0 ignored; 0 measured; 0 filtered out; finished in 0.00s

     Running tests/bdd_capabilities.rs (target/debug/deps/bdd_capabilities-9b46abff46d3aad0)

running 15 tests
test scenario_given_different_modes_when_creating_tool_meta_then_mode_is_preserved ... ok
test scenario_given_content_skipped_when_reporting_then_capability_shows_skipped_with_reason ... ok
test scenario_given_all_features_available_when_reporting_then_all_capabilities_are_available ... ok
test scenario_given_git_unavailable_when_reporting_then_capability_shows_unavailable_with_reason ... ok
test scenario_given_multi_lang_substrate_when_querying_files_for_lang_then_correct_files_returned ... ok
test scenario_all_verdict_variants_can_be_used_in_reports ... ok
test scenario_given_sensor_adding_multiple_findings_then_order_is_preserved ... ok
test scenario_given_report_with_all_capability_states_when_serialized_then_roundtrips ... ok
test scenario_given_sensor_report_when_chaining_with_artifacts_then_artifacts_are_attached ... ok
test scenario_given_sensor_report_when_chaining_with_data_then_data_is_attached ... ok
test scenario_given_specific_timestamp_when_creating_report_then_timestamp_preserved ... ok
test scenario_given_substrate_where_all_files_in_diff_then_diff_files_returns_all ... ok
test scenario_given_sensor_report_when_chaining_both_then_both_present ... ok
test scenario_given_substrate_without_diff_when_querying_diff_files_then_empty ... ok
test scenario_given_substrate_with_diff_range_when_querying_diff_files_then_only_diff_files_returned ... ok

test result: ok. 15 passed; 0 failed; 0 ignored; 0 measured; 0 filtered out; finished in 0.00s

     Running tests/deep2.rs (target/debug/deps/deep2-6c588ed4b131909e)

running 41 tests
test diff_files_returns_only_in_diff ... ok
test diff_files_empty_when_none_in_diff ... ok
test always_pass_sensor_returns_pass ... ok
test all_verdict_variants_serialize_correctly ... ok
test diff_sensor_pass_when_diff_not_required_and_missing ... ok
test diff_sensor_reports_diff_file_count ... ok
test diff_sensor_skip_when_required_but_missing ... ok
test dominance_sensor_empty_substrate_passes ... ok
test dominance_sensor_pass_when_balanced ... ok
test diff_range_empty_changed_files ... ok
test diff_range_serde_roundtrip ... ok
test dominance_sensor_single_language_always_warns_at_low_threshold ... ok
test dominance_sensor_warn_when_dominant ... ok
test empty_settings_serde_roundtrip ... ok
test dominance_settings_serde_roundtrip ... ok
test empty_substrate_methods_return_empty ... ok
test fail_sensor_returns_fail_with_message ... ok
test fail_settings_serde_roundtrip ... ok
test files_for_lang_filters_correctly ... ok
test finding_fingerprint_differs_by_path ... ok
test finding_fingerprint_deterministic ... ok
test finding_fingerprint_differs_by_tool ... ok
test finding_fingerprint_no_location_uses_empty_path ... ok
test lang_summary_btreemap_ordering ... ok
test lang_summary_totals_consistent ... ok
test multi_sensor_pipeline_on_same_substrate ... ok
test sensor_name_and_version_are_stable ... ok
test sensor_report_schema_field ... ok
test sensor_report_with_artifacts ... ok
test sensor_report_with_capabilities ... ok
test sensor_report_with_data_payload ... ok
test sensor_report_with_findings_roundtrip ... ok
test sensor_reports_are_independent ... ok
test substrate_serde_diff_range_none_omitted ... ok
test substrate_serde_roundtrip_empty ... ok
test tool_meta_new_fields ... ok
test tool_meta_tokmd_helper ... ok
test verdict_default_is_pass ... ok
test substrate_serde_roundtrip_multi_lang ... ok
test verdict_display_matches_serde ... ok
test substrate_serde_preserves_in_diff_flag ... ok

test result: ok. 41 passed; 0 failed; 0 ignored; 0 measured; 0 filtered out; finished in 0.01s

     Running tests/deep_sensor_round2_w52.rs (target/debug/deps/deep_sensor_round2_w52-862df5e7fb14620b)

running 15 tests
test sensor_name_returns_expected_identifier ... ok
test sensor_passes_when_thresholds_not_exceeded ... ok
test sensor_can_attach_capabilities_to_report ... ok
test sensor_report_has_correct_schema ... ok
test sensor_report_has_iso8601_timestamp ... ok
test sensor_report_full_serde_roundtrip ... ok
test sensor_report_tool_meta_matches_sensor ... ok
test sensor_reports_multiple_findings_when_both_thresholds_exceeded ... ok
test sensor_report_with_artifacts_roundtrips ... ok
test sensor_run_with_empty_substrate_passes ... ok
test sensor_version_returns_semver_string ... ok
test sensor_warns_when_code_exceeds_threshold ... ok
test settings_serde_roundtrip ... ok
test skip_sensor_name_and_version ... ok
test skip_sensor_returns_skip_verdict_on_empty_substrate ... ok

test result: ok. 15 passed; 0 failed; 0 ignored; 0 measured; 0 filtered out; finished in 0.01s

     Running tests/deep_sensor_w48.rs (target/debug/deps/deep_sensor_w48-8d3b6e7f013f2d25)

running 41 tests
test edge_empty_substrate_diff_files_empty ... ok
test edge_empty_substrate_files_for_lang_empty ... ok
test edge_empty_substrate_no_diff_range ... ok
test edge_empty_substrate_totals_zero ... ok
test edge_report_no_findings ... ok
test diff_sensor_skip_no_diff ... ok
test diff_sensor_pass_with_diff ... ok
test edge_report_serde_omits_none_fields ... ok
test edge_sensor_on_empty_substrate ... ok
test edge_substrate_serde_roundtrip_empty ... ok
test edge_verdict_default_is_pass ... ok
test edge_substrate_serde_roundtrip_with_diff ... ok
test edge_all_verdicts_serde_roundtrip ... ok
test lang_count_sensor_pass_enough_languages ... ok
test pass_sensor_returns_pass ... ok
test lang_count_sensor_warn_not_enough ... ok
test prop_diff_sensor_skip_when_no_diff ... ok
test prop_lang_count_sensor_consistent ... ok
test prop_report_serde_roundtrip ... ok
test prop_pass_sensor_always_has_schema ... ok
test report_has_schema_v1 ... ok
test report_serde_roundtrip ... ok
test report_with_artifacts ... ok
test report_with_capabilities ... ok
test report_with_data_payload ... ok
test report_with_findings ... ok
test sensor_name_and_version_accessors ... ok
test substrate_diff_files_iterator ... ok
test substrate_diff_range_fields ... ok
test substrate_field_access_files ... ok
test substrate_field_access_totals ... ok
test substrate_files_for_lang ... ok
test substrate_from_files_computes_totals ... ok
test substrate_from_files_empty ... ok
test substrate_from_files_lang_aggregation ... ok
test substrate_lang_summary_keys ... ok
test threshold_sensor_fail_above_limit ... ok
test threshold_sensor_pass_below_limit ... ok
test prop_substrate_lang_summary_consistent ... ok
test prop_substrate_totals_consistent ... ok
test prop_threshold_sensor_verdict_consistent ... ok

test result: ok. 41 passed; 0 failed; 0 ignored; 0 measured; 0 filtered out; finished in 0.60s

     Running tests/deep_w67.rs (target/debug/deps/deep_w67-2e76501a9356cd4d)

running 20 tests
test always_pass_schema_is_sensor_report_v1 ... ok
test always_pass_returns_pass_with_empty_substrate ... ok
test diff_aware_sensor_pass_when_no_diff_files ... ok
test diff_aware_sensor_warn_when_diff_files_exist ... ok
test empty_settings_serde_roundtrip ... ok
test finding_sensor_creates_one_finding_per_file ... ok
test finding_sensor_locations_match_file_paths ... ok
test finding_sensor_deterministic_across_runs ... ok
test finding_sensor_each_finding_has_location ... ok
test line_sensor_fail_over_threshold ... ok
test line_sensor_pass_at_exact_threshold ... ok
test line_sensor_pass_under_threshold ... ok
test report_tool_meta_matches_sensor ... ok
test sensor_can_attach_artifacts_to_report ... ok
test sensor_can_attach_capabilities_to_report ... ok
test sensor_name_returns_correct_id ... ok
test sensor_output_deterministic_across_runs ... ok
test sensor_version_returns_semver ... ok
test threshold_settings_serde_roundtrip ... ok
test sensor_report_serde_roundtrip_preserves_all_fields ... ok

test result: ok. 20 passed; 0 failed; 0 ignored; 0 measured; 0 filtered out; finished in 0.00s

     Running tests/integration.rs (target/debug/deps/integration-697ab92b88e3d87a)

running 23 tests
test build_substrate_errors_on_nonexistent_directory ... ok
test build_substrate_returns_empty_for_empty_directory ... ok
test build_substrate_diff_range_no_matching_files ... ok
test build_substrate_returns_valid_substrate_for_own_src ... ok
test build_substrate_lang_summary_matches_files ... ok
test build_substrate_scans_multiple_languages ... ok
test build_substrate_marks_diff_files ... ok
test build_substrate_scans_temp_dir_with_rust_file ... ok
test end_to_end_empty_substrate_sensor_warns ... ok
test lang_coverage_sensor_produces_per_language_findings ... ok
test build_substrate_totals_are_consistent ... ok
test end_to_end_substrate_to_sensor_report ... ok
test end_to_end_sensor_warns_on_low_diversity ... ok
test multiple_sensors_share_same_substrate ... ok
test prop_high_threshold_always_passes ... ok
test prop_loc_sensor_never_panics ... ok
test prop_sensor_verdict_is_deterministic ... ok
test prop_report_schema_is_stable ... ok
test substrate_paths_use_forward_slashes ... ok
test substrate_serde_roundtrip ... ok
test prop_zero_threshold_warns_or_fails ... ok
test prop_substrate_totals_are_sums ... ok
test prop_substrate_serde_roundtrip ... ok

test result: ok. 23 passed; 0 failed; 0 ignored; 0 measured; 0 filtered out; finished in 0.91s

     Running tests/properties.rs (target/debug/deps/properties-cb9373ae48125efd)

running 6 tests
test sensor_report_serde_roundtrip_preserves_schema ... ok
test sensor_report_tool_meta_preserves_inputs ... ok
test sensor_report_always_has_valid_schema ... ok
test substrate_serde_roundtrip_preserves_totals ... ok
test substrate_lang_summary_matches_file_aggregates ... ok
test substrate_totals_equal_sum_of_files ... ok

test result: ok. 6 passed; 0 failed; 0 ignored; 0 measured; 0 filtered out; finished in 1.97s

     Running tests/properties_extended.rs (target/debug/deps/properties_extended-5f7d7ba112916b02)

running 7 tests
test capability_status_roundtrips_through_json ... ok
test finding_preserves_all_fields ... ok
test with_artifacts_preserves_schema ... ok
test with_data_preserves_verdict ... ok
test files_for_lang_covers_all_files ... ok
test diff_files_count_matches_in_diff_flag ... ok
test diff_count_sensor_never_panics ... ok

test result: ok. 7 passed; 0 failed; 0 ignored; 0 measured; 0 filtered out; finished in 0.30s

     Running tests/proptest_w56.rs (target/debug/deps/proptest_w56-329393bc636cd811)

running 8 tests
test sensor_name_is_stable ... ok
test report_summary_nonempty ... ok
test sensor_run_is_deterministic ... ok
test report_serializes_to_json ... ok
test sensor_version_is_stable ... ok
test report_serde_roundtrip ... ok
test verdict_matches_threshold ... ok
test settings_serde_roundtrip ... ok

test result: ok. 8 passed; 0 failed; 0 ignored; 0 measured; 0 filtered out; finished in 0.07s

     Running tests/proptest_w59.rs (target/debug/deps/proptest_w59-db19fb0887db56b5)

running 7 tests
test report_is_deterministic ... ok
test empty_substrate_always_skips ... ok
test lang_summary_files_count_matches ... ok
test report_always_has_valid_schema ... ok
test substrate_totals_consistent ... ok
test report_json_roundtrips ... ok
test report_tool_meta_always_matches ... ok

test result: ok. 7 passed; 0 failed; 0 ignored; 0 measured; 0 filtered out; finished in 1.90s

     Running tests/sensor_depth_w56.rs (target/debug/deps/sensor_depth_w56-e8c3fafe2ce429a1)

running 32 tests
test capability_sensor_git_skipped_without_diff ... ok
test capability_sensor_rust_unavailable_for_python_only ... ok
test capability_sensor_rust_available ... ok
test finding_sensor_multiple_findings ... ok
test finding_sensor_no_findings_when_all_small ... ok
test finding_sensor_warns_on_large_file ... ok
test multi_lang_substrate_totals_correct ... ok
test multiple_sensor_impls_coexist ... ok
test report_generated_at_is_populated ... ok
test report_schema_is_sensor_report_v1 ... ok
test report_summary_contains_line_count ... ok
test report_tool_meta_matches_sensor ... ok
test report_with_artifacts ... ok
test failing_sensor_returns_error ... ok
test capability_sensor_git_available_with_diff ... ok
test sensor_deterministic_across_runs ... ok
test sensor_name_returns_static_str ... ok
test sensor_on_empty_substrate ... ok
test sensor_run_pass_at_exact_threshold ... ok
test sensor_run_pass_when_under_threshold ... ok
test sensor_run_warn_when_over_threshold ... ok
test sensor_version_returns_semver ... ok
test report_with_data_payload ... ok
test sensor_json_deterministic ... ok
test settings_json_roundtrip ... ok
test report_json_roundtrip ... ok
test substrate_diff_range_none_by_default ... ok
test substrate_file_in_diff_flag ... ok
test verdict_default_is_pass ... ok
test substrate_builder_totals_match_file_sums ... ok
test substrate_builder_lang_summary_matches_files ... ok
test substrate_builder_scans_sensor_crate_src ... ok

test result: ok. 32 passed; 0 failed; 0 ignored; 0 measured; 0 filtered out; finished in 0.18s

     Running tests/sensor_depth_w63.rs (target/debug/deps/sensor_depth_w63-68beae24022e278a)

running 58 tests
test artifact_receipt_has_id ... ok
test capability_available_has_no_reason ... ok
test artifact_badge_has_no_id ... ok
test capabilities_serialized_in_json ... ok
test capability_skipped_has_reason ... ok
test capability_unavailable_has_reason ... ok
test determinism_noop_sensor ... ok
test determinism_skip_empty_sensor ... ok
test determinism_diff_sensor ... ok
test determinism_full_sensor ... ok
test diff_sensor_finding_messages_reference_paths ... ok
test diff_sensor_on_empty_substrate_no_findings ... ok
test diff_sensor_no_diff_files_when_no_range ... ok
test diff_sensor_passes_when_within_limit ... ok
test diff_sensor_produces_findings_for_changed_files ... ok
test determinism_threshold_sensor ... ok
test error_sensor_on_nonempty_still_errors ... ok
test error_sensor_returns_err ... ok
test full_sensor_data_matches_substrate ... ok
test full_sensor_data_payload_present ... ok
test full_sensor_reports_capabilities_with_diff ... ok
test full_sensor_includes_artifacts ... ok
test multi_sensor_aggregate_worst_verdict ... ok
test full_sensor_skips_diff_without_range ... ok
test multi_sensor_mixed_verdicts ... ok
test multi_sensor_total_findings ... ok
test noop_sensor_on_empty_substrate ... ok
test multiple_sensors_share_substrate ... ok
test multi_sensor_all_pass_on_empty ... ok
test prop_report_always_has_schema ... ok
test prop_report_always_has_tool_name ... ok
test prop_diff_findings_count_matches_diff_files ... ok
test prop_determinism ... ok
test prop_report_summary_not_empty ... ok
test report_findings_initially_empty_for_noop ... ok
test report_has_schema_field ... ok
test report_has_summary ... ok
test report_has_timestamp ... ok
test report_has_tool_meta ... ok
test report_json_contains_required_fields ... ok
test report_optional_fields_absent_when_none ... ok
test report_serde_roundtrip ... ok
test prop_report_json_has_required_keys ... ok
test sensor_name_is_nonempty ... ok
test sensor_name_returns_expected ... ok
test sensor_version_is_semver_like ... ok
test sensor_version_returns_expected ... ok
test settings_serde_roundtrip_diff ... ok
test settings_serde_roundtrip_threshold ... ok
test settings_serde_roundtrip_unit ... ok
test skip_empty_sensor_passes_on_nonempty ... ok
test skip_empty_sensor_skips_on_empty ... ok
test threshold_sensor_pass_at_exact_boundary ... ok
test threshold_sensor_pass_on_empty_substrate ... ok
test threshold_sensor_pass_when_below ... ok
test threshold_sensor_warn_when_above ... ok
test prop_report_serde_roundtrip ... ok
test prop_report_verdict_is_pass_or_warn ... ok

test result: ok. 58 passed; 0 failed; 0 ignored; 0 measured; 0 filtered out; finished in 0.03s

     Running tests/sensor_w74.rs (target/debug/deps/sensor_w74-c9eaedc4747c3349)

running 15 tests
test capabilities_unavailable_variant_works ... ok
test capabilities_diff_skipped_without_diff_range ... ok
test report_schema_is_sensor_report_v1 ... ok
test capabilities_present_when_diff_range_exists ... ok
test report_summary_contains_code_lines ... ok
test report_tool_meta_matches_sensor ... ok
test sensor_name_returns_expected_value ... ok
test report_generated_at_is_iso8601 ... ok
test sensor_run_on_empty_substrate_passes ... ok
test sensor_run_returns_pass_below_threshold ... ok
test sensor_run_returns_warn_above_threshold ... ok
test sensor_version_returns_expected_value ... ok
test sensor_report_serde_roundtrip ... ok
test sensor_report_with_findings_roundtrip ... ok
test build_substrate_scans_own_crate ... ok

test result: ok. 15 passed; 0 failed; 0 ignored; 0 measured; 0 filtered out; finished in 0.04s

     Running tests/trait_depth_w59.rs (target/debug/deps/trait_depth_w59-386faf0d3041c7d2)

running 27 tests
test diff_sensor_pass_when_diff_files_exist ... ok
test diff_sensor_skip_when_no_diff_files ... ok
test failing_sensor_returns_error ... ok
test diff_settings_unit_struct_roundtrip ... ok
test failing_sensor_succeeds_when_not_failing ... ok
test lang_count_empty_substrate ... ok
test finding_order_is_deterministic ... ok
test lang_count_findings_match_languages ... ok
test lang_count_pass_when_enough ... ok
test lang_count_warn_when_too_few ... ok
test report_findings_empty_by_default ... ok
test multiple_sensors_share_substrate ... ok
test report_has_correct_schema ... ok
test report_tool_meta_matches_sensor ... ok
test report_with_artifacts ... ok
test report_with_capabilities ... ok
test report_serde_roundtrip ... ok
test report_with_data_payload ... ok
test sensor_name_is_stable ... ok
test same_inputs_produce_identical_reports ... ok
test substrate_with_diff_range_propagates_to_sensors ... ok
test threshold_fail_above_limit ... ok
test sensor_version_is_stable ... ok
test threshold_on_empty_substrate ... ok
test threshold_pass_at_exact_boundary ... ok
test threshold_pass_below_limit ... ok
test threshold_settings_roundtrip ... ok

test result: ok. 27 passed; 0 failed; 0 ignored; 0 measured; 0 filtered out; finished in 0.02s

     Running unittests src/lib.rs (target/debug/deps/tokmd_settings-e0ae59698bfb7037)

running 14 tests
test tests::scan_options_default ... ok
test tests::scan_settings_flatten ... ok
test tests::scan_settings_current_dir ... ok
test tests::scan_settings_for_paths ... ok
test tests::serde_roundtrip_analyze_settings ... ok
test tests::serde_roundtrip_diff_settings ... ok
test tests::serde_roundtrip_cockpit_settings ... ok
test tests::serde_roundtrip_cockpit_settings_with_baseline ... ok
test tests::serde_roundtrip_lang_settings ... ok
test tests::serde_roundtrip_export_settings ... ok
test tests::serde_roundtrip_scan_options ... ok
test tests::serde_roundtrip_scan_settings ... ok
test tests::toml_from_file_roundtrip ... ok
test tests::toml_parse_and_view_profiles ... ok

test result: ok. 14 passed; 0 failed; 0 ignored; 0 measured; 0 filtered out; finished in 0.03s

     Running tests/bdd.rs (target/debug/deps/bdd-fbb308fc69d464c8)

running 49 tests
test defaults::diff_settings_default_has_empty_refs ... ok
test defaults::lang_settings_default_shows_all_rows_collapsed ... ok
test defaults::cockpit_settings_default_targets_main_to_head ... ok
test defaults::export_settings_default_is_jsonl_with_meta ... ok
test defaults::analyze_settings_default_is_receipt_preset ... ok
test defaults::module_settings_default_has_standard_roots ... ok
test defaults::scan_settings_default_has_no_paths ... ok
test defaults::scan_options_default_is_permissive ... ok
test defaults::toml_config_default_has_empty_sections ... ok
test edge_cases::empty_string_fields ... ok
test edge_cases::large_numeric_values ... ok
test edge_cases::gate_rule_with_json_pointer_special_chars ... ok
test edge_cases::paths_with_unicode ... ok
test edge_cases::exclusion_patterns_with_globs ... ok
test edge_cases::paths_with_special_characters ... ok
test json_roundtrip::analyze_settings_with_all_limits ... ok
test json_roundtrip::cockpit_settings_three_dot_with_baseline ... ok
test json_roundtrip::diff_settings_roundtrip ... ok
test json_roundtrip::gate_rule_roundtrip ... ok
test json_roundtrip::export_settings_csv_with_limits ... ok
test json_roundtrip::gate_rule_with_in_operator ... ok
test json_roundtrip::lang_settings_with_redaction ... ok
test json_roundtrip::module_settings_custom_roots ... ok
test json_roundtrip::scan_options_all_flags_enabled ... ok
test json_roundtrip::ratchet_rule_config_roundtrip ... ok
test json_roundtrip::view_profile_roundtrip ... ok
test partial_deserialization::analyze_settings_partial ... ok
test partial_deserialization::lang_settings_from_minimal_json ... ok
test partial_deserialization::scan_options_from_empty_json ... ok
test partial_deserialization::export_settings_format_only ... ok
test partial_deserialization::scan_settings_flatten_from_json ... ok
test scan_constructors::current_dir_scans_dot ... ok
test scan_constructors::for_paths_accepts_multiple_dirs ... ok
test scan_constructors::for_paths_with_empty_list ... ok
test toml_parsing::badge_section ... ok
test toml_parsing::analyze_section_with_limits ... ok
test edge_cases::toml_config_roundtrip_through_serialization ... ok
test toml_parsing::context_section ... ok
test toml_parsing::empty_toml_produces_defaults ... ok
test toml_parsing::from_file_nonexistent_returns_error ... ok
test toml_parsing::export_section ... ok
test toml_parsing::invalid_toml_returns_parse_error ... ok
test toml_parsing::full_scan_section ... ok
test toml_parsing::from_file_reads_disk ... ok
test toml_parsing::gate_section_with_inline_rules ... ok
test toml_parsing::module_section ... ok
test toml_parsing::multiple_view_profiles ... ok
test trait_impls::all_types_are_cloneable ... ok
test trait_impls::all_types_are_debuggable ... ok

test result: ok. 49 passed; 0 failed; 0 ignored; 0 measured; 0 filtered out; finished in 0.01s

     Running tests/coverage_expansion.rs (target/debug/deps/coverage_expansion-cc962b778264c3e3)

running 15 tests
test context_config_deserialize_from_empty_toml ... ok
test export_settings_fully_populated_roundtrip ... ok
test cockpit_settings_custom_range_mode_roundtrip ... ok
test analyze_settings_json_key_order_is_deterministic ... ok
test gate_rule_roundtrip_with_all_fields ... ok
test gate_rule_with_values_list_roundtrip ... ok
test ratchet_rule_config_all_fields_roundtrip ... ok
test ratchet_rule_config_minimal_roundtrip ... ok
test module_config_deserialize_from_empty_toml ... ok
test scan_config_deserialize_from_empty_toml ... ok
test gate_config_with_rules_and_ratchet_toml_roundtrip ... ok
test toml_config_full_sections_roundtrip ... ok
test toml_parse_invalid_toml_returns_error ... ok
test toml_from_file_nonexistent_returns_io_error ... ok
test view_profile_all_fields_toml_roundtrip ... ok

test result: ok. 15 passed; 0 failed; 0 ignored; 0 measured; 0 filtered out; finished in 0.01s

     Running tests/deep.rs (target/debug/deps/deep-aaff3d350e901167)

running 45 tests
test analyze_settings_defaults ... ok
test clone_independence_export_settings ... ok
test clone_independence_scan_settings ... ok
test child_include_mode_all_variants_roundtrip ... ok
test analyze_settings_all_optional_fields ... ok
test cockpit_settings_defaults ... ok
test children_mode_all_variants_roundtrip ... ok
test config_mode_all_variants_roundtrip ... ok
test cockpit_settings_with_baseline ... ok
test debug_trait_all_types ... ok
test diff_settings_defaults ... ok
test empty_json_object_gives_defaults_analyze_settings ... ok
test empty_json_object_gives_defaults_scan_options ... ok
test export_settings_defaults ... ok
test diff_settings_special_chars ... ok
test export_format_all_variants_roundtrip ... ok
test gate_config_allow_missing_flags ... ok
test gate_rule_serde_with_various_value_types ... ok
test lang_settings_defaults ... ok
test forward_compat_extra_fields_scan_options ... ok
test export_settings_strip_prefix_roundtrip ... ok
test module_settings_custom_roots_roundtrip ... ok
test gate_rule_with_values_list ... ok
test module_settings_defaults ... ok
test redact_mode_all_variants_roundtrip ... ok
test ratchet_rule_minimal_fields ... ok
test scan_settings_current_dir_has_default_options ... ok
test scan_options_all_defaults ... ok
test scan_settings_flatten_in_json ... ok
test scan_settings_for_paths_empty ... ok
test scan_settings_flatten_roundtrip ... ok
test toml_empty_string_parses ... ok
test toml_from_file_nonexistent ... ok
test toml_context_config ... ok
test toml_all_empty_sections ... ok
test toml_parse_error_wrong_type ... ok
test toml_gate_rules_inline ... ok
test toml_config_json_roundtrip_stability ... ok
test toml_full_config_json_roundtrip ... ok
test toml_scan_exclude_patterns ... ok
test toml_ratchet_rules ... ok
test toml_view_profiles ... ok
test view_profile_all_none ... ok
test toml_view_profiles_deterministic_ordering ... ok
test view_profile_all_populated_roundtrip ... ok

test result: ok. 45 passed; 0 failed; 0 ignored; 0 measured; 0 filtered out; finished in 0.07s

     Running tests/deep_settings_w49.rs (target/debug/deps/deep_settings_w49-af8b322bb5726477)

running 39 tests
test analyze_settings_defaults ... ok
test child_include_mode_all_variants_roundtrip ... ok
test children_mode_all_variants_roundtrip ... ok
test cockpit_settings_defaults ... ok
test config_mode_all_variants_roundtrip ... ok
test diff_settings_defaults ... ok
test diff_settings_roundtrip ... ok
test empty_json_object_gives_defaults ... ok
test export_format_all_variants_roundtrip ... ok
test cockpit_settings_custom_roundtrip ... ok
test analyze_settings_zero_window ... ok
test analyze_settings_preset_override ... ok
test export_settings_defaults ... ok
test lang_settings_custom_values_roundtrip ... ok
test lang_settings_defaults ... ok
test export_settings_custom_roundtrip ... ok
test module_settings_custom_roundtrip ... ok
test forward_compat_extra_fields_scan_options ... ok
test export_settings_zero_limits ... ok
test module_settings_defaults ... ok
test proptest_lang_settings_roundtrip ... ok
test redact_mode_all_variants_roundtrip ... ok
test scan_options_all_fields_set ... ok
test scan_options_defaults_are_all_false_or_empty ... ok
test scan_options_empty_excluded_pattern ... ok
test scan_settings_clone_independent ... ok
test scan_settings_current_dir ... ok
test scan_settings_empty_paths ... ok
test scan_settings_flatten_in_json ... ok
test scan_settings_flatten_roundtrip ... ok
test scan_settings_for_paths ... ok
test proptest_scan_options_roundtrip ... ok
test toml_empty_string_parses ... ok
test proptest_export_settings_roundtrip ... ok
test toml_analyze_section ... ok
test toml_scan_section ... ok
test toml_gate_rules_inline ... ok
test toml_view_profiles ... ok
test proptest_scan_settings_with_paths ... ok

test result: ok. 39 passed; 0 failed; 0 ignored; 0 measured; 0 filtered out; finished in 0.12s

     Running tests/deep_w39.rs (target/debug/deps/deep_w39-e618d35a9fcf3edf)

running 22 tests
test cockpit_settings_defaults ... ok
test analyze_settings_defaults ... ok
test diff_settings_defaults ... ok
test export_settings_zero_limits ... ok
test analyze_settings_all_none_limits ... ok
test export_settings_defaults ... ok
test lang_settings_defaults ... ok
test module_settings_defaults ... ok
test scan_settings_current_dir ... ok
test scan_options_default_values ... ok
test scan_settings_for_paths ... ok
test serde_roundtrip_diff_settings ... ok
test serde_roundtrip_analyze_settings_with_limits ... ok
test serde_roundtrip_cockpit_with_baseline ... ok
test serde_roundtrip_lang_settings ... ok
test serde_roundtrip_export_settings ... ok
test serde_roundtrip_scan_options_full ... ok
test scan_settings_flatten_serde ... ok
test serde_roundtrip_module_settings ... ok
test toml_config_empty_string_parses ... ok
test toml_config_gate_ratchet_rules ... ok
test toml_config_full_parse ... ok

test result: ok. 22 passed; 0 failed; 0 ignored; 0 measured; 0 filtered out; finished in 0.01s

     Running tests/deep_w43.rs (target/debug/deps/deep_w43-9036233579cafa94)

running 32 tests
test cockpit_settings_defaults ... ok
test analyze_settings_default_preset_is_receipt ... ok
test export_settings_default_format_is_jsonl ... ok
test analyze_settings_git_flag_combinations ... ok
test config_mode_none_serializes_correctly ... ok
test module_settings_default_roots_are_crates_packages ... ok
test lang_settings_from_partial_json ... ok
test scan_options_all_ignore_flags_set ... ok
test module_settings_from_partial_json ... ok
test scan_options_default_all_booleans_false ... ok
test scan_options_hidden_and_no_ignore_independent ... ok
test export_settings_from_partial_json ... ok
test scan_options_with_excludes_preserves_order ... ok
test scan_options_clone_is_independent ... ok
test scan_settings_for_paths_multiple ... ok
test serde_roundtrip_analyze_settings_with_limits ... ok
test serde_roundtrip_diff_settings ... ok
test serde_roundtrip_cockpit_settings ... ok
test scan_settings_current_dir_paths ... ok
test serde_roundtrip_lang_settings ... ok
test serde_roundtrip_export_settings ... ok
test serde_roundtrip_scan_options_all_fields ... ok
test serde_roundtrip_module_settings ... ok
test serde_roundtrip_scan_settings_flatten_works ... ok
test toml_config_from_nonexistent_file_errors ... ok
test toml_config_invalid_toml_errors ... ok
test toml_parse_gate_rules_inline ... ok
test toml_config_view_profiles_btreemap_ordering ... ok
test toml_parse_full_config ... ok
test toml_config_from_file_reads_correctly ... ok
test view_profile_serialization_preserves_btreemap_order ... ok
test toml_parse_ratchet_rules ... ok

test result: ok. 32 passed; 0 failed; 0 ignored; 0 measured; 0 filtered out; finished in 0.01s

     Running tests/exhaustive_w72.rs (target/debug/deps/exhaustive_w72-419c00d6c31a5249)

running 15 tests
test analyze_settings_default_values ... ok
test cockpit_settings_default_values ... ok
test diff_settings_default_empty_strings ... ok
test export_settings_default_values ... ok
test lang_settings_default_values ... ok
test module_settings_default_values ... ok
test scan_options_defaults_all_false_or_empty ... ok
test children_mode_collapse_and_separate ... ok
test lang_settings_serde_roundtrip ... ok
test scan_settings_current_dir ... ok
test scan_settings_default_paths_empty ... ok
test scan_settings_for_paths ... ok
test toml_config_default_all_sections ... ok
test scan_options_serde_roundtrip ... ok
test toml_config_parse_with_view_profile ... ok

test result: ok. 15 passed; 0 failed; 0 ignored; 0 measured; 0 filtered out; finished in 0.00s

     Running tests/feature_stability_w53.rs (target/debug/deps/feature_stability_w53-2699855e690f99cb)

running 12 tests
test cockpit_settings_default_values ... ok
test export_settings_default_values ... ok
test analyze_settings_default_values ... ok
test diff_settings_default_construction ... ok
test lang_settings_default_values ... ok
test module_settings_default_values ... ok
test scan_settings_default_construction ... ok
test scan_options_default_construction ... ok
test lang_settings_serde_roundtrip ... ok
test scan_options_serde_roundtrip ... ok
test toml_config_parse_empty_string ... ok
test toml_config_default_construction ... ok

test result: ok. 12 passed; 0 failed; 0 ignored; 0 measured; 0 filtered out; finished in 0.01s

     Running tests/properties.rs (target/debug/deps/properties-d96c740db994decd)

running 42 tests
test cockpit_settings_default_range_mode_is_two_dot ... ok
test analyze_settings_default_preset_is_receipt ... ok
test context_config_toml_roundtrip ... ok
test default_analyze_settings_serializes ... ok
test default_cockpit_settings_serializes ... ok
test default_consistency_analyze_settings ... ok
test default_consistency_cockpit_settings ... ok
test default_consistency_export_settings ... ok
test default_consistency_lang_settings ... ok
test default_consistency_module_settings ... ok
test default_consistency_scan_options ... ok
test default_consistency_scan_settings ... ok
test default_consistency_toml_config ... ok
test default_diff_settings_serializes ... ok
test default_export_settings_serializes ... ok
test default_lang_settings_serializes ... ok
test default_module_settings_serializes ... ok
test default_scan_options_serializes ... ok
test default_scan_settings_serializes ... ok
test default_toml_config_serializes_to_toml ... ok
test analyze_settings_double_roundtrip ... ok
test export_settings_default_meta_is_true ... ok
test export_settings_double_roundtrip ... ok
test diff_settings_roundtrip ... ok
test analyze_settings_roundtrip ... ok
test cockpit_settings_roundtrip ... ok
test lang_settings_roundtrip ... ok
test module_settings_default_depth_nonzero ... ok
test module_settings_default_roots_nonempty ... ok
test module_config_toml_roundtrip ... ok
test gate_rule_roundtrip ... ok
test scan_config_toml_roundtrip ... ok
test ratchet_rule_roundtrip ... ok
test module_settings_roundtrip ... ok
test scan_settings_current_dir_has_dot_path ... ok
test export_settings_roundtrip ... ok
test scan_options_roundtrip ... ok
test scan_options_double_roundtrip ... ok
test scan_settings_for_paths_preserves_default_options ... ok
test view_profile_toml_roundtrip ... ok
test toml_config_with_profiles_roundtrip ... ok
test scan_settings_roundtrip ... ok

test result: ok. 42 passed; 0 failed; 0 ignored; 0 measured; 0 filtered out; finished in 0.54s

     Running tests/proptest_w69.rs (target/debug/deps/proptest_w69-1e20e7f28ad70741)

running 20 tests
test analyze_settings_defaults ... ok
test children_mode_variant_coverage ... ok
test child_include_mode_variant_coverage ... ok
test cockpit_settings_defaults ... ok
test export_settings_defaults ... ok
test lang_settings_defaults ... ok
test lang_settings_serde_roundtrip ... ok
test module_settings_defaults ... ok
test export_settings_serde_roundtrip ... ok
test redact_mode_variant_coverage ... ok
test analyze_settings_serde_roundtrip ... ok
test scan_options_defaults ... ok
test module_settings_serde_roundtrip ... ok
test scan_settings_current_dir ... ok
test diff_settings_serde_roundtrip ... ok
test scan_settings_serde_roundtrip ... ok
test scan_options_serde_roundtrip ... ok
test toml_config_empty_string_defaults ... ok
test toml_config_roundtrip ... ok
test scan_settings_for_paths ... ok

test result: ok. 20 passed; 0 failed; 0 ignored; 0 measured; 0 filtered out; finished in 0.18s

     Running tests/settings_compat.rs (target/debug/deps/settings_compat-bc551f243fd7c2f2)

running 21 tests
test analyze_settings_defaults ... ok
test cockpit_settings_defaults ... ok
test children_mode_serde_variants ... ok
test config_mode_serde_variants ... ok
test child_include_mode_serde_variants ... ok
test export_format_serde_variants ... ok
test export_settings_defaults ... ok
test lang_settings_defaults ... ok
test empty_json_deserializes_to_defaults_for_scan_options ... ok
test analyze_settings_json_roundtrip ... ok
test partial_analyze_settings_deserializes ... ok
test module_settings_defaults ... ok
test redact_mode_serde_variants ... ok
test scan_options_defaults ... ok
test missing_optional_fields_use_defaults ... ok
test scan_options_json_roundtrip ... ok
test scan_settings_defaults ... ok
test empty_json_deserializes_to_defaults_for_toml_config ... ok
test toml_config_parse_minimal ... ok
test toml_config_roundtrip ... ok
test properties::scan_options_roundtrip ... ok

test result: ok. 21 passed; 0 failed; 0 ignored; 0 measured; 0 filtered out; finished in 0.12s

     Running tests/settings_contract_w64.rs (target/debug/deps/settings_contract_w64-33b704fee022f76a)

running 72 tests
test analyze_settings_defaults ... ok
test analyze_settings_with_limits ... ok
test bdd_given_minimal_lang_when_default_then_collapse ... ok
test boundary_analyze_window_zero ... ok
test boundary_export_max_rows_zero ... ok
test bdd_given_scan_paths_when_for_paths_then_defaults_filled ... ok
test boundary_lang_top_max ... ok
test boundary_export_min_code_max ... ok
test bdd_given_empty_toml_when_parsed_then_all_none ... ok
test boundary_module_depth_large ... ok
test boundary_module_depth_zero ... ok
test btreemap_view_profiles_sorted ... ok
test cockpit_settings_three_dot ... ok
test cockpit_settings_defaults ... ok
test diff_settings_default ... ok
test bdd_given_full_toml_when_parsed_then_all_present ... ok
test diff_settings_with_refs ... ok
test edge_empty_exclude_pattern ... ok
test edge_empty_paths_vec ... ok
test edge_export_settings_strip_prefix_empty ... ok
test edge_path_with_special_chars ... ok
test export_settings_defaults ... ok
test edge_path_with_spaces ... ok
test edge_path_with_unicode ... ok
test export_settings_with_strip_prefix ... ok
test gate_rule_with_negate ... ok
test gate_rule_serde_roundtrip ... ok
test json_deterministic_scan_settings ... ok
test lang_settings_custom ... ok
test lang_settings_defaults ... ok
test module_settings_defaults ... ok
test module_settings_custom_roots ... ok
test property_all_defaults_roundtrip_through_json ... ok
test property_all_defaults_are_serializable ... ok
test json_deterministic_toml_config ... ok
test reexported_child_include_mode ... ok
test reexported_children_mode ... ok
test property_toml_config_default_roundtrips_through_toml ... ok
test reexported_config_mode_default ... ok
test ratchet_rule_config_serde_roundtrip ... ok
test reexported_export_format ... ok
test scan_options_all_flags_true ... ok
test scan_options_default_all_false ... ok
test scan_options_with_excludes ... ok
test reexported_redact_mode ... ok
test scan_settings_current_dir ... ok
test scan_settings_default_has_empty_paths ... ok
test scan_settings_for_paths ... ok
test scan_settings_options_are_accessible ... ok
test serde_roundtrip_analyze_settings ... ok
test serde_roundtrip_cockpit_settings ... ok
test serde_roundtrip_diff_settings ... ok
test serde_roundtrip_export_settings ... ok
test serde_roundtrip_lang_settings ... ok
test serde_roundtrip_module_settings ... ok
test serde_roundtrip_scan_options ... ok
test serde_roundtrip_scan_settings ... ok
test toml_config_default ... ok
test toml_config_parse_analyze_section ... ok
test toml_config_parse_context_section ... ok
test toml_config_parse_export_section ... ok
test toml_config_parse_gate_rules ... ok
test toml_config_parse_minimal ... ok
test toml_config_parse_gate_section ... ok
test toml_config_parse_module_section ... ok
test toml_config_parse_ratchet_rules ... ok
test toml_from_file_missing_returns_error ... ok
test toml_config_parse_scan_section ... ok
test toml_config_parse_view_profiles ... ok
test view_profile_default_all_none ... ok
test toml_from_file_roundtrip ... ok
test view_profile_serde_roundtrip ... ok

test result: ok. 72 passed; 0 failed; 0 ignored; 0 measured; 0 filtered out; finished in 0.06s

     Running tests/settings_deep_w75.rs (target/debug/deps/settings_deep_w75-0affed0c026ce49f)

running 32 tests
test analyze_settings_defaults ... ok
test cockpit_settings_defaults ... ok
test config_mode_variants ... ok
test diff_settings_default_empty ... ok
test diff_settings_roundtrip ... ok
test export_format_all_variants ... ok
test cockpit_settings_custom_roundtrip ... ok
test analyze_settings_git_disabled ... ok
test analyze_settings_full_limits_roundtrip ... ok
test export_settings_defaults ... ok
test export_settings_full_roundtrip ... ok
test export_settings_all_formats ... ok
test gate_rule_full_serde_roundtrip ... ok
test export_settings_max_rows_zero_is_unlimited ... ok
test lang_settings_defaults ... ok
test lang_settings_full_roundtrip ... ok
test module_settings_custom_roundtrip ... ok
test module_settings_defaults ... ok
test redact_mode_all_variants ... ok
test module_settings_depth_boundaries ... ok
test ratchet_rule_config_serde_roundtrip ... ok
test scan_options_all_defaults_false_or_empty ... ok
test scan_settings_current_dir_has_dot_path ... ok
test scan_options_all_flags_true_roundtrip ... ok
test scan_settings_for_empty_paths ... ok
test scan_settings_serde_flatten_roundtrip ... ok
test scan_settings_for_paths_multiple ... ok
test toml_config_malformed_error ... ok
test toml_config_empty_defaults ... ok
test toml_view_profiles_btreemap_ordering ... ok
test toml_config_full_parse ... ok
test toml_config_from_file_roundtrip ... ok

test result: ok. 32 passed; 0 failed; 0 ignored; 0 measured; 0 filtered out; finished in 0.01s

     Running tests/settings_depth_w58.rs (target/debug/deps/settings_depth_w58-a35d98c0e7b70c61)

running 22 tests
test analyze_settings_default_values ... ok
test cockpit_settings_default_values ... ok
test export_settings_default_values ... ok
test lang_settings_default_values ... ok
test module_settings_default_values ... ok
test diff_settings_default_has_empty_refs ... ok
test debug_format_contains_field_names ... ok
test clone_scan_options_is_independent ... ok
test scan_options_all_defaults_are_falsy ... ok
test scan_settings_current_dir_has_dot ... ok
test scan_settings_for_empty_paths ... ok
test scan_settings_for_paths_preserves_order ... ok
test roundtrip_diff_settings_json ... ok
test roundtrip_export_settings_all_fields ... ok
test roundtrip_module_settings_json ... ok
test toml_empty_string_produces_defaults ... ok
test toml_analyze_section ... ok
test toml_gate_with_inline_rules ... ok
test toml_full_scan_section ... ok
test toml_multiple_view_profiles ... ok
test view_profile_all_none_by_default ... ok
test toml_roundtrip_via_toml_crate ... ok

test result: ok. 22 passed; 0 failed; 0 ignored; 0 measured; 0 filtered out; finished in 0.01s

     Running tests/settings_depth_w61.rs (target/debug/deps/settings_depth_w61-3f8d14a1ddf2934c)

running 56 tests
test analyze_settings_defaults ... ok
test child_include_mode_all_variants ... ok
test children_mode_all_variants ... ok
test cockpit_settings_defaults ... ok
test config_mode_all_variants ... ok
test analyze_settings_from_minimal_json ... ok
test analyze_settings_full_roundtrip ... ok
test cockpit_settings_custom_roundtrip ... ok
test diff_settings_roundtrip ... ok
test diff_settings_default_empty ... ok
test export_format_all_variants ... ok
test export_settings_defaults ... ok
test export_settings_from_minimal_json ... ok
test gate_rule_negated ... ok
test gate_rule_serde_roundtrip ... ok
test gate_rule_with_values_list ... ok
test export_settings_strip_prefix_roundtrip ... ok
test export_settings_all_formats_roundtrip ... ok
test lang_settings_custom_roundtrip ... ok
test lang_settings_defaults_collapse ... ok
test lang_settings_from_minimal_json ... ok
test module_settings_defaults ... ok
test module_settings_from_minimal_json ... ok
test module_settings_custom_roundtrip ... ok
test gate_config_allow_missing_flags ... ok
test prop_config_mode_roundtrip ... ok
test prop_children_mode_roundtrip ... ok
test prop_child_include_mode_roundtrip ... ok
test prop_analyze_window_preserved ... ok
test prop_lang_settings_top_preserved ... ok
test prop_export_format_roundtrip ... ok
test prop_export_min_code_preserved ... ok
test ratchet_rule_config_full_roundtrip ... ok
test ratchet_rule_config_minimal ... ok
test redact_mode_all_variants ... ok
test scan_options_default_all_false_or_empty ... ok
test scan_options_all_true_roundtrip ... ok
test scan_settings_current_dir_path ... ok
test scan_settings_default_paths_empty ... ok
test scan_settings_for_paths_preserves_all ... ok
test scan_settings_flatten_serializes_options_inline ... ok
test toml_config_default_all_sections_none_or_empty ... ok
test toml_parse_analyze_section ... ok
test toml_full_config_roundtrip ... ok
test toml_parse_badge_section ... ok
test toml_parse_context_section ... ok
test toml_parse_empty_string ... ok
test toml_parse_export_section ... ok
test toml_parse_gate_with_inline_rules ... ok
test toml_parse_gate_with_ratchet_rules ... ok
test toml_parse_module_section ... ok
test toml_parse_multiple_view_profiles ... ok
test view_profile_default_all_none ... ok
test toml_parse_scan_section ... ok
test prop_redact_mode_roundtrip ... ok
test prop_scan_options_hidden_preserved ... ok

test result: ok. 56 passed; 0 failed; 0 ignored; 0 measured; 0 filtered out; finished in 0.04s

     Running unittests src/lib.rs (target/debug/deps/tokmd_substrate-a7ab5265496b8fe6)

running 4 tests
test tests::files_for_lang_filter ... ok
test tests::diff_files_filter ... ok
test tests::btreemap_ordering ... ok
test tests::serde_roundtrip ... ok

test result: ok. 4 passed; 0 failed; 0 ignored; 0 measured; 0 filtered out; finished in 0.01s

     Running tests/bdd.rs (target/debug/deps/bdd-33bd2fe8256ca4d0)

running 19 tests
test given_diff_range_when_accessed_then_all_fields_correct ... ok
test given_empty_repo_when_created_then_all_totals_zero ... ok
test given_lang_summary_when_accessed_then_all_fields_correct ... ok
test given_files_in_nested_modules_when_accessed_then_module_correct ... ok
test given_json_with_diff_range_when_deserialized_then_populated ... ok
test given_languages_inserted_out_of_order_when_iterated_then_sorted ... ok
test given_full_substrate_when_serialized_and_deserialized_then_equal ... ok
test given_minimal_json_when_deserialized_then_valid_substrate ... ok
test given_multi_lang_repo_when_created_then_fields_are_accessible ... ok
test given_multi_lang_repo_when_files_for_lang_called_then_correct_subset ... ok
test given_repo_without_git_when_created_then_diff_range_is_none ... ok
test given_substrate_types_when_debug_formatted_then_no_panic ... ok
test given_substrate_when_cloned_then_identical ... ok
test given_substrate_when_fields_modified_then_changes_persisted ... ok
test given_substrate_when_files_for_nonexistent_lang_then_empty ... ok
test given_substrate_with_diff_when_diff_files_called_then_only_changed_returned ... ok
test given_substrate_with_no_diff_files_when_diff_files_called_then_empty ... ok
test given_substrate_without_diff_when_serialized_then_diff_range_absent_in_json ... ok
test given_large_repo_when_filtered_then_correct_counts ... ok

test result: ok. 19 passed; 0 failed; 0 ignored; 0 measured; 0 filtered out; finished in 0.00s

     Running tests/contract_expansion.rs (target/debug/deps/contract_expansion-d0c9018a8c46d593)

running 9 tests
test given_substrate_files_when_paths_inspected_then_no_backslashes ... ok
test given_substrate_with_all_files_in_diff_when_diff_files_called_then_returns_all ... ok
test given_substrate_with_no_files_in_diff_when_diff_files_called_then_empty ... ok
test given_empty_substrate_when_roundtripped_then_all_zeros_preserved ... ok
test given_diff_range_with_large_values_when_roundtripped_then_preserved ... ok
test given_substrate_without_diff_range_when_serialized_then_field_omitted ... ok
test given_substrate_with_many_langs_when_roundtripped_then_btreemap_order_preserved ... ok
test prop_substrate_file_roundtrip ... ok
test prop_diff_files_count_matches_in_diff_true_count ... ok

test result: ok. 9 passed; 0 failed; 0 ignored; 0 measured; 0 filtered out; finished in 0.02s

     Running tests/deep.rs (target/debug/deps/deep-8adf0c709bceede9)

running 37 tests
test deserialize_minimal_external_json ... ok
test deserialize_complete_external_json ... ok
test diff_files_count_consistent_with_in_diff_flag ... ok
test deterministic_serialization_empty ... ok
test clone_produces_identical_json ... ok
test deterministic_serialization_populated ... ok
test double_roundtrip_empty ... ok
test empty_strings_roundtrip ... ok
test diff_files_subset_of_files_for_lang ... ok
test double_roundtrip_populated ... ok
test extreme_usize_values_roundtrip ... ok
test forward_compat_extra_diff_range_fields_ignored ... ok
test forward_compat_extra_file_fields_ignored ... ok
test forward_compat_extra_lang_summary_fields_ignored ... ok
test forward_compat_extra_substrate_fields_ignored ... ok
test json_diff_range_has_all_required_keys ... ok
test json_file_has_all_required_keys ... ok
test json_lang_summary_has_all_required_keys ... ok
test json_required_keys_present_in_populated_substrate ... ok
test json_lang_summary_keys_sorted ... ok
test extreme_diff_range_roundtrip ... ok
test prop_double_roundtrip_stable ... ok
test reject_empty_string ... ok
test reject_files_not_array ... ok
test reject_invalid_json ... ok
test reject_lang_summary_code_as_string ... ok
test reject_missing_required_field_files ... ok
test reject_missing_required_field_repo_root ... ok
test reject_missing_required_field_total_tokens ... ok
test reject_negative_numeric_field ... ok
test reject_substrate_file_missing_in_diff ... ok
test reject_substrate_file_missing_path ... ok
test reject_total_code_lines_as_string ... ok
test zero_values_file_roundtrip ... ok
test prop_serialization_deterministic ... ok
test prop_diff_files_is_subset ... ok
test prop_files_for_lang_correct ... ok

test result: ok. 37 passed; 0 failed; 0 ignored; 0 measured; 0 filtered out; finished in 0.55s

     Running tests/deep2.rs (target/debug/deps/deep2-59951534c6d5f8f2)

running 29 tests
test all_files_same_module ... ok
test debug_formatting_all_types ... ok
test diff_files_intersection_with_lang_filter ... ok
test clone_mutation_independence ... ok
test diff_range_clone_independence ... ok
test diff_range_single_changed_file ... ok
test diff_range_empty_changed_files_roundtrip ... ok
test diff_range_changed_files_order_preserved ... ok
test diff_range_unicode_refs ... ok
test files_for_lang_is_case_sensitive ... ok
test forward_compat_extra_substrate_file_nested_object ... ok
test lang_summary_json_value_types ... ok
test json_numeric_fields_are_numbers ... ok
test lang_summary_max_values_roundtrip ... ok
test lang_summary_zero_values_roundtrip ... ok
test reject_diff_range_missing_base ... ok
test reject_diff_range_missing_changed_files ... ok
test pretty_vs_compact_json_data_equivalence ... ok
test many_languages_btreemap_ordering ... ok
test reject_in_diff_as_number ... ok
test reject_in_diff_as_string ... ok
test root_level_file_empty_module ... ok
test single_file_substrate_methods ... ok
test substrate_file_special_chars_in_path ... ok
test substrate_totals_not_auto_computed ... ok
test substrate_with_duplicate_paths ... ok
test substrate_files_preserve_insertion_order ... ok
test unicode_file_paths_roundtrip ... ok
test unicode_language_names_roundtrip ... ok

test result: ok. 29 passed; 0 failed; 0 ignored; 0 measured; 0 filtered out; finished in 0.00s

     Running tests/deep_substrate_round2_w52.rs (target/debug/deps/deep_substrate_round2_w52-f5e223d0685a8bd1)

running 15 tests
test diff_files_empty_when_no_diff ... ok
test diff_range_fields_accessible ... ok
test diff_files_returns_only_in_diff_files ... ok
test files_for_lang_returns_correct_subset ... ok
test diff_range_serde_roundtrip ... ok
test files_for_lang_returns_empty_for_unknown_lang ... ok
test deterministic_json_output ... ok
test lang_summary_keys_are_sorted ... ok
test serde_roundtrip_empty_substrate ... ok
test substrate_files_accessible ... ok
test substrate_lang_summary_consistent_with_files ... ok
test serde_roundtrip_without_diff_range ... ok
test serde_roundtrip_with_diff_range ... ok
test substrate_repo_root_preserved ... ok
test substrate_totals_consistent_with_files ... ok

test result: ok. 15 passed; 0 failed; 0 ignored; 0 measured; 0 filtered out; finished in 0.00s

     Running tests/deep_substrate_w48.rs (target/debug/deps/deep_substrate_w48-1f01aa886b367c52)

running 17 tests
test construct_empty_substrate ... ok
test diff_range_fields ... ok
test construct_multi_lang_substrate ... ok
test diff_files_empty_when_none_in_diff ... ok
test diff_range_none_omitted_from_json ... ok
test diff_range_some_present_in_json ... ok
test files_for_lang_filters_correctly ... ok
test lang_summary_btreemap_sorted ... ok
test diff_files_returns_only_in_diff ... ok
test double_roundtrip_bytes_identical ... ok
test serde_roundtrip_empty ... ok
test substrate_clone_is_independent ... ok
test serde_roundtrip_populated ... ok
test substrate_file_fields ... ok
test substrate_clone_preserves_all_fields ... ok
test prop_diff_files_count_matches ... ok
test prop_substrate_roundtrip ... ok

test result: ok. 17 passed; 0 failed; 0 ignored; 0 measured; 0 filtered out; finished in 0.08s

     Running tests/deep_w39.rs (target/debug/deps/deep_w39-c423e716c0b2d224)

running 16 tests
test empty_repo_substrate ... ok
test files_for_lang_unknown_returns_empty ... ok
test files_for_lang_filters_correctly ... ok
test diff_files_returns_only_changed ... ok
test multi_language_substrate ... ok
test serde_roundtrip_diff_range ... ok
test serde_roundtrip_lang_summary ... ok
test serde_roundtrip_full ... ok
test substrate_construction_basic_fields ... ok
test serde_roundtrip_substrate_file ... ok
test serde_roundtrip_no_diff_range ... ok
test substrate_file_module_key_from_path ... ok
test substrate_diff_range_present ... ok
test substrate_file_root_module_key ... ok
test substrate_lang_summary_btreemap_order ... ok
test large_repo_many_files ... ok

test result: ok. 16 passed; 0 failed; 0 ignored; 0 measured; 0 filtered out; finished in 0.02s

     Running tests/deep_w67.rs (target/debug/deps/deep_w67-3a27730ac966a72c)

running 21 tests
test diff_files_empty_when_none_in_diff ... ok
test diff_files_all_when_all_in_diff ... ok
test diff_files_returns_only_in_diff ... ok
test diff_range_fields_accessible ... ok
test diff_range_omitted_from_json_when_none ... ok
test cloned_substrate_json_matches_original ... ok
test empty_substrate_has_zero_totals ... ok
test files_for_lang_filters_correctly ... ok
test files_for_lang_returns_empty_for_missing_lang ... ok
test lang_summary_keys_sorted_alphabetically ... ok
test multi_file_substrate_aggregates_correctly ... ok
test lang_summary_serde_roundtrip ... ok
test repo_root_is_preserved ... ok
test single_file_substrate_totals_match ... ok
test substrate_file_serde_roundtrip ... ok
test substrate_is_cloneable_for_multi_sensor_sharing ... ok
test substrate_serde_roundtrip_without_diff ... ok
test substrate_with_diff_range_preserves_it ... ok
test substrate_json_deterministic_across_builds ... ok
test substrate_serde_roundtrip_with_diff ... ok
test substrate_without_diff_range_is_none ... ok

test result: ok. 21 passed; 0 failed; 0 ignored; 0 measured; 0 filtered out; finished in 0.00s

     Running tests/properties.rs (target/debug/deps/properties-c265001b63e8d30e)

running 20 tests
test diff_files_all_in_diff ... ok
test diff_nondiff_partition ... ok
test diff_files_count_le_total ... ok
test clone_identical ... ok
test empty_substrate_no_diff_range_in_json ... ok
test empty_substrate_roundtrips ... ok
test diff_range_file_order_preserved ... ok
test diff_range_roundtrip ... ok
test files_for_nonexistent_lang_returns_empty ... ok
test double_roundtrip_stable ... ok
test files_for_lang_correct ... ok
test lang_summary_roundtrip ... ok
test files_for_lang_partition ... ok
test files_order_preserved ... ok
test lang_summary_keys_sorted ... ok
test no_diff_range_skipped_in_json ... ok
test lang_summary_values_preserved ... ok
test substrate_file_all_fields_preserved ... ok
test repo_substrate_roundtrip ... ok
test substrate_file_roundtrip ... ok

test result: ok. 20 passed; 0 failed; 0 ignored; 0 measured; 0 filtered out; finished in 1.58s

     Running tests/proptest_w53.rs (target/debug/deps/proptest_w53-4ebe3429830018b9)

running 12 tests
test empty_substrate_zero_totals ... ok
test diff_range_roundtrip ... ok
test lang_summary_file_count_matches ... ok
test lang_summary_keys_sorted ... ok
test diff_files_filter_correct ... ok
test files_for_lang_correct ... ok
test serialization_deterministic ... ok
test serde_roundtrip_with_diff ... ok
test serde_roundtrip ... ok
test total_bytes_consistency ... ok
test total_code_lines_consistency ... ok
test total_tokens_consistency ... ok

test result: ok. 12 passed; 0 failed; 0 ignored; 0 measured; 0 filtered out; finished in 0.74s

     Running tests/proptest_w59.rs (target/debug/deps/proptest_w59-472c31791a3a700f)

running 12 tests
test empty_files_means_zero_totals ... ok
test diff_range_serde_roundtrip ... ok
test diff_files_subset_of_files ... ok
test clone_preserves_all_fields ... ok
test files_for_lang_partition ... ok
test lang_summary_serde_roundtrip ... ok
test substrate_file_serde_roundtrip ... ok
test lang_summary_code_equals_total ... ok
test lang_summary_file_count_equals_file_vec_len ... ok
test lang_summary_keys_sorted ... ok
test totals_equal_file_sums ... ok
test substrate_serde_roundtrip ... ok

test result: ok. 12 passed; 0 failed; 0 ignored; 0 measured; 0 filtered out; finished in 2.00s

     Running tests/substrate_depth_w58.rs (target/debug/deps/substrate_depth_w58-3031c12fde209e4d)
