---
source: crates/tokmd/tests/integration.rs
assertion_line: 147
expression: normalized
---
{"schema_version":2,"generated_at_ms":0,"tool":{"name":"tokmd","version":"1.0.0"},"mode":"lang","status":"complete","warnings":[],"scan":{"paths":["."],"excluded":[],"config":"auto","hidden":false,"no_ignore":false,"no_ignore_parent":false,"no_ignore_dot":false,"no_ignore_vcs":false,"treat_doc_strings_as_comments":false},"args":{"top":0,"with_files":false,"children":"collapse"},"rows":[{"lang":"Rust","code":13,"lines":15,"files":3,"avg_lines":5},{"lang":"TOML","code":5,"lines":6,"files":1,"avg_lines":6},{"lang":"Markdown","code":4,"lines":14,"files":2,"avg_lines":7},{"lang":"JavaScript","code":1,"lines":1,"files":1,"avg_lines":1}],"total":{"code":23,"lines":36,"files":7,"avg_lines":5}}
