---
source: crates/tokmd/tests/integration.rs
assertion_line: 170
expression: normalized
---
{"schema_version":2,"generated_at_ms":0,"tool":{"name":"tokmd","version":"0.0.0"},"mode":"module","status":"complete","warnings":[],"scan":{"paths":["."],"excluded":[],"config":"auto","hidden":false,"no_ignore":false,"no_ignore_parent":false,"no_ignore_dot":false,"no_ignore_vcs":false,"treat_doc_strings_as_comments":false},"args":{"format":"json","module_roots":["crates","packages"],"module_depth":2,"children":"separate","top":0},"rows":[{"module":"sensor_report","code":114,"lines":114,"files":2,"bytes":3449,"tokens":861,"avg_lines":57},{"module":"(root)","code":24,"lines":35,"files":6,"bytes":440,"tokens":108,"avg_lines":6},{"module":"src","code":3,"lines":3,"files":1,"bytes":45,"tokens":11,"avg_lines":3}],"total":{"code":141,"lines":152,"files":9,"bytes":3934,"tokens":980,"avg_lines":17},"module_roots":["crates","packages"],"module_depth":2,"children":"separate","top":0}
