---
source: crates/tokmd-badge/tests/snapshot_badges.rs
expression: svg
---
<svg xmlns="http://www.w3.org/2000/svg" width="164" height="24" role="img"><rect width="104" height="24" fill="#555"/><rect x="104" width="60" height="24" fill="#4c9aff"/><text x="52" y="16" fill="#fff" font-family="Verdana" font-size="11" text-anchor="middle">code density</text><text x="134" y="16" fill="#fff" font-family="Verdana" font-size="11" text-anchor="middle">87.3%</text></svg>
