---
source: crates/tokmd-badge/tests/snapshot_w70.rs
expression: "badge_svg(\"a<b&c\", \"1>2\\\"3'4\")"
---
<svg xmlns="http://www.w3.org/2000/svg" width="129" height="24" role="img"><rect width="60" height="24" fill="#555"/><rect x="60" width="69" height="24" fill="#4c9aff"/><text x="30" y="16" fill="#fff" font-family="Verdana" font-size="11" text-anchor="middle">a&lt;b&amp;c</text><text x="94" y="16" fill="#fff" font-family="Verdana" font-size="11" text-anchor="middle">1&gt;2&quot;3&apos;4</text></svg>
