---
source: crates/tokmd-badge/tests/snapshot_badges.rs
expression: svg
---
<svg xmlns="http://www.w3.org/2000/svg" width="152" height="24" role="img"><rect width="62" height="24" fill="#555"/><rect x="62" width="90" height="24" fill="#4c9aff"/><text x="31" y="16" fill="#fff" font-family="Verdana" font-size="11" text-anchor="middle">Código</text><text x="107" y="16" fill="#fff" font-family="Verdana" font-size="11" text-anchor="middle">líneas: 99</text></svg>
