---
source: tests/integration.rs
expression: normalized
---
{"schema_version":1,"generated_at_ms":0,"tool":{"name":"tokmd","version":"1.0.0"},"mode":"module","scan":{"paths":["."],"excluded":[],"config":"auto","hidden":false,"no_ignore":false,"no_ignore_parent":false,"no_ignore_dot":false,"no_ignore_vcs":false,"treat_doc_strings_as_comments":false},"args":{"top":0,"module_roots":["crates","packages"],"module_depth":2,"children":"separate"},"rows":[{"module":"(root)","code":24,"lines":37,"files":6,"avg_lines":6},{"module":"src","code":3,"lines":3,"files":1,"avg_lines":3}],"total":{"code":27,"lines":40,"files":7,"avg_lines":6}}
